[iso file] Unknown box type rak in parent moov
[iso file] Incomplete box mdat - start 3023 size 34191
[iso file] Incomplete file while reading for dump - aborting parsing
[iso file] Unknown box type rak in parent moov
[iso file] Incomplete box mdat - start 3023 size 34191
[iso file] Incomplete file while reading for dump - aborting parsing
MPEG-4 BIFS Scene Parsing
AddressSanitizer:DEADLYSIGNAL
=================================================================
==4071400==ERROR: AddressSanitizer: stack-overflow on address 0x7ffec640bac8 (pc 0x7fc9056f4ba9 bp 0x7ffec640c300 sp 0x7ffec640bad0 T0)
    #0 0x7fc9056f4ba9 in DlsymAlloc::UseImpl() ../../../../src/libsanitizer/asan/asan_malloc_linux.cpp:34                                                    
    #1 0x7fc9056f4ba9 in __sanitizer::DlSymAllocator<DlsymAlloc>::Use() ../../../../src/libsanitizer/sanitizer_common/sanitizer_allocator_dlsym.h:25
    #2 0x7fc9056f4ba9 in malloc ../../../../src/libsanitizer/asan/asan_malloc_linux.cpp:66
    #3 0x7fc903cddf0b in Anchor_Create scenegraph/mpeg4_nodes.c:171
    #4 0x7fc903cddf0b in gf_sg_mpeg4_node_new scenegraph/mpeg4_nodes.c:36719
    #5 0x7fc903c68286 in gf_node_new scenegraph/base_scenegraph.c:1994
    #6 0x7fc903e8dc34 in gf_bifs_dec_node bifs/field_decode.c:905
    #7 0x7fc903e9105f in BD_DecMFFieldList bifs/field_decode.c:330
    #8 0x7fc903e9210b in gf_bifs_dec_field bifs/field_decode.c:569
    #9 0x7fc903e92436 in gf_bifs_dec_node_list bifs/field_decode.c:631
    #10 0x7fc903e8d9e2 in gf_bifs_dec_node bifs/field_decode.c:933
    #11 0x7fc903e9105f in BD_DecMFFieldList bifs/field_decode.c:330
    #12 0x7fc903e9210b in gf_bifs_dec_field bifs/field_decode.c:569
    #13 0x7fc903e92436 in gf_bifs_dec_node_list bifs/field_decode.c:631
    #14 0x7fc903e8d9e2 in gf_bifs_dec_node bifs/field_decode.c:933
    #15 0x7fc903e9105f in BD_DecMFFieldList bifs/field_decode.c:330
    #16 0x7fc903e9210b in gf_bifs_dec_field bifs/field_decode.c:569
    #17 0x7fc903e92436 in gf_bifs_dec_node_list bifs/field_decode.c:631
    #18 0x7fc903e8d9e2 in gf_bifs_dec_node bifs/field_decode.c:933
    #19 0x7fc903e9105f in BD_DecMFFieldList bifs/field_decode.c:330
    #20 0x7fc903e9210b in gf_bifs_dec_field bifs/field_decode.c:569
    #21 0x7fc903e92436 in gf_bifs_dec_node_list bifs/field_decode.c:631
    #22 0x7fc903e8d9e2 in gf_bifs_dec_node bifs/field_decode.c:933
    #23 0x7fc903e9105f in BD_DecMFFieldList bifs/field_decode.c:330
    #24 0x7fc903e9210b in gf_bifs_dec_field bifs/field_decode.c:569
    #25 0x7fc903e92436 in gf_bifs_dec_node_list bifs/field_decode.c:631
    #26 0x7fc903e8d9e2 in gf_bifs_dec_node bifs/field_decode.c:933
    #27 0x7fc903e9105f in BD_DecMFFieldList bifs/field_decode.c:330
    #28 0x7fc903e9210b in gf_bifs_dec_field bifs/field_decode.c:569
    #29 0x7fc903e92436 in gf_bifs_dec_node_list bifs/field_decode.c:631
    #30 0x7fc903e8d9e2 in gf_bifs_dec_node bifs/field_decode.c:933
    #31 0x7fc903e9105f in BD_DecMFFieldList bifs/field_decode.c:330
    #32 0x7fc903e9210b in gf_bifs_dec_field bifs/field_decode.c:569
    #33 0x7fc903e92436 in gf_bifs_dec_node_list bifs/field_decode.c:631
    #34 0x7fc903e8d9e2 in gf_bifs_dec_node bifs/field_decode.c:933
    #35 0x7fc903e9105f in BD_DecMFFieldList bifs/field_decode.c:330
    #36 0x7fc903e9210b in gf_bifs_dec_field bifs/field_decode.c:569
    #37 0x7fc903e92436 in gf_bifs_dec_node_list bifs/field_decode.c:631
    #38 0x7fc903e8d9e2 in gf_bifs_dec_node bifs/field_decode.c:933
    #39 0x7fc903e9105f in BD_DecMFFieldList bifs/field_decode.c:330
    #40 0x7fc903e9210b in gf_bifs_dec_field bifs/field_decode.c:569
    #41 0x7fc903e92436 in gf_bifs_dec_node_list bifs/field_decode.c:631
    #42 0x7fc903e8d9e2 in gf_bifs_dec_node bifs/field_decode.c:933
    #43 0x7fc903e9105f in BD_DecMFFieldList bifs/field_decode.c:330
    #44 0x7fc903e9210b in gf_bifs_dec_field bifs/field_decode.c:569
    #45 0x7fc903e92436 in gf_bifs_dec_node_list bifs/field_decode.c:631
    #46 0x7fc903e8d9e2 in gf_bifs_dec_node bifs/field_decode.c:933
    #47 0x7fc903e9105f in BD_DecMFFieldList bifs/field_decode.c:330
    #48 0x7fc903e9210b in gf_bifs_dec_field bifs/field_decode.c:569
    #49 0x7fc903e92436 in gf_bifs_dec_node_list bifs/field_decode.c:631
    #50 0x7fc903e8d9e2 in gf_bifs_dec_node bifs/field_decode.c:933
    #51 0x7fc903e9105f in BD_DecMFFieldList bifs/field_decode.c:330
    #52 0x7fc903e9210b in gf_bifs_dec_field bifs/field_decode.c:569
    #53 0x7fc903e92436 in gf_bifs_dec_node_list bifs/field_decode.c:631
    #54 0x7fc903e8d9e2 in gf_bifs_dec_node bifs/field_decode.c:933
    #55 0x7fc903e9105f in BD_DecMFFieldList bifs/field_decode.c:330
    #56 0x7fc903e9210b in gf_bifs_dec_field bifs/field_decode.c:569
    #57 0x7fc903e92436 in gf_bifs_dec_node_list bifs/field_decode.c:631
    #58 0x7fc903e8d9e2 in gf_bifs_dec_node bifs/field_decode.c:933
    #59 0x7fc903e9105f in BD_DecMFFieldList bifs/field_decode.c:330
    #60 0x7fc903e9210b in gf_bifs_dec_field bifs/field_decode.c:569
    #61 0x7fc903e92436 in gf_bifs_dec_node_list bifs/field_decode.c:631
    #62 0x7fc903e8d9e2 in gf_bifs_dec_node bifs/field_decode.c:933
    #63 0x7fc903e9105f in BD_DecMFFieldList bifs/field_decode.c:330
    #64 0x7fc903e9210b in gf_bifs_dec_field bifs/field_decode.c:569
    #65 0x7fc903e92436 in gf_bifs_dec_node_list bifs/field_decode.c:631
    #66 0x7fc903e8d9e2 in gf_bifs_dec_node bifs/field_decode.c:933
    #67 0x7fc903e9105f in BD_DecMFFieldList bifs/field_decode.c:330
    #68 0x7fc903e9210b in gf_bifs_dec_field bifs/field_decode.c:569
    #69 0x7fc903e92436 in gf_bifs_dec_node_list bifs/field_decode.c:631
    #70 0x7fc903e8d9e2 in gf_bifs_dec_node bifs/field_decode.c:933
    #71 0x7fc903e9105f in BD_DecMFFieldList bifs/field_decode.c:330
    #72 0x7fc903e9210b in gf_bifs_dec_field bifs/field_decode.c:569
    #73 0x7fc903e92436 in gf_bifs_dec_node_list bifs/field_decode.c:631
    #74 0x7fc903e8d9e2 in gf_bifs_dec_node bifs/field_decode.c:933
    #75 0x7fc903e9105f in BD_DecMFFieldList bifs/field_decode.c:330
    #76 0x7fc903e9210b in gf_bifs_dec_field bifs/field_decode.c:569
    #77 0x7fc903e92436 in gf_bifs_dec_node_list bifs/field_decode.c:631
    #78 0x7fc903e8d9e2 in gf_bifs_dec_node bifs/field_decode.c:933
    #79 0x7fc903e9105f in BD_DecMFFieldList bifs/field_decode.c:330
    #80 0x7fc903e9210b in gf_bifs_dec_field bifs/field_decode.c:569
    #81 0x7fc903e92436 in gf_bifs_dec_node_list bifs/field_decode.c:631
    #82 0x7fc903e8d9e2 in gf_bifs_dec_node bifs/field_decode.c:933
    #83 0x7fc903e9105f in BD_DecMFFieldList bifs/field_decode.c:330
    #84 0x7fc903e9210b in gf_bifs_dec_field bifs/field_decode.c:569
    #85 0x7fc903e92436 in gf_bifs_dec_node_list bifs/field_decode.c:631
    #86 0x7fc903e8d9e2 in gf_bifs_dec_node bifs/field_decode.c:933
    #87 0x7fc903e9105f in BD_DecMFFieldList bifs/field_decode.c:330
    #88 0x7fc903e9210b in gf_bifs_dec_field bifs/field_decode.c:569
    #89 0x7fc903e92436 in gf_bifs_dec_node_list bifs/field_decode.c:631
    #90 0x7fc903e8d9e2 in gf_bifs_dec_node bifs/field_decode.c:933
    #91 0x7fc903e9105f in BD_DecMFFieldList bifs/field_decode.c:330
    #92 0x7fc903e9210b in gf_bifs_dec_field bifs/field_decode.c:569
    #93 0x7fc903e92436 in gf_bifs_dec_node_list bifs/field_decode.c:631
    #94 0x7fc903e8d9e2 in gf_bifs_dec_node bifs/field_decode.c:933
    #95 0x7fc903e9105f in BD_DecMFFieldList bifs/field_decode.c:330
    #96 0x7fc903e9210b in gf_bifs_dec_field bifs/field_decode.c:569
    #97 0x7fc903e92436 in gf_bifs_dec_node_list bifs/field_decode.c:631
    #98 0x7fc903e8d9e2 in gf_bifs_dec_node bifs/field_decode.c:933
    #99 0x7fc903e9105f in BD_DecMFFieldList bifs/field_decode.c:330
    #100 0x7fc903e9210b in gf_bifs_dec_field bifs/field_decode.c:569
    #101 0x7fc903e92436 in gf_bifs_dec_node_list bifs/field_decode.c:631
    #102 0x7fc903e8d9e2 in gf_bifs_dec_node bifs/field_decode.c:933
    #103 0x7fc903e9105f in BD_DecMFFieldList bifs/field_decode.c:330
    #104 0x7fc903e9210b in gf_bifs_dec_field bifs/field_decode.c:569
    #105 0x7fc903e92436 in gf_bifs_dec_node_list bifs/field_decode.c:631
    #106 0x7fc903e8d9e2 in gf_bifs_dec_node bifs/field_decode.c:933
    #107 0x7fc903e9105f in BD_DecMFFieldList bifs/field_decode.c:330
    #108 0x7fc903e9210b in gf_bifs_dec_field bifs/field_decode.c:569
    #109 0x7fc903e92436 in gf_bifs_dec_node_list bifs/field_decode.c:631
    #110 0x7fc903e8d9e2 in gf_bifs_dec_node bifs/field_decode.c:933
    #111 0x7fc903e9105f in BD_DecMFFieldList bifs/field_decode.c:330
    #112 0x7fc903e9210b in gf_bifs_dec_field bifs/field_decode.c:569
    #113 0x7fc903e92436 in gf_bifs_dec_node_list bifs/field_decode.c:631
    #114 0x7fc903e8d9e2 in gf_bifs_dec_node bifs/field_decode.c:933
    #115 0x7fc903e9105f in BD_DecMFFieldList bifs/field_decode.c:330
    #116 0x7fc903e9210b in gf_bifs_dec_field bifs/field_decode.c:569
    #117 0x7fc903e92436 in gf_bifs_dec_node_list bifs/field_decode.c:631
    #118 0x7fc903e8d9e2 in gf_bifs_dec_node bifs/field_decode.c:933
    #119 0x7fc903e9105f in BD_DecMFFieldList bifs/field_decode.c:330
    #120 0x7fc903e9210b in gf_bifs_dec_field bifs/field_decode.c:569
    #121 0x7fc903e92436 in gf_bifs_dec_node_list bifs/field_decode.c:631
    #122 0x7fc903e8d9e2 in gf_bifs_dec_node bifs/field_decode.c:933
    #123 0x7fc903e9105f in BD_DecMFFieldList bifs/field_decode.c:330
    #124 0x7fc903e9210b in gf_bifs_dec_field bifs/field_decode.c:569
    #125 0x7fc903e92436 in gf_bifs_dec_node_list bifs/field_decode.c:631
    #126 0x7fc903e8d9e2 in gf_bifs_dec_node bifs/field_decode.c:933
    #127 0x7fc903e9105f in BD_DecMFFieldList bifs/field_decode.c:330
    #128 0x7fc903e9210b in gf_bifs_dec_field bifs/field_decode.c:569
    #129 0x7fc903e92436 in gf_bifs_dec_node_list bifs/field_decode.c:631
    #130 0x7fc903e8d9e2 in gf_bifs_dec_node bifs/field_decode.c:933
    #131 0x7fc903e9105f in BD_DecMFFieldList bifs/field_decode.c:330
    #132 0x7fc903e9210b in gf_bifs_dec_field bifs/field_decode.c:569
    #133 0x7fc903e92436 in gf_bifs_dec_node_list bifs/field_decode.c:631
    #134 0x7fc903e8d9e2 in gf_bifs_dec_node bifs/field_decode.c:933
    #135 0x7fc903e9105f in BD_DecMFFieldList bifs/field_decode.c:330
    #136 0x7fc903e9210b in gf_bifs_dec_field bifs/field_decode.c:569
    #137 0x7fc903e92436 in gf_bifs_dec_node_list bifs/field_decode.c:631
    #138 0x7fc903e8d9e2 in gf_bifs_dec_node bifs/field_decode.c:933
    #139 0x7fc903e9105f in BD_DecMFFieldList bifs/field_decode.c:330
    #140 0x7fc903e9210b in gf_bifs_dec_field bifs/field_decode.c:569
    #141 0x7fc903e92436 in gf_bifs_dec_node_list bifs/field_decode.c:631
    #142 0x7fc903e8d9e2 in gf_bifs_dec_node bifs/field_decode.c:933
    #143 0x7fc903e9105f in BD_DecMFFieldList bifs/field_decode.c:330
    #144 0x7fc903e9210b in gf_bifs_dec_field bifs/field_decode.c:569
    #145 0x7fc903e92436 in gf_bifs_dec_node_list bifs/field_decode.c:631
    #146 0x7fc903e8d9e2 in gf_bifs_dec_node bifs/field_decode.c:933
    #147 0x7fc903e9105f in BD_DecMFFieldList bifs/field_decode.c:330
    #148 0x7fc903e9210b in gf_bifs_dec_field bifs/field_decode.c:569
    #149 0x7fc903e92436 in gf_bifs_dec_node_list bifs/field_decode.c:631
    #150 0x7fc903e8d9e2 in gf_bifs_dec_node bifs/field_decode.c:933
    #151 0x7fc903e9105f in BD_DecMFFieldList bifs/field_decode.c:330
    #152 0x7fc903e9210b in gf_bifs_dec_field bifs/field_decode.c:569
    #153 0x7fc903e92436 in gf_bifs_dec_node_list bifs/field_decode.c:631
    #154 0x7fc903e8d9e2 in gf_bifs_dec_node bifs/field_decode.c:933
    #155 0x7fc903e9105f in BD_DecMFFieldList bifs/field_decode.c:330
    #156 0x7fc903e9210b in gf_bifs_dec_field bifs/field_decode.c:569
    #157 0x7fc903e92436 in gf_bifs_dec_node_list bifs/field_decode.c:631
    #158 0x7fc903e8d9e2 in gf_bifs_dec_node bifs/field_decode.c:933
    #159 0x7fc903e9105f in BD_DecMFFieldList bifs/field_decode.c:330
    #160 0x7fc903e9210b in gf_bifs_dec_field bifs/field_decode.c:569
    #161 0x7fc903e92436 in gf_bifs_dec_node_list bifs/field_decode.c:631
    #162 0x7fc903e8d9e2 in gf_bifs_dec_node bifs/field_decode.c:933
    #163 0x7fc903e9105f in BD_DecMFFieldList bifs/field_decode.c:330
    #164 0x7fc903e9210b in gf_bifs_dec_field bifs/field_decode.c:569
    #165 0x7fc903e92436 in gf_bifs_dec_node_list bifs/field_decode.c:631
    #166 0x7fc903e8d9e2 in gf_bifs_dec_node bifs/field_decode.c:933
    #167 0x7fc903e9105f in BD_DecMFFieldList bifs/field_decode.c:330
    #168 0x7fc903e9210b in gf_bifs_dec_field bifs/field_decode.c:569
    #169 0x7fc903e92436 in gf_bifs_dec_node_list bifs/field_decode.c:631
    #170 0x7fc903e8d9e2 in gf_bifs_dec_node bifs/field_decode.c:933
    #171 0x7fc903e9105f in BD_DecMFFieldList bifs/field_decode.c:330
    #172 0x7fc903e9210b in gf_bifs_dec_field bifs/field_decode.c:569
    #173 0x7fc903e92436 in gf_bifs_dec_node_list bifs/field_decode.c:631
    #174 0x7fc903e8d9e2 in gf_bifs_dec_node bifs/field_decode.c:933
    #175 0x7fc903e9105f in BD_DecMFFieldList bifs/field_decode.c:330
    #176 0x7fc903e9210b in gf_bifs_dec_field bifs/field_decode.c:569
    #177 0x7fc903e92436 in gf_bifs_dec_node_list bifs/field_decode.c:631
    #178 0x7fc903e8d9e2 in gf_bifs_dec_node bifs/field_decode.c:933
    #179 0x7fc903e9105f in BD_DecMFFieldList bifs/field_decode.c:330
    #180 0x7fc903e9210b in gf_bifs_dec_field bifs/field_decode.c:569
    #181 0x7fc903e92436 in gf_bifs_dec_node_list bifs/field_decode.c:631
    #182 0x7fc903e8d9e2 in gf_bifs_dec_node bifs/field_decode.c:933
    #183 0x7fc903e9105f in BD_DecMFFieldList bifs/field_decode.c:330
    #184 0x7fc903e9210b in gf_bifs_dec_field bifs/field_decode.c:569
    #185 0x7fc903e92436 in gf_bifs_dec_node_list bifs/field_decode.c:631
    #186 0x7fc903e8d9e2 in gf_bifs_dec_node bifs/field_decode.c:933
    #187 0x7fc903e9105f in BD_DecMFFieldList bifs/field_decode.c:330
    #188 0x7fc903e9210b in gf_bifs_dec_field bifs/field_decode.c:569
    #189 0x7fc903e92436 in gf_bifs_dec_node_list bifs/field_decode.c:631
    #190 0x7fc903e8d9e2 in gf_bifs_dec_node bifs/field_decode.c:933
    #191 0x7fc903e9105f in BD_DecMFFieldList bifs/field_decode.c:330
    #192 0x7fc903e9210b in gf_bifs_dec_field bifs/field_decode.c:569
    #193 0x7fc903e92436 in gf_bifs_dec_node_list bifs/field_decode.c:631
    #194 0x7fc903e8d9e2 in gf_bifs_dec_node bifs/field_decode.c:933
    #195 0x7fc903e9105f in BD_DecMFFieldList bifs/field_decode.c:330
    #196 0x7fc903e9210b in gf_bifs_dec_field bifs/field_decode.c:569
    #197 0x7fc903e92436 in gf_bifs_dec_node_list bifs/field_decode.c:631
    #198 0x7fc903e8d9e2 in gf_bifs_dec_node bifs/field_decode.c:933
    #199 0x7fc903e9105f in BD_DecMFFieldList bifs/field_decode.c:330
    #200 0x7fc903e9210b in gf_bifs_dec_field bifs/field_decode.c:569
    #201 0x7fc903e92436 in gf_bifs_dec_node_list bifs/field_decode.c:631
    #202 0x7fc903e8d9e2 in gf_bifs_dec_node bifs/field_decode.c:933
    #203 0x7fc903e9105f in BD_DecMFFieldList bifs/field_decode.c:330
    #204 0x7fc903e9210b in gf_bifs_dec_field bifs/field_decode.c:569
    #205 0x7fc903e92436 in gf_bifs_dec_node_list bifs/field_decode.c:631
    #206 0x7fc903e8d9e2 in gf_bifs_dec_node bifs/field_decode.c:933
    #207 0x7fc903e9105f in BD_DecMFFieldList bifs/field_decode.c:330
    #208 0x7fc903e9210b in gf_bifs_dec_field bifs/field_decode.c:569
    #209 0x7fc903e92436 in gf_bifs_dec_node_list bifs/field_decode.c:631
    #210 0x7fc903e8d9e2 in gf_bifs_dec_node bifs/field_decode.c:933
    #211 0x7fc903e9105f in BD_DecMFFieldList bifs/field_decode.c:330
    #212 0x7fc903e9210b in gf_bifs_dec_field bifs/field_decode.c:569
    #213 0x7fc903e92436 in gf_bifs_dec_node_list bifs/field_decode.c:631
    #214 0x7fc903e8d9e2 in gf_bifs_dec_node bifs/field_decode.c:933
    #215 0x7fc903e9105f in BD_DecMFFieldList bifs/field_decode.c:330
    #216 0x7fc903e9210b in gf_bifs_dec_field bifs/field_decode.c:569
    #217 0x7fc903e92436 in gf_bifs_dec_node_list bifs/field_decode.c:631
    #218 0x7fc903e8d9e2 in gf_bifs_dec_node bifs/field_decode.c:933
    #219 0x7fc903e9105f in BD_DecMFFieldList bifs/field_decode.c:330
    #220 0x7fc903e9210b in gf_bifs_dec_field bifs/field_decode.c:569
    #221 0x7fc903e92436 in gf_bifs_dec_node_list bifs/field_decode.c:631
    #222 0x7fc903e8d9e2 in gf_bifs_dec_node bifs/field_decode.c:933
    #223 0x7fc903e9105f in BD_DecMFFieldList bifs/field_decode.c:330
    #224 0x7fc903e9210b in gf_bifs_dec_field bifs/field_decode.c:569
    #225 0x7fc903e92436 in gf_bifs_dec_node_list bifs/field_decode.c:631
    #226 0x7fc903e8d9e2 in gf_bifs_dec_node bifs/field_decode.c:933
    #227 0x7fc903e9105f in BD_DecMFFieldList bifs/field_decode.c:330
    #228 0x7fc903e9210b in gf_bifs_dec_field bifs/field_decode.c:569
    #229 0x7fc903e92436 in gf_bifs_dec_node_list bifs/field_decode.c:631
    #230 0x7fc903e8d9e2 in gf_bifs_dec_node bifs/field_decode.c:933
    #231 0x7fc903e9105f in BD_DecMFFieldList bifs/field_decode.c:330
    #232 0x7fc903e9210b in gf_bifs_dec_field bifs/field_decode.c:569
    #233 0x7fc903e92436 in gf_bifs_dec_node_list bifs/field_decode.c:631
    #234 0x7fc903e8d9e2 in gf_bifs_dec_node bifs/field_decode.c:933
    #235 0x7fc903e9105f in BD_DecMFFieldList bifs/field_decode.c:330
    #236 0x7fc903e9210b in gf_bifs_dec_field bifs/field_decode.c:569
    #237 0x7fc903e92436 in gf_bifs_dec_node_list bifs/field_decode.c:631
    #238 0x7fc903e8d9e2 in gf_bifs_dec_node bifs/field_decode.c:933
    #239 0x7fc903e9105f in BD_DecMFFieldList bifs/field_decode.c:330
    #240 0x7fc903e9210b in gf_bifs_dec_field bifs/field_decode.c:569
    #241 0x7fc903e92436 in gf_bifs_dec_node_list bifs/field_decode.c:631
    #242 0x7fc903e8d9e2 in gf_bifs_dec_node bifs/field_decode.c:933
    #243 0x7fc903e9105f in BD_DecMFFieldList bifs/field_decode.c:330
    #244 0x7fc903e9210b in gf_bifs_dec_field bifs/field_decode.c:569
    #245 0x7fc903e92436 in gf_bifs_dec_node_list bifs/field_decode.c:631
    #246 0x7fc903e8d9e2 in gf_bifs_dec_node bifs/field_decode.c:933
    #247 0x7fc903e9105f in BD_DecMFFieldList bifs/field_decode.c:330
    #248 0x7fc903e9210b in gf_bifs_dec_field bifs/field_decode.c:569
    #249 0x7fc903e92436 in gf_bifs_dec_node_list bifs/field_decode.c:631

SUMMARY: AddressSanitizer: stack-overflow ../../../../src/libsanitizer/asan/asan_malloc_linux.cpp:34 in DlsymAlloc::UseImpl()
==4071400==ABORTING
