Track Importing RawVideo - Width 320 Height 240 FPS 30/1
XMT: MPEG-4 (XMT) Scene Parsing                                                                                             
Service bifs-externproto-nood-lib.bt#GEOMETRY_PROTO Cannot find filter for service: Requested URL is not valid or cannot be found                                                                                                                       
[XMT Parsing] Warning: Node N13 has been defined several times - IDs may get corrupted (line 336)                           
AddressSanitizer:DEADLYSIGNAL     | (76/100)                                                                                
=================================================================
==1073274==ERROR: AddressSanitizer: stack-overflow on address 0x7ffe5b066ff8 (pc 0x7fe01cb242d6 bp 0x7ffe5b067830 sp 0x7ffe5b067000 T0)                                                                                                                 
    #0 0x7fe01cb242d6 in DlsymAlloc::UseImpl() ../../../../src/libsanitizer/asan/asan_malloc_linux.cpp:33                   
    #1 0x7fe01cb242d6 in __sanitizer::DlSymAllocator<DlsymAlloc>::Use() ../../../../src/libsanitizer/sanitizer_common/sanitizer_allocator_dlsym.h:27
    #2 0x7fe01cb242d6 in malloc ../../../../src/libsanitizer/asan/asan_malloc_linux.cpp:65
    #3 0x7fe01b0d2cfe in LineProperties_Create scenegraph/mpeg4_nodes.c:9322
    #4 0x7fe01b0d2cfe in gf_sg_mpeg4_node_new scenegraph/mpeg4_nodes.c:36820
    #5 0x7fe01b05ce32 in gf_node_new scenegraph/base_scenegraph.c:2071
    #6 0x7fe01b12e1d7 in gf_vrml_node_clone scenegraph/vrml_proto.c:414
    #7 0x7fe01b12e62c in gf_vrml_node_clone scenegraph/vrml_proto.c:448
    #8 0x7fe01b12e62c in gf_vrml_node_clone scenegraph/vrml_proto.c:448
    #9 0x7fe01b12e62c in gf_vrml_node_clone scenegraph/vrml_proto.c:448
    #10 0x7fe01b12e449 in gf_vrml_node_clone scenegraph/vrml_proto.c:455
    #11 0x7fe01b1284de in gf_sg_proto_instantiate scenegraph/vrml_proto.c:655
    #12 0x7fe01b12e91e in gf_vrml_node_clone scenegraph/vrml_proto.c:520
    #13 0x7fe01b12e449 in gf_vrml_node_clone scenegraph/vrml_proto.c:455
    #14 0x7fe01b1284de in gf_sg_proto_instantiate scenegraph/vrml_proto.c:655
    #15 0x7fe01b12e91e in gf_vrml_node_clone scenegraph/vrml_proto.c:520
    #16 0x7fe01b12e449 in gf_vrml_node_clone scenegraph/vrml_proto.c:455
    #17 0x7fe01b1284de in gf_sg_proto_instantiate scenegraph/vrml_proto.c:655
    #18 0x7fe01b12e91e in gf_vrml_node_clone scenegraph/vrml_proto.c:520
    #19 0x7fe01b12e449 in gf_vrml_node_clone scenegraph/vrml_proto.c:455
    #20 0x7fe01b1284de in gf_sg_proto_instantiate scenegraph/vrml_proto.c:655
    #21 0x7fe01b12e91e in gf_vrml_node_clone scenegraph/vrml_proto.c:520
    #22 0x7fe01b12e449 in gf_vrml_node_clone scenegraph/vrml_proto.c:455
    #23 0x7fe01b1284de in gf_sg_proto_instantiate scenegraph/vrml_proto.c:655
    #24 0x7fe01b12e91e in gf_vrml_node_clone scenegraph/vrml_proto.c:520
    #25 0x7fe01b12e449 in gf_vrml_node_clone scenegraph/vrml_proto.c:455
    #26 0x7fe01b1284de in gf_sg_proto_instantiate scenegraph/vrml_proto.c:655
    #27 0x7fe01b12e91e in gf_vrml_node_clone scenegraph/vrml_proto.c:520
    #28 0x7fe01b12e449 in gf_vrml_node_clone scenegraph/vrml_proto.c:455
    #29 0x7fe01b1284de in gf_sg_proto_instantiate scenegraph/vrml_proto.c:655
    #30 0x7fe01b12e91e in gf_vrml_node_clone scenegraph/vrml_proto.c:520
    #31 0x7fe01b12e449 in gf_vrml_node_clone scenegraph/vrml_proto.c:455
    #32 0x7fe01b1284de in gf_sg_proto_instantiate scenegraph/vrml_proto.c:655
    #33 0x7fe01b12e91e in gf_vrml_node_clone scenegraph/vrml_proto.c:520
    #34 0x7fe01b12e449 in gf_vrml_node_clone scenegraph/vrml_proto.c:455
    #35 0x7fe01b1284de in gf_sg_proto_instantiate scenegraph/vrml_proto.c:655
    #36 0x7fe01b12e91e in gf_vrml_node_clone scenegraph/vrml_proto.c:520
    #37 0x7fe01b12e449 in gf_vrml_node_clone scenegraph/vrml_proto.c:455
    #38 0x7fe01b1284de in gf_sg_proto_instantiate scenegraph/vrml_proto.c:655
    #39 0x7fe01b12e91e in gf_vrml_node_clone scenegraph/vrml_proto.c:520
    #40 0x7fe01b12e449 in gf_vrml_node_clone scenegraph/vrml_proto.c:455
    #41 0x7fe01b1284de in gf_sg_proto_instantiate scenegraph/vrml_proto.c:655
    #42 0x7fe01b12e91e in gf_vrml_node_clone scenegraph/vrml_proto.c:520
    #43 0x7fe01b12e449 in gf_vrml_node_clone scenegraph/vrml_proto.c:455
    #44 0x7fe01b1284de in gf_sg_proto_instantiate scenegraph/vrml_proto.c:655
    #45 0x7fe01b12e91e in gf_vrml_node_clone scenegraph/vrml_proto.c:520
    #46 0x7fe01b12e449 in gf_vrml_node_clone scenegraph/vrml_proto.c:455
    #47 0x7fe01b1284de in gf_sg_proto_instantiate scenegraph/vrml_proto.c:655
    #48 0x7fe01b12e91e in gf_vrml_node_clone scenegraph/vrml_proto.c:520
    #49 0x7fe01b12e449 in gf_vrml_node_clone scenegraph/vrml_proto.c:455
    #50 0x7fe01b1284de in gf_sg_proto_instantiate scenegraph/vrml_proto.c:655
    #51 0x7fe01b12e91e in gf_vrml_node_clone scenegraph/vrml_proto.c:520
    #52 0x7fe01b12e449 in gf_vrml_node_clone scenegraph/vrml_proto.c:455
    #53 0x7fe01b1284de in gf_sg_proto_instantiate scenegraph/vrml_proto.c:655
    #54 0x7fe01b12e91e in gf_vrml_node_clone scenegraph/vrml_proto.c:520
    #55 0x7fe01b12e449 in gf_vrml_node_clone scenegraph/vrml_proto.c:455
    #56 0x7fe01b1284de in gf_sg_proto_instantiate scenegraph/vrml_proto.c:655
    #57 0x7fe01b12e91e in gf_vrml_node_clone scenegraph/vrml_proto.c:520
    #58 0x7fe01b12e449 in gf_vrml_node_clone scenegraph/vrml_proto.c:455
    #59 0x7fe01b1284de in gf_sg_proto_instantiate scenegraph/vrml_proto.c:655
    #60 0x7fe01b12e91e in gf_vrml_node_clone scenegraph/vrml_proto.c:520
    #61 0x7fe01b12e449 in gf_vrml_node_clone scenegraph/vrml_proto.c:455
    #62 0x7fe01b1284de in gf_sg_proto_instantiate scenegraph/vrml_proto.c:655
    #63 0x7fe01b12e91e in gf_vrml_node_clone scenegraph/vrml_proto.c:520
    #64 0x7fe01b12e449 in gf_vrml_node_clone scenegraph/vrml_proto.c:455
    #65 0x7fe01b1284de in gf_sg_proto_instantiate scenegraph/vrml_proto.c:655
    #66 0x7fe01b12e91e in gf_vrml_node_clone scenegraph/vrml_proto.c:520
    #67 0x7fe01b12e449 in gf_vrml_node_clone scenegraph/vrml_proto.c:455
    #68 0x7fe01b1284de in gf_sg_proto_instantiate scenegraph/vrml_proto.c:655
    #69 0x7fe01b12e91e in gf_vrml_node_clone scenegraph/vrml_proto.c:520
    #70 0x7fe01b12e449 in gf_vrml_node_clone scenegraph/vrml_proto.c:455
    #71 0x7fe01b1284de in gf_sg_proto_instantiate scenegraph/vrml_proto.c:655
    #72 0x7fe01b12e91e in gf_vrml_node_clone scenegraph/vrml_proto.c:520
    #73 0x7fe01b12e449 in gf_vrml_node_clone scenegraph/vrml_proto.c:455
    #74 0x7fe01b1284de in gf_sg_proto_instantiate scenegraph/vrml_proto.c:655
    #75 0x7fe01b12e91e in gf_vrml_node_clone scenegraph/vrml_proto.c:520
    #76 0x7fe01b12e449 in gf_vrml_node_clone scenegraph/vrml_proto.c:455
    #77 0x7fe01b1284de in gf_sg_proto_instantiate scenegraph/vrml_proto.c:655
    #78 0x7fe01b12e91e in gf_vrml_node_clone scenegraph/vrml_proto.c:520
    #79 0x7fe01b12e449 in gf_vrml_node_clone scenegraph/vrml_proto.c:455
    #80 0x7fe01b1284de in gf_sg_proto_instantiate scenegraph/vrml_proto.c:655
    #81 0x7fe01b12e91e in gf_vrml_node_clone scenegraph/vrml_proto.c:520
    #82 0x7fe01b12e449 in gf_vrml_node_clone scenegraph/vrml_proto.c:455
    #83 0x7fe01b1284de in gf_sg_proto_instantiate scenegraph/vrml_proto.c:655
    #84 0x7fe01b12e91e in gf_vrml_node_clone scenegraph/vrml_proto.c:520
    #85 0x7fe01b12e449 in gf_vrml_node_clone scenegraph/vrml_proto.c:455
    #86 0x7fe01b1284de in gf_sg_proto_instantiate scenegraph/vrml_proto.c:655
    #87 0x7fe01b12e91e in gf_vrml_node_clone scenegraph/vrml_proto.c:520
    #88 0x7fe01b12e449 in gf_vrml_node_clone scenegraph/vrml_proto.c:455
    #89 0x7fe01b1284de in gf_sg_proto_instantiate scenegraph/vrml_proto.c:655
    #90 0x7fe01b12e91e in gf_vrml_node_clone scenegraph/vrml_proto.c:520
    #91 0x7fe01b12e449 in gf_vrml_node_clone scenegraph/vrml_proto.c:455
    #92 0x7fe01b1284de in gf_sg_proto_instantiate scenegraph/vrml_proto.c:655
    #93 0x7fe01b12e91e in gf_vrml_node_clone scenegraph/vrml_proto.c:520
    #94 0x7fe01b12e449 in gf_vrml_node_clone scenegraph/vrml_proto.c:455
    #95 0x7fe01b1284de in gf_sg_proto_instantiate scenegraph/vrml_proto.c:655
    #96 0x7fe01b12e91e in gf_vrml_node_clone scenegraph/vrml_proto.c:520
    #97 0x7fe01b12e449 in gf_vrml_node_clone scenegraph/vrml_proto.c:455
    #98 0x7fe01b1284de in gf_sg_proto_instantiate scenegraph/vrml_proto.c:655
    #99 0x7fe01b12e91e in gf_vrml_node_clone scenegraph/vrml_proto.c:520
    #100 0x7fe01b12e449 in gf_vrml_node_clone scenegraph/vrml_proto.c:455
    #101 0x7fe01b1284de in gf_sg_proto_instantiate scenegraph/vrml_proto.c:655
    #102 0x7fe01b12e91e in gf_vrml_node_clone scenegraph/vrml_proto.c:520
    #103 0x7fe01b12e449 in gf_vrml_node_clone scenegraph/vrml_proto.c:455
    #104 0x7fe01b1284de in gf_sg_proto_instantiate scenegraph/vrml_proto.c:655
    #105 0x7fe01b12e91e in gf_vrml_node_clone scenegraph/vrml_proto.c:520
    #106 0x7fe01b12e449 in gf_vrml_node_clone scenegraph/vrml_proto.c:455
    #107 0x7fe01b1284de in gf_sg_proto_instantiate scenegraph/vrml_proto.c:655
    #108 0x7fe01b12e91e in gf_vrml_node_clone scenegraph/vrml_proto.c:520
    #109 0x7fe01b12e449 in gf_vrml_node_clone scenegraph/vrml_proto.c:455
    #110 0x7fe01b1284de in gf_sg_proto_instantiate scenegraph/vrml_proto.c:655
    #111 0x7fe01b12e91e in gf_vrml_node_clone scenegraph/vrml_proto.c:520
    #112 0x7fe01b12e449 in gf_vrml_node_clone scenegraph/vrml_proto.c:455
    #113 0x7fe01b1284de in gf_sg_proto_instantiate scenegraph/vrml_proto.c:655
    #114 0x7fe01b12e91e in gf_vrml_node_clone scenegraph/vrml_proto.c:520
    #115 0x7fe01b12e449 in gf_vrml_node_clone scenegraph/vrml_proto.c:455
    #116 0x7fe01b1284de in gf_sg_proto_instantiate scenegraph/vrml_proto.c:655
    #117 0x7fe01b12e91e in gf_vrml_node_clone scenegraph/vrml_proto.c:520
    #118 0x7fe01b12e449 in gf_vrml_node_clone scenegraph/vrml_proto.c:455
    #119 0x7fe01b1284de in gf_sg_proto_instantiate scenegraph/vrml_proto.c:655
    #120 0x7fe01b12e91e in gf_vrml_node_clone scenegraph/vrml_proto.c:520
    #121 0x7fe01b12e449 in gf_vrml_node_clone scenegraph/vrml_proto.c:455
    #122 0x7fe01b1284de in gf_sg_proto_instantiate scenegraph/vrml_proto.c:655
    #123 0x7fe01b12e91e in gf_vrml_node_clone scenegraph/vrml_proto.c:520
    #124 0x7fe01b12e449 in gf_vrml_node_clone scenegraph/vrml_proto.c:455
    #125 0x7fe01b1284de in gf_sg_proto_instantiate scenegraph/vrml_proto.c:655
    #126 0x7fe01b12e91e in gf_vrml_node_clone scenegraph/vrml_proto.c:520
    #127 0x7fe01b12e449 in gf_vrml_node_clone scenegraph/vrml_proto.c:455
    #128 0x7fe01b1284de in gf_sg_proto_instantiate scenegraph/vrml_proto.c:655
    #129 0x7fe01b12e91e in gf_vrml_node_clone scenegraph/vrml_proto.c:520
    #130 0x7fe01b12e449 in gf_vrml_node_clone scenegraph/vrml_proto.c:455
    #131 0x7fe01b1284de in gf_sg_proto_instantiate scenegraph/vrml_proto.c:655
    #132 0x7fe01b12e91e in gf_vrml_node_clone scenegraph/vrml_proto.c:520
    #133 0x7fe01b12e449 in gf_vrml_node_clone scenegraph/vrml_proto.c:455
    #134 0x7fe01b1284de in gf_sg_proto_instantiate scenegraph/vrml_proto.c:655
    #135 0x7fe01b12e91e in gf_vrml_node_clone scenegraph/vrml_proto.c:520
    #136 0x7fe01b12e449 in gf_vrml_node_clone scenegraph/vrml_proto.c:455
    #137 0x7fe01b1284de in gf_sg_proto_instantiate scenegraph/vrml_proto.c:655
    #138 0x7fe01b12e91e in gf_vrml_node_clone scenegraph/vrml_proto.c:520
    #139 0x7fe01b12e449 in gf_vrml_node_clone scenegraph/vrml_proto.c:455
    #140 0x7fe01b1284de in gf_sg_proto_instantiate scenegraph/vrml_proto.c:655
    #141 0x7fe01b12e91e in gf_vrml_node_clone scenegraph/vrml_proto.c:520
    #142 0x7fe01b12e449 in gf_vrml_node_clone scenegraph/vrml_proto.c:455
    #143 0x7fe01b1284de in gf_sg_proto_instantiate scenegraph/vrml_proto.c:655
    #144 0x7fe01b12e91e in gf_vrml_node_clone scenegraph/vrml_proto.c:520
    #145 0x7fe01b12e449 in gf_vrml_node_clone scenegraph/vrml_proto.c:455
    #146 0x7fe01b1284de in gf_sg_proto_instantiate scenegraph/vrml_proto.c:655
    #147 0x7fe01b12e91e in gf_vrml_node_clone scenegraph/vrml_proto.c:520
    #148 0x7fe01b12e449 in gf_vrml_node_clone scenegraph/vrml_proto.c:455
    #149 0x7fe01b1284de in gf_sg_proto_instantiate scenegraph/vrml_proto.c:655
    #150 0x7fe01b12e91e in gf_vrml_node_clone scenegraph/vrml_proto.c:520
    #151 0x7fe01b12e449 in gf_vrml_node_clone scenegraph/vrml_proto.c:455
    #152 0x7fe01b1284de in gf_sg_proto_instantiate scenegraph/vrml_proto.c:655
    #153 0x7fe01b12e91e in gf_vrml_node_clone scenegraph/vrml_proto.c:520
    #154 0x7fe01b12e449 in gf_vrml_node_clone scenegraph/vrml_proto.c:455
    #155 0x7fe01b1284de in gf_sg_proto_instantiate scenegraph/vrml_proto.c:655
    #156 0x7fe01b12e91e in gf_vrml_node_clone scenegraph/vrml_proto.c:520
    #157 0x7fe01b12e449 in gf_vrml_node_clone scenegraph/vrml_proto.c:455
    #158 0x7fe01b1284de in gf_sg_proto_instantiate scenegraph/vrml_proto.c:655
    #159 0x7fe01b12e91e in gf_vrml_node_clone scenegraph/vrml_proto.c:520
    #160 0x7fe01b12e449 in gf_vrml_node_clone scenegraph/vrml_proto.c:455
    #161 0x7fe01b1284de in gf_sg_proto_instantiate scenegraph/vrml_proto.c:655
    #162 0x7fe01b12e91e in gf_vrml_node_clone scenegraph/vrml_proto.c:520
    #163 0x7fe01b12e449 in gf_vrml_node_clone scenegraph/vrml_proto.c:455
    #164 0x7fe01b1284de in gf_sg_proto_instantiate scenegraph/vrml_proto.c:655
    #165 0x7fe01b12e91e in gf_vrml_node_clone scenegraph/vrml_proto.c:520
    #166 0x7fe01b12e449 in gf_vrml_node_clone scenegraph/vrml_proto.c:455
    #167 0x7fe01b1284de in gf_sg_proto_instantiate scenegraph/vrml_proto.c:655
    #168 0x7fe01b12e91e in gf_vrml_node_clone scenegraph/vrml_proto.c:520
    #169 0x7fe01b12e449 in gf_vrml_node_clone scenegraph/vrml_proto.c:455
    #170 0x7fe01b1284de in gf_sg_proto_instantiate scenegraph/vrml_proto.c:655
    #171 0x7fe01b12e91e in gf_vrml_node_clone scenegraph/vrml_proto.c:520
    #172 0x7fe01b12e449 in gf_vrml_node_clone scenegraph/vrml_proto.c:455
    #173 0x7fe01b1284de in gf_sg_proto_instantiate scenegraph/vrml_proto.c:655
    #174 0x7fe01b12e91e in gf_vrml_node_clone scenegraph/vrml_proto.c:520
    #175 0x7fe01b12e449 in gf_vrml_node_clone scenegraph/vrml_proto.c:455
    #176 0x7fe01b1284de in gf_sg_proto_instantiate scenegraph/vrml_proto.c:655
    #177 0x7fe01b12e91e in gf_vrml_node_clone scenegraph/vrml_proto.c:520
    #178 0x7fe01b12e449 in gf_vrml_node_clone scenegraph/vrml_proto.c:455
    #179 0x7fe01b1284de in gf_sg_proto_instantiate scenegraph/vrml_proto.c:655
    #180 0x7fe01b12e91e in gf_vrml_node_clone scenegraph/vrml_proto.c:520
    #181 0x7fe01b12e449 in gf_vrml_node_clone scenegraph/vrml_proto.c:455
    #182 0x7fe01b1284de in gf_sg_proto_instantiate scenegraph/vrml_proto.c:655
    #183 0x7fe01b12e91e in gf_vrml_node_clone scenegraph/vrml_proto.c:520
    #184 0x7fe01b12e449 in gf_vrml_node_clone scenegraph/vrml_proto.c:455
    #185 0x7fe01b1284de in gf_sg_proto_instantiate scenegraph/vrml_proto.c:655
    #186 0x7fe01b12e91e in gf_vrml_node_clone scenegraph/vrml_proto.c:520
    #187 0x7fe01b12e449 in gf_vrml_node_clone scenegraph/vrml_proto.c:455
    #188 0x7fe01b1284de in gf_sg_proto_instantiate scenegraph/vrml_proto.c:655
    #189 0x7fe01b12e91e in gf_vrml_node_clone scenegraph/vrml_proto.c:520
    #190 0x7fe01b12e449 in gf_vrml_node_clone scenegraph/vrml_proto.c:455
    #191 0x7fe01b1284de in gf_sg_proto_instantiate scenegraph/vrml_proto.c:655
    #192 0x7fe01b12e91e in gf_vrml_node_clone scenegraph/vrml_proto.c:520
    #193 0x7fe01b12e449 in gf_vrml_node_clone scenegraph/vrml_proto.c:455
    #194 0x7fe01b1284de in gf_sg_proto_instantiate scenegraph/vrml_proto.c:655
    #195 0x7fe01b12e91e in gf_vrml_node_clone scenegraph/vrml_proto.c:520
    #196 0x7fe01b12e449 in gf_vrml_node_clone scenegraph/vrml_proto.c:455
    #197 0x7fe01b1284de in gf_sg_proto_instantiate scenegraph/vrml_proto.c:655
    #198 0x7fe01b12e91e in gf_vrml_node_clone scenegraph/vrml_proto.c:520
    #199 0x7fe01b12e449 in gf_vrml_node_clone scenegraph/vrml_proto.c:455
    #200 0x7fe01b1284de in gf_sg_proto_instantiate scenegraph/vrml_proto.c:655
    #201 0x7fe01b12e91e in gf_vrml_node_clone scenegraph/vrml_proto.c:520
    #202 0x7fe01b12e449 in gf_vrml_node_clone scenegraph/vrml_proto.c:455
    #203 0x7fe01b1284de in gf_sg_proto_instantiate scenegraph/vrml_proto.c:655
    #204 0x7fe01b12e91e in gf_vrml_node_clone scenegraph/vrml_proto.c:520
    #205 0x7fe01b12e449 in gf_vrml_node_clone scenegraph/vrml_proto.c:455
    #206 0x7fe01b1284de in gf_sg_proto_instantiate scenegraph/vrml_proto.c:655
    #207 0x7fe01b12e91e in gf_vrml_node_clone scenegraph/vrml_proto.c:520
    #208 0x7fe01b12e449 in gf_vrml_node_clone scenegraph/vrml_proto.c:455
    #209 0x7fe01b1284de in gf_sg_proto_instantiate scenegraph/vrml_proto.c:655
    #210 0x7fe01b12e91e in gf_vrml_node_clone scenegraph/vrml_proto.c:520
    #211 0x7fe01b12e449 in gf_vrml_node_clone scenegraph/vrml_proto.c:455
    #212 0x7fe01b1284de in gf_sg_proto_instantiate scenegraph/vrml_proto.c:655
    #213 0x7fe01b12e91e in gf_vrml_node_clone scenegraph/vrml_proto.c:520
    #214 0x7fe01b12e449 in gf_vrml_node_clone scenegraph/vrml_proto.c:455
    #215 0x7fe01b1284de in gf_sg_proto_instantiate scenegraph/vrml_proto.c:655
    #216 0x7fe01b12e91e in gf_vrml_node_clone scenegraph/vrml_proto.c:520
    #217 0x7fe01b12e449 in gf_vrml_node_clone scenegraph/vrml_proto.c:455
    #218 0x7fe01b1284de in gf_sg_proto_instantiate scenegraph/vrml_proto.c:655
    #219 0x7fe01b12e91e in gf_vrml_node_clone scenegraph/vrml_proto.c:520
    #220 0x7fe01b12e449 in gf_vrml_node_clone scenegraph/vrml_proto.c:455
    #221 0x7fe01b1284de in gf_sg_proto_instantiate scenegraph/vrml_proto.c:655
    #222 0x7fe01b12e91e in gf_vrml_node_clone scenegraph/vrml_proto.c:520
    #223 0x7fe01b12e449 in gf_vrml_node_clone scenegraph/vrml_proto.c:455
    #224 0x7fe01b1284de in gf_sg_proto_instantiate scenegraph/vrml_proto.c:655
    #225 0x7fe01b12e91e in gf_vrml_node_clone scenegraph/vrml_proto.c:520
    #226 0x7fe01b12e449 in gf_vrml_node_clone scenegraph/vrml_proto.c:455
    #227 0x7fe01b1284de in gf_sg_proto_instantiate scenegraph/vrml_proto.c:655
    #228 0x7fe01b12e91e in gf_vrml_node_clone scenegraph/vrml_proto.c:520
    #229 0x7fe01b12e449 in gf_vrml_node_clone scenegraph/vrml_proto.c:455
    #230 0x7fe01b1284de in gf_sg_proto_instantiate scenegraph/vrml_proto.c:655
    #231 0x7fe01b12e91e in gf_vrml_node_clone scenegraph/vrml_proto.c:520
    #232 0x7fe01b12e449 in gf_vrml_node_clone scenegraph/vrml_proto.c:455
    #233 0x7fe01b1284de in gf_sg_proto_instantiate scenegraph/vrml_proto.c:655
    #234 0x7fe01b12e91e in gf_vrml_node_clone scenegraph/vrml_proto.c:520
    #235 0x7fe01b12e449 in gf_vrml_node_clone scenegraph/vrml_proto.c:455
    #236 0x7fe01b1284de in gf_sg_proto_instantiate scenegraph/vrml_proto.c:655
    #237 0x7fe01b12e91e in gf_vrml_node_clone scenegraph/vrml_proto.c:520
    #238 0x7fe01b12e449 in gf_vrml_node_clone scenegraph/vrml_proto.c:455
    #239 0x7fe01b1284de in gf_sg_proto_instantiate scenegraph/vrml_proto.c:655
    #240 0x7fe01b12e91e in gf_vrml_node_clone scenegraph/vrml_proto.c:520
    #241 0x7fe01b12e449 in gf_vrml_node_clone scenegraph/vrml_proto.c:455
    #242 0x7fe01b1284de in gf_sg_proto_instantiate scenegraph/vrml_proto.c:655
    #243 0x7fe01b12e91e in gf_vrml_node_clone scenegraph/vrml_proto.c:520
    #244 0x7fe01b12e449 in gf_vrml_node_clone scenegraph/vrml_proto.c:455
    #245 0x7fe01b1284de in gf_sg_proto_instantiate scenegraph/vrml_proto.c:655
    #246 0x7fe01b12e91e in gf_vrml_node_clone scenegraph/vrml_proto.c:520
    #247 0x7fe01b12e449 in gf_vrml_node_clone scenegraph/vrml_proto.c:455
    #248 0x7fe01b1284de in gf_sg_proto_instantiate scenegraph/vrml_proto.c:655
    #249 0x7fe01b12e91e in gf_vrml_node_clone scenegraph/vrml_proto.c:520

SUMMARY: AddressSanitizer: stack-overflow scenegraph/mpeg4_nodes.c:9322 in LineProperties_Create
==1073274==ABORTING
                    