...                                                                            
[XMT Parsing] Warning: Unknown field "onoo" for node Body - skipping (line 3)                                                                               
[XMT Parsing] Warning: Unknown field "onoo" for node Body - skipping (line 3)                                                                               
=================================================================                                                                                           
==1709537==ERROR: AddressSanitizer: heap-use-after-free on address 0x7b77cd9e3370 at pc 0x7f57cf25e22c bp 0x7ffe3f8aadf0 sp 0x7ffe3f8aade8
READ of size 8 at 0x7b77cd9e3370 thread T0                                                                                                                  
    #0 0x7f57cf25e22b in gf_node_get_field_by_name scenegraph/base_scenegraph.c:2096
    #1 0x7f57cf944b8c in xmt_parse_element scene_manager/loader_xmt.c:1944
    #2 0x7f57cf94a213 in xmt_node_start scene_manager/loader_xmt.c:2723
    #3 0x7f57cf18945c in xml_sax_node_start utils/xml_parser.c:306
    #4 0x7f57cf18e1d7 in xml_sax_parse_attribute utils/xml_parser.c:355
    #5 0x7f57cf18e1d7 in xml_sax_parse utils/xml_parser.c:938
    #6 0x7f57cf189eb0 in gf_xml_sax_parse_intern utils/xml_parser.c:1108
    #7 0x7f57cf18eef7 in gf_xml_sax_parse utils/xml_parser.c:1136
    #8 0x7f57cf18f253 in xml_sax_read_file utils/xml_parser.c:1223
    #9 0x7f57cf18fd08 in gf_xml_sax_parse_file utils/xml_parser.c:1336
    #10 0x7f57cf93c2f5 in load_xmt_run scene_manager/loader_xmt.c:3262
    #11 0x7f57cffe496c in ctxload_process filters/load_bt_xmt.c:522
    #12 0x7f57cfd5d193 in gf_filter_process_task filter_core/filter.c:3255
    #13 0x7f57cfd316c1 in gf_fs_thread_proc filter_core/filter_session.c:2420
    #14 0x7f57cfd36782 in gf_fs_run filter_core/filter_session.c:2728
    #15 0x7f57cf7f63b4 in gf_media_import media_tools/media_import.c:1305
    #16 0x55eccc997473 in convert_file_info /run/media/user/8ed8205b-4114-4c2a-b2d0-e2ad6640262d/gpac/runtime/gpac_asan/applications/mp4box/fileimport.c:131
    #17 0x55eccc967339 in mp4box_main /run/media/user/8ed8205b-4114-4c2a-b2d0-e2ad6640262d/gpac/runtime/gpac_asan/applications/mp4box/mp4box.c:6574
    #18 0x7f57cec31f76 in __libc_start_call_main ../sysdeps/nptl/libc_start_call_main.h:58
    #19 0x7f57cec32026 in __libc_start_main_impl ../csu/libc-start.c:360
    #20 0x55eccc943070 in _start (/run/media/user/8ed8205b-4114-4c2a-b2d0-e2ad6640262d/gpac/runtime/gpac_asan/bin/gcc/MP4Box+0x4d070) (BuildId: f681cc78d80c62a25566e48ad2bbc96517037ee3)

0x7b77cd9e3370 is located 0 bytes inside of 8-byte region [0x7b77cd9e3370,0x7b77cd9e3378)
freed by thread T0 here:                                                                                                                                    
    #0 0x7f57d0d2340f in free ../../../../src/libsanitizer/asan/asan_malloc_linux.cpp:51
    #1 0x7f57cf25a037 in gf_node_unregister scenegraph/base_scenegraph.c:760

previously allocated by thread T0 here:
    #0 0x7f57d0d2435f in malloc ../../../../src/libsanitizer/asan/asan_malloc_linux.cpp:67
    #1 0x7f57cf25b5b1 in gf_sg_new_base_node scenegraph/base_scenegraph.c:1262
    #2 0x7f57cf25b5b1 in gf_node_new scenegraph/base_scenegraph.c:2000

SUMMARY: AddressSanitizer: heap-use-after-free scenegraph/base_scenegraph.c:2096 in gf_node_get_field_by_name
Shadow bytes around the buggy address:
  0x7b77cd9e3080: fa fa 04 fa fa fa 00 fa fa fa fd fa fa fa fd fa
  0x7b77cd9e3100: fa fa 04 fa fa fa fd fa fa fa fd fa fa fa fd fa
  0x7b77cd9e3180: fa fa 04 fa fa fa 04 fa fa fa 04 fa fa fa 00 fa
  0x7b77cd9e3200: fa fa fd fa fa fa fd fa fa fa 04 fa fa fa 04 fa
  0x7b77cd9e3280: fa fa 00 fa fa fa fd fa fa fa 04 fa fa fa 00 fa
=>0x7b77cd9e3300: fa fa fd fa fa fa fd fa fa fa 04 fa fa fa[fd]fa
  0x7b77cd9e3380: fa fa fd fa fa fa fd fa fa fa 04 fa fa fa fa fa
  0x7b77cd9e3400: fa fa fa fa fa fa fa fa fa fa fa fa fa fa fa fa
  0x7b77cd9e3480: fa fa fa fa fa fa fa fa fa fa fa fa fa fa fa fa
  0x7b77cd9e3500: fa fa fa fa fa fa fa fa fa fa fa fa fa fa fa fa
  0x7b77cd9e3580: fa fa fa fa fa fa fa fa fa fa fa fa fa fa fa fa
Shadow byte legend (one shadow byte represents 8 application bytes):
  Addressable:           00
  Partially addressable: 01 02 03 04 05 06 07 
  Heap left redzone:       fa
  Freed heap region:       fd
  Stack left redzone:      f1
  Stack mid redzone:       f2
  Stack right redzone:     f3
  Stack after return:      f5
  Stack use after scope:   f8
  Global redzone:          f9
  Global init order:       f6
  Poisoned by user:        f7
  Container overflow:      fc
  Array cookie:            ac
  Intra object redzone:    bb
  ASan internal:           fe
  Left alloca redzone:     ca
  Right alloca redzone:    cb
==1709537==ABORTING
