[32mTrack Importing RawVideo - Width 320 Height 240 FPS 30/1
[0m[32mXMT: MPEG-4 (XMT) Scene Parsing
[0mXMT Parsing: |=                   | (06/100)
[33m[XMT Parsing] Warning: Cannot locate proto 3 - skipping (line 216)
[0mXMT Parsing: |==                  | (12/100)
XMT Parsing: |===                 | (15/100)
XMT Parsing: |====                | (21/100)
[33m[XMT Parsing] Warning: Node N1 has been defined several times - IDs may get corrupted (line 397)
[0m[33m[XMT Parsing] Warning: Node N2 has been defined several times - IDs may get corrupted (line 399)
[0m[33m[XMT Parsing] Warning: Cannot locate proto 3 - skipping (line 430)
[0mXMT Parsing: |=====               | (27/100)
[33m[XMT Parsing] Warning: Node N3 has been defined several times - IDs may get corrupted (line 497)
[0m[33m[XMT Parsing] Warning: Node N0 has been defined several times - IDs may get corrupted (line 508)
[0m[33m[XMT Parsing] Warning: Node N1 has been defined several times - IDs may get corrupted (line 509)
[0m[33m[XMT Parsing] Warning: Node N2 has been defined several times - IDs may get corrupted (line 511)
[0m[33m[XMT Parsing] Warning: Node TR has been defined several times - IDs may get corrupted (line 512)
[0m[33m[XMT Parsing] Warning: Cannot locate proto 3 - skipping (line 542)
[0mXMT Parsing: |======              | (34/100)
AddressSanitizer:DEADLYSIGNAL
=================================================================
==954638==ERROR: AddressSanitizer: stack-overflow on address 0x7ffecc1b9f68 (pc 0x7f428bd3dde0 bp 0x7c5289dea2c0 sp 0x7ffecc1b9f60 T0)
    #0 0x7f428bd3dde0 in xmt_remove_od_links_recursive scene_manager/loader_xmt.c:1599
    #1 0x7f428bd3e484 in xmt_remove_od_links_recursive scene_manager/loader_xmt.c:1602
    #2 0x7f428bd3e484 in xmt_remove_od_links_recursive scene_manager/loader_xmt.c:1627
    #3 0x7f428bd3e300 in xmt_remove_od_links_recursive scene_manager/loader_xmt.c:1602
    #4 0x7f428bd3e300 in xmt_remove_od_links_recursive scene_manager/loader_xmt.c:1638
    #5 0x7f428bd3e484 in xmt_remove_od_links_recursive scene_manager/loader_xmt.c:1602
    #6 0x7f428bd3e484 in xmt_remove_od_links_recursive scene_manager/loader_xmt.c:1627
    #7 0x7f428bd3e484 in xmt_remove_od_links_recursive scene_manager/loader_xmt.c:1602
    #8 0x7f428bd3e484 in xmt_remove_od_links_recursive scene_manager/loader_xmt.c:1627
    #9 0x7f428bd3e300 in xmt_remove_od_links_recursive scene_manager/loader_xmt.c:1602
    #10 0x7f428bd3e300 in xmt_remove_od_links_recursive scene_manager/loader_xmt.c:1638
    #11 0x7f428bd3e484 in xmt_remove_od_links_recursive scene_manager/loader_xmt.c:1602
    #12 0x7f428bd3e484 in xmt_remove_od_links_recursive scene_manager/loader_xmt.c:1627
    #13 0x7f428bd3e484 in xmt_remove_od_links_recursive scene_manager/loader_xmt.c:1602
    #14 0x7f428bd3e484 in xmt_remove_od_links_recursive scene_manager/loader_xmt.c:1627
    #15 0x7f428bd3e300 in xmt_remove_od_links_recursive scene_manager/loader_xmt.c:1602
    #16 0x7f428bd3e300 in xmt_remove_od_links_recursive scene_manager/loader_xmt.c:1638
    #17 0x7f428bd3e484 in xmt_remove_od_links_recursive scene_manager/loader_xmt.c:1602
    #18 0x7f428bd3e484 in xmt_remove_od_links_recursive scene_manager/loader_xmt.c:1627
    #19 0x7f428bd3e484 in xmt_remove_od_links_recursive scene_manager/loader_xmt.c:1602
    #20 0x7f428bd3e484 in xmt_remove_od_links_recursive scene_manager/loader_xmt.c:1627
    #21 0x7f428bd3e300 in xmt_remove_od_links_recursive scene_manager/loader_xmt.c:1602
    #22 0x7f428bd3e300 in xmt_remove_od_links_recursive scene_manager/loader_xmt.c:1638
    #23 0x7f428bd3e484 in xmt_remove_od_links_recursive scene_manager/loader_xmt.c:1602
    #24 0x7f428bd3e484 in xmt_remove_od_links_recursive scene_manager/loader_xmt.c:1627
    #25 0x7f428bd3e484 in xmt_remove_od_links_recursive scene_manager/loader_xmt.c:1602
    #26 0x7f428bd3e484 in xmt_remove_od_links_recursive scene_manager/loader_xmt.c:1627
    #27 0x7f428bd3e300 in xmt_remove_od_links_recursive scene_manager/loader_xmt.c:1602
    #28 0x7f428bd3e300 in xmt_remove_od_links_recursive scene_manager/loader_xmt.c:1638
    #29 0x7f428bd3e484 in xmt_remove_od_links_recursive scene_manager/loader_xmt.c:1602
    #30 0x7f428bd3e484 in xmt_remove_od_links_recursive scene_manager/loader_xmt.c:1627
    #31 0x7f428bd3e484 in xmt_remove_od_links_recursive scene_manager/loader_xmt.c:1602
    #32 0x7f428bd3e484 in xmt_remove_od_links_recursive scene_manager/loader_xmt.c:1627
    #33 0x7f428bd3e300 in xmt_remove_od_links_recursive scene_manager/loader_xmt.c:1602
    #34 0x7f428bd3e300 in xmt_remove_od_links_recursive scene_manager/loader_xmt.c:1638
    #35 0x7f428bd3e484 in xmt_remove_od_links_recursive scene_manager/loader_xmt.c:1602
    #36 0x7f428bd3e484 in xmt_remove_od_links_recursive scene_manager/loader_xmt.c:1627
    #37 0x7f428bd3e484 in xmt_remove_od_links_recursive scene_manager/loader_xmt.c:1602
    #38 0x7f428bd3e484 in xmt_remove_od_links_recursive scene_manager/loader_xmt.c:1627
    #39 0x7f428bd3e300 in xmt_remove_od_links_recursive scene_manager/loader_xmt.c:1602
    #40 0x7f428bd3e300 in xmt_remove_od_links_recursive scene_manager/loader_xmt.c:1638
    #41 0x7f428bd3e484 in xmt_remove_od_links_recursive scene_manager/loader_xmt.c:1602
    #42 0x7f428bd3e484 in xmt_remove_od_links_recursive scene_manager/loader_xmt.c:1627
    #43 0x7f428bd3e484 in xmt_remove_od_links_recursive scene_manager/loader_xmt.c:1602
    #44 0x7f428bd3e484 in xmt_remove_od_links_recursive scene_manager/loader_xmt.c:1627
    #45 0x7f428bd3e300 in xmt_remove_od_links_recursive scene_manager/loader_xmt.c:1602
    #46 0x7f428bd3e300 in xmt_remove_od_links_recursive scene_manager/loader_xmt.c:1638
    #47 0x7f428bd3e484 in xmt_remove_od_links_recursive scene_manager/loader_xmt.c:1602
    #48 0x7f428bd3e484 in xmt_remove_od_links_recursive scene_manager/loader_xmt.c:1627
    #49 0x7f428bd3e484 in xmt_remove_od_links_recursive scene_manager/loader_xmt.c:1602
    #50 0x7f428bd3e484 in xmt_remove_od_links_recursive scene_manager/loader_xmt.c:1627
    #51 0x7f428bd3e300 in xmt_remove_od_links_recursive scene_manager/loader_xmt.c:1602
    #52 0x7f428bd3e300 in xmt_remove_od_links_recursive scene_manager/loader_xmt.c:1638
    #53 0x7f428bd3e484 in xmt_remove_od_links_recursive scene_manager/loader_xmt.c:1602
    #54 0x7f428bd3e484 in xmt_remove_od_links_recursive scene_manager/loader_xmt.c:1627
    #55 0x7f428bd3e484 in xmt_remove_od_links_recursive scene_manager/loader_xmt.c:1602
    #56 0x7f428bd3e484 in xmt_remove_od_links_recursive scene_manager/loader_xmt.c:1627
    #57 0x7f428bd3e300 in xmt_remove_od_links_recursive scene_manager/loader_xmt.c:1602
    #58 0x7f428bd3e300 in xmt_remove_od_links_recursive scene_manager/loader_xmt.c:1638
    #59 0x7f428bd3e484 in xmt_remove_od_links_recursive scene_manager/loader_xmt.c:1602
    #60 0x7f428bd3e484 in xmt_remove_od_links_recursive scene_manager/loader_xmt.c:1627
    #61 0x7f428bd3e484 in xmt_remove_od_links_recursive scene_manager/loader_xmt.c:1602
    #62 0x7f428bd3e484 in xmt_remove_od_links_recursive scene_manager/loader_xmt.c:1627
    #63 0x7f428bd3e300 in xmt_remove_od_links_recursive scene_manager/loader_xmt.c:1602
    #64 0x7f428bd3e300 in xmt_remove_od_links_recursive scene_manager/loader_xmt.c:1638
    #65 0x7f428bd3e484 in xmt_remove_od_links_recursive scene_manager/loader_xmt.c:1602
    #66 0x7f428bd3e484 in xmt_remove_od_links_recursive scene_manager/loader_xmt.c:1627
    #67 0x7f428bd3e484 in xmt_remove_od_links_recursive scene_manager/loader_xmt.c:1602
    #68 0x7f428bd3e484 in xmt_remove_od_links_recursive scene_manager/loader_xmt.c:1627
    #69 0x7f428bd3e300 in xmt_remove_od_links_recursive scene_manager/loader_xmt.c:1602
    #70 0x7f428bd3e300 in xmt_remove_od_links_recursive scene_manager/loader_xmt.c:1638
    #71 0x7f428bd3e484 in xmt_remove_od_links_recursive scene_manager/loader_xmt.c:1602
    #72 0x7f428bd3e484 in xmt_remove_od_links_recursive scene_manager/loader_xmt.c:1627
    #73 0x7f428bd3e484 in xmt_remove_od_links_recursive scene_manager/loader_xmt.c:1602
    #74 0x7f428bd3e484 in xmt_remove_od_links_recursive scene_manager/loader_xmt.c:1627
    #75 0x7f428bd3e300 in xmt_remove_od_links_recursive scene_manager/loader_xmt.c:1602
    #76 0x7f428bd3e300 in xmt_remove_od_links_recursive scene_manager/loader_xmt.c:1638
    #77 0x7f428bd3e484 in xmt_remove_od_links_recursive scene_manager/loader_xmt.c:1602
    #78 0x7f428bd3e484 in xmt_remove_od_links_recursive scene_manager/loader_xmt.c:1627
    #79 0x7f428bd3e484 in xmt_remove_od_links_recursive scene_manager/loader_xmt.c:1602
    #80 0x7f428bd3e484 in xmt_remove_od_links_recursive scene_manager/loader_xmt.c:1627
    #81 0x7f428bd3e300 in xmt_remove_od_links_recursive scene_manager/loader_xmt.c:1602
    #82 0x7f428bd3e300 in xmt_remove_od_links_recursive scene_manager/loader_xmt.c:1638
    #83 0x7f428bd3e484 in xmt_remove_od_links_recursive scene_manager/loader_xmt.c:1602
    #84 0x7f428bd3e484 in xmt_remove_od_links_recursive scene_manager/loader_xmt.c:1627
    #85 0x7f428bd3e484 in xmt_remove_od_links_recursive scene_manager/loader_xmt.c:1602
    #86 0x7f428bd3e484 in xmt_remove_od_links_recursive scene_manager/loader_xmt.c:1627
    #87 0x7f428bd3e300 in xmt_remove_od_links_recursive scene_manager/loader_xmt.c:1602
    #88 0x7f428bd3e300 in xmt_remove_od_links_recursive scene_manager/loader_xmt.c:1638
    #89 0x7f428bd3e484 in xmt_remove_od_links_recursive scene_manager/loader_xmt.c:1602
    #90 0x7f428bd3e484 in xmt_remove_od_links_recursive scene_manager/loader_xmt.c:1627
    #91 0x7f428bd3e484 in xmt_remove_od_links_recursive scene_manager/loader_xmt.c:1602
    #92 0x7f428bd3e484 in xmt_remove_od_links_recursive scene_manager/loader_xmt.c:1627
    #93 0x7f428bd3e300 in xmt_remove_od_links_recursive scene_manager/loader_xmt.c:1602
    #94 0x7f428bd3e300 in xmt_remove_od_links_recursive scene_manager/loader_xmt.c:1638
    #95 0x7f428bd3e484 in xmt_remove_od_links_recursive scene_manager/loader_xmt.c:1602
    #96 0x7f428bd3e484 in xmt_remove_od_links_recursive scene_manager/loader_xmt.c:1627
    #97 0x7f428bd3e484 in xmt_remove_od_links_recursive scene_manager/loader_xmt.c:1602
    #98 0x7f428bd3e484 in xmt_remove_od_links_recursive scene_manager/loader_xmt.c:1627
    #99 0x7f428bd3e300 in xmt_remove_od_links_recursive scene_manager/loader_xmt.c:1602
    #100 0x7f428bd3e300 in xmt_remove_od_links_recursive scene_manager/loader_xmt.c:1638
    #101 0x7f428bd3e484 in xmt_remove_od_links_recursive scene_manager/loader_xmt.c:1602
    #102 0x7f428bd3e484 in xmt_remove_od_links_recursive scene_manager/loader_xmt.c:1627
    #103 0x7f428bd3e484 in xmt_remove_od_links_recursive scene_manager/loader_xmt.c:1602
    #104 0x7f428bd3e484 in xmt_remove_od_links_recursive scene_manager/loader_xmt.c:1627
    #105 0x7f428bd3e300 in xmt_remove_od_links_recursive scene_manager/loader_xmt.c:1602
    #106 0x7f428bd3e300 in xmt_remove_od_links_recursive scene_manager/loader_xmt.c:1638
    #107 0x7f428bd3e484 in xmt_remove_od_links_recursive scene_manager/loader_xmt.c:1602
    #108 0x7f428bd3e484 in xmt_remove_od_links_recursive scene_manager/loader_xmt.c:1627
    #109 0x7f428bd3e484 in xmt_remove_od_links_recursive scene_manager/loader_xmt.c:1602
    #110 0x7f428bd3e484 in xmt_remove_od_links_recursive scene_manager/loader_xmt.c:1627
    #111 0x7f428bd3e300 in xmt_remove_od_links_recursive scene_manager/loader_xmt.c:1602
    #112 0x7f428bd3e300 in xmt_remove_od_links_recursive scene_manager/loader_xmt.c:1638
    #113 0x7f428bd3e484 in xmt_remove_od_links_recursive scene_manager/loader_xmt.c:1602
    #114 0x7f428bd3e484 in xmt_remove_od_links_recursive scene_manager/loader_xmt.c:1627
    #115 0x7f428bd3e484 in xmt_remove_od_links_recursive scene_manager/loader_xmt.c:1602
    #116 0x7f428bd3e484 in xmt_remove_od_links_recursive scene_manager/loader_xmt.c:1627
    #117 0x7f428bd3e300 in xmt_remove_od_links_recursive scene_manager/loader_xmt.c:1602
    #118 0x7f428bd3e300 in xmt_remove_od_links_recursive scene_manager/loader_xmt.c:1638
    #119 0x7f428bd3e484 in xmt_remove_od_links_recursive scene_manager/loader_xmt.c:1602
    #120 0x7f428bd3e484 in xmt_remove_od_links_recursive scene_manager/loader_xmt.c:1627
    #121 0x7f428bd3e484 in xmt_remove_od_links_recursive scene_manager/loader_xmt.c:1602
    #122 0x7f428bd3e484 in xmt_remove_od_links_recursive scene_manager/loader_xmt.c:1627
    #123 0x7f428bd3e300 in xmt_remove_od_links_recursive scene_manager/loader_xmt.c:1602
    #124 0x7f428bd3e300 in xmt_remove_od_links_recursive scene_manager/loader_xmt.c:1638
    #125 0x7f428bd3e484 in xmt_remove_od_links_recursive scene_manager/loader_xmt.c:1602
    #126 0x7f428bd3e484 in xmt_remove_od_links_recursive scene_manager/loader_xmt.c:1627
    #127 0x7f428bd3e484 in xmt_remove_od_links_recursive scene_manager/loader_xmt.c:1602
    #128 0x7f428bd3e484 in xmt_remove_od_links_recursive scene_manager/loader_xmt.c:1627
    #129 0x7f428bd3e300 in xmt_remove_od_links_recursive scene_manager/loader_xmt.c:1602
    #130 0x7f428bd3e300 in xmt_remove_od_links_recursive scene_manager/loader_xmt.c:1638
    #131 0x7f428bd3e484 in xmt_remove_od_links_recursive scene_manager/loader_xmt.c:1602
    #132 0x7f428bd3e484 in xmt_remove_od_links_recursive scene_manager/loader_xmt.c:1627
    #133 0x7f428bd3e484 in xmt_remove_od_links_recursive scene_manager/loader_xmt.c:1602
    #134 0x7f428bd3e484 in xmt_remove_od_links_recursive scene_manager/loader_xmt.c:1627
    #135 0x7f428bd3e300 in xmt_remove_od_links_recursive scene_manager/loader_xmt.c:1602
    #136 0x7f428bd3e300 in xmt_remove_od_links_recursive scene_manager/loader_xmt.c:1638
    #137 0x7f428bd3e484 in xmt_remove_od_links_recursive scene_manager/loader_xmt.c:1602
    #138 0x7f428bd3e484 in xmt_remove_od_links_recursive scene_manager/loader_xmt.c:1627
    #139 0x7f428bd3e484 in xmt_remove_od_links_recursive scene_manager/loader_xmt.c:1602
    #140 0x7f428bd3e484 in xmt_remove_od_links_recursive scene_manager/loader_xmt.c:1627
    #141 0x7f428bd3e300 in xmt_remove_od_links_recursive scene_manager/loader_xmt.c:1602
    #142 0x7f428bd3e300 in xmt_remove_od_links_recursive scene_manager/loader_xmt.c:1638
    #143 0x7f428bd3e484 in xmt_remove_od_links_recursive scene_manager/loader_xmt.c:1602
    #144 0x7f428bd3e484 in xmt_remove_od_links_recursive scene_manager/loader_xmt.c:1627
    #145 0x7f428bd3e484 in xmt_remove_od_links_recursive scene_manager/loader_xmt.c:1602
    #146 0x7f428bd3e484 in xmt_remove_od_links_recursive scene_manager/loader_xmt.c:1627
    #147 0x7f428bd3e300 in xmt_remove_od_links_recursive scene_manager/loader_xmt.c:1602
    #148 0x7f428bd3e300 in xmt_remove_od_links_recursive scene_manager/loader_xmt.c:1638
    #149 0x7f428bd3e484 in xmt_remove_od_links_recursive scene_manager/loader_xmt.c:1602
    #150 0x7f428bd3e484 in xmt_remove_od_links_recursive scene_manager/loader_xmt.c:1627
    #151 0x7f428bd3e484 in xmt_remove_od_links_recursive scene_manager/loader_xmt.c:1602
    #152 0x7f428bd3e484 in xmt_remove_od_links_recursive scene_manager/loader_xmt.c:1627
    #153 0x7f428bd3e300 in xmt_remove_od_links_recursive scene_manager/loader_xmt.c:1602
    #154 0x7f428bd3e300 in xmt_remove_od_links_recursive scene_manager/loader_xmt.c:1638
    #155 0x7f428bd3e484 in xmt_remove_od_links_recursive scene_manager/loader_xmt.c:1602
    #156 0x7f428bd3e484 in xmt_remove_od_links_recursive scene_manager/loader_xmt.c:1627
    #157 0x7f428bd3e484 in xmt_remove_od_links_recursive scene_manager/loader_xmt.c:1602
    #158 0x7f428bd3e484 in xmt_remove_od_links_recursive scene_manager/loader_xmt.c:1627
    #159 0x7f428bd3e300 in xmt_remove_od_links_recursive scene_manager/loader_xmt.c:1602
    #160 0x7f428bd3e300 in xmt_remove_od_links_recursive scene_manager/loader_xmt.c:1638
    #161 0x7f428bd3e484 in xmt_remove_od_links_recursive scene_manager/loader_xmt.c:1602
    #162 0x7f428bd3e484 in xmt_remove_od_links_recursive scene_manager/loader_xmt.c:1627
    #163 0x7f428bd3e484 in xmt_remove_od_links_recursive scene_manager/loader_xmt.c:1602
    #164 0x7f428bd3e484 in xmt_remove_od_links_recursive scene_manager/loader_xmt.c:1627
    #165 0x7f428bd3e300 in xmt_remove_od_links_recursive scene_manager/loader_xmt.c:1602
    #166 0x7f428bd3e300 in xmt_remove_od_links_recursive scene_manager/loader_xmt.c:1638
    #167 0x7f428bd3e484 in xmt_remove_od_links_recursive scene_manager/loader_xmt.c:1602
    #168 0x7f428bd3e484 in xmt_remove_od_links_recursive scene_manager/loader_xmt.c:1627
    #169 0x7f428bd3e484 in xmt_remove_od_links_recursive scene_manager/loader_xmt.c:1602
    #170 0x7f428bd3e484 in xmt_remove_od_links_recursive scene_manager/loader_xmt.c:1627
    #171 0x7f428bd3e300 in xmt_remove_od_links_recursive scene_manager/loader_xmt.c:1602
    #172 0x7f428bd3e300 in xmt_remove_od_links_recursive scene_manager/loader_xmt.c:1638
    #173 0x7f428bd3e484 in xmt_remove_od_links_recursive scene_manager/loader_xmt.c:1602
    #174 0x7f428bd3e484 in xmt_remove_od_links_recursive scene_manager/loader_xmt.c:1627
    #175 0x7f428bd3e484 in xmt_remove_od_links_recursive scene_manager/loader_xmt.c:1602
    #176 0x7f428bd3e484 in xmt_remove_od_links_recursive scene_manager/loader_xmt.c:1627
    #177 0x7f428bd3e300 in xmt_remove_od_links_recursive scene_manager/loader_xmt.c:1602
    #178 0x7f428bd3e300 in xmt_remove_od_links_recursive scene_manager/loader_xmt.c:1638
    #179 0x7f428bd3e484 in xmt_remove_od_links_recursive scene_manager/loader_xmt.c:1602
    #180 0x7f428bd3e484 in xmt_remove_od_links_recursive scene_manager/loader_xmt.c:1627
    #181 0x7f428bd3e484 in xmt_remove_od_links_recursive scene_manager/loader_xmt.c:1602
    #182 0x7f428bd3e484 in xmt_remove_od_links_recursive scene_manager/loader_xmt.c:1627
    #183 0x7f428bd3e300 in xmt_remove_od_links_recursive scene_manager/loader_xmt.c:1602
    #184 0x7f428bd3e300 in xmt_remove_od_links_recursive scene_manager/loader_xmt.c:1638
    #185 0x7f428bd3e484 in xmt_remove_od_links_recursive scene_manager/loader_xmt.c:1602
    #186 0x7f428bd3e484 in xmt_remove_od_links_recursive scene_manager/loader_xmt.c:1627
    #187 0x7f428bd3e484 in xmt_remove_od_links_recursive scene_manager/loader_xmt.c:1602
    #188 0x7f428bd3e484 in xmt_remove_od_links_recursive scene_manager/loader_xmt.c:1627
    #189 0x7f428bd3e300 in xmt_remove_od_links_recursive scene_manager/loader_xmt.c:1602
    #190 0x7f428bd3e300 in xmt_remove_od_links_recursive scene_manager/loader_xmt.c:1638
    #191 0x7f428bd3e484 in xmt_remove_od_links_recursive scene_manager/loader_xmt.c:1602
    #192 0x7f428bd3e484 in xmt_remove_od_links_recursive scene_manager/loader_xmt.c:1627
    #193 0x7f428bd3e484 in xmt_remove_od_links_recursive scene_manager/loader_xmt.c:1602
    #194 0x7f428bd3e484 in xmt_remove_od_links_recursive scene_manager/loader_xmt.c:1627
    #195 0x7f428bd3e300 in xmt_remove_od_links_recursive scene_manager/loader_xmt.c:1602
    #196 0x7f428bd3e300 in xmt_remove_od_links_recursive scene_manager/loader_xmt.c:1638
    #197 0x7f428bd3e484 in xmt_remove_od_links_recursive scene_manager/loader_xmt.c:1602
    #198 0x7f428bd3e484 in xmt_remove_od_links_recursive scene_manager/loader_xmt.c:1627
    #199 0x7f428bd3e484 in xmt_remove_od_links_recursive scene_manager/loader_xmt.c:1602
    #200 0x7f428bd3e484 in xmt_remove_od_links_recursive scene_manager/loader_xmt.c:1627
    #201 0x7f428bd3e300 in xmt_remove_od_links_recursive scene_manager/loader_xmt.c:1602
    #202 0x7f428bd3e300 in xmt_remove_od_links_recursive scene_manager/loader_xmt.c:1638
    #203 0x7f428bd3e484 in xmt_remove_od_links_recursive scene_manager/loader_xmt.c:1602
    #204 0x7f428bd3e484 in xmt_remove_od_links_recursive scene_manager/loader_xmt.c:1627
    #205 0x7f428bd3e484 in xmt_remove_od_links_recursive scene_manager/loader_xmt.c:1602
    #206 0x7f428bd3e484 in xmt_remove_od_links_recursive scene_manager/loader_xmt.c:1627
    #207 0x7f428bd3e300 in xmt_remove_od_links_recursive scene_manager/loader_xmt.c:1602
    #208 0x7f428bd3e300 in xmt_remove_od_links_recursive scene_manager/loader_xmt.c:1638
    #209 0x7f428bd3e484 in xmt_remove_od_links_recursive scene_manager/loader_xmt.c:1602
    #210 0x7f428bd3e484 in xmt_remove_od_links_recursive scene_manager/loader_xmt.c:1627
    #211 0x7f428bd3e484 in xmt_remove_od_links_recursive scene_manager/loader_xmt.c:1602
    #212 0x7f428bd3e484 in xmt_remove_od_links_recursive scene_manager/loader_xmt.c:1627
    #213 0x7f428bd3e300 in xmt_remove_od_links_recursive scene_manager/loader_xmt.c:1602
    #214 0x7f428bd3e300 in xmt_remove_od_links_recursive scene_manager/loader_xmt.c:1638
    #215 0x7f428bd3e484 in xmt_remove_od_links_recursive scene_manager/loader_xmt.c:1602
    #216 0x7f428bd3e484 in xmt_remove_od_links_recursive scene_manager/loader_xmt.c:1627
    #217 0x7f428bd3e484 in xmt_remove_od_links_recursive scene_manager/loader_xmt.c:1602
    #218 0x7f428bd3e484 in xmt_remove_od_links_recursive scene_manager/loader_xmt.c:1627
    #219 0x7f428bd3e300 in xmt_remove_od_links_recursive scene_manager/loader_xmt.c:1602
    #220 0x7f428bd3e300 in xmt_remove_od_links_recursive scene_manager/loader_xmt.c:1638
    #221 0x7f428bd3e484 in xmt_remove_od_links_recursive scene_manager/loader_xmt.c:1602
    #222 0x7f428bd3e484 in xmt_remove_od_links_recursive scene_manager/loader_xmt.c:1627
    #223 0x7f428bd3e484 in xmt_remove_od_links_recursive scene_manager/loader_xmt.c:1602
    #224 0x7f428bd3e484 in xmt_remove_od_links_recursive scene_manager/loader_xmt.c:1627
    #225 0x7f428bd3e300 in xmt_remove_od_links_recursive scene_manager/loader_xmt.c:1602
    #226 0x7f428bd3e300 in xmt_remove_od_links_recursive scene_manager/loader_xmt.c:1638
    #227 0x7f428bd3e484 in xmt_remove_od_links_recursive scene_manager/loader_xmt.c:1602
    #228 0x7f428bd3e484 in xmt_remove_od_links_recursive scene_manager/loader_xmt.c:1627
    #229 0x7f428bd3e484 in xmt_remove_od_links_recursive scene_manager/loader_xmt.c:1602
    #230 0x7f428bd3e484 in xmt_remove_od_links_recursive scene_manager/loader_xmt.c:1627
    #231 0x7f428bd3e300 in xmt_remove_od_links_recursive scene_manager/loader_xmt.c:1602
    #232 0x7f428bd3e300 in xmt_remove_od_links_recursive scene_manager/loader_xmt.c:1638
    #233 0x7f428bd3e484 in xmt_remove_od_links_recursive scene_manager/loader_xmt.c:1602
    #234 0x7f428bd3e484 in xmt_remove_od_links_recursive scene_manager/loader_xmt.c:1627
    #235 0x7f428bd3e484 in xmt_remove_od_links_recursive scene_manager/loader_xmt.c:1602
    #236 0x7f428bd3e484 in xmt_remove_od_links_recursive scene_manager/loader_xmt.c:1627
    #237 0x7f428bd3e300 in xmt_remove_od_links_recursive scene_manager/loader_xmt.c:1602
    #238 0x7f428bd3e300 in xmt_remove_od_links_recursive scene_manager/loader_xmt.c:1638
    #239 0x7f428bd3e484 in xmt_remove_od_links_recursive scene_manager/loader_xmt.c:1602
    #240 0x7f428bd3e484 in xmt_remove_od_links_recursive scene_manager/loader_xmt.c:1627
    #241 0x7f428bd3e484 in xmt_remove_od_links_recursive scene_manager/loader_xmt.c:1602
    #242 0x7f428bd3e484 in xmt_remove_od_links_recursive scene_manager/loader_xmt.c:1627
    #243 0x7f428bd3e300 in xmt_remove_od_links_recursive scene_manager/loader_xmt.c:1602
    #244 0x7f428bd3e300 in xmt_remove_od_links_recursive scene_manager/loader_xmt.c:1638
    #245 0x7f428bd3e484 in xmt_remove_od_links_recursive scene_manager/loader_xmt.c:1602
    #246 0x7f428bd3e484 in xmt_remove_od_links_recursive scene_manager/loader_xmt.c:1627
    #247 0x7f428bd3e484 in xmt_remove_od_links_recursive scene_manager/loader_xmt.c:1602
    #248 0x7f428bd3e484 in xmt_remove_od_links_recursive scene_manager/loader_xmt.c:1627
    #249 0x7f428bd3e300 in xmt_remove_od_links_recursive scene_manager/loader_xmt.c:1602
    #250 0x7f428bd3e300 in xmt_remove_od_links_recursive scene_manager/loader_xmt.c:1638
    #251 0x7f428bd3e484 in xmt_remove_od_links_recursive scene_manager/loader_xmt.c:1602
    #252 0x7f428bd3e484 in xmt_remove_od_links_recursive scene_manager/loader_xmt.c:1627
    #253 0x7f428bd3e484 in xmt_remove_od_links_recursive scene_manager/loader_xmt.c:1602
    #254 0x7f428bd3e484 in xmt_remove_od_links_recursive scene_manager/loader_xmt.c:1627
    #255 0x7f428bd3e300 in xmt_remove_od_links_recursive scene_manager/loader_xmt.c:1602
    #256 0x7f428bd3e300 in xmt_remove_od_links_recursive scene_manager/loader_xmt.c:1638
    #257 0x7f428bd3e484 in xmt_remove_od_links_recursive scene_manager/loader_xmt.c:1602
    #258 0x7f428bd3e484 in xmt_remove_od_links_recursive scene_manager/loader_xmt.c:1627
    #259 0x7f428bd3e484 in xmt_remove_od_links_recursive scene_manager/loader_xmt.c:1602
    #260 0x7f428bd3e484 in xmt_remove_od_links_recursive scene_manager/loader_xmt.c:1627
    #261 0x7f428bd3e300 in xmt_remove_od_links_recursive scene_manager/loader_xmt.c:1602
    #262 0x7f428bd3e300 in xmt_remove_od_links_recursive scene_manager/loader_xmt.c:1638
    #263 0x7f428bd3e484 in xmt_remove_od_links_recursive scene_manager/loader_xmt.c:1602
    #264 0x7f428bd3e484 in xmt_remove_od_links_recursive scene_manager/loader_xmt.c:1627
    #265 0x7f428bd3e484 in xmt_remove_od_links_recursive scene_manager/loader_xmt.c:1602
    #266 0x7f428bd3e484 in xmt_remove_od_links_recursive scene_manager/loader_xmt.c:1627
    #267 0x7f428bd3e300 in xmt_remove_od_links_recursive scene_manager/loader_xmt.c:1602
    #268 0x7f428bd3e300 in xmt_remove_od_links_recursive scene_manager/loader_xmt.c:1638
    #269 0x7f428bd3e484 in xmt_remove_od_links_recursive scene_manager/loader_xmt.c:1602
    #270 0x7f428bd3e484 in xmt_remove_od_links_recursive scene_manager/loader_xmt.c:1627
    #271 0x7f428bd3e484 in xmt_remove_od_links_recursive scene_manager/loader_xmt.c:1602
    #272 0x7f428bd3e484 in xmt_remove_od_links_recursive scene_manager/loader_xmt.c:1627
    #273 0x7f428bd3e300 in xmt_remove_od_links_recursive scene_manager/loader_xmt.c:1602
    #274 0x7f428bd3e300 in xmt_remove_od_links_recursive scene_manager/loader_xmt.c:1638
    #275 0x7f428bd3e484 in xmt_remove_od_links_recursive scene_manager/loader_xmt.c:1602
    #276 0x7f428bd3e484 in xmt_remove_od_links_recursive scene_manager/loader_xmt.c:1627
    #277 0x7f428bd3e484 in xmt_remove_od_links_recursive scene_manager/loader_xmt.c:1602
    #278 0x7f428bd3e484 in xmt_remove_od_links_recursive scene_manager/loader_xmt.c:1627
    #279 0x7f428bd3e300 in xmt_remove_od_links_recursive scene_manager/loader_xmt.c:1602
    #280 0x7f428bd3e300 in xmt_remove_od_links_recursive scene_manager/loader_xmt.c:1638
    #281 0x7f428bd3e484 in xmt_remove_od_links_recursive scene_manager/loader_xmt.c:1602
    #282 0x7f428bd3e484 in xmt_remove_od_links_recursive scene_manager/loader_xmt.c:1627
    #283 0x7f428bd3e484 in xmt_remove_od_links_recursive scene_manager/loader_xmt.c:1602
    #284 0x7f428bd3e484 in xmt_remove_od_links_recursive scene_manager/loader_xmt.c:1627
    #285 0x7f428bd3e300 in xmt_remove_od_links_recursive scene_manager/loader_xmt.c:1602
    #286 0x7f428bd3e300 in xmt_remove_od_links_recursive scene_manager/loader_xmt.c:1638
    #287 0x7f428bd3e484 in xmt_remove_od_links_recursive scene_manager/loader_xmt.c:1602
    #288 0x7f428bd3e484 in xmt_remove_od_links_recursive scene_manager/loader_xmt.c:1627
    #289 0x7f428bd3e484 in xmt_remove_od_links_recursive scene_manager/loader_xmt.c:1602
    #290 0x7f428bd3e484 in xmt_remove_od_links_recursive scene_manager/loader_xmt.c:1627
    #291 0x7f428bd3e300 in xmt_remove_od_links_recursive scene_manager/loader_xmt.c:1602
    #292 0x7f428bd3e300 in xmt_remove_od_links_recursive scene_manager/loader_xmt.c:1638
    #293 0x7f428bd3e484 in xmt_remove_od_links_recursive scene_manager/loader_xmt.c:1602
    #294 0x7f428bd3e484 in xmt_remove_od_links_recursive scene_manager/loader_xmt.c:1627
    #295 0x7f428bd3e484 in xmt_remove_od_links_recursive scene_manager/loader_xmt.c:1602
    #296 0x7f428bd3e484 in xmt_remove_od_links_recursive scene_manager/loader_xmt.c:1627
    #297 0x7f428bd3e300 in xmt_remove_od_links_recursive scene_manager/loader_xmt.c:1602
    #298 0x7f428bd3e300 in xmt_remove_od_links_recursive scene_manager/loader_xmt.c:1638
    #299 0x7f428bd3e484 in xmt_remove_od_links_recursive scene_manager/loader_xmt.c:1602
    #300 0x7f428bd3e484 in xmt_remove_od_links_recursive scene_manager/loader_xmt.c:1627
    #301 0x7f428bd3e484 in xmt_remove_od_links_recursive scene_manager/loader_xmt.c:1602
    #302 0x7f428bd3e484 in xmt_remove_od_links_recursive scene_manager/loader_xmt.c:1627
    #303 0x7f428bd3e300 in xmt_remove_od_links_recursive scene_manager/loader_xmt.c:1602
    #304 0x7f428bd3e300 in xmt_remove_od_links_recursive scene_manager/loader_xmt.c:1638
    #305 0x7f428bd3e484 in xmt_remove_od_links_recursive scene_manager/loader_xmt.c:1602
    #306 0x7f428bd3e484 in xmt_remove_od_links_recursive scene_manager/loader_xmt.c:1627
    #307 0x7f428bd3e484 in xmt_remove_od_links_recursive scene_manager/loader_xmt.c:1602
    #308 0x7f428bd3e484 in xmt_remove_od_links_recursive scene_manager/loader_xmt.c:1627
    #309 0x7f428bd3e300 in xmt_remove_od_links_recursive scene_manager/loader_xmt.c:1602
    #310 0x7f428bd3e300 in xmt_remove_od_links_recursive scene_manager/loader_xmt.c:1638
    #311 0x7f428bd3e484 in xmt_remove_od_links_recursive scene_manager/loader_xmt.c:1602
    #312 0x7f428bd3e484 in xmt_remove_od_links_recursive scene_manager/loader_xmt.c:1627
    #313 0x7f428bd3e484 in xmt_remove_od_links_recursive scene_manager/loader_xmt.c:1602
    #314 0x7f428bd3e484 in xmt_remove_od_links_recursive scene_manager/loader_xmt.c:1627
    #315 0x7f428bd3e300 in xmt_remove_od_links_recursive scene_manager/loader_xmt.c:1602
    #316 0x7f428bd3e300 in xmt_remove_od_links_recursive scene_manager/loader_xmt.c:1638
    #317 0x7f428bd3e484 in xmt_remove_od_links_recursive scene_manager/loader_xmt.c:1602
    #318 0x7f428bd3e484 in xmt_remove_od_links_recursive scene_manager/loader_xmt.c:1627
    #319 0x7f428bd3e484 in xmt_remove_od_links_recursive scene_manager/loader_xmt.c:1602
    #320 0x7f428bd3e484 in xmt_remove_od_links_recursive scene_manager/loader_xmt.c:1627
    #321 0x7f428bd3e300 in xmt_remove_od_links_recursive scene_manager/loader_xmt.c:1602
    #322 0x7f428bd3e300 in xmt_remove_od_links_recursive scene_manager/loader_xmt.c:1638
    #323 0x7f428bd3e484 in xmt_remove_od_links_recursive scene_manager/loader_xmt.c:1602
    #324 0x7f428bd3e484 in xmt_remove_od_links_recursive scene_manager/loader_xmt.c:1627
    #325 0x7f428bd3e484 in xmt_remove_od_links_recursive scene_manager/loader_xmt.c:1602
    #326 0x7f428bd3e484 in xmt_remove_od_links_recursive scene_manager/loader_xmt.c:1627
    #327 0x7f428bd3e300 in xmt_remove_od_links_recursive scene_manager/loader_xmt.c:1602
    #328 0x7f428bd3e300 in xmt_remove_od_links_recursive scene_manager/loader_xmt.c:1638
    #329 0x7f428bd3e484 in xmt_remove_od_links_recursive scene_manager/loader_xmt.c:1602
    #330 0x7f428bd3e484 in xmt_remove_od_links_recursive scene_manager/loader_xmt.c:1627
    #331 0x7f428bd3e484 in xmt_remove_od_links_recursive scene_manager/loader_xmt.c:1602
    #332 0x7f428bd3e484 in xmt_remove_od_links_recursive scene_manager/loader_xmt.c:1627
    #333 0x7f428bd3e300 in xmt_remove_od_links_recursive scene_manager/loader_xmt.c:1602
    #334 0x7f428bd3e300 in xmt_remove_od_links_recursive scene_manager/loader_xmt.c:1638
    #335 0x7f428bd3e484 in xmt_remove_od_links_recursive scene_manager/loader_xmt.c:1602
    #336 0x7f428bd3e484 in xmt_remove_od_links_recursive scene_manager/loader_xmt.c:1627
    #337 0x7f428bd3e484 in xmt_remove_od_links_recursive scene_manager/loader_xmt.c:1602
    #338 0x7f428bd3e484 in xmt_remove_od_links_recursive scene_manager/loader_xmt.c:1627
    #339 0x7f428bd3e300 in xmt_remove_od_links_recursive scene_manager/loader_xmt.c:1602
    #340 0x7f428bd3e300 in xmt_remove_od_links_recursive scene_manager/loader_xmt.c:1638
    #341 0x7f428bd3e484 in xmt_remove_od_links_recursive scene_manager/loader_xmt.c:1602
    #342 0x7f428bd3e484 in xmt_remove_od_links_recursive scene_manager/loader_xmt.c:1627
    #343 0x7f428bd3e484 in xmt_remove_od_links_recursive scene_manager/loader_xmt.c:1602
    #344 0x7f428bd3e484 in xmt_remove_od_links_recursive scene_manager/loader_xmt.c:1627
    #345 0x7f428bd3e300 in xmt_remove_od_links_recursive scene_manager/loader_xmt.c:1602
    #346 0x7f428bd3e300 in xmt_remove_od_links_recursive scene_manager/loader_xmt.c:1638
    #347 0x7f428bd3e484 in xmt_remove_od_links_recursive scene_manager/loader_xmt.c:1602
    #348 0x7f428bd3e484 in xmt_remove_od_links_recursive scene_manager/loader_xmt.c:1627
    #349 0x7f428bd3e484 in xmt_remove_od_links_recursive scene_manager/loader_xmt.c:1602
    #350 0x7f428bd3e484 in xmt_remove_od_links_recursive scene_manager/loader_xmt.c:1627
    #351 0x7f428bd3e300 in xmt_remove_od_links_recursive scene_manager/loader_xmt.c:1602
    #352 0x7f428bd3e300 in xmt_remove_od_links_recursive scene_manager/loader_xmt.c:1638
    #353 0x7f428bd3e484 in xmt_remove_od_links_recursive scene_manager/loader_xmt.c:1602
    #354 0x7f428bd3e484 in xmt_remove_od_links_recursive scene_manager/loader_xmt.c:1627
    #355 0x7f428bd3e484 in xmt_remove_od_links_recursive scene_manager/loader_xmt.c:1602
    #356 0x7f428bd3e484 in xmt_remove_od_links_recursive scene_manager/loader_xmt.c:1627
    #357 0x7f428bd3e300 in xmt_remove_od_links_recursive scene_manager/loader_xmt.c:1602
    #358 0x7f428bd3e300 in xmt_remove_od_links_recursive scene_manager/loader_xmt.c:1638
    #359 0x7f428bd3e484 in xmt_remove_od_links_recursive scene_manager/loader_xmt.c:1602
    #360 0x7f428bd3e484 in xmt_remove_od_links_recursive scene_manager/loader_xmt.c:1627
    #361 0x7f428bd3e484 in xmt_remove_od_links_recursive scene_manager/loader_xmt.c:1602
    #362 0x7f428bd3e484 in xmt_remove_od_links_recursive scene_manager/loader_xmt.c:1627
    #363 0x7f428bd3e300 in xmt_remove_od_links_recursive scene_manager/loader_xmt.c:1602
    #364 0x7f428bd3e300 in xmt_remove_od_links_recursive scene_manager/loader_xmt.c:1638
    #365 0x7f428bd3e484 in xmt_remove_od_links_recursive scene_manager/loader_xmt.c:1602
    #366 0x7f428bd3e484 in xmt_remove_od_links_recursive scene_manager/loader_xmt.c:1627
    #367 0x7f428bd3e484 in xmt_remove_od_links_recursive scene_manager/loader_xmt.c:1602
    #368 0x7f428bd3e484 in xmt_remove_od_links_recursive scene_manager/loader_xmt.c:1627
    #369 0x7f428bd3e300 in xmt_remove_od_links_recursive scene_manager/loader_xmt.c:1602
    #370 0x7f428bd3e300 in xmt_remove_od_links_recursive scene_manager/loader_xmt.c:1638
    #371 0x7f428bd3e484 in xmt_remove_od_links_recursive scene_manager/loader_xmt.c:1602
    #372 0x7f428bd3e484 in xmt_remove_od_links_recursive scene_manager/loader_xmt.c:1627
    #373 0x7f428bd3e484 in xmt_remove_od_links_recursive scene_manager/loader_xmt.c:1602
    #374 0x7f428bd3e484 in xmt_remove_od_links_recursive scene_manager/loader_xmt.c:1627
    #375 0x7f428bd3e300 in xmt_remove_od_links_recursive scene_manager/loader_xmt.c:1602
    #376 0x7f428bd3e300 in xmt_remove_od_links_recursive scene_manager/loader_xmt.c:1638
    #377 0x7f428bd3e484 in xmt_remove_od_links_recursive scene_manager/loader_xmt.c:1602
    #378 0x7f428bd3e484 in xmt_remove_od_links_recursive scene_manager/loader_xmt.c:1627
    #379 0x7f428bd3e484 in xmt_remove_od_links_recursive scene_manager/loader_xmt.c:1602
    #380 0x7f428bd3e484 in xmt_remove_od_links_recursive scene_manager/loader_xmt.c:1627
    #381 0x7f428bd3e300 in xmt_remove_od_links_recursive scene_manager/loader_xmt.c:1602
    #382 0x7f428bd3e300 in xmt_remove_od_links_recursive scene_manager/loader_xmt.c:1638
    #383 0x7f428bd3e484 in xmt_remove_od_links_recursive scene_manager/loader_xmt.c:1602
    #384 0x7f428bd3e484 in xmt_remove_od_links_recursive scene_manager/loader_xmt.c:1627
    #385 0x7f428bd3e484 in xmt_remove_od_links_recursive scene_manager/loader_xmt.c:1602
    #386 0x7f428bd3e484 in xmt_remove_od_links_recursive scene_manager/loader_xmt.c:1627
    #387 0x7f428bd3e300 in xmt_remove_od_links_recursive scene_manager/loader_xmt.c:1602
    #388 0x7f428bd3e300 in xmt_remove_od_links_recursive scene_manager/loader_xmt.c:1638
    #389 0x7f428bd3e484 in xmt_remove_od_links_recursive scene_manager/loader_xmt.c:1602
    #390 0x7f428bd3e484 in xmt_remove_od_links_recursive scene_manager/loader_xmt.c:1627
    #391 0x7f428bd3e484 in xmt_remove_od_links_recursive scene_manager/loader_xmt.c:1602
    #392 0x7f428bd3e484 in xmt_remove_od_links_recursive scene_manager/loader_xmt.c:1627
    #393 0x7f428bd3e300 in xmt_remove_od_links_recursive scene_manager/loader_xmt.c:1602
    #394 0x7f428bd3e300 in xmt_remove_od_links_recursive scene_manager/loader_xmt.c:1638
    #395 0x7f428bd3e484 in xmt_remove_od_links_recursive scene_manager/loader_xmt.c:1602
    #396 0x7f428bd3e484 in xmt_remove_od_links_recursive scene_manager/loader_xmt.c:1627
    #397 0x7f428bd3e484 in xmt_remove_od_links_recursive scene_manager/loader_xmt.c:1602
    #398 0x7f428bd3e484 in xmt_remove_od_links_recursive scene_manager/loader_xmt.c:1627
    #399 0x7f428bd3e300 in xmt_remove_od_links_recursive scene_manager/loader_xmt.c:1602
    #400 0x7f428bd3e300 in xmt_remove_od_links_recursive scene_manager/loader_xmt.c:1638
    #401 0x7f428bd3e484 in xmt_remove_od_links_recursive scene_manager/loader_xmt.c:1602
    #402 0x7f428bd3e484 in xmt_remove_od_links_recursive scene_manager/loader_xmt.c:1627
    #403 0x7f428bd3e484 in xmt_remove_od_links_recursive scene_manager/loader_xmt.c:1602
    #404 0x7f428bd3e484 in xmt_remove_od_links_recursive scene_manager/loader_xmt.c:1627
    #405 0x7f428bd3e300 in xmt_remove_od_links_recursive scene_manager/loader_xmt.c:1602
    #406 0x7f428bd3e300 in xmt_remove_od_links_recursive scene_manager/loader_xmt.c:1638
    #407 0x7f428bd3e484 in xmt_remove_od_links_recursive scene_manager/loader_xmt.c:1602
    #408 0x7f428bd3e484 in xmt_remove_od_links_recursive scene_manager/loader_xmt.c:1627
    #409 0x7f428bd3e484 in xmt_remove_od_links_recursive scene_manager/loader_xmt.c:1602
    #410 0x7f428bd3e484 in xmt_remove_od_links_recursive scene_manager/loader_xmt.c:1627
    #411 0x7f428bd3e300 in xmt_remove_od_links_recursive scene_manager/loader_xmt.c:1602
    #412 0x7f428bd3e300 in xmt_remove_od_links_recursive scene_manager/loader_xmt.c:1638
    #413 0x7f428bd3e484 in xmt_remove_od_links_recursive scene_manager/loader_xmt.c:1602
    #414 0x7f428bd3e484 in xmt_remove_od_links_recursive scene_manager/loader_xmt.c:1627
    #415 0x7f428bd3e484 in xmt_remove_od_links_recursive scene_manager/loader_xmt.c:1602
    #416 0x7f428bd3e484 in xmt_remove_od_links_recursive scene_manager/loader_xmt.c:1627
    #417 0x7f428bd3e300 in xmt_remove_od_links_recursive scene_manager/loader_xmt.c:1602
    #418 0x7f428bd3e300 in xmt_remove_od_links_recursive scene_manager/loader_xmt.c:1638
    #419 0x7f428bd3e484 in xmt_remove_od_links_recursive scene_manager/loader_xmt.c:1602
    #420 0x7f428bd3e484 in xmt_remove_od_links_recursive scene_manager/loader_xmt.c:1627
    #421 0x7f428bd3e484 in xmt_remove_od_links_recursive scene_manager/loader_xmt.c:1602
    #422 0x7f428bd3e484 in xmt_remove_od_links_recursive scene_manager/loader_xmt.c:1627
    #423 0x7f428bd3e300 in xmt_remove_od_links_recursive scene_manager/loader_xmt.c:1602
    #424 0x7f428bd3e300 in xmt_remove_od_links_recursive scene_manager/loader_xmt.c:1638
    #425 0x7f428bd3e484 in xmt_remove_od_links_recursive scene_manager/loader_xmt.c:1602
    #426 0x7f428bd3e484 in xmt_remove_od_links_recursive scene_manager/loader_xmt.c:1627
    #427 0x7f428bd3e484 in xmt_remove_od_links_recursive scene_manager/loader_xmt.c:1602
    #428 0x7f428bd3e484 in xmt_remove_od_links_recursive scene_manager/loader_xmt.c:1627
    #429 0x7f428bd3e300 in xmt_remove_od_links_recursive scene_manager/loader_xmt.c:1602
    #430 0x7f428bd3e300 in xmt_remove_od_links_recursive scene_manager/loader_xmt.c:1638
    #431 0x7f428bd3e484 in xmt_remove_od_links_recursive scene_manager/loader_xmt.c:1602
    #432 0x7f428bd3e484 in xmt_remove_od_links_recursive scene_manager/loader_xmt.c:1627
    #433 0x7f428bd3e484 in xmt_remove_od_links_recursive scene_manager/loader_xmt.c:1602
    #434 0x7f428bd3e484 in xmt_remove_od_links_recursive scene_manager/loader_xmt.c:1627
    #435 0x7f428bd3e300 in xmt_remove_od_links_recursive scene_manager/loader_xmt.c:1602
    #436 0x7f428bd3e300 in xmt_remove_od_links_recursive scene_manager/loader_xmt.c:1638
    #437 0x7f428bd3e484 in xmt_remove_od_links_recursive scene_manager/loader_xmt.c:1602
    #438 0x7f428bd3e484 in xmt_remove_od_links_recursive scene_manager/loader_xmt.c:1627
    #439 0x7f428bd3e484 in xmt_remove_od_links_recursive scene_manager/loader_xmt.c:1602
    #440 0x7f428bd3e484 in xmt_remove_od_links_recursive scene_manager/loader_xmt.c:1627
    #441 0x7f428bd3e300 in xmt_remove_od_links_recursive scene_manager/loader_xmt.c:1602
    #442 0x7f428bd3e300 in xmt_remove_od_links_recursive scene_manager/loader_xmt.c:1638
    #443 0x7f428bd3e484 in xmt_remove_od_links_recursive scene_manager/loader_xmt.c:1602
    #444 0x7f428bd3e484 in xmt_remove_od_links_recursive scene_manager/loader_xmt.c:1627
    #445 0x7f428bd3e484 in xmt_remove_od_links_recursive scene_manager/loader_xmt.c:1602
    #446 0x7f428bd3e484 in xmt_remove_od_links_recursive scene_manager/loader_xmt.c:1627
    #447 0x7f428bd3e300 in xmt_remove_od_links_recursive scene_manager/loader_xmt.c:1602
    #448 0x7f428bd3e300 in xmt_remove_od_links_recursive scene_manager/loader_xmt.c:1638
    #449 0x7f428bd3e484 in xmt_remove_od_links_recursive scene_manager/loader_xmt.c:1602
    #450 0x7f428bd3e484 in xmt_remove_od_links_recursive scene_manager/loader_xmt.c:1627
    #451 0x7f428bd3e484 in xmt_remove_od_links_recursive scene_manager/loader_xmt.c:1602
    #452 0x7f428bd3e484 in xmt_remove_od_links_recursive scene_manager/loader_xmt.c:1627
    #453 0x7f428bd3e300 in xmt_remove_od_links_recursive scene_manager/loader_xmt.c:1602
    #454 0x7f428bd3e300 in xmt_remove_od_links_recursive scene_manager/loader_xmt.c:1638
    #455 0x7f428bd3e484 in xmt_remove_od_links_recursive scene_manager/loader_xmt.c:1602
    #456 0x7f428bd3e484 in xmt_remove_od_links_recursive scene_manager/loader_xmt.c:1627
    #457 0x7f428bd3e484 in xmt_remove_od_links_recursive scene_manager/loader_xmt.c:1602
    #458 0x7f428bd3e484 in xmt_remove_od_links_recursive scene_manager/loader_xmt.c:1627
    #459 0x7f428bd3e300 in xmt_remove_od_links_recursive scene_manager/loader_xmt.c:1602
    #460 0x7f428bd3e300 in xmt_remove_od_links_recursive scene_manager/loader_xmt.c:1638
    #461 0x7f428bd3e484 in xmt_remove_od_links_recursive scene_manager/loader_xmt.c:1602
    #462 0x7f428bd3e484 in xmt_remove_od_links_recursive scene_manager/loader_xmt.c:1627
    #463 0x7f428bd3e484 in xmt_remove_od_links_recursive scene_manager/loader_xmt.c:1602
    #464 0x7f428bd3e484 in xmt_remove_od_links_recursive scene_manager/loader_xmt.c:1627
    #465 0x7f428bd3e300 in xmt_remove_od_links_recursive scene_manager/loader_xmt.c:1602
    #466 0x7f428bd3e300 in xmt_remove_od_links_recursive scene_manager/loader_xmt.c:1638
    #467 0x7f428bd3e484 in xmt_remove_od_links_recursive scene_manager/loader_xmt.c:1602
    #468 0x7f428bd3e484 in xmt_remove_od_links_recursive scene_manager/loader_xmt.c:1627
    #469 0x7f428bd3e484 in xmt_remove_od_links_recursive scene_manager/loader_xmt.c:1602
    #470 0x7f428bd3e484 in xmt_remove_od_links_recursive scene_manager/loader_xmt.c:1627
    #471 0x7f428bd3e300 in xmt_remove_od_links_recursive scene_manager/loader_xmt.c:1602
    #472 0x7f428bd3e300 in xmt_remove_od_links_recursive scene_manager/loader_xmt.c:1638
    #473 0x7f428bd3e484 in xmt_remove_od_links_recursive scene_manager/loader_xmt.c:1602
    #474 0x7f428bd3e484 in xmt_remove_od_links_recursive scene_manager/loader_xmt.c:1627
    #475 0x7f428bd3e484 in xmt_remove_od_links_recursive scene_manager/loader_xmt.c:1602
    #476 0x7f428bd3e484 in xmt_remove_od_links_recursive scene_manager/loader_xmt.c:1627
    #477 0x7f428bd3e300 in xmt_remove_od_links_recursive scene_manager/loader_xmt.c:1602
    #478 0x7f428bd3e300 in xmt_remove_od_links_recursive scene_manager/loader_xmt.c:1638
    #479 0x7f428bd3e484 in xmt_remove_od_links_recursive scene_manager/loader_xmt.c:1602
    #480 0x7f428bd3e484 in xmt_remove_od_links_recursive scene_manager/loader_xmt.c:1627
    #481 0x7f428bd3e484 in xmt_remove_od_links_recursive scene_manager/loader_xmt.c:1602
    #482 0x7f428bd3e484 in xmt_remove_od_links_recursive scene_manager/loader_xmt.c:1627
    #483 0x7f428bd3e300 in xmt_remove_od_links_recursive scene_manager/loader_xmt.c:1602
    #484 0x7f428bd3e300 in xmt_remove_od_links_recursive scene_manager/loader_xmt.c:1638
    #485 0x7f428bd3e484 in xmt_remove_od_links_recursive scene_manager/loader_xmt.c:1602
    #486 0x7f428bd3e484 in xmt_remove_od_links_recursive scene_manager/loader_xmt.c:1627
    #487 0x7f428bd3e484 in xmt_remove_od_links_recursive scene_manager/loader_xmt.c:1602
    #488 0x7f428bd3e484 in xmt_remove_od_links_recursive scene_manager/loader_xmt.c:1627
    #489 0x7f428bd3e300 in xmt_remove_od_links_recursive scene_manager/loader_xmt.c:1602
    #490 0x7f428bd3e300 in xmt_remove_od_links_recursive scene_manager/loader_xmt.c:1638
    #491 0x7f428bd3e484 in xmt_remove_od_links_recursive scene_manager/loader_xmt.c:1602
    #492 0x7f428bd3e484 in xmt_remove_od_links_recursive scene_manager/loader_xmt.c:1627

SUMMARY: AddressSanitizer: stack-overflow scene_manager/loader_xmt.c:1599 in xmt_remove_od_links_recursive
==954638==ABORTING
