XMT: MPEG-4 (XMT) Scene Parsing
[XMT Parsing] Invalid child descriptor (line 56)                                                                            
[XMT Parsing] Invalid child descriptor (line 59)                                                                            
[XMT Parsing] Invalid child descriptor (line 61)                                                                            
[XMT Parsing] Invalid child descriptor (line 63)                                                                            
[XMT Parsing] Invalid child descriptor (line 69)                                                                            
[XMT Parsing] Invalid child descriptor (line 78)                                                                            
[XMT Parsing] Invalid child descriptor (line 81)                                                                            
[XMT Parsing] Invalid child descriptor (line 83)                                                                            
[XMT Parsing] Invalid child descriptor (line 85)                                                                            
[XMT Parsing] Invalid child descriptor (line 91)                                                                            
[XMT Parsing] connect: Missing node field - skipping (line 140)                                                             
[XMT Parsing] Warning: Node N1 has been defined several times - IDs may get corrupted (line 175)                            
[XMT Parsing] Warning: Unknown field "title" for node Script - skipping (line 176)                                          
[XMT Parsing] Warning: Node N2 has been defined several times - IDs may get corrupted (line 177)                            
[XMT Parsing] Warning: Unknown field "atField" for node Conditional - skipping (line 205)                                   
[XMT Parsing] Warning: Unknown field "value" for node Conditional - skipping (line 205)                                     
[XMT Parsing] Warning: Node N28 has been defined several times - IDs may get corrupted (line 214)                           
[XMT Parsing] Warning: Unknown field "title" for node Script - skipping (line 214)                                          
Service /run/media/user/8ed8205b-4114-4c2a-b2d0-e2ad6640262d/gpac/runtime/output/_crashes_cmin/id_000179_sig_11_src_024669_time_119760472_execs_2781751_op_inf_rep_16 Cannot fetch script: Invalid Script                                               
AddressSanitizer:DEADLYSIGNAL                                                                                               
=================================================================
==372262==ERROR: AddressSanitizer: SEGV on unknown address 0x000000000000 (pc 0x7f320435d8e4 bp 0x0f66402b5ee0 sp 0x7ffe62e730a0 T0)                                                                                                                    
==372262==The signal is caused by a READ memory access.                                                                     
==372262==Hint: address points to the zero page.
    #0 0x7f320435d8e4 in JSScript_LoadVRML scenegraph/vrml_js.c:4137
    #1 0x7f320435d8e4 in JSScript_Load scenegraph/vrml_js.c:4236
    #2 0x7f320426c702 in gf_sg_command_apply scenegraph/commands.c:905
    #3 0x7f3204fe96e6 in ctxload_process filters/load_bt_xmt.c:624
    #4 0x7f3204d64193 in gf_filter_process_task filter_core/filter.c:3257
    #5 0x7f3204d385c1 in gf_fs_thread_proc filter_core/filter_session.c:2420
    #6 0x7f3204d3d682 in gf_fs_run filter_core/filter_session.c:2728
    #7 0x7f32047f9bcc in gf_media_import media_tools/media_import.c:1305
    #8 0x55e692c495d9 in convert_file_info /run/media/user/8ed8205b-4114-4c2a-b2d0-e2ad6640262d/gpac/runtime/gpac_asan/applications/mp4box/fileimport.c:131
    #9 0x55e692c19339 in mp4box_main /run/media/user/8ed8205b-4114-4c2a-b2d0-e2ad6640262d/gpac/runtime/gpac_asan/applications/mp4box/mp4box.c:6575
    #10 0x7f3203c31f76 in __libc_start_call_main ../sysdeps/nptl/libc_start_call_main.h:58
    #11 0x7f3203c32026 in __libc_start_main_impl ../csu/libc-start.c:360
    #12 0x55e692bf5070 in _start (/run/media/user/8ed8205b-4114-4c2a-b2d0-e2ad6640262d/gpac/runtime/gpac_asan/bin/gcc/MP4Box+0x4d070) (BuildId: d49dc4d8484a6cd8bd1f435605e445620385cb38)

==372262==Register values:
rax = 0x0000000000000000  rbx = 0x0000000000000000  rcx = 0x000000000000000c  rdx = 0x0000000000000000  
rdi = 0x00007f320435d954  rsi = 0x00007be2027e1c70  rbp = 0x00000f66402b5ee0  rsp = 0x00007ffe62e730a0  
 r8 = 0x0000000000000007   r9 = 0x00000fe6c0ab67f0  r10 = 0x0000000000000007  r11 = 0x000000000000006d  
r12 = 0x00007b32015af700  r13 = 0x00007b62027eb620  r14 = 0x00007b62027eb6b8  r15 = 0x00007b62027eb6d0  
AddressSanitizer can not provide additional info.
SUMMARY: AddressSanitizer: SEGV scenegraph/vrml_js.c:4137 in JSScript_LoadVRML
==372262==ABORTING
