[32mTrack Importing RawVideo - Width 320 Height 240 FPS 30/1
[0m[32mXMT: MPEG-4 (XMT) Scene Parsing
[0m[33m[XMT Parsing] Warning: descriptor ObjectDescriptor defined outside scene scope - skipping (line 89)
[0mXMT Parsing: |                    | (02/100)
XMT Parsing: |                    | (04/100)
[33m[XMT Parsing] Warning: Node N13 has been defined several times - IDs may get corrupted (line 315)
[0mXMT Parsing: |=                   | (07/100)
[33m[XMT Parsing] Warning: Unknown field "objectTypeIndicatioW" for node CacheTexture - skipping (line 444)
[0mXMT Parsing: |=                   | (09/100)
XMT Parsing: |==                  | (12/100)
XMT Parsing: |==                  | (14/100)
XMT Parsing: |===                 | (17/100)
XMT Parsing: |===                 | (18/100)
XMT Parsing: |====                | (21/100)
[33m[XMT Parsing] Warning: Unknown field "protoField" for node Transform2D - skipping (line 1009)
[0m[33m[XMT Parsing] Warning: descriptor ObjectDescriptor defined outside scene scope - skipping (line 1049)
[0m[33m[XMT Parsing] Warning: Cannot find Object Descriptor od10"USE - skipping (line 1057)
[0m[33m[XMT Parsing] Warning: Cannot find Object Descriptor </par>

<par - skipping (line 1057)
[0m[33m[XMT Parsing] Warning: Cannot find Object Descriptor begin="1.2 - skipping (line 1057)
[0mXMT Parsing: |====                | (23/100)
XMT Parsing: |=====               | (26/100)
[33m[XMT Parsing] Warning: Unknown field "radifromField" for node Sphere - skipping (line 1259)
[0m[33m[XMT Parsing] Warning: Unknown field "toNode" for node Sphere - skipping (line 1259)
[0m[33m[XMT Parsing] Warning: Unknown field "toField" for node Sphere - skipping (line 1259)
[0mXMT Parsing: |=====               | (28/100)
XMT Parsing: |======              | (31/100)
XMT Parsing: |======              | (32/100)
[33m[XMT Parsing] Warning: Unknown field "radifromField" for node Sphere - skipping (line 1490)
[0m[33m[XMT Parsing] Warning: Unknown field "toNode" for node Sphere - skipping (line 1490)
[0m[33m[XMT Parsing] Warning: Unknown field "toField" for node Sphere - skipping (line 1490)
[0m[33m[XMT Parsing] Warning: Node M1 has been defined several times - IDs may get corrupted (line 1508)
[0m[33m[XMT Parsing] Warning: Node TR_1 has been defined several times - IDs may get corrupted (line 1523)
[0mXMT Parsing: |=======             | (35/100)
XMT Parsing: |=======             | (37/100)
[33m[XMT Parsing] Warning: Node TR_1 has been defined several times - IDs may get corrupted (line 1781)
[0mXMT Parsing: |========            | (40/100)
XMT Parsing: |========            | (42/100)
[33m[XMT Parsing] Warning: Unknown field "radifromField" for node Sphere - skipping (line 1940)
[0m[33m[XMT Parsing] Warning: Unknown field "toNode" for node Sphere - skipping (line 1940)
[0m[33m[XMT Parsing] Warning: Unknown field "toField" for node Sphere - skipping (line 1940)
[0m[33m[XMT Parsing] Warning: Node M1 has been defined several times - IDs may get corrupted (line 1958)
[0m[33m[XMT Parsing] Warning: Node TR_1 has been defined several times - IDs may get corrupted (line 1973)
[0mXMT Parsing: |=========           | (45/100)
XMT Parsing: |=========           | (47/100)
XMT Parsing: |==========          | (50/100)
[33m[XMT Parsing] Warning: Unknown field "radifromField" for node Sphere - skipping (line 2279)
[0m[33m[XMT Parsing] Warning: Unknown field "toNode" for node Sphere - skipping (line 2279)
[0m[33m[XMT Parsing] Warning: Unknown field "toField" for node Sphere - skipping (line 2279)
[0mXMT Parsing: |==========          | (52/100)
XMT Parsing: |===========         | (55/100)
XMT Parsing: |===========         | (57/100)
XMT Parsing: |============        | (60/100)
AddressSanitizer:DEADLYSIGNAL
=================================================================
==954609==ERROR: AddressSanitizer: SEGV on unknown address 0x000000000000 (pc 0x7f5ebfb3901f bp 0x7ffea3d93410 sp 0x7ffea3d93400 T0)
==954609==The signal is caused by a WRITE memory access.
==954609==Hint: address points to the zero page.
    #0 0x7f5ebfb3901f in xmt_parse_float scene_manager/loader_xmt.c:794
    #1 0x7f5ebfb3fd2c in xmt_parse_sf_field scene_manager/loader_xmt.c:973
    #2 0x7f5ebfb4196f in xmt_parse_mf_field scene_manager/loader_xmt.c:1098
    #3 0x7f5ebfb48bbc in xmt_parse_element scene_manager/loader_xmt.c:1715
    #4 0x7f5ebfb4c8d1 in xmt_node_start scene_manager/loader_xmt.c:2855
    #5 0x7f5ebf38a59c in xml_sax_node_start utils/xml_parser.c:308
    #6 0x7f5ebf38f317 in xml_sax_parse_attribute utils/xml_parser.c:357
    #7 0x7f5ebf38f317 in xml_sax_parse utils/xml_parser.c:940
    #8 0x7f5ebf38aff0 in gf_xml_sax_parse_intern utils/xml_parser.c:1110
    #9 0x7f5ebf390037 in gf_xml_sax_parse utils/xml_parser.c:1138
    #10 0x7f5ebf390393 in xml_sax_read_file utils/xml_parser.c:1225
    #11 0x7f5ebf390e48 in gf_xml_sax_parse_file utils/xml_parser.c:1338
    #12 0x7f5ebfb3d7b5 in load_xmt_run scene_manager/loader_xmt.c:3444
    #13 0x7f5ec01e462c in ctxload_process filters/load_bt_xmt.c:522
    #14 0x7f5ebff5f893 in gf_filter_process_task filter_core/filter.c:3257
    #15 0x7f5ebff33dc1 in gf_fs_thread_proc filter_core/filter_session.c:2420
    #16 0x7f5ebff38e82 in gf_fs_run filter_core/filter_session.c:2728
    #17 0x7f5ebf9f8d4f in gf_media_import media_tools/media_import.c:1632
    #18 0x562561b21599 in import_file /run/media/user/8ed8205b-4114-4c2a-b2d0-e2ad6640262d/gpac/runtime/gpac_asan/applications/mp4box/fileimport.c:1713
    #19 0x562561adcf89 in do_add_cat /run/media/user/8ed8205b-4114-4c2a-b2d0-e2ad6640262d/gpac/runtime/gpac_asan/applications/mp4box/mp4box.c:4632
    #20 0x562561adf3e7 in mp4box_main /run/media/user/8ed8205b-4114-4c2a-b2d0-e2ad6640262d/gpac/runtime/gpac_asan/applications/mp4box/mp4box.c:6376
    #21 0x7f5ebee31f76 in __libc_start_call_main ../sysdeps/nptl/libc_start_call_main.h:58
    #22 0x7f5ebee32026 in __libc_start_main_impl ../csu/libc-start.c:360
    #23 0x562561abf070 in _start (/run/media/user/8ed8205b-4114-4c2a-b2d0-e2ad6640262d/gpac/runtime/gpac_asan/bin/gcc/MP4Box+0x4d070) (BuildId: 6cf4ec0a1f4678684c742bb31496122f9e5b5f7a)

==954609==Register values:
rax = 0x0000000000000003  rbx = 0x0000000000000001  rcx = 0x0000000000000000  rdx = 0x0000000000000000  
rdi = 0x00007b5ebc7e9530  rsi = 0x00007b5ebc7e9531  rbp = 0x00007ffea3d93410  rsp = 0x00007ffea3d93400  
 r8 = 0x0000000000000001   r9 = 0x0000000000000000  r10 = 0x00007b5ebc7e9531  r11 = 0x0000000000000006  
r12 = 0x00007b5ebc7e9500  r13 = 0x00000f6bd78fd2a0  r14 = 0x0000000000000000  r15 = 0x00007ffea3d93570  
AddressSanitizer can not provide additional info.
SUMMARY: AddressSanitizer: SEGV scene_manager/loader_xmt.c:794 in xmt_parse_float
==954609==ABORTING
