[MPEG-2 TS] TS Packet 33 does not start with sync marker
[MPEG-2 TS] TS Packet 35 does not start with sync marker
[MPEG-2 TS] TS Packet 35 does not start with sync marker
[MPEG-2 TS] TS Packet 49 does not start with sync marker
[MPEG-2 TS] TS Packet 49 does not start with sync marker
[MPEG-2 TS] Stream type (0xf3) for PID 2688 not supported
[MPEG-2 TS] Stream type (0xc4) for PID 312 not supported
MORE sections on pid 48
Broken PMT descriptor! size 61, desc size 48 but position 15
MORE sections on pid 4144
Broken PMT descriptor! size 61, desc size 243 but position 47
[MPEG-2 TS] Invalid PMT es descriptor size for PID 4874
[M2TSDmx] Unknown stream(s) skipped, use --upes to enable
[MPEG-2 TS] TS Packet 53 does not start with sync marker
[MPEG-2 TS] TS Packet 53 does not start with sync marker
[MPEG-2 TS] TS Packet 53 does not start with sync marker
[MPEG-2 TS] TS Packet 53 does not start with sync marker
[MPEG-2 TS] TS Packet 53 does not start with sync marker
[MPEG-2 TS] TS Packet 53 does not start with sync marker
[MPEG-2 TS] TS Packet 53 does not start with sync marker
[MPEG-2 TS] TS Packet 53 does not start with sync marker
[MPEG-2 TS] TS Packet 53 does not start with sync marker
[MPEG-2 TS] TS Packet 7 does not start with sync marker
[MPEG-2 TS] TS Packet 31 does not start with sync marker
[MPEG-2 TS] TS Packet 33 does not start with sync marker
[MPEG-2 TS] TS Packet 33 does not start with sync marker
[MPEG-2 TS] TS Packet 47 does not start with sync marker
[MPEG-2 TS] TS Packet 47 does not start with sync marker
[MPEG-2 TS] TS Packet 51 does not start with sync marker
[MPEG-2 TS] TS Packet 51 does not start with sync marker
[MPEG-2 TS] TS Packet 51 does not start with sync marker
[MPEG-2 TS] TS Packet 51 does not start with sync marker
[MPEG-2 TS] TS Packet 51 does not start with sync marker
[MPEG-2 TS] TS Packet 51 does not start with sync marker
[MPEG-2 TS] TS Packet 51 does not start with sync marker
[MPEG-2 TS] TS Packet 51 does not start with sync marker
[MPEG-2 TS] TS Packet 51 does not start with sync marker
[MPEG-2 TS] TS Packet 56 does not start with sync marker
[MPEG-2 TS] TS Packet 56 does not start with sync marker
[MPEG-2 TS] TS Packet 56 does not start with sync marker
[MPEG-2 TS] TS Packet 56 does not start with sync marker
[MPEG-2 TS] TS Packet 56 does not start with sync marker
[MPEG-2 TS] TS Packet 56 does not start with sync marker
[MPEG-2 TS] TS Packet 56 does not start with sync marker
[MPEG-2 TS] TS Packet 56 does not start with sync marker
[MPEG-2 TS] TS Packet 58 does not start with sync marker
[MPEG-2 TS] TS Packet 58 does not start with sync marker
[MPEG-2 TS] TS Packet 58 does not start with sync marker
[MPEG-2 TS] TS Packet 58 does not start with sync marker
[MPEG-2 TS] TS Packet 58 does not start with sync marker
[MPEG-2 TS] TS Packet 58 does not start with sync marker
[MPEG-2 TS] TS Packet 58 does not start with sync marker
[MPEG-2 TS] TS Packet 58 does not start with sync marker
[MPEG-2 TS] TS Packet 58 does not start with sync marker
[MPEG-2 TS] TS Packet 58 does not start with sync marker
[MPEG-2 TS] TS Packet 58 does not start with sync marker
[MPEG-2 TS] TS Packet 58 does not start with sync marker
[MPEG-2 TS] TS Packet 62 does not start with sync marker
[MPEG-2 TS] TS Packet 62 does not start with sync marker
[MPEG-2 TS] TS Packet 62 does not start with sync marker
[MPEG-2 TS] TS Packet 62 does not start with sync marker
[MPEG-2 TS] TS Packet 62 does not start with sync marker
[MPEG-2 TS] TS Packet 62 does not start with sync marker
[MPEG-2 TS] TS Packet 62 does not start with sync marker
[MPEG-2 TS] TS Packet 62 does not start with sync marker
[MPEG-2 TS] TS Packet 62 does not start with sync marker
[MPEG-2 TS] TS Packet 62 does not start with sync marker
[MPEG-2 TS] TS Packet 62 does not start with sync marker
[MPEG-2 TS] TS Packet 62 does not start with sync marker
[MPEG-2 TS] TS Packet 62 does not start with sync marker
[MPEG-2 TS] TS Packet 62 does not start with sync marker
[MPEG-2 TS] TS Packet 62 does not start with sync marker
[MPEG-2 TS] TS Packet 62 does not start with sync marker
[MPEG-2 TS] TS Packet 62 does not start with sync marker
[MPEG-2 TS] TS Packet 62 does not start with sync marker
[MPEG-2 TS] TS Packet 77 does not start with sync marker
[MPEG-2 TS] TS Packet 77 does not start with sync marker
[MPEG-2 TS] TS Packet 77 does not start with sync marker
[MPEG-2 TS] TS Packet 77 does not start with sync marker
[MPEG-2 TS] TS Packet 77 does not start with sync marker
[MPEG-2 TS] TS Packet 77 does not start with sync marker
[MPEG-2 TS] TS Packet 77 does not start with sync marker
[MPEG-2 TS] TS Packet 77 does not start with sync marker
[MPEG-2 TS] TS Packet 77 does not start with sync marker
[MPEG-2 TS] TS Packet 77 does not start with sync marker
[MPEG-2 TS] TS Packet 77 does not start with sync marker
[MPEG-2 TS] TS Packet 77 does not start with sync marker
[MPEG-2 TS] TS Packet 77 does not start with sync marker
[MPEG-2 TS] Stream type (0xf3) for PID 2688 not supported
[MPEG-2 TS] Stream type (0xc4) for PID 312 not supported
MORE sections on pid 48
Broken PMT descriptor! size 61, desc size 48 but position 15
MORE sections on pid 4144
Broken PMT descriptor! size 61, desc size 243 but position 47
[MPEG-2 TS] Invalid PMT es descriptor size for PID 4874
[MPEG-2 TS] TS Packet 81 does not start with sync marker
[MPEG-2 TS] TS Packet 81 does not start with sync marker
[MPEG-2 TS] TS Packet 81 does not start with sync marker
[MPEG-2 TS] TS Packet 81 does not start with sync marker
[MPEG-2 TS] TS Packet 81 does not start with sync marker
[MPEG-2 TS] TS Packet 81 does not start with sync marker
[MPEG-2 TS] TS Packet 81 does not start with sync marker
[MPEG-2 TS] TS Packet 81 does not start with sync marker
[MPEG-2 TS] TS Packet 81 does not start with sync marker
[MPEG-2 TS] TS Packet 82 does not start with sync marker
[MPEG-2 TS] TS Packet 82 does not start with sync marker
[MPEG-2 TS] TS Packet 84 does not start with sync marker
[MPEG-2 TS] TS Packet 84 does not start with sync marker
[MPEG-2 TS] TS Packet 84 does not start with sync marker
[MPEG-2 TS] TS Packet 84 does not start with sync marker
[MPEG-2 TS] TS Packet 84 does not start with sync marker
[MPEG-2 TS] TS Packet 84 does not start with sync marker
[MPEG-2 TS] TS Packet 84 does not start with sync marker
[AVC|H264] Error parsing NAL unit type 7
[AVC|H264] Error parsing Sequence Param Set
Broken PAT found reserved PID 0, ignoring
Broken PAT found reserved PID 0, ignoring
[MPEG-2 TS] Stream type (0x8d) for PID 7216 not supported
Broken PMT descriptor! size 57, desc size 48 but position 10
Broken PMT descriptor! size 57, desc size 48 but position 15
Broken PMT descriptor! size 57, desc size 230 but position 35
Broken PMT descriptor! size 57, desc size 50 but position 40
[MPEG-2 TS] Invalid PMT es descriptor size for PID 4608
[MPEG-2 TS] TS Packet 87 does not start with sync marker
[MPEG-2 TS] TS Packet 87 does not start with sync marker
[MPEG-2 TS] TS Packet 87 does not start with sync marker
[MPEG-2 TS] TS Packet 87 does not start with sync marker
[MPEG-2 TS] TS Packet 87 does not start with sync marker
[MPEG-2 TS] TS Packet 87 does not start with sync marker
[MPEG-2 TS] TS Packet 87 does not start with sync marker
[MPEG-2 TS] TS Packet 87 does not start with sync marker
[MPEG-2 TS] TS Packet 87 does not start with sync marker
[MPEG-2 TS] TS Packet 87 does not start with sync marker
[MPEG-2 TS] TS Packet 87 does not start with sync marker
[MPEG-2 TS] TS Packet 87 does not start with sync marker
[MPEG-2 TS] TS Packet 87 does not start with sync marker
[MPEG-2 TS] TS Packet 87 does not start with sync marker
[MPEG-2 TS] TS Packet 90 does not start with sync marker
[MPEG-2 TS] TS Packet 90 does not start with sync marker
[MPEG-2 TS] TS Packet 90 does not start with sync marker
[MPEG-2 TS] TS Packet 90 does not start with sync marker
[MPEG-2 TS] TS Packet 90 does not start with sync marker
[MPEG-2 TS] TS Packet 7 does not start with sync marker
[MPEG-2 TS] TS Packet 31 does not start with sync marker
[MPEG-2 TS] TS Packet 33 does not start with sync marker
[MPEG-2 TS] TS Packet 33 does not start with sync marker
[MPEG-2 TS] TS Packet 47 does not start with sync marker
[MPEG-2 TS] TS Packet 47 does not start with sync marker
[MPEG-2 TS] TS Packet 51 does not start with sync marker
[MPEG-2 TS] TS Packet 51 does not start with sync marker
[MPEG-2 TS] TS Packet 51 does not start with sync marker
[MPEG-2 TS] TS Packet 51 does not start with sync marker
[MPEG-2 TS] TS Packet 51 does not start with sync marker
[MPEG-2 TS] TS Packet 51 does not start with sync marker
[MPEG-2 TS] TS Packet 51 does not start with sync marker
[MPEG-2 TS] TS Packet 51 does not start with sync marker
[MPEG-2 TS] TS Packet 51 does not start with sync marker
[MPEG-2 TS] TS Packet 56 does not start with sync marker
[MPEG-2 TS] TS Packet 56 does not start with sync marker
[MPEG-2 TS] TS Packet 56 does not start with sync marker
[MPEG-2 TS] TS Packet 56 does not start with sync marker
[MPEG-2 TS] TS Packet 56 does not start with sync marker
[MPEG-2 TS] TS Packet 56 does not start with sync marker
[MPEG-2 TS] TS Packet 56 does not start with sync marker
[MPEG-2 TS] TS Packet 56 does not start with sync marker
[MPEG-2 TS] TS Packet 58 does not start with sync marker
[MPEG-2 TS] TS Packet 58 does not start with sync marker
[MPEG-2 TS] TS Packet 58 does not start with sync marker
[MPEG-2 TS] TS Packet 58 does not start with sync marker
[MPEG-2 TS] TS Packet 58 does not start with sync marker
[MPEG-2 TS] TS Packet 58 does not start with sync marker
[MPEG-2 TS] TS Packet 58 does not start with sync marker
[MPEG-2 TS] TS Packet 58 does not start with sync marker
[MPEG-2 TS] TS Packet 58 does not start with sync marker
[MPEG-2 TS] TS Packet 58 does not start with sync marker
[MPEG-2 TS] TS Packet 58 does not start with sync marker
[MPEG-2 TS] TS Packet 58 does not start with sync marker
[MPEG-2 TS] TS Packet 62 does not start with sync marker
[MPEG-2 TS] TS Packet 62 does not start with sync marker
[MPEG-2 TS] TS Packet 62 does not start with sync marker
[MPEG-2 TS] TS Packet 62 does not start with sync marker
[MPEG-2 TS] TS Packet 62 does not start with sync marker
[MPEG-2 TS] TS Packet 62 does not start with sync marker
[MPEG-2 TS] TS Packet 62 does not start with sync marker
[MPEG-2 TS] TS Packet 62 does not start with sync marker
[MPEG-2 TS] TS Packet 62 does not start with sync marker
[MPEG-2 TS] TS Packet 62 does not start with sync marker
[MPEG-2 TS] TS Packet 62 does not start with sync marker
[MPEG-2 TS] TS Packet 62 does not start with sync marker
[MPEG-2 TS] TS Packet 62 does not start with sync marker
[MPEG-2 TS] TS Packet 62 does not start with sync marker
[MPEG-2 TS] TS Packet 62 does not start with sync marker
[MPEG-2 TS] TS Packet 62 does not start with sync marker
[MPEG-2 TS] TS Packet 62 does not start with sync marker
[MPEG-2 TS] TS Packet 62 does not start with sync marker
[MPEG-2 TS] TS Packet 77 does not start with sync marker
[MPEG-2 TS] TS Packet 77 does not start with sync marker
[MPEG-2 TS] TS Packet 77 does not start with sync marker
[MPEG-2 TS] TS Packet 77 does not start with sync marker
[MPEG-2 TS] TS Packet 77 does not start with sync marker
[MPEG-2 TS] TS Packet 77 does not start with sync marker
[MPEG-2 TS] TS Packet 77 does not start with sync marker
[MPEG-2 TS] TS Packet 77 does not start with sync marker
[MPEG-2 TS] TS Packet 77 does not start with sync marker
[MPEG-2 TS] TS Packet 77 does not start with sync marker
[MPEG-2 TS] TS Packet 77 does not start with sync marker
[MPEG-2 TS] TS Packet 77 does not start with sync marker
[MPEG-2 TS] TS Packet 77 does not start with sync marker
[MPEG-2 TS] Stream type (0xf3) for PID 2688 not supported
[MPEG-2 TS] Stream type (0xc4) for PID 312 not supported
MORE sections on pid 48
Broken PMT descriptor! size 61, desc size 48 but position 15
MORE sections on pid 4144
Broken PMT descriptor! size 61, desc size 243 but position 47
[MPEG-2 TS] Invalid PMT es descriptor size for PID 4874
[M2TS] Wrong dependency index in hierarchy descriptor, assuming non-scalable stream
[M2TS] Wrong dependency index in hierarchy descriptor, assuming non-scalable stream
[MPEG-2 TS] TS Packet 81 does not start with sync marker
[MPEG-2 TS] TS Packet 81 does not start with sync marker
[MPEG-2 TS] TS Packet 81 does not start with sync marker
[MPEG-2 TS] TS Packet 81 does not start with sync marker
[MPEG-2 TS] TS Packet 81 does not start with sync marker
[MPEG-2 TS] TS Packet 81 does not start with sync marker
[MPEG-2 TS] TS Packet 81 does not start with sync marker
[MPEG-2 TS] TS Packet 81 does not start with sync marker
[MPEG-2 TS] TS Packet 81 does not start with sync marker
[MPEG-2 TS] TS Packet 82 does not start with sync marker
[MPEG-2 TS] TS Packet 82 does not start with sync marker
[MPEG-2 TS] TS Packet 84 does not start with sync marker
[MPEG-2 TS] TS Packet 84 does not start with sync marker
[MPEG-2 TS] TS Packet 84 does not start with sync marker
[MPEG-2 TS] TS Packet 84 does not start with sync marker
[MPEG-2 TS] TS Packet 84 does not start with sync marker
[MPEG-2 TS] TS Packet 84 does not start with sync marker
[MPEG-2 TS] TS Packet 84 does not start with sync marker
Broken PAT found reserved PID 0, ignoring
Broken PAT found reserved PID 0, ignoring
[MPEG-2 TS] Stream type (0x8d) for PID 7216 not supported
Broken PMT descriptor! size 57, desc size 48 but position 10
Broken PMT descriptor! size 57, desc size 48 but position 15
Broken PMT descriptor! size 57, desc size 230 but position 35
Broken PMT descriptor! size 57, desc size 50 but position 40
[MPEG-2 TS] Invalid PMT es descriptor size for PID 4608
[MPEG-2 TS] TS Packet 87 does not start with sync marker
[MPEG-2 TS] TS Packet 87 does not start with sync marker
[MPEG-2 TS] TS Packet 87 does not start with sync marker
[MPEG-2 TS] TS Packet 87 does not start with sync marker
[MPEG-2 TS] TS Packet 87 does not start with sync marker
[MPEG-2 TS] TS Packet 87 does not start with sync marker
[MPEG-2 TS] TS Packet 87 does not start with sync marker
[MPEG-2 TS] TS Packet 87 does not start with sync marker
[MPEG-2 TS] TS Packet 87 does not start with sync marker
[MPEG-2 TS] TS Packet 87 does not start with sync marker
[MPEG-2 TS] TS Packet 87 does not start with sync marker
[MPEG-2 TS] TS Packet 87 does not start with sync marker
[MPEG-2 TS] TS Packet 87 does not start with sync marker
[MPEG-2 TS] TS Packet 87 does not start with sync marker
[MPEG-2 TS] TS Packet 90 does not start with sync marker
[MPEG-2 TS] TS Packet 90 does not start with sync marker
[MPEG-2 TS] TS Packet 90 does not start with sync marker
[MPEG-2 TS] TS Packet 90 does not start with sync marker
[MPEG-2 TS] TS Packet 90 does not start with sync marker
[MPEG-2 TS] PID 1863 PCR discontinuity not signaled (diff 0 us - PCR diff 0 vs prev PCR diff 0)
Broken PMT descriptor! size 57, desc size 48 but position 10
Broken PMT descriptor! size 57, desc size 48 but position 15
[MPEG-2 TS] Stream type (0x3d) for PID 7337 not supported
[MPEG-2 TS] Stream type (0x0) for PID 312 not supported
Broken PMT descriptor! size 57, desc size 182 but position 45
[MPEG-2 TS] Invalid PMT es descriptor size for PID 768
[M2TS] Wrong dependency index in hierarchy descriptor, assuming non-scalable stream
[M2TS] Wrong dependency index in hierarchy descriptor, assuming non-scalable stream
[MPEG-2 TS] TS Packet 93 does not start with sync marker
[MPEG-2 TS] TS Packet 93 does not start with sync marker
[MPEG-2 TS] TS Packet 93 does not start with sync marker
[MPEG-2 TS] TS Packet 93 does not start with sync marker
[MPEG-2 TS] TS Packet 93 does not start with sync marker
[MPEG-2 TS] TS Packet 93 does not start with sync marker
[MPEG-2 TS] TS Packet 93 does not start with sync marker
[MPEG-2 TS] TS Packet 93 does not start with sync marker
[MPEG-2 TS] TS Packet 93 does not start with sync marker
[MPEG-2 TS] Stream type (0xf3) for PID 2688 not supported
[MPEG-2 TS] Stream type (0xc4) for PID 312 not supported
MORE sections on pid 48
Broken PMT descriptor! size 61, desc size 48 but position 15
MORE sections on pid 4144
Broken PMT descriptor! size 61, desc size 243 but position 47
[MPEG-2 TS] Invalid PMT es descriptor size for PID 4874
[M2TS] Wrong dependency index in hierarchy descriptor, assuming non-scalable stream
[MPEG-2 TS] TS Packet 97 does not start with sync marker
[MPEG-2 TS] TS Packet 97 does not start with sync marker
[MPEG-2 TS] TS Packet 97 does not start with sync marker
[MPEG-2 TS] TS Packet 97 does not start with sync marker
[MPEG-2 TS] TS Packet 97 does not start with sync marker
[MPEG-2 TS] TS Packet 97 does not start with sync marker
[MPEG-2 TS] TS Packet 97 does not start with sync marker
[MPEG-2 TS] TS Packet 97 does not start with sync marker
[MPEG-2 TS] TS Packet 97 does not start with sync marker
[MPEG-2 TS] TS Packet 97 does not start with sync marker
[MPEG-2 TS] TS Packet 98 does not start with sync marker
[MPEG-2 TS] TS Packet 98 does not start with sync marker
[MPEG-2 TS] TS Packet 98 does not start with sync marker
[MPEG-2 TS] TS Packet 98 does not start with sync marker
[MPEG-2 TS] TS Packet 98 does not start with sync marker
[MPEG-2 TS] TS Packet 98 does not start with sync marker
[MPEG-2 TS] TS Packet 98 does not start with sync marker
[MPEG-2 TS] TS Packet 98 does not start with sync marker
[MPEG-2 TS] TS Packet 98 does not start with sync marker
=================================================================
==26772==ERROR: AddressSanitizer: heap-use-after-free on address 0x513000000580 at pc 0x7fe607a8b95d bp 0x7fff9793a4b0 sp 0x7fff9793a4a8
READ of size 8 at 0x513000000580 thread T0
    #0 0x7fe607a8b95c in gf_filter_pid_reconfigure_task_discard filter_core/filter_pid.c:1341
    #1 0x7fe607ac2f65 in gf_fs_thread_proc filter_core/filter_session.c:2420
    #2 0x7fe607ac81c4 in gf_fs_run filter_core/filter_session.c:2727
    #3 0x7fe6075a9609 in gf_media_import media_tools/media_import.c:1278
    #4 0x55b5b52fe8e3 in convert_file_info /media/user/8b16fbb8-17fc-4a2a-99f7-d4da627d0251/gpac_asan/applications/mp4box/fileimport.c:131
    #5 0x55b5b52cf4b7 in mp4box_main /media/user/8b16fbb8-17fc-4a2a-99f7-d4da627d0251/gpac_asan/applications/mp4box/mp4box.c:6520
    #6 0x7fe606a33d67 in __libc_start_call_main ../sysdeps/nptl/libc_start_call_main.h:58
    #7 0x7fe606a33e24 in __libc_start_main_impl ../csu/libc-start.c:360
    #8 0x55b5b52ac040 in _start (/media/user/8b16fbb8-17fc-4a2a-99f7-d4da627d0251/gpac_asan/bin/gcc/MP4Box+0x4d040) (BuildId: e3fa7fb827b1f2841159188845f7926f726ce6c6)

0x513000000580 is located 0 bytes inside of 336-byte region [0x513000000580,0x5130000006d0)
freed by thread T0 here:
    #0 0x7fe608af3918 in free ../../../../src/libsanitizer/asan/asan_malloc_linux.cpp:52
    #1 0x7fe607a51102 in gf_filter_pid_inst_swap_delete filter_core/filter_pid.c:540

previously allocated by thread T0 here:
    #0 0x7fe608af4c77 in malloc ../../../../src/libsanitizer/asan/asan_malloc_linux.cpp:69
    #1 0x7fe607a83563 in gf_filter_pid_inst_new filter_core/filter_pid.c:105
    #2 0x7fe607a83563 in gf_filter_pid_configure filter_core/filter_pid.c:876

SUMMARY: AddressSanitizer: heap-use-after-free filter_core/filter_pid.c:1341 in gf_filter_pid_reconfigure_task_discard
Shadow bytes around the buggy address:
  0x513000000300: 00 00 00 00 00 00 00 00 00 00 fa fa fa fa fa fa
  0x513000000380: fa fa fa fa fa fa fa fa 00 00 00 00 00 00 00 00
  0x513000000400: 00 00 00 00 00 00 00 00 00 00 00 00 00 00 00 00
  0x513000000480: 00 00 00 00 00 00 00 00 00 00 00 00 00 00 00 00
  0x513000000500: 00 00 00 00 00 fa fa fa fa fa fa fa fa fa fa fa
=>0x513000000580:[fd]fd fd fd fd fd fd fd fd fd fd fd fd fd fd fd
  0x513000000600: fd fd fd fd fd fd fd fd fd fd fd fd fd fd fd fd
  0x513000000680: fd fd fd fd fd fd fd fd fd fd fa fa fa fa fa fa
  0x513000000700: fa fa fa fa fa fa fa fa 00 00 00 00 00 00 00 00
  0x513000000780: 00 00 00 00 00 00 00 00 00 00 00 00 00 00 00 00
  0x513000000800: 00 00 00 00 00 00 00 00 00 00 00 00 00 00 00 00
Shadow byte legend (one shadow byte represents 8 application bytes):
  Addressable:           00
  Partially addressable: 01 02 03 04 05 06 07 
  Heap left redzone:       fa
  Freed heap region:       fd
  Stack left redzone:      f1
  Stack mid redzone:       f2
  Stack right redzone:     f3
  Stack after return:      f5
  Stack use after scope:   f8
  Global redzone:          f9
  Global init order:       f6
  Poisoned by user:        f7
  Container overflow:      fc
  Array cookie:            ac
  Intra object redzone:    bb
  ASan internal:           fe
  Left alloca redzone:     ca
  Right alloca redzone:    cb
==26772==ABORTING
