==148748== Memcheck, a memory error detector
==148748== Copyright (C) 2002-2024, and GNU GPL'd, by Julian Seward et al.
==148748== Using Valgrind-3.25.1 and LibVEX; rerun with -h for copyright info
==148748== Command: /run/media/user/8ed8205b-4114-4c2a-b2d0-e2ad6640262d/gpac/runtime/gpac_afl/bin/gcc/MP4Box -add /run/media/user/8ed8205b-4114-4c2a-b2d0-e2ad6640262d/gpac/runtime/output_crashes_cmin/id_000000_sig_11_src_000000_time_27225_execs_2570_op_dry_run_pos_0_orig_1e93cea967329768ccc75c250919c607823ca2d9 -new /dev/null
==148748== 
==148748== Conditional jump or move depends on uninitialised value(s)
==148748==    at 0x126FC0E: __strcspn_sse42 (in /run/media/user/8ed8205b-4114-4c2a-b2d0-e2ad6640262d/gpac/runtime/gpac_afl/bin/gcc/MP4Box)
==148748==    by 0x1282298: strsep (in /run/media/user/8ed8205b-4114-4c2a-b2d0-e2ad6640262d/gpac/runtime/gpac_afl/bin/gcc/MP4Box)
==148748==    by 0x127656E: fillin_rpath.isra.0 (in /run/media/user/8ed8205b-4114-4c2a-b2d0-e2ad6640262d/gpac/runtime/gpac_afl/bin/gcc/MP4Box)
==148748==    by 0x1276C4C: _dl_init_paths (in /run/media/user/8ed8205b-4114-4c2a-b2d0-e2ad6640262d/gpac/runtime/gpac_afl/bin/gcc/MP4Box)
==148748==    by 0x1247928: _dl_non_dynamic_init (in /run/media/user/8ed8205b-4114-4c2a-b2d0-e2ad6640262d/gpac/runtime/gpac_afl/bin/gcc/MP4Box)
==148748==    by 0x1248C3A: __libc_init_first (in /run/media/user/8ed8205b-4114-4c2a-b2d0-e2ad6640262d/gpac/runtime/gpac_afl/bin/gcc/MP4Box)
==148748==    by 0x11DC19C: (below main) (in /run/media/user/8ed8205b-4114-4c2a-b2d0-e2ad6640262d/gpac/runtime/gpac_afl/bin/gcc/MP4Box)
==148748== 
==148748== Conditional jump or move depends on uninitialised value(s)
==148748==    at 0x126FC65: __strcspn_sse42 (in /run/media/user/8ed8205b-4114-4c2a-b2d0-e2ad6640262d/gpac/runtime/gpac_afl/bin/gcc/MP4Box)
==148748==    by 0x1282298: strsep (in /run/media/user/8ed8205b-4114-4c2a-b2d0-e2ad6640262d/gpac/runtime/gpac_afl/bin/gcc/MP4Box)
==148748==    by 0x127656E: fillin_rpath.isra.0 (in /run/media/user/8ed8205b-4114-4c2a-b2d0-e2ad6640262d/gpac/runtime/gpac_afl/bin/gcc/MP4Box)
==148748==    by 0x1276C4C: _dl_init_paths (in /run/media/user/8ed8205b-4114-4c2a-b2d0-e2ad6640262d/gpac/runtime/gpac_afl/bin/gcc/MP4Box)
==148748==    by 0x1247928: _dl_non_dynamic_init (in /run/media/user/8ed8205b-4114-4c2a-b2d0-e2ad6640262d/gpac/runtime/gpac_afl/bin/gcc/MP4Box)
==148748==    by 0x1248C3A: __libc_init_first (in /run/media/user/8ed8205b-4114-4c2a-b2d0-e2ad6640262d/gpac/runtime/gpac_afl/bin/gcc/MP4Box)
==148748==    by 0x11DC19C: (below main) (in /run/media/user/8ed8205b-4114-4c2a-b2d0-e2ad6640262d/gpac/runtime/gpac_afl/bin/gcc/MP4Box)
==148748== 
==148748== Conditional jump or move depends on uninitialised value(s)
==148748==    at 0x4D730A: get_default_install_path (utils/os_config_init.c:427)
==148748==    by 0x4D767E: get_default_install_path (utils/os_config_init.c:494)
==148748==    by 0x4E1AB9: create_default_config (utils/os_config_init.c:783)
==148748==    by 0x4D8EB0: gf_cfg_init (utils/os_config_init.c:1134)
==148748==    by 0x4D8EB0: gf_init_global_config (???:1275)
==148748==    by 0x46F8C3: gf_sys_init (utils/os_divers.c:1549)
==148748==    by 0x419EF9: mp4box_main (mp4box.c:6197)
==148748==    by 0x11DA0D0: (below main) (in /run/media/user/8ed8205b-4114-4c2a-b2d0-e2ad6640262d/gpac/runtime/gpac_afl/bin/gcc/MP4Box)
==148748== 
==148748== Use of uninitialised value of size 8
==148748==    at 0x4D7334: get_default_install_path (utils/os_config_init.c:0)
==148748==    by 0x4D767E: get_default_install_path (utils/os_config_init.c:494)
==148748==    by 0x4E1AB9: create_default_config (utils/os_config_init.c:783)
==148748==    by 0x4D8EB0: gf_cfg_init (utils/os_config_init.c:1134)
==148748==    by 0x4D8EB0: gf_init_global_config (???:1275)
==148748==    by 0x46F8C3: gf_sys_init (utils/os_divers.c:1549)
==148748==    by 0x419EF9: mp4box_main (mp4box.c:6197)
==148748==    by 0x11DA0D0: (below main) (in /run/media/user/8ed8205b-4114-4c2a-b2d0-e2ad6640262d/gpac/runtime/gpac_afl/bin/gcc/MP4Box)
==148748== 
==148748== Conditional jump or move depends on uninitialised value(s)
==148748==    at 0x12336F2: __strstr_sse2_unaligned (in /run/media/user/8ed8205b-4114-4c2a-b2d0-e2ad6640262d/gpac/runtime/gpac_afl/bin/gcc/MP4Box)
==148748==    by 0x4D76BF: get_default_install_path (utils/os_config_init.c:501)
==148748==    by 0x4E1AB9: create_default_config (utils/os_config_init.c:783)
==148748==    by 0x4D8EB0: gf_cfg_init (utils/os_config_init.c:1134)
==148748==    by 0x4D8EB0: gf_init_global_config (???:1275)
==148748==    by 0x46F8C3: gf_sys_init (utils/os_divers.c:1549)
==148748==    by 0x419EF9: mp4box_main (mp4box.c:6197)
==148748==    by 0x11DA0D0: (below main) (in /run/media/user/8ed8205b-4114-4c2a-b2d0-e2ad6640262d/gpac/runtime/gpac_afl/bin/gcc/MP4Box)
==148748== 
==148748== Conditional jump or move depends on uninitialised value(s)
==148748==    at 0x4D7845: get_default_install_path (utils/os_config_init.c:512)
==148748==    by 0x4E1AB9: create_default_config (utils/os_config_init.c:783)
==148748==    by 0x4D8EB0: gf_cfg_init (utils/os_config_init.c:1134)
==148748==    by 0x4D8EB0: gf_init_global_config (???:1275)
==148748==    by 0x46F8C3: gf_sys_init (utils/os_divers.c:1549)
==148748==    by 0x419EF9: mp4box_main (mp4box.c:6197)
==148748==    by 0x11DA0D0: (below main) (in /run/media/user/8ed8205b-4114-4c2a-b2d0-e2ad6640262d/gpac/runtime/gpac_afl/bin/gcc/MP4Box)
==148748== 
==148748== Conditional jump or move depends on uninitialised value(s)
==148748==    at 0x122FE19: __strncpy_avx2 (in /run/media/user/8ed8205b-4114-4c2a-b2d0-e2ad6640262d/gpac/runtime/gpac_afl/bin/gcc/MP4Box)
==148748==    by 0x4D7879: get_default_install_path (utils/os_config_init.c:513)
==148748==    by 0x4E1AB9: create_default_config (utils/os_config_init.c:783)
==148748==    by 0x4D8EB0: gf_cfg_init (utils/os_config_init.c:1134)
==148748==    by 0x4D8EB0: gf_init_global_config (???:1275)
==148748==    by 0x46F8C3: gf_sys_init (utils/os_divers.c:1549)
==148748==    by 0x419EF9: mp4box_main (mp4box.c:6197)
==148748==    by 0x11DA0D0: (below main) (in /run/media/user/8ed8205b-4114-4c2a-b2d0-e2ad6640262d/gpac/runtime/gpac_afl/bin/gcc/MP4Box)
==148748== 
==148748== Use of uninitialised value of size 8
==148748==    at 0x122FE1F: __strncpy_avx2 (in /run/media/user/8ed8205b-4114-4c2a-b2d0-e2ad6640262d/gpac/runtime/gpac_afl/bin/gcc/MP4Box)
==148748==    by 0x4D7879: get_default_install_path (utils/os_config_init.c:513)
==148748==    by 0x4E1AB9: create_default_config (utils/os_config_init.c:783)
==148748==    by 0x4D8EB0: gf_cfg_init (utils/os_config_init.c:1134)
==148748==    by 0x4D8EB0: gf_init_global_config (???:1275)
==148748==    by 0x46F8C3: gf_sys_init (utils/os_divers.c:1549)
==148748==    by 0x419EF9: mp4box_main (mp4box.c:6197)
==148748==    by 0x11DA0D0: (below main) (in /run/media/user/8ed8205b-4114-4c2a-b2d0-e2ad6640262d/gpac/runtime/gpac_afl/bin/gcc/MP4Box)
==148748== 
==148748== Use of uninitialised value of size 8
==148748==    at 0x4D787F: get_default_install_path (utils/os_config_init.c:515)
==148748==    by 0x4E1AB9: create_default_config (utils/os_config_init.c:783)
==148748==    by 0x4D8EB0: gf_cfg_init (utils/os_config_init.c:1134)
==148748==    by 0x4D8EB0: gf_init_global_config (???:1275)
==148748==    by 0x46F8C3: gf_sys_init (utils/os_divers.c:1549)
==148748==    by 0x419EF9: mp4box_main (mp4box.c:6197)
==148748==    by 0x11DA0D0: (below main) (in /run/media/user/8ed8205b-4114-4c2a-b2d0-e2ad6640262d/gpac/runtime/gpac_afl/bin/gcc/MP4Box)
==148748== 
==148748== Conditional jump or move depends on uninitialised value(s)
==148748==    at 0x4D78B7: get_default_install_path (utils/os_config_init.c:519)
==148748==    by 0x4E1AB9: create_default_config (utils/os_config_init.c:783)
==148748==    by 0x4D8EB0: gf_cfg_init (utils/os_config_init.c:1134)
==148748==    by 0x4D8EB0: gf_init_global_config (???:1275)
==148748==    by 0x46F8C3: gf_sys_init (utils/os_divers.c:1549)
==148748==    by 0x419EF9: mp4box_main (mp4box.c:6197)
==148748==    by 0x11DA0D0: (below main) (in /run/media/user/8ed8205b-4114-4c2a-b2d0-e2ad6640262d/gpac/runtime/gpac_afl/bin/gcc/MP4Box)
==148748== 
==148748== Conditional jump or move depends on uninitialised value(s)
==148748==    at 0x122C2C7: __strncmp_avx2 (in /run/media/user/8ed8205b-4114-4c2a-b2d0-e2ad6640262d/gpac/runtime/gpac_afl/bin/gcc/MP4Box)
==148748==    by 0x4D78CF: get_default_install_path (utils/os_config_init.c:519)
==148748==    by 0x4E1AB9: create_default_config (utils/os_config_init.c:783)
==148748==    by 0x4D8EB0: gf_cfg_init (utils/os_config_init.c:1134)
==148748==    by 0x4D8EB0: gf_init_global_config (???:1275)
==148748==    by 0x46F8C3: gf_sys_init (utils/os_divers.c:1549)
==148748==    by 0x419EF9: mp4box_main (mp4box.c:6197)
==148748==    by 0x11DA0D0: (below main) (in /run/media/user/8ed8205b-4114-4c2a-b2d0-e2ad6640262d/gpac/runtime/gpac_afl/bin/gcc/MP4Box)
==148748== 
==148748== Conditional jump or move depends on uninitialised value(s)
==148748==    at 0x122C688: __strncmp_avx2 (in /run/media/user/8ed8205b-4114-4c2a-b2d0-e2ad6640262d/gpac/runtime/gpac_afl/bin/gcc/MP4Box)
==148748==    by 0x4D78CF: get_default_install_path (utils/os_config_init.c:519)
==148748==    by 0x4E1AB9: create_default_config (utils/os_config_init.c:783)
==148748==    by 0x4D8EB0: gf_cfg_init (utils/os_config_init.c:1134)
==148748==    by 0x4D8EB0: gf_init_global_config (???:1275)
==148748==    by 0x46F8C3: gf_sys_init (utils/os_divers.c:1549)
==148748==    by 0x419EF9: mp4box_main (mp4box.c:6197)
==148748==    by 0x11DA0D0: (below main) (in /run/media/user/8ed8205b-4114-4c2a-b2d0-e2ad6640262d/gpac/runtime/gpac_afl/bin/gcc/MP4Box)
==148748== 
==148748== Use of uninitialised value of size 8
==148748==    at 0x122C2CD: __strncmp_avx2 (in /run/media/user/8ed8205b-4114-4c2a-b2d0-e2ad6640262d/gpac/runtime/gpac_afl/bin/gcc/MP4Box)
==148748==    by 0x4D78CF: get_default_install_path (utils/os_config_init.c:519)
==148748==    by 0x4E1AB9: create_default_config (utils/os_config_init.c:783)
==148748==    by 0x4D8EB0: gf_cfg_init (utils/os_config_init.c:1134)
==148748==    by 0x4D8EB0: gf_init_global_config (???:1275)
==148748==    by 0x46F8C3: gf_sys_init (utils/os_divers.c:1549)
==148748==    by 0x419EF9: mp4box_main (mp4box.c:6197)
==148748==    by 0x11DA0D0: (below main) (in /run/media/user/8ed8205b-4114-4c2a-b2d0-e2ad6640262d/gpac/runtime/gpac_afl/bin/gcc/MP4Box)
==148748== 
==148748== Use of uninitialised value of size 8
==148748==    at 0x122C2EF: __strncmp_avx2 (in /run/media/user/8ed8205b-4114-4c2a-b2d0-e2ad6640262d/gpac/runtime/gpac_afl/bin/gcc/MP4Box)
==148748==    by 0x4D78CF: get_default_install_path (utils/os_config_init.c:519)
==148748==    by 0x4E1AB9: create_default_config (utils/os_config_init.c:783)
==148748==    by 0x4D8EB0: gf_cfg_init (utils/os_config_init.c:1134)
==148748==    by 0x4D8EB0: gf_init_global_config (???:1275)
==148748==    by 0x46F8C3: gf_sys_init (utils/os_divers.c:1549)
==148748==    by 0x419EF9: mp4box_main (mp4box.c:6197)
==148748==    by 0x11DA0D0: (below main) (in /run/media/user/8ed8205b-4114-4c2a-b2d0-e2ad6640262d/gpac/runtime/gpac_afl/bin/gcc/MP4Box)
==148748== 
==148748== Conditional jump or move depends on uninitialised value(s)
==148748==    at 0x4D7999: get_default_install_path (utils/os_config_init.c:535)
==148748==    by 0x4E1AB9: create_default_config (utils/os_config_init.c:783)
==148748==    by 0x4D8EB0: gf_cfg_init (utils/os_config_init.c:1134)
==148748==    by 0x4D8EB0: gf_init_global_config (???:1275)
==148748==    by 0x46F8C3: gf_sys_init (utils/os_divers.c:1549)
==148748==    by 0x419EF9: mp4box_main (mp4box.c:6197)
==148748==    by 0x11DA0D0: (below main) (in /run/media/user/8ed8205b-4114-4c2a-b2d0-e2ad6640262d/gpac/runtime/gpac_afl/bin/gcc/MP4Box)
==148748== 
==148748== Use of uninitialised value of size 8
==148748==    at 0x4D7BD2: get_default_install_path (utils/os_config_init.c:546)
==148748==    by 0x4E1AB9: create_default_config (utils/os_config_init.c:783)
==148748==    by 0x4D8EB0: gf_cfg_init (utils/os_config_init.c:1134)
==148748==    by 0x4D8EB0: gf_init_global_config (???:1275)
==148748==    by 0x46F8C3: gf_sys_init (utils/os_divers.c:1549)
==148748==    by 0x419EF9: mp4box_main (mp4box.c:6197)
==148748==    by 0x11DA0D0: (below main) (in /run/media/user/8ed8205b-4114-4c2a-b2d0-e2ad6640262d/gpac/runtime/gpac_afl/bin/gcc/MP4Box)
==148748== 
==148748== Use of uninitialised value of size 8
==148748==    at 0x4D7E7C: get_default_install_path (utils/os_config_init.c:549)
==148748==    by 0x4E1AB9: create_default_config (utils/os_config_init.c:783)
==148748==    by 0x4D8EB0: gf_cfg_init (utils/os_config_init.c:1134)
==148748==    by 0x4D8EB0: gf_init_global_config (???:1275)
==148748==    by 0x46F8C3: gf_sys_init (utils/os_divers.c:1549)
==148748==    by 0x419EF9: mp4box_main (mp4box.c:6197)
==148748==    by 0x11DA0D0: (below main) (in /run/media/user/8ed8205b-4114-4c2a-b2d0-e2ad6640262d/gpac/runtime/gpac_afl/bin/gcc/MP4Box)
==148748== 
==148748== Use of uninitialised value of size 8
==148748==    at 0x4D8001: get_default_install_path (utils/os_config_init.c:552)
==148748==    by 0x4E1AB9: create_default_config (utils/os_config_init.c:783)
==148748==    by 0x4D8EB0: gf_cfg_init (utils/os_config_init.c:1134)
==148748==    by 0x4D8EB0: gf_init_global_config (???:1275)
==148748==    by 0x46F8C3: gf_sys_init (utils/os_divers.c:1549)
==148748==    by 0x419EF9: mp4box_main (mp4box.c:6197)
==148748==    by 0x11DA0D0: (below main) (in /run/media/user/8ed8205b-4114-4c2a-b2d0-e2ad6640262d/gpac/runtime/gpac_afl/bin/gcc/MP4Box)
==148748== 
==148748== Conditional jump or move depends on uninitialised value(s)
==148748==    at 0x121FDDD: __strcmp_avx2 (in /run/media/user/8ed8205b-4114-4c2a-b2d0-e2ad6640262d/gpac/runtime/gpac_afl/bin/gcc/MP4Box)
==148748==    by 0x4AE3AB: gf_cfg_set_key_internal (utils/configfile.c:433)
==148748==    by 0x4E1B1F: create_default_config (utils/os_config_init.c:804)
==148748==    by 0x4D8EB0: gf_cfg_init (utils/os_config_init.c:1134)
==148748==    by 0x4D8EB0: gf_init_global_config (???:1275)
==148748==    by 0x46F8C3: gf_sys_init (utils/os_divers.c:1549)
==148748==    by 0x419EF9: mp4box_main (mp4box.c:6197)
==148748==    by 0x11DA0D0: (below main) (in /run/media/user/8ed8205b-4114-4c2a-b2d0-e2ad6640262d/gpac/runtime/gpac_afl/bin/gcc/MP4Box)
==148748== 
==148748== Conditional jump or move depends on uninitialised value(s)
==148748==    at 0x121FDDD: __strcmp_avx2 (in /run/media/user/8ed8205b-4114-4c2a-b2d0-e2ad6640262d/gpac/runtime/gpac_afl/bin/gcc/MP4Box)
==148748==    by 0x4AE4FB: gf_cfg_set_key_internal (utils/configfile.c:446)
==148748==    by 0x4E1B1F: create_default_config (utils/os_config_init.c:804)
==148748==    by 0x4D8EB0: gf_cfg_init (utils/os_config_init.c:1134)
==148748==    by 0x4D8EB0: gf_init_global_config (???:1275)
==148748==    by 0x46F8C3: gf_sys_init (utils/os_divers.c:1549)
==148748==    by 0x419EF9: mp4box_main (mp4box.c:6197)
==148748==    by 0x11DA0D0: (below main) (in /run/media/user/8ed8205b-4114-4c2a-b2d0-e2ad6640262d/gpac/runtime/gpac_afl/bin/gcc/MP4Box)
==148748== 
==148748== Conditional jump or move depends on uninitialised value(s)
==148748==    at 0x121FDDD: __strcmp_avx2 (in /run/media/user/8ed8205b-4114-4c2a-b2d0-e2ad6640262d/gpac/runtime/gpac_afl/bin/gcc/MP4Box)
==148748==    by 0x4AE3AB: gf_cfg_set_key_internal (utils/configfile.c:433)
==148748==    by 0x4E1C80: create_default_config (utils/os_config_init.c:838)
==148748==    by 0x4D8EB0: gf_cfg_init (utils/os_config_init.c:1134)
==148748==    by 0x4D8EB0: gf_init_global_config (???:1275)
==148748==    by 0x46F8C3: gf_sys_init (utils/os_divers.c:1549)
==148748==    by 0x419EF9: mp4box_main (mp4box.c:6197)
==148748==    by 0x11DA0D0: (below main) (in /run/media/user/8ed8205b-4114-4c2a-b2d0-e2ad6640262d/gpac/runtime/gpac_afl/bin/gcc/MP4Box)
==148748== 
==148748== Conditional jump or move depends on uninitialised value(s)
==148748==    at 0x121FDDD: __strcmp_avx2 (in /run/media/user/8ed8205b-4114-4c2a-b2d0-e2ad6640262d/gpac/runtime/gpac_afl/bin/gcc/MP4Box)
==148748==    by 0x4AE4FB: gf_cfg_set_key_internal (utils/configfile.c:446)
==148748==    by 0x4E1C80: create_default_config (utils/os_config_init.c:838)
==148748==    by 0x4D8EB0: gf_cfg_init (utils/os_config_init.c:1134)
==148748==    by 0x4D8EB0: gf_init_global_config (???:1275)
==148748==    by 0x46F8C3: gf_sys_init (utils/os_divers.c:1549)
==148748==    by 0x419EF9: mp4box_main (mp4box.c:6197)
==148748==    by 0x11DA0D0: (below main) (in /run/media/user/8ed8205b-4114-4c2a-b2d0-e2ad6640262d/gpac/runtime/gpac_afl/bin/gcc/MP4Box)
==148748== 
==148748== Conditional jump or move depends on uninitialised value(s)
==148748==    at 0x121FDDD: __strcmp_avx2 (in /run/media/user/8ed8205b-4114-4c2a-b2d0-e2ad6640262d/gpac/runtime/gpac_afl/bin/gcc/MP4Box)
==148748==    by 0x4AE3AB: gf_cfg_set_key_internal (utils/configfile.c:433)
==148748==    by 0x4E1C99: create_default_config (utils/os_config_init.c:842)
==148748==    by 0x4D8EB0: gf_cfg_init (utils/os_config_init.c:1134)
==148748==    by 0x4D8EB0: gf_init_global_config (???:1275)
==148748==    by 0x46F8C3: gf_sys_init (utils/os_divers.c:1549)
==148748==    by 0x419EF9: mp4box_main (mp4box.c:6197)
==148748==    by 0x11DA0D0: (below main) (in /run/media/user/8ed8205b-4114-4c2a-b2d0-e2ad6640262d/gpac/runtime/gpac_afl/bin/gcc/MP4Box)
==148748== 
==148748== Conditional jump or move depends on uninitialised value(s)
==148748==    at 0x121FDDD: __strcmp_avx2 (in /run/media/user/8ed8205b-4114-4c2a-b2d0-e2ad6640262d/gpac/runtime/gpac_afl/bin/gcc/MP4Box)
==148748==    by 0x4AE4FB: gf_cfg_set_key_internal (utils/configfile.c:446)
==148748==    by 0x4E1C99: create_default_config (utils/os_config_init.c:842)
==148748==    by 0x4D8EB0: gf_cfg_init (utils/os_config_init.c:1134)
==148748==    by 0x4D8EB0: gf_init_global_config (???:1275)
==148748==    by 0x46F8C3: gf_sys_init (utils/os_divers.c:1549)
==148748==    by 0x419EF9: mp4box_main (mp4box.c:6197)
==148748==    by 0x11DA0D0: (below main) (in /run/media/user/8ed8205b-4114-4c2a-b2d0-e2ad6640262d/gpac/runtime/gpac_afl/bin/gcc/MP4Box)
==148748== 
==148748== Conditional jump or move depends on uninitialised value(s)
==148748==    at 0x121FDDD: __strcmp_avx2 (in /run/media/user/8ed8205b-4114-4c2a-b2d0-e2ad6640262d/gpac/runtime/gpac_afl/bin/gcc/MP4Box)
==148748==    by 0x4AE3AB: gf_cfg_set_key_internal (utils/configfile.c:433)
==148748==    by 0x4E1CB2: create_default_config (utils/os_config_init.c:843)
==148748==    by 0x4D8EB0: gf_cfg_init (utils/os_config_init.c:1134)
==148748==    by 0x4D8EB0: gf_init_global_config (???:1275)
==148748==    by 0x46F8C3: gf_sys_init (utils/os_divers.c:1549)
==148748==    by 0x419EF9: mp4box_main (mp4box.c:6197)
==148748==    by 0x11DA0D0: (below main) (in /run/media/user/8ed8205b-4114-4c2a-b2d0-e2ad6640262d/gpac/runtime/gpac_afl/bin/gcc/MP4Box)
==148748== 
==148748== Conditional jump or move depends on uninitialised value(s)
==148748==    at 0x1220148: __strcmp_avx2 (in /run/media/user/8ed8205b-4114-4c2a-b2d0-e2ad6640262d/gpac/runtime/gpac_afl/bin/gcc/MP4Box)
==148748==    by 0x4AE4FB: gf_cfg_set_key_internal (utils/configfile.c:446)
==148748==    by 0x4E1CB2: create_default_config (utils/os_config_init.c:843)
==148748==    by 0x4D8EB0: gf_cfg_init (utils/os_config_init.c:1134)
==148748==    by 0x4D8EB0: gf_init_global_config (???:1275)
==148748==    by 0x46F8C3: gf_sys_init (utils/os_divers.c:1549)
==148748==    by 0x419EF9: mp4box_main (mp4box.c:6197)
==148748==    by 0x11DA0D0: (below main) (in /run/media/user/8ed8205b-4114-4c2a-b2d0-e2ad6640262d/gpac/runtime/gpac_afl/bin/gcc/MP4Box)
==148748== 
==148748== Conditional jump or move depends on uninitialised value(s)
==148748==    at 0x121FDDD: __strcmp_avx2 (in /run/media/user/8ed8205b-4114-4c2a-b2d0-e2ad6640262d/gpac/runtime/gpac_afl/bin/gcc/MP4Box)
==148748==    by 0x4AE3AB: gf_cfg_set_key_internal (utils/configfile.c:433)
==148748==    by 0x4E1CE8: create_default_config (utils/os_config_init.c:847)
==148748==    by 0x4D8EB0: gf_cfg_init (utils/os_config_init.c:1134)
==148748==    by 0x4D8EB0: gf_init_global_config (???:1275)
==148748==    by 0x46F8C3: gf_sys_init (utils/os_divers.c:1549)
==148748==    by 0x419EF9: mp4box_main (mp4box.c:6197)
==148748==    by 0x11DA0D0: (below main) (in /run/media/user/8ed8205b-4114-4c2a-b2d0-e2ad6640262d/gpac/runtime/gpac_afl/bin/gcc/MP4Box)
==148748== 
==148748== Conditional jump or move depends on uninitialised value(s)
==148748==    at 0x1220148: __strcmp_avx2 (in /run/media/user/8ed8205b-4114-4c2a-b2d0-e2ad6640262d/gpac/runtime/gpac_afl/bin/gcc/MP4Box)
==148748==    by 0x4AE4FB: gf_cfg_set_key_internal (utils/configfile.c:446)
==148748==    by 0x4E1CE8: create_default_config (utils/os_config_init.c:847)
==148748==    by 0x4D8EB0: gf_cfg_init (utils/os_config_init.c:1134)
==148748==    by 0x4D8EB0: gf_init_global_config (???:1275)
==148748==    by 0x46F8C3: gf_sys_init (utils/os_divers.c:1549)
==148748==    by 0x419EF9: mp4box_main (mp4box.c:6197)
==148748==    by 0x11DA0D0: (below main) (in /run/media/user/8ed8205b-4114-4c2a-b2d0-e2ad6640262d/gpac/runtime/gpac_afl/bin/gcc/MP4Box)
==148748== 
==148748== Conditional jump or move depends on uninitialised value(s)
==148748==    at 0x121FDDD: __strcmp_avx2 (in /run/media/user/8ed8205b-4114-4c2a-b2d0-e2ad6640262d/gpac/runtime/gpac_afl/bin/gcc/MP4Box)
==148748==    by 0x4AE3AB: gf_cfg_set_key_internal (utils/configfile.c:433)
==148748==    by 0x4E1D01: create_default_config (utils/os_config_init.c:849)
==148748==    by 0x4D8EB0: gf_cfg_init (utils/os_config_init.c:1134)
==148748==    by 0x4D8EB0: gf_init_global_config (???:1275)
==148748==    by 0x46F8C3: gf_sys_init (utils/os_divers.c:1549)
==148748==    by 0x419EF9: mp4box_main (mp4box.c:6197)
==148748==    by 0x11DA0D0: (below main) (in /run/media/user/8ed8205b-4114-4c2a-b2d0-e2ad6640262d/gpac/runtime/gpac_afl/bin/gcc/MP4Box)
==148748== 
==148748== Conditional jump or move depends on uninitialised value(s)
==148748==    at 0x121FDDD: __strcmp_avx2 (in /run/media/user/8ed8205b-4114-4c2a-b2d0-e2ad6640262d/gpac/runtime/gpac_afl/bin/gcc/MP4Box)
==148748==    by 0x4AE4FB: gf_cfg_set_key_internal (utils/configfile.c:446)
==148748==    by 0x4E1D01: create_default_config (utils/os_config_init.c:849)
==148748==    by 0x4D8EB0: gf_cfg_init (utils/os_config_init.c:1134)
==148748==    by 0x4D8EB0: gf_init_global_config (???:1275)
==148748==    by 0x46F8C3: gf_sys_init (utils/os_divers.c:1549)
==148748==    by 0x419EF9: mp4box_main (mp4box.c:6197)
==148748==    by 0x11DA0D0: (below main) (in /run/media/user/8ed8205b-4114-4c2a-b2d0-e2ad6640262d/gpac/runtime/gpac_afl/bin/gcc/MP4Box)
==148748== 
==148748== Conditional jump or move depends on uninitialised value(s)
==148748==    at 0x121FDDD: __strcmp_avx2 (in /run/media/user/8ed8205b-4114-4c2a-b2d0-e2ad6640262d/gpac/runtime/gpac_afl/bin/gcc/MP4Box)
==148748==    by 0x4AE3AB: gf_cfg_set_key_internal (utils/configfile.c:433)
==148748==    by 0x4E1D1A: create_default_config (utils/os_config_init.c:850)
==148748==    by 0x4D8EB0: gf_cfg_init (utils/os_config_init.c:1134)
==148748==    by 0x4D8EB0: gf_init_global_config (???:1275)
==148748==    by 0x46F8C3: gf_sys_init (utils/os_divers.c:1549)
==148748==    by 0x419EF9: mp4box_main (mp4box.c:6197)
==148748==    by 0x11DA0D0: (below main) (in /run/media/user/8ed8205b-4114-4c2a-b2d0-e2ad6640262d/gpac/runtime/gpac_afl/bin/gcc/MP4Box)
==148748== 
==148748== Conditional jump or move depends on uninitialised value(s)
==148748==    at 0x121FDDD: __strcmp_avx2 (in /run/media/user/8ed8205b-4114-4c2a-b2d0-e2ad6640262d/gpac/runtime/gpac_afl/bin/gcc/MP4Box)
==148748==    by 0x4AE4FB: gf_cfg_set_key_internal (utils/configfile.c:446)
==148748==    by 0x4E1D1A: create_default_config (utils/os_config_init.c:850)
==148748==    by 0x4D8EB0: gf_cfg_init (utils/os_config_init.c:1134)
==148748==    by 0x4D8EB0: gf_init_global_config (???:1275)
==148748==    by 0x46F8C3: gf_sys_init (utils/os_divers.c:1549)
==148748==    by 0x419EF9: mp4box_main (mp4box.c:6197)
==148748==    by 0x11DA0D0: (below main) (in /run/media/user/8ed8205b-4114-4c2a-b2d0-e2ad6640262d/gpac/runtime/gpac_afl/bin/gcc/MP4Box)
==148748== 
==148748== Conditional jump or move depends on uninitialised value(s)
==148748==    at 0x121FDDD: __strcmp_avx2 (in /run/media/user/8ed8205b-4114-4c2a-b2d0-e2ad6640262d/gpac/runtime/gpac_afl/bin/gcc/MP4Box)
==148748==    by 0x4AE3AB: gf_cfg_set_key_internal (utils/configfile.c:433)
==148748==    by 0x4E1D33: create_default_config (utils/os_config_init.c:863)
==148748==    by 0x4D8EB0: gf_cfg_init (utils/os_config_init.c:1134)
==148748==    by 0x4D8EB0: gf_init_global_config (???:1275)
==148748==    by 0x46F8C3: gf_sys_init (utils/os_divers.c:1549)
==148748==    by 0x419EF9: mp4box_main (mp4box.c:6197)
==148748==    by 0x11DA0D0: (below main) (in /run/media/user/8ed8205b-4114-4c2a-b2d0-e2ad6640262d/gpac/runtime/gpac_afl/bin/gcc/MP4Box)
==148748== 
==148748== Conditional jump or move depends on uninitialised value(s)
==148748==    at 0x121FDDD: __strcmp_avx2 (in /run/media/user/8ed8205b-4114-4c2a-b2d0-e2ad6640262d/gpac/runtime/gpac_afl/bin/gcc/MP4Box)
==148748==    by 0x4AE4FB: gf_cfg_set_key_internal (utils/configfile.c:446)
==148748==    by 0x4E1D33: create_default_config (utils/os_config_init.c:863)
==148748==    by 0x4D8EB0: gf_cfg_init (utils/os_config_init.c:1134)
==148748==    by 0x4D8EB0: gf_init_global_config (???:1275)
==148748==    by 0x46F8C3: gf_sys_init (utils/os_divers.c:1549)
==148748==    by 0x419EF9: mp4box_main (mp4box.c:6197)
==148748==    by 0x11DA0D0: (below main) (in /run/media/user/8ed8205b-4114-4c2a-b2d0-e2ad6640262d/gpac/runtime/gpac_afl/bin/gcc/MP4Box)
==148748== 
==148748== Conditional jump or move depends on uninitialised value(s)
==148748==    at 0x121FDDD: __strcmp_avx2 (in /run/media/user/8ed8205b-4114-4c2a-b2d0-e2ad6640262d/gpac/runtime/gpac_afl/bin/gcc/MP4Box)
==148748==    by 0x4AE3AB: gf_cfg_set_key_internal (utils/configfile.c:433)
==148748==    by 0x4E1D4C: create_default_config (utils/os_config_init.c:864)
==148748==    by 0x4D8EB0: gf_cfg_init (utils/os_config_init.c:1134)
==148748==    by 0x4D8EB0: gf_init_global_config (???:1275)
==148748==    by 0x46F8C3: gf_sys_init (utils/os_divers.c:1549)
==148748==    by 0x419EF9: mp4box_main (mp4box.c:6197)
==148748==    by 0x11DA0D0: (below main) (in /run/media/user/8ed8205b-4114-4c2a-b2d0-e2ad6640262d/gpac/runtime/gpac_afl/bin/gcc/MP4Box)
==148748== 
==148748== Conditional jump or move depends on uninitialised value(s)
==148748==    at 0x121FDDD: __strcmp_avx2 (in /run/media/user/8ed8205b-4114-4c2a-b2d0-e2ad6640262d/gpac/runtime/gpac_afl/bin/gcc/MP4Box)
==148748==    by 0x4AE4FB: gf_cfg_set_key_internal (utils/configfile.c:446)
==148748==    by 0x4E1D4C: create_default_config (utils/os_config_init.c:864)
==148748==    by 0x4D8EB0: gf_cfg_init (utils/os_config_init.c:1134)
==148748==    by 0x4D8EB0: gf_init_global_config (???:1275)
==148748==    by 0x46F8C3: gf_sys_init (utils/os_divers.c:1549)
==148748==    by 0x419EF9: mp4box_main (mp4box.c:6197)
==148748==    by 0x11DA0D0: (below main) (in /run/media/user/8ed8205b-4114-4c2a-b2d0-e2ad6640262d/gpac/runtime/gpac_afl/bin/gcc/MP4Box)
==148748== 
==148748== Conditional jump or move depends on uninitialised value(s)
==148748==    at 0x121FDDD: __strcmp_avx2 (in /run/media/user/8ed8205b-4114-4c2a-b2d0-e2ad6640262d/gpac/runtime/gpac_afl/bin/gcc/MP4Box)
==148748==    by 0x4AE3AB: gf_cfg_set_key_internal (utils/configfile.c:433)
==148748==    by 0x4E1D65: create_default_config (utils/os_config_init.c:869)
==148748==    by 0x4D8EB0: gf_cfg_init (utils/os_config_init.c:1134)
==148748==    by 0x4D8EB0: gf_init_global_config (???:1275)
==148748==    by 0x46F8C3: gf_sys_init (utils/os_divers.c:1549)
==148748==    by 0x419EF9: mp4box_main (mp4box.c:6197)
==148748==    by 0x11DA0D0: (below main) (in /run/media/user/8ed8205b-4114-4c2a-b2d0-e2ad6640262d/gpac/runtime/gpac_afl/bin/gcc/MP4Box)
==148748== 
==148748== Conditional jump or move depends on uninitialised value(s)
==148748==    at 0x121FDDD: __strcmp_avx2 (in /run/media/user/8ed8205b-4114-4c2a-b2d0-e2ad6640262d/gpac/runtime/gpac_afl/bin/gcc/MP4Box)
==148748==    by 0x4AE4FB: gf_cfg_set_key_internal (utils/configfile.c:446)
==148748==    by 0x4E1D65: create_default_config (utils/os_config_init.c:869)
==148748==    by 0x4D8EB0: gf_cfg_init (utils/os_config_init.c:1134)
==148748==    by 0x4D8EB0: gf_init_global_config (???:1275)
==148748==    by 0x46F8C3: gf_sys_init (utils/os_divers.c:1549)
==148748==    by 0x419EF9: mp4box_main (mp4box.c:6197)
==148748==    by 0x11DA0D0: (below main) (in /run/media/user/8ed8205b-4114-4c2a-b2d0-e2ad6640262d/gpac/runtime/gpac_afl/bin/gcc/MP4Box)
==148748== 
==148748== Conditional jump or move depends on uninitialised value(s)
==148748==    at 0x121FDDD: __strcmp_avx2 (in /run/media/user/8ed8205b-4114-4c2a-b2d0-e2ad6640262d/gpac/runtime/gpac_afl/bin/gcc/MP4Box)
==148748==    by 0x4AE3AB: gf_cfg_set_key_internal (utils/configfile.c:433)
==148748==    by 0x4E1D7E: create_default_config (utils/os_config_init.c:870)
==148748==    by 0x4D8EB0: gf_cfg_init (utils/os_config_init.c:1134)
==148748==    by 0x4D8EB0: gf_init_global_config (???:1275)
==148748==    by 0x46F8C3: gf_sys_init (utils/os_divers.c:1549)
==148748==    by 0x419EF9: mp4box_main (mp4box.c:6197)
==148748==    by 0x11DA0D0: (below main) (in /run/media/user/8ed8205b-4114-4c2a-b2d0-e2ad6640262d/gpac/runtime/gpac_afl/bin/gcc/MP4Box)
==148748== 
==148748== Conditional jump or move depends on uninitialised value(s)
==148748==    at 0x121FDDD: __strcmp_avx2 (in /run/media/user/8ed8205b-4114-4c2a-b2d0-e2ad6640262d/gpac/runtime/gpac_afl/bin/gcc/MP4Box)
==148748==    by 0x4AE4FB: gf_cfg_set_key_internal (utils/configfile.c:446)
==148748==    by 0x4E1D7E: create_default_config (utils/os_config_init.c:870)
==148748==    by 0x4D8EB0: gf_cfg_init (utils/os_config_init.c:1134)
==148748==    by 0x4D8EB0: gf_init_global_config (???:1275)
==148748==    by 0x46F8C3: gf_sys_init (utils/os_divers.c:1549)
==148748==    by 0x419EF9: mp4box_main (mp4box.c:6197)
==148748==    by 0x11DA0D0: (below main) (in /run/media/user/8ed8205b-4114-4c2a-b2d0-e2ad6640262d/gpac/runtime/gpac_afl/bin/gcc/MP4Box)
==148748== 
==148748== Conditional jump or move depends on uninitialised value(s)
==148748==    at 0x4D730A: get_default_install_path (utils/os_config_init.c:427)
==148748==    by 0x4D767E: get_default_install_path (utils/os_config_init.c:494)
==148748==    by 0x4E1D8B: create_default_config (utils/os_config_init.c:881)
==148748==    by 0x4D8EB0: gf_cfg_init (utils/os_config_init.c:1134)
==148748==    by 0x4D8EB0: gf_init_global_config (???:1275)
==148748==    by 0x46F8C3: gf_sys_init (utils/os_divers.c:1549)
==148748==    by 0x419EF9: mp4box_main (mp4box.c:6197)
==148748==    by 0x11DA0D0: (below main) (in /run/media/user/8ed8205b-4114-4c2a-b2d0-e2ad6640262d/gpac/runtime/gpac_afl/bin/gcc/MP4Box)
==148748== 
==148748== Use of uninitialised value of size 8
==148748==    at 0x4D7334: get_default_install_path (utils/os_config_init.c:0)
==148748==    by 0x4D767E: get_default_install_path (utils/os_config_init.c:494)
==148748==    by 0x4E1D8B: create_default_config (utils/os_config_init.c:881)
==148748==    by 0x4D8EB0: gf_cfg_init (utils/os_config_init.c:1134)
==148748==    by 0x4D8EB0: gf_init_global_config (???:1275)
==148748==    by 0x46F8C3: gf_sys_init (utils/os_divers.c:1549)
==148748==    by 0x419EF9: mp4box_main (mp4box.c:6197)
==148748==    by 0x11DA0D0: (below main) (in /run/media/user/8ed8205b-4114-4c2a-b2d0-e2ad6640262d/gpac/runtime/gpac_afl/bin/gcc/MP4Box)
==148748== 
==148748== Conditional jump or move depends on uninitialised value(s)
==148748==    at 0x4D7845: get_default_install_path (utils/os_config_init.c:512)
==148748==    by 0x4E1D8B: create_default_config (utils/os_config_init.c:881)
==148748==    by 0x4D8EB0: gf_cfg_init (utils/os_config_init.c:1134)
==148748==    by 0x4D8EB0: gf_init_global_config (???:1275)
==148748==    by 0x46F8C3: gf_sys_init (utils/os_divers.c:1549)
==148748==    by 0x419EF9: mp4box_main (mp4box.c:6197)
==148748==    by 0x11DA0D0: (below main) (in /run/media/user/8ed8205b-4114-4c2a-b2d0-e2ad6640262d/gpac/runtime/gpac_afl/bin/gcc/MP4Box)
==148748== 
==148748== Conditional jump or move depends on uninitialised value(s)
==148748==    at 0x122FE19: __strncpy_avx2 (in /run/media/user/8ed8205b-4114-4c2a-b2d0-e2ad6640262d/gpac/runtime/gpac_afl/bin/gcc/MP4Box)
==148748==    by 0x4D7879: get_default_install_path (utils/os_config_init.c:513)
==148748==    by 0x4E1D8B: create_default_config (utils/os_config_init.c:881)
==148748==    by 0x4D8EB0: gf_cfg_init (utils/os_config_init.c:1134)
==148748==    by 0x4D8EB0: gf_init_global_config (???:1275)
==148748==    by 0x46F8C3: gf_sys_init (utils/os_divers.c:1549)
==148748==    by 0x419EF9: mp4box_main (mp4box.c:6197)
==148748==    by 0x11DA0D0: (below main) (in /run/media/user/8ed8205b-4114-4c2a-b2d0-e2ad6640262d/gpac/runtime/gpac_afl/bin/gcc/MP4Box)
==148748== 
==148748== Use of uninitialised value of size 8
==148748==    at 0x122FE1F: __strncpy_avx2 (in /run/media/user/8ed8205b-4114-4c2a-b2d0-e2ad6640262d/gpac/runtime/gpac_afl/bin/gcc/MP4Box)
==148748==    by 0x4D7879: get_default_install_path (utils/os_config_init.c:513)
==148748==    by 0x4E1D8B: create_default_config (utils/os_config_init.c:881)
==148748==    by 0x4D8EB0: gf_cfg_init (utils/os_config_init.c:1134)
==148748==    by 0x4D8EB0: gf_init_global_config (???:1275)
==148748==    by 0x46F8C3: gf_sys_init (utils/os_divers.c:1549)
==148748==    by 0x419EF9: mp4box_main (mp4box.c:6197)
==148748==    by 0x11DA0D0: (below main) (in /run/media/user/8ed8205b-4114-4c2a-b2d0-e2ad6640262d/gpac/runtime/gpac_afl/bin/gcc/MP4Box)
==148748== 
==148748== Use of uninitialised value of size 8
==148748==    at 0x4D787F: get_default_install_path (utils/os_config_init.c:515)
==148748==    by 0x4E1D8B: create_default_config (utils/os_config_init.c:881)
==148748==    by 0x4D8EB0: gf_cfg_init (utils/os_config_init.c:1134)
==148748==    by 0x4D8EB0: gf_init_global_config (???:1275)
==148748==    by 0x46F8C3: gf_sys_init (utils/os_divers.c:1549)
==148748==    by 0x419EF9: mp4box_main (mp4box.c:6197)
==148748==    by 0x11DA0D0: (below main) (in /run/media/user/8ed8205b-4114-4c2a-b2d0-e2ad6640262d/gpac/runtime/gpac_afl/bin/gcc/MP4Box)
==148748== 
==148748== Conditional jump or move depends on uninitialised value(s)
==148748==    at 0x4D78B7: get_default_install_path (utils/os_config_init.c:519)
==148748==    by 0x4E1D8B: create_default_config (utils/os_config_init.c:881)
==148748==    by 0x4D8EB0: gf_cfg_init (utils/os_config_init.c:1134)
==148748==    by 0x4D8EB0: gf_init_global_config (???:1275)
==148748==    by 0x46F8C3: gf_sys_init (utils/os_divers.c:1549)
==148748==    by 0x419EF9: mp4box_main (mp4box.c:6197)
==148748==    by 0x11DA0D0: (below main) (in /run/media/user/8ed8205b-4114-4c2a-b2d0-e2ad6640262d/gpac/runtime/gpac_afl/bin/gcc/MP4Box)
==148748== 
==148748== Conditional jump or move depends on uninitialised value(s)
==148748==    at 0x122C2C7: __strncmp_avx2 (in /run/media/user/8ed8205b-4114-4c2a-b2d0-e2ad6640262d/gpac/runtime/gpac_afl/bin/gcc/MP4Box)
==148748==    by 0x4D78CF: get_default_install_path (utils/os_config_init.c:519)
==148748==    by 0x4E1D8B: create_default_config (utils/os_config_init.c:881)
==148748==    by 0x4D8EB0: gf_cfg_init (utils/os_config_init.c:1134)
==148748==    by 0x4D8EB0: gf_init_global_config (???:1275)
==148748==    by 0x46F8C3: gf_sys_init (utils/os_divers.c:1549)
==148748==    by 0x419EF9: mp4box_main (mp4box.c:6197)
==148748==    by 0x11DA0D0: (below main) (in /run/media/user/8ed8205b-4114-4c2a-b2d0-e2ad6640262d/gpac/runtime/gpac_afl/bin/gcc/MP4Box)
==148748== 
==148748== Conditional jump or move depends on uninitialised value(s)
==148748==    at 0x122C688: __strncmp_avx2 (in /run/media/user/8ed8205b-4114-4c2a-b2d0-e2ad6640262d/gpac/runtime/gpac_afl/bin/gcc/MP4Box)
==148748==    by 0x4D78CF: get_default_install_path (utils/os_config_init.c:519)
==148748==    by 0x4E1D8B: create_default_config (utils/os_config_init.c:881)
==148748==    by 0x4D8EB0: gf_cfg_init (utils/os_config_init.c:1134)
==148748==    by 0x4D8EB0: gf_init_global_config (???:1275)
==148748==    by 0x46F8C3: gf_sys_init (utils/os_divers.c:1549)
==148748==    by 0x419EF9: mp4box_main (mp4box.c:6197)
==148748==    by 0x11DA0D0: (below main) (in /run/media/user/8ed8205b-4114-4c2a-b2d0-e2ad6640262d/gpac/runtime/gpac_afl/bin/gcc/MP4Box)
==148748== 
==148748== Use of uninitialised value of size 8
==148748==    at 0x122C2CD: __strncmp_avx2 (in /run/media/user/8ed8205b-4114-4c2a-b2d0-e2ad6640262d/gpac/runtime/gpac_afl/bin/gcc/MP4Box)
==148748==    by 0x4D78CF: get_default_install_path (utils/os_config_init.c:519)
==148748==    by 0x4E1D8B: create_default_config (utils/os_config_init.c:881)
==148748==    by 0x4D8EB0: gf_cfg_init (utils/os_config_init.c:1134)
==148748==    by 0x4D8EB0: gf_init_global_config (???:1275)
==148748==    by 0x46F8C3: gf_sys_init (utils/os_divers.c:1549)
==148748==    by 0x419EF9: mp4box_main (mp4box.c:6197)
==148748==    by 0x11DA0D0: (below main) (in /run/media/user/8ed8205b-4114-4c2a-b2d0-e2ad6640262d/gpac/runtime/gpac_afl/bin/gcc/MP4Box)
==148748== 
==148748== Use of uninitialised value of size 8
==148748==    at 0x122C2EF: __strncmp_avx2 (in /run/media/user/8ed8205b-4114-4c2a-b2d0-e2ad6640262d/gpac/runtime/gpac_afl/bin/gcc/MP4Box)
==148748==    by 0x4D78CF: get_default_install_path (utils/os_config_init.c:519)
==148748==    by 0x4E1D8B: create_default_config (utils/os_config_init.c:881)
==148748==    by 0x4D8EB0: gf_cfg_init (utils/os_config_init.c:1134)
==148748==    by 0x4D8EB0: gf_init_global_config (???:1275)
==148748==    by 0x46F8C3: gf_sys_init (utils/os_divers.c:1549)
==148748==    by 0x419EF9: mp4box_main (mp4box.c:6197)
==148748==    by 0x11DA0D0: (below main) (in /run/media/user/8ed8205b-4114-4c2a-b2d0-e2ad6640262d/gpac/runtime/gpac_afl/bin/gcc/MP4Box)
==148748== 
==148748== Conditional jump or move depends on uninitialised value(s)
==148748==    at 0x4D793F: get_default_install_path (utils/os_config_init.c:525)
==148748==    by 0x4E1D8B: create_default_config (utils/os_config_init.c:881)
==148748==    by 0x4D8EB0: gf_cfg_init (utils/os_config_init.c:1134)
==148748==    by 0x4D8EB0: gf_init_global_config (???:1275)
==148748==    by 0x46F8C3: gf_sys_init (utils/os_divers.c:1549)
==148748==    by 0x419EF9: mp4box_main (mp4box.c:6197)
==148748==    by 0x11DA0D0: (below main) (in /run/media/user/8ed8205b-4114-4c2a-b2d0-e2ad6640262d/gpac/runtime/gpac_afl/bin/gcc/MP4Box)
==148748== 
==148748== Conditional jump or move depends on uninitialised value(s)
==148748==    at 0x4D730A: get_default_install_path (utils/os_config_init.c:427)
==148748==    by 0x4D7D66: get_default_install_path (utils/os_config_init.c:578)
==148748==    by 0x4E1D8B: create_default_config (utils/os_config_init.c:881)
==148748==    by 0x4D8EB0: gf_cfg_init (utils/os_config_init.c:1134)
==148748==    by 0x4D8EB0: gf_init_global_config (???:1275)
==148748==    by 0x46F8C3: gf_sys_init (utils/os_divers.c:1549)
==148748==    by 0x419EF9: mp4box_main (mp4box.c:6197)
==148748==    by 0x11DA0D0: (below main) (in /run/media/user/8ed8205b-4114-4c2a-b2d0-e2ad6640262d/gpac/runtime/gpac_afl/bin/gcc/MP4Box)
==148748== 
==148748== Use of uninitialised value of size 8
==148748==    at 0x4D7334: get_default_install_path (utils/os_config_init.c:0)
==148748==    by 0x4D7D66: get_default_install_path (utils/os_config_init.c:578)
==148748==    by 0x4E1D8B: create_default_config (utils/os_config_init.c:881)
==148748==    by 0x4D8EB0: gf_cfg_init (utils/os_config_init.c:1134)
==148748==    by 0x4D8EB0: gf_init_global_config (???:1275)
==148748==    by 0x46F8C3: gf_sys_init (utils/os_divers.c:1549)
==148748==    by 0x419EF9: mp4box_main (mp4box.c:6197)
==148748==    by 0x11DA0D0: (below main) (in /run/media/user/8ed8205b-4114-4c2a-b2d0-e2ad6640262d/gpac/runtime/gpac_afl/bin/gcc/MP4Box)
==148748== 
==148748== Conditional jump or move depends on uninitialised value(s)
==148748==    at 0x12336F2: __strstr_sse2_unaligned (in /run/media/user/8ed8205b-4114-4c2a-b2d0-e2ad6640262d/gpac/runtime/gpac_afl/bin/gcc/MP4Box)
==148748==    by 0x4D8470: get_default_install_path (utils/os_config_init.c:582)
==148748==    by 0x4E1D8B: create_default_config (utils/os_config_init.c:881)
==148748==    by 0x4D8EB0: gf_cfg_init (utils/os_config_init.c:1134)
==148748==    by 0x4D8EB0: gf_init_global_config (???:1275)
==148748==    by 0x46F8C3: gf_sys_init (utils/os_divers.c:1549)
==148748==    by 0x419EF9: mp4box_main (mp4box.c:6197)
==148748==    by 0x11DA0D0: (below main) (in /run/media/user/8ed8205b-4114-4c2a-b2d0-e2ad6640262d/gpac/runtime/gpac_afl/bin/gcc/MP4Box)
==148748== 
==148748== Conditional jump or move depends on uninitialised value(s)
==148748==    at 0x121FDDD: __strcmp_avx2 (in /run/media/user/8ed8205b-4114-4c2a-b2d0-e2ad6640262d/gpac/runtime/gpac_afl/bin/gcc/MP4Box)
==148748==    by 0x4AE3AB: gf_cfg_set_key_internal (utils/configfile.c:433)
==148748==    by 0x4E1DFF: create_default_config (utils/os_config_init.c:885)
==148748==    by 0x4D8EB0: gf_cfg_init (utils/os_config_init.c:1134)
==148748==    by 0x4D8EB0: gf_init_global_config (???:1275)
==148748==    by 0x46F8C3: gf_sys_init (utils/os_divers.c:1549)
==148748==    by 0x419EF9: mp4box_main (mp4box.c:6197)
==148748==    by 0x11DA0D0: (below main) (in /run/media/user/8ed8205b-4114-4c2a-b2d0-e2ad6640262d/gpac/runtime/gpac_afl/bin/gcc/MP4Box)
==148748== 
==148748== Conditional jump or move depends on uninitialised value(s)
==148748==    at 0x121FDDD: __strcmp_avx2 (in /run/media/user/8ed8205b-4114-4c2a-b2d0-e2ad6640262d/gpac/runtime/gpac_afl/bin/gcc/MP4Box)
==148748==    by 0x4AE4FB: gf_cfg_set_key_internal (utils/configfile.c:446)
==148748==    by 0x4E1DFF: create_default_config (utils/os_config_init.c:885)
==148748==    by 0x4D8EB0: gf_cfg_init (utils/os_config_init.c:1134)
==148748==    by 0x4D8EB0: gf_init_global_config (???:1275)
==148748==    by 0x46F8C3: gf_sys_init (utils/os_divers.c:1549)
==148748==    by 0x419EF9: mp4box_main (mp4box.c:6197)
==148748==    by 0x11DA0D0: (below main) (in /run/media/user/8ed8205b-4114-4c2a-b2d0-e2ad6640262d/gpac/runtime/gpac_afl/bin/gcc/MP4Box)
==148748== 
==148748== Conditional jump or move depends on uninitialised value(s)
==148748==    at 0x121FDDD: __strcmp_avx2 (in /run/media/user/8ed8205b-4114-4c2a-b2d0-e2ad6640262d/gpac/runtime/gpac_afl/bin/gcc/MP4Box)
==148748==    by 0x4AE3AB: gf_cfg_set_key_internal (utils/configfile.c:433)
==148748==    by 0x4E1E97: create_default_config (utils/os_config_init.c:889)
==148748==    by 0x4D8EB0: gf_cfg_init (utils/os_config_init.c:1134)
==148748==    by 0x4D8EB0: gf_init_global_config (???:1275)
==148748==    by 0x46F8C3: gf_sys_init (utils/os_divers.c:1549)
==148748==    by 0x419EF9: mp4box_main (mp4box.c:6197)
==148748==    by 0x11DA0D0: (below main) (in /run/media/user/8ed8205b-4114-4c2a-b2d0-e2ad6640262d/gpac/runtime/gpac_afl/bin/gcc/MP4Box)
==148748== 
==148748== Conditional jump or move depends on uninitialised value(s)
==148748==    at 0x121FDDD: __strcmp_avx2 (in /run/media/user/8ed8205b-4114-4c2a-b2d0-e2ad6640262d/gpac/runtime/gpac_afl/bin/gcc/MP4Box)
==148748==    by 0x4AE4FB: gf_cfg_set_key_internal (utils/configfile.c:446)
==148748==    by 0x4E1E97: create_default_config (utils/os_config_init.c:889)
==148748==    by 0x4D8EB0: gf_cfg_init (utils/os_config_init.c:1134)
==148748==    by 0x4D8EB0: gf_init_global_config (???:1275)
==148748==    by 0x46F8C3: gf_sys_init (utils/os_divers.c:1549)
==148748==    by 0x419EF9: mp4box_main (mp4box.c:6197)
==148748==    by 0x11DA0D0: (below main) (in /run/media/user/8ed8205b-4114-4c2a-b2d0-e2ad6640262d/gpac/runtime/gpac_afl/bin/gcc/MP4Box)
==148748== 
==148748== Conditional jump or move depends on uninitialised value(s)
==148748==    at 0x121FDDD: __strcmp_avx2 (in /run/media/user/8ed8205b-4114-4c2a-b2d0-e2ad6640262d/gpac/runtime/gpac_afl/bin/gcc/MP4Box)
==148748==    by 0x4AE3AB: gf_cfg_set_key_internal (utils/configfile.c:433)
==148748==    by 0x4E1ED2: create_default_config (utils/os_config_init.c:893)
==148748==    by 0x4D8EB0: gf_cfg_init (utils/os_config_init.c:1134)
==148748==    by 0x4D8EB0: gf_init_global_config (???:1275)
==148748==    by 0x46F8C3: gf_sys_init (utils/os_divers.c:1549)
==148748==    by 0x419EF9: mp4box_main (mp4box.c:6197)
==148748==    by 0x11DA0D0: (below main) (in /run/media/user/8ed8205b-4114-4c2a-b2d0-e2ad6640262d/gpac/runtime/gpac_afl/bin/gcc/MP4Box)
==148748== 
==148748== Conditional jump or move depends on uninitialised value(s)
==148748==    at 0x121FDDD: __strcmp_avx2 (in /run/media/user/8ed8205b-4114-4c2a-b2d0-e2ad6640262d/gpac/runtime/gpac_afl/bin/gcc/MP4Box)
==148748==    by 0x4AE3AB: gf_cfg_set_key_internal (utils/configfile.c:433)
==148748==    by 0x4E1F0A: create_default_config (utils/os_config_init.c:895)
==148748==    by 0x4D8EB0: gf_cfg_init (utils/os_config_init.c:1134)
==148748==    by 0x4D8EB0: gf_init_global_config (???:1275)
==148748==    by 0x46F8C3: gf_sys_init (utils/os_divers.c:1549)
==148748==    by 0x419EF9: mp4box_main (mp4box.c:6197)
==148748==    by 0x11DA0D0: (below main) (in /run/media/user/8ed8205b-4114-4c2a-b2d0-e2ad6640262d/gpac/runtime/gpac_afl/bin/gcc/MP4Box)
==148748== 
==148748== Conditional jump or move depends on uninitialised value(s)
==148748==    at 0x121FDDD: __strcmp_avx2 (in /run/media/user/8ed8205b-4114-4c2a-b2d0-e2ad6640262d/gpac/runtime/gpac_afl/bin/gcc/MP4Box)
==148748==    by 0x4AE4FB: gf_cfg_set_key_internal (utils/configfile.c:446)
==148748==    by 0x4E1F0A: create_default_config (utils/os_config_init.c:895)
==148748==    by 0x4D8EB0: gf_cfg_init (utils/os_config_init.c:1134)
==148748==    by 0x4D8EB0: gf_init_global_config (???:1275)
==148748==    by 0x46F8C3: gf_sys_init (utils/os_divers.c:1549)
==148748==    by 0x419EF9: mp4box_main (mp4box.c:6197)
==148748==    by 0x11DA0D0: (below main) (in /run/media/user/8ed8205b-4114-4c2a-b2d0-e2ad6640262d/gpac/runtime/gpac_afl/bin/gcc/MP4Box)
==148748== 
==148748== Conditional jump or move depends on uninitialised value(s)
==148748==    at 0x121FDDD: __strcmp_avx2 (in /run/media/user/8ed8205b-4114-4c2a-b2d0-e2ad6640262d/gpac/runtime/gpac_afl/bin/gcc/MP4Box)
==148748==    by 0x4AE96B: gf_cfg_get_key_count (utils/configfile.c:507)
==148748==    by 0x4E1FF0: create_default_config (utils/os_config_init.c:907)
==148748==    by 0x4D8EB0: gf_cfg_init (utils/os_config_init.c:1134)
==148748==    by 0x4D8EB0: gf_init_global_config (???:1275)
==148748==    by 0x46F8C3: gf_sys_init (utils/os_divers.c:1549)
==148748==    by 0x419EF9: mp4box_main (mp4box.c:6197)
==148748==    by 0x11DA0D0: (below main) (in /run/media/user/8ed8205b-4114-4c2a-b2d0-e2ad6640262d/gpac/runtime/gpac_afl/bin/gcc/MP4Box)
==148748== 
==148748== Conditional jump or move depends on uninitialised value(s)
==148748==    at 0x121FDDD: __strcmp_avx2 (in /run/media/user/8ed8205b-4114-4c2a-b2d0-e2ad6640262d/gpac/runtime/gpac_afl/bin/gcc/MP4Box)
==148748==    by 0x4AEAAB: gf_cfg_get_key_name (utils/configfile.c:518)
==148748==    by 0x4E202A: create_default_config (utils/os_config_init.c:909)
==148748==    by 0x4D8EB0: gf_cfg_init (utils/os_config_init.c:1134)
==148748==    by 0x4D8EB0: gf_init_global_config (???:1275)
==148748==    by 0x46F8C3: gf_sys_init (utils/os_divers.c:1549)
==148748==    by 0x419EF9: mp4box_main (mp4box.c:6197)
==148748==    by 0x11DA0D0: (below main) (in /run/media/user/8ed8205b-4114-4c2a-b2d0-e2ad6640262d/gpac/runtime/gpac_afl/bin/gcc/MP4Box)
==148748== 
==148748== Conditional jump or move depends on uninitialised value(s)
==148748==    at 0x121FDDD: __strcmp_avx2 (in /run/media/user/8ed8205b-4114-4c2a-b2d0-e2ad6640262d/gpac/runtime/gpac_afl/bin/gcc/MP4Box)
==148748==    by 0x4AE16A: gf_cfg_get_key_internal (utils/configfile.c:377)
==148748==    by 0x4AE16A: gf_cfg_get_key (???:395)
==148748==    by 0x4E2043: create_default_config (utils/os_config_init.c:910)
==148748==    by 0x4D8EB0: gf_cfg_init (utils/os_config_init.c:1134)
==148748==    by 0x4D8EB0: gf_init_global_config (???:1275)
==148748==    by 0x46F8C3: gf_sys_init (utils/os_divers.c:1549)
==148748==    by 0x419EF9: mp4box_main (mp4box.c:6197)
==148748==    by 0x11DA0D0: (below main) (in /run/media/user/8ed8205b-4114-4c2a-b2d0-e2ad6640262d/gpac/runtime/gpac_afl/bin/gcc/MP4Box)
==148748== 
==148748== Conditional jump or move depends on uninitialised value(s)
==148748==    at 0x121FDDD: __strcmp_avx2 (in /run/media/user/8ed8205b-4114-4c2a-b2d0-e2ad6640262d/gpac/runtime/gpac_afl/bin/gcc/MP4Box)
==148748==    by 0x4AE22B: gf_cfg_get_key_internal (utils/configfile.c:384)
==148748==    by 0x4AE22B: gf_cfg_get_key (???:395)
==148748==    by 0x4E2043: create_default_config (utils/os_config_init.c:910)
==148748==    by 0x4D8EB0: gf_cfg_init (utils/os_config_init.c:1134)
==148748==    by 0x4D8EB0: gf_init_global_config (???:1275)
==148748==    by 0x46F8C3: gf_sys_init (utils/os_divers.c:1549)
==148748==    by 0x419EF9: mp4box_main (mp4box.c:6197)
==148748==    by 0x11DA0D0: (below main) (in /run/media/user/8ed8205b-4114-4c2a-b2d0-e2ad6640262d/gpac/runtime/gpac_afl/bin/gcc/MP4Box)
==148748== 
==148748== Conditional jump or move depends on uninitialised value(s)
==148748==    at 0x121FDDD: __strcmp_avx2 (in /run/media/user/8ed8205b-4114-4c2a-b2d0-e2ad6640262d/gpac/runtime/gpac_afl/bin/gcc/MP4Box)
==148748==    by 0x4AE3AB: gf_cfg_set_key_internal (utils/configfile.c:433)
==148748==    by 0x4E205D: create_default_config (utils/os_config_init.c:911)
==148748==    by 0x4D8EB0: gf_cfg_init (utils/os_config_init.c:1134)
==148748==    by 0x4D8EB0: gf_init_global_config (???:1275)
==148748==    by 0x46F8C3: gf_sys_init (utils/os_divers.c:1549)
==148748==    by 0x419EF9: mp4box_main (mp4box.c:6197)
==148748==    by 0x11DA0D0: (below main) (in /run/media/user/8ed8205b-4114-4c2a-b2d0-e2ad6640262d/gpac/runtime/gpac_afl/bin/gcc/MP4Box)
==148748== 
==148748== Conditional jump or move depends on uninitialised value(s)
==148748==    at 0x121FDDD: __strcmp_avx2 (in /run/media/user/8ed8205b-4114-4c2a-b2d0-e2ad6640262d/gpac/runtime/gpac_afl/bin/gcc/MP4Box)
==148748==    by 0x4AEAAB: gf_cfg_get_key_name (utils/configfile.c:518)
==148748==    by 0x4E20AC: create_default_config (utils/os_config_init.c:909)
==148748==    by 0x4D8EB0: gf_cfg_init (utils/os_config_init.c:1134)
==148748==    by 0x4D8EB0: gf_init_global_config (???:1275)
==148748==    by 0x46F8C3: gf_sys_init (utils/os_divers.c:1549)
==148748==    by 0x419EF9: mp4box_main (mp4box.c:6197)
==148748==    by 0x11DA0D0: (below main) (in /run/media/user/8ed8205b-4114-4c2a-b2d0-e2ad6640262d/gpac/runtime/gpac_afl/bin/gcc/MP4Box)
==148748== 
==148748== Conditional jump or move depends on uninitialised value(s)
==148748==    at 0x121FDDD: __strcmp_avx2 (in /run/media/user/8ed8205b-4114-4c2a-b2d0-e2ad6640262d/gpac/runtime/gpac_afl/bin/gcc/MP4Box)
==148748==    by 0x4AE16A: gf_cfg_get_key_internal (utils/configfile.c:377)
==148748==    by 0x4AE16A: gf_cfg_get_key (???:395)
==148748==    by 0x4E20BD: create_default_config (utils/os_config_init.c:910)
==148748==    by 0x4D8EB0: gf_cfg_init (utils/os_config_init.c:1134)
==148748==    by 0x4D8EB0: gf_init_global_config (???:1275)
==148748==    by 0x46F8C3: gf_sys_init (utils/os_divers.c:1549)
==148748==    by 0x419EF9: mp4box_main (mp4box.c:6197)
==148748==    by 0x11DA0D0: (below main) (in /run/media/user/8ed8205b-4114-4c2a-b2d0-e2ad6640262d/gpac/runtime/gpac_afl/bin/gcc/MP4Box)
==148748== 
==148748== Conditional jump or move depends on uninitialised value(s)
==148748==    at 0x121FDDD: __strcmp_avx2 (in /run/media/user/8ed8205b-4114-4c2a-b2d0-e2ad6640262d/gpac/runtime/gpac_afl/bin/gcc/MP4Box)
==148748==    by 0x4AE22B: gf_cfg_get_key_internal (utils/configfile.c:384)
==148748==    by 0x4AE22B: gf_cfg_get_key (???:395)
==148748==    by 0x4E20BD: create_default_config (utils/os_config_init.c:910)
==148748==    by 0x4D8EB0: gf_cfg_init (utils/os_config_init.c:1134)
==148748==    by 0x4D8EB0: gf_init_global_config (???:1275)
==148748==    by 0x46F8C3: gf_sys_init (utils/os_divers.c:1549)
==148748==    by 0x419EF9: mp4box_main (mp4box.c:6197)
==148748==    by 0x11DA0D0: (below main) (in /run/media/user/8ed8205b-4114-4c2a-b2d0-e2ad6640262d/gpac/runtime/gpac_afl/bin/gcc/MP4Box)
==148748== 
==148748== Conditional jump or move depends on uninitialised value(s)
==148748==    at 0x121FDDD: __strcmp_avx2 (in /run/media/user/8ed8205b-4114-4c2a-b2d0-e2ad6640262d/gpac/runtime/gpac_afl/bin/gcc/MP4Box)
==148748==    by 0x4AE3AB: gf_cfg_set_key_internal (utils/configfile.c:433)
==148748==    by 0x4E20CE: create_default_config (utils/os_config_init.c:911)
==148748==    by 0x4D8EB0: gf_cfg_init (utils/os_config_init.c:1134)
==148748==    by 0x4D8EB0: gf_init_global_config (???:1275)
==148748==    by 0x46F8C3: gf_sys_init (utils/os_divers.c:1549)
==148748==    by 0x419EF9: mp4box_main (mp4box.c:6197)
==148748==    by 0x11DA0D0: (below main) (in /run/media/user/8ed8205b-4114-4c2a-b2d0-e2ad6640262d/gpac/runtime/gpac_afl/bin/gcc/MP4Box)
==148748== 
==148748== Conditional jump or move depends on uninitialised value(s)
==148748==    at 0x121FDDD: __strcmp_avx2 (in /run/media/user/8ed8205b-4114-4c2a-b2d0-e2ad6640262d/gpac/runtime/gpac_afl/bin/gcc/MP4Box)
==148748==    by 0x4AE4FB: gf_cfg_set_key_internal (utils/configfile.c:446)
==148748==    by 0x4E20CE: create_default_config (utils/os_config_init.c:911)
==148748==    by 0x4D8EB0: gf_cfg_init (utils/os_config_init.c:1134)
==148748==    by 0x4D8EB0: gf_init_global_config (???:1275)
==148748==    by 0x46F8C3: gf_sys_init (utils/os_divers.c:1549)
==148748==    by 0x419EF9: mp4box_main (mp4box.c:6197)
==148748==    by 0x11DA0D0: (below main) (in /run/media/user/8ed8205b-4114-4c2a-b2d0-e2ad6640262d/gpac/runtime/gpac_afl/bin/gcc/MP4Box)
==148748== 
==148748== Conditional jump or move depends on uninitialised value(s)
==148748==    at 0x1220148: __strcmp_avx2 (in /run/media/user/8ed8205b-4114-4c2a-b2d0-e2ad6640262d/gpac/runtime/gpac_afl/bin/gcc/MP4Box)
==148748==    by 0x4AE96B: gf_cfg_get_key_count (utils/configfile.c:507)
==148748==    by 0x4E1FF0: create_default_config (utils/os_config_init.c:907)
==148748==    by 0x4D8EB0: gf_cfg_init (utils/os_config_init.c:1134)
==148748==    by 0x4D8EB0: gf_init_global_config (???:1275)
==148748==    by 0x46F8C3: gf_sys_init (utils/os_divers.c:1549)
==148748==    by 0x419EF9: mp4box_main (mp4box.c:6197)
==148748==    by 0x11DA0D0: (below main) (in /run/media/user/8ed8205b-4114-4c2a-b2d0-e2ad6640262d/gpac/runtime/gpac_afl/bin/gcc/MP4Box)
==148748== 
==148748== Conditional jump or move depends on uninitialised value(s)
==148748==    at 0x1220148: __strcmp_avx2 (in /run/media/user/8ed8205b-4114-4c2a-b2d0-e2ad6640262d/gpac/runtime/gpac_afl/bin/gcc/MP4Box)
==148748==    by 0x4AEAAB: gf_cfg_get_key_name (utils/configfile.c:518)
==148748==    by 0x4E202A: create_default_config (utils/os_config_init.c:909)
==148748==    by 0x4D8EB0: gf_cfg_init (utils/os_config_init.c:1134)
==148748==    by 0x4D8EB0: gf_init_global_config (???:1275)
==148748==    by 0x46F8C3: gf_sys_init (utils/os_divers.c:1549)
==148748==    by 0x419EF9: mp4box_main (mp4box.c:6197)
==148748==    by 0x11DA0D0: (below main) (in /run/media/user/8ed8205b-4114-4c2a-b2d0-e2ad6640262d/gpac/runtime/gpac_afl/bin/gcc/MP4Box)
==148748== 
==148748== Conditional jump or move depends on uninitialised value(s)
==148748==    at 0x1220148: __strcmp_avx2 (in /run/media/user/8ed8205b-4114-4c2a-b2d0-e2ad6640262d/gpac/runtime/gpac_afl/bin/gcc/MP4Box)
==148748==    by 0x4AE16A: gf_cfg_get_key_internal (utils/configfile.c:377)
==148748==    by 0x4AE16A: gf_cfg_get_key (???:395)
==148748==    by 0x4E2043: create_default_config (utils/os_config_init.c:910)
==148748==    by 0x4D8EB0: gf_cfg_init (utils/os_config_init.c:1134)
==148748==    by 0x4D8EB0: gf_init_global_config (???:1275)
==148748==    by 0x46F8C3: gf_sys_init (utils/os_divers.c:1549)
==148748==    by 0x419EF9: mp4box_main (mp4box.c:6197)
==148748==    by 0x11DA0D0: (below main) (in /run/media/user/8ed8205b-4114-4c2a-b2d0-e2ad6640262d/gpac/runtime/gpac_afl/bin/gcc/MP4Box)
==148748== 
==148748== Conditional jump or move depends on uninitialised value(s)
==148748==    at 0x1220148: __strcmp_avx2 (in /run/media/user/8ed8205b-4114-4c2a-b2d0-e2ad6640262d/gpac/runtime/gpac_afl/bin/gcc/MP4Box)
==148748==    by 0x4AE22B: gf_cfg_get_key_internal (utils/configfile.c:384)
==148748==    by 0x4AE22B: gf_cfg_get_key (???:395)
==148748==    by 0x4E2043: create_default_config (utils/os_config_init.c:910)
==148748==    by 0x4D8EB0: gf_cfg_init (utils/os_config_init.c:1134)
==148748==    by 0x4D8EB0: gf_init_global_config (???:1275)
==148748==    by 0x46F8C3: gf_sys_init (utils/os_divers.c:1549)
==148748==    by 0x419EF9: mp4box_main (mp4box.c:6197)
==148748==    by 0x11DA0D0: (below main) (in /run/media/user/8ed8205b-4114-4c2a-b2d0-e2ad6640262d/gpac/runtime/gpac_afl/bin/gcc/MP4Box)
==148748== 
==148748== Conditional jump or move depends on uninitialised value(s)
==148748==    at 0x1224E67: __strncasecmp_l_avx2 (in /run/media/user/8ed8205b-4114-4c2a-b2d0-e2ad6640262d/gpac/runtime/gpac_afl/bin/gcc/MP4Box)
==148748==    by 0x4AE36C: gf_cfg_set_key_internal (utils/configfile.c:429)
==148748==    by 0x4E205D: create_default_config (utils/os_config_init.c:911)
==148748==    by 0x4D8EB0: gf_cfg_init (utils/os_config_init.c:1134)
==148748==    by 0x4D8EB0: gf_init_global_config (???:1275)
==148748==    by 0x46F8C3: gf_sys_init (utils/os_divers.c:1549)
==148748==    by 0x419EF9: mp4box_main (mp4box.c:6197)
==148748==    by 0x11DA0D0: (below main) (in /run/media/user/8ed8205b-4114-4c2a-b2d0-e2ad6640262d/gpac/runtime/gpac_afl/bin/gcc/MP4Box)
==148748== 
==148748== Conditional jump or move depends on uninitialised value(s)
==148748==    at 0x1220148: __strcmp_avx2 (in /run/media/user/8ed8205b-4114-4c2a-b2d0-e2ad6640262d/gpac/runtime/gpac_afl/bin/gcc/MP4Box)
==148748==    by 0x4AE3AB: gf_cfg_set_key_internal (utils/configfile.c:433)
==148748==    by 0x4E205D: create_default_config (utils/os_config_init.c:911)
==148748==    by 0x4D8EB0: gf_cfg_init (utils/os_config_init.c:1134)
==148748==    by 0x4D8EB0: gf_init_global_config (???:1275)
==148748==    by 0x46F8C3: gf_sys_init (utils/os_divers.c:1549)
==148748==    by 0x419EF9: mp4box_main (mp4box.c:6197)
==148748==    by 0x11DA0D0: (below main) (in /run/media/user/8ed8205b-4114-4c2a-b2d0-e2ad6640262d/gpac/runtime/gpac_afl/bin/gcc/MP4Box)
==148748== 
==148748== Conditional jump or move depends on uninitialised value(s)
==148748==    at 0x1220148: __strcmp_avx2 (in /run/media/user/8ed8205b-4114-4c2a-b2d0-e2ad6640262d/gpac/runtime/gpac_afl/bin/gcc/MP4Box)
==148748==    by 0x4AEAAB: gf_cfg_get_key_name (utils/configfile.c:518)
==148748==    by 0x4E20AC: create_default_config (utils/os_config_init.c:909)
==148748==    by 0x4D8EB0: gf_cfg_init (utils/os_config_init.c:1134)
==148748==    by 0x4D8EB0: gf_init_global_config (???:1275)
==148748==    by 0x46F8C3: gf_sys_init (utils/os_divers.c:1549)
==148748==    by 0x419EF9: mp4box_main (mp4box.c:6197)
==148748==    by 0x11DA0D0: (below main) (in /run/media/user/8ed8205b-4114-4c2a-b2d0-e2ad6640262d/gpac/runtime/gpac_afl/bin/gcc/MP4Box)
==148748== 
==148748== Conditional jump or move depends on uninitialised value(s)
==148748==    at 0x1220148: __strcmp_avx2 (in /run/media/user/8ed8205b-4114-4c2a-b2d0-e2ad6640262d/gpac/runtime/gpac_afl/bin/gcc/MP4Box)
==148748==    by 0x4AE16A: gf_cfg_get_key_internal (utils/configfile.c:377)
==148748==    by 0x4AE16A: gf_cfg_get_key (???:395)
==148748==    by 0x4E20BD: create_default_config (utils/os_config_init.c:910)
==148748==    by 0x4D8EB0: gf_cfg_init (utils/os_config_init.c:1134)
==148748==    by 0x4D8EB0: gf_init_global_config (???:1275)
==148748==    by 0x46F8C3: gf_sys_init (utils/os_divers.c:1549)
==148748==    by 0x419EF9: mp4box_main (mp4box.c:6197)
==148748==    by 0x11DA0D0: (below main) (in /run/media/user/8ed8205b-4114-4c2a-b2d0-e2ad6640262d/gpac/runtime/gpac_afl/bin/gcc/MP4Box)
==148748== 
==148748== Conditional jump or move depends on uninitialised value(s)
==148748==    at 0x1220148: __strcmp_avx2 (in /run/media/user/8ed8205b-4114-4c2a-b2d0-e2ad6640262d/gpac/runtime/gpac_afl/bin/gcc/MP4Box)
==148748==    by 0x4AE22B: gf_cfg_get_key_internal (utils/configfile.c:384)
==148748==    by 0x4AE22B: gf_cfg_get_key (???:395)
==148748==    by 0x4E20BD: create_default_config (utils/os_config_init.c:910)
==148748==    by 0x4D8EB0: gf_cfg_init (utils/os_config_init.c:1134)
==148748==    by 0x4D8EB0: gf_init_global_config (???:1275)
==148748==    by 0x46F8C3: gf_sys_init (utils/os_divers.c:1549)
==148748==    by 0x419EF9: mp4box_main (mp4box.c:6197)
==148748==    by 0x11DA0D0: (below main) (in /run/media/user/8ed8205b-4114-4c2a-b2d0-e2ad6640262d/gpac/runtime/gpac_afl/bin/gcc/MP4Box)
==148748== 
==148748== Conditional jump or move depends on uninitialised value(s)
==148748==    at 0x1224E67: __strncasecmp_l_avx2 (in /run/media/user/8ed8205b-4114-4c2a-b2d0-e2ad6640262d/gpac/runtime/gpac_afl/bin/gcc/MP4Box)
==148748==    by 0x4AE36C: gf_cfg_set_key_internal (utils/configfile.c:429)
==148748==    by 0x4E20CE: create_default_config (utils/os_config_init.c:911)
==148748==    by 0x4D8EB0: gf_cfg_init (utils/os_config_init.c:1134)
==148748==    by 0x4D8EB0: gf_init_global_config (???:1275)
==148748==    by 0x46F8C3: gf_sys_init (utils/os_divers.c:1549)
==148748==    by 0x419EF9: mp4box_main (mp4box.c:6197)
==148748==    by 0x11DA0D0: (below main) (in /run/media/user/8ed8205b-4114-4c2a-b2d0-e2ad6640262d/gpac/runtime/gpac_afl/bin/gcc/MP4Box)
==148748== 
==148748== Conditional jump or move depends on uninitialised value(s)
==148748==    at 0x1220148: __strcmp_avx2 (in /run/media/user/8ed8205b-4114-4c2a-b2d0-e2ad6640262d/gpac/runtime/gpac_afl/bin/gcc/MP4Box)
==148748==    by 0x4AE3AB: gf_cfg_set_key_internal (utils/configfile.c:433)
==148748==    by 0x4E20CE: create_default_config (utils/os_config_init.c:911)
==148748==    by 0x4D8EB0: gf_cfg_init (utils/os_config_init.c:1134)
==148748==    by 0x4D8EB0: gf_init_global_config (???:1275)
==148748==    by 0x46F8C3: gf_sys_init (utils/os_divers.c:1549)
==148748==    by 0x419EF9: mp4box_main (mp4box.c:6197)
==148748==    by 0x11DA0D0: (below main) (in /run/media/user/8ed8205b-4114-4c2a-b2d0-e2ad6640262d/gpac/runtime/gpac_afl/bin/gcc/MP4Box)
==148748== 
==148748== Conditional jump or move depends on uninitialised value(s)
==148748==    at 0x120DC70: free (in /run/media/user/8ed8205b-4114-4c2a-b2d0-e2ad6640262d/gpac/runtime/gpac_afl/bin/gcc/MP4Box)
==148748==    by 0x4AEE1C: DelSection (utils/configfile.c:60)
==148748==    by 0x4ADD46: gf_cfg_clear (utils/configfile.c:80)
==148748==    by 0x4ADD46: gf_cfg_del (???:352)
==148748==    by 0x4E21C6: create_default_config (utils/os_config_init.c:915)
==148748==    by 0x4D8EB0: gf_cfg_init (utils/os_config_init.c:1134)
==148748==    by 0x4D8EB0: gf_init_global_config (???:1275)
==148748==    by 0x46F8C3: gf_sys_init (utils/os_divers.c:1549)
==148748==    by 0x419EF9: mp4box_main (mp4box.c:6197)
==148748==    by 0x11DA0D0: (below main) (in /run/media/user/8ed8205b-4114-4c2a-b2d0-e2ad6640262d/gpac/runtime/gpac_afl/bin/gcc/MP4Box)
==148748== 
==148748== Conditional jump or move depends on uninitialised value(s)
==148748==    at 0x120DC70: free (in /run/media/user/8ed8205b-4114-4c2a-b2d0-e2ad6640262d/gpac/runtime/gpac_afl/bin/gcc/MP4Box)
==148748==    by 0x4AEF40: DelSection (utils/configfile.c:60)
==148748==    by 0x4ADD46: gf_cfg_clear (utils/configfile.c:80)
==148748==    by 0x4ADD46: gf_cfg_del (???:352)
==148748==    by 0x4E21C6: create_default_config (utils/os_config_init.c:915)
==148748==    by 0x4D8EB0: gf_cfg_init (utils/os_config_init.c:1134)
==148748==    by 0x4D8EB0: gf_init_global_config (???:1275)
==148748==    by 0x46F8C3: gf_sys_init (utils/os_divers.c:1549)
==148748==    by 0x419EF9: mp4box_main (mp4box.c:6197)
==148748==    by 0x11DA0D0: (below main) (in /run/media/user/8ed8205b-4114-4c2a-b2d0-e2ad6640262d/gpac/runtime/gpac_afl/bin/gcc/MP4Box)
==148748== 
==148748== Conditional jump or move depends on uninitialised value(s)
==148748==    at 0x120DC70: free (in /run/media/user/8ed8205b-4114-4c2a-b2d0-e2ad6640262d/gpac/runtime/gpac_afl/bin/gcc/MP4Box)
==148748==    by 0x4AEE1C: DelSection (utils/configfile.c:60)
==148748==    by 0x4ADD8F: gf_cfg_clear (utils/configfile.c:80)
==148748==    by 0x4ADD8F: gf_cfg_del (???:352)
==148748==    by 0x4E21C6: create_default_config (utils/os_config_init.c:915)
==148748==    by 0x4D8EB0: gf_cfg_init (utils/os_config_init.c:1134)
==148748==    by 0x4D8EB0: gf_init_global_config (???:1275)
==148748==    by 0x46F8C3: gf_sys_init (utils/os_divers.c:1549)
==148748==    by 0x419EF9: mp4box_main (mp4box.c:6197)
==148748==    by 0x11DA0D0: (below main) (in /run/media/user/8ed8205b-4114-4c2a-b2d0-e2ad6640262d/gpac/runtime/gpac_afl/bin/gcc/MP4Box)
==148748== 
==148748== Conditional jump or move depends on uninitialised value(s)
==148748==    at 0x120DC70: free (in /run/media/user/8ed8205b-4114-4c2a-b2d0-e2ad6640262d/gpac/runtime/gpac_afl/bin/gcc/MP4Box)
==148748==    by 0x4AEF40: DelSection (utils/configfile.c:60)
==148748==    by 0x4ADD8F: gf_cfg_clear (utils/configfile.c:80)
==148748==    by 0x4ADD8F: gf_cfg_del (???:352)
==148748==    by 0x4E21C6: create_default_config (utils/os_config_init.c:915)
==148748==    by 0x4D8EB0: gf_cfg_init (utils/os_config_init.c:1134)
==148748==    by 0x4D8EB0: gf_init_global_config (???:1275)
==148748==    by 0x46F8C3: gf_sys_init (utils/os_divers.c:1549)
==148748==    by 0x419EF9: mp4box_main (mp4box.c:6197)
==148748==    by 0x11DA0D0: (below main) (in /run/media/user/8ed8205b-4114-4c2a-b2d0-e2ad6640262d/gpac/runtime/gpac_afl/bin/gcc/MP4Box)
==148748== 
==148748== Conditional jump or move depends on uninitialised value(s)
==148748==    at 0x4D730A: get_default_install_path (utils/os_config_init.c:427)
==148748==    by 0x4D767E: get_default_install_path (utils/os_config_init.c:494)
==148748==    by 0x4E22B7: check_modules_dir (utils/os_config_init.c:962)
==148748==    by 0x4D9290: gf_cfg_init (utils/os_config_init.c:1218)
==148748==    by 0x4D9290: gf_init_global_config (???:1275)
==148748==    by 0x46F8C3: gf_sys_init (utils/os_divers.c:1549)
==148748==    by 0x419EF9: mp4box_main (mp4box.c:6197)
==148748==    by 0x11DA0D0: (below main) (in /run/media/user/8ed8205b-4114-4c2a-b2d0-e2ad6640262d/gpac/runtime/gpac_afl/bin/gcc/MP4Box)
==148748== 
==148748== Use of uninitialised value of size 8
==148748==    at 0x4D7334: get_default_install_path (utils/os_config_init.c:0)
==148748==    by 0x4D767E: get_default_install_path (utils/os_config_init.c:494)
==148748==    by 0x4E22B7: check_modules_dir (utils/os_config_init.c:962)
==148748==    by 0x4D9290: gf_cfg_init (utils/os_config_init.c:1218)
==148748==    by 0x4D9290: gf_init_global_config (???:1275)
==148748==    by 0x46F8C3: gf_sys_init (utils/os_divers.c:1549)
==148748==    by 0x419EF9: mp4box_main (mp4box.c:6197)
==148748==    by 0x11DA0D0: (below main) (in /run/media/user/8ed8205b-4114-4c2a-b2d0-e2ad6640262d/gpac/runtime/gpac_afl/bin/gcc/MP4Box)
==148748== 
==148748== Conditional jump or move depends on uninitialised value(s)
==148748==    at 0x4D7845: get_default_install_path (utils/os_config_init.c:512)
==148748==    by 0x4E22B7: check_modules_dir (utils/os_config_init.c:962)
==148748==    by 0x4D9290: gf_cfg_init (utils/os_config_init.c:1218)
==148748==    by 0x4D9290: gf_init_global_config (???:1275)
==148748==    by 0x46F8C3: gf_sys_init (utils/os_divers.c:1549)
==148748==    by 0x419EF9: mp4box_main (mp4box.c:6197)
==148748==    by 0x11DA0D0: (below main) (in /run/media/user/8ed8205b-4114-4c2a-b2d0-e2ad6640262d/gpac/runtime/gpac_afl/bin/gcc/MP4Box)
==148748== 
==148748== Conditional jump or move depends on uninitialised value(s)
==148748==    at 0x122FE19: __strncpy_avx2 (in /run/media/user/8ed8205b-4114-4c2a-b2d0-e2ad6640262d/gpac/runtime/gpac_afl/bin/gcc/MP4Box)
==148748==    by 0x4D7879: get_default_install_path (utils/os_config_init.c:513)
==148748==    by 0x4E22B7: check_modules_dir (utils/os_config_init.c:962)
==148748==    by 0x4D9290: gf_cfg_init (utils/os_config_init.c:1218)
==148748==    by 0x4D9290: gf_init_global_config (???:1275)
==148748==    by 0x46F8C3: gf_sys_init (utils/os_divers.c:1549)
==148748==    by 0x419EF9: mp4box_main (mp4box.c:6197)
==148748==    by 0x11DA0D0: (below main) (in /run/media/user/8ed8205b-4114-4c2a-b2d0-e2ad6640262d/gpac/runtime/gpac_afl/bin/gcc/MP4Box)
==148748== 
==148748== Use of uninitialised value of size 8
==148748==    at 0x122FE1F: __strncpy_avx2 (in /run/media/user/8ed8205b-4114-4c2a-b2d0-e2ad6640262d/gpac/runtime/gpac_afl/bin/gcc/MP4Box)
==148748==    by 0x4D7879: get_default_install_path (utils/os_config_init.c:513)
==148748==    by 0x4E22B7: check_modules_dir (utils/os_config_init.c:962)
==148748==    by 0x4D9290: gf_cfg_init (utils/os_config_init.c:1218)
==148748==    by 0x4D9290: gf_init_global_config (???:1275)
==148748==    by 0x46F8C3: gf_sys_init (utils/os_divers.c:1549)
==148748==    by 0x419EF9: mp4box_main (mp4box.c:6197)
==148748==    by 0x11DA0D0: (below main) (in /run/media/user/8ed8205b-4114-4c2a-b2d0-e2ad6640262d/gpac/runtime/gpac_afl/bin/gcc/MP4Box)
==148748== 
==148748== Use of uninitialised value of size 8
==148748==    at 0x4D787F: get_default_install_path (utils/os_config_init.c:515)
==148748==    by 0x4E22B7: check_modules_dir (utils/os_config_init.c:962)
==148748==    by 0x4D9290: gf_cfg_init (utils/os_config_init.c:1218)
==148748==    by 0x4D9290: gf_init_global_config (???:1275)
==148748==    by 0x46F8C3: gf_sys_init (utils/os_divers.c:1549)
==148748==    by 0x419EF9: mp4box_main (mp4box.c:6197)
==148748==    by 0x11DA0D0: (below main) (in /run/media/user/8ed8205b-4114-4c2a-b2d0-e2ad6640262d/gpac/runtime/gpac_afl/bin/gcc/MP4Box)
==148748== 
==148748== Conditional jump or move depends on uninitialised value(s)
==148748==    at 0x4D78B7: get_default_install_path (utils/os_config_init.c:519)
==148748==    by 0x4E22B7: check_modules_dir (utils/os_config_init.c:962)
==148748==    by 0x4D9290: gf_cfg_init (utils/os_config_init.c:1218)
==148748==    by 0x4D9290: gf_init_global_config (???:1275)
==148748==    by 0x46F8C3: gf_sys_init (utils/os_divers.c:1549)
==148748==    by 0x419EF9: mp4box_main (mp4box.c:6197)
==148748==    by 0x11DA0D0: (below main) (in /run/media/user/8ed8205b-4114-4c2a-b2d0-e2ad6640262d/gpac/runtime/gpac_afl/bin/gcc/MP4Box)
==148748== 
==148748== Conditional jump or move depends on uninitialised value(s)
==148748==    at 0x122C2C7: __strncmp_avx2 (in /run/media/user/8ed8205b-4114-4c2a-b2d0-e2ad6640262d/gpac/runtime/gpac_afl/bin/gcc/MP4Box)
==148748==    by 0x4D78CF: get_default_install_path (utils/os_config_init.c:519)
==148748==    by 0x4E22B7: check_modules_dir (utils/os_config_init.c:962)
==148748==    by 0x4D9290: gf_cfg_init (utils/os_config_init.c:1218)
==148748==    by 0x4D9290: gf_init_global_config (???:1275)
==148748==    by 0x46F8C3: gf_sys_init (utils/os_divers.c:1549)
==148748==    by 0x419EF9: mp4box_main (mp4box.c:6197)
==148748==    by 0x11DA0D0: (below main) (in /run/media/user/8ed8205b-4114-4c2a-b2d0-e2ad6640262d/gpac/runtime/gpac_afl/bin/gcc/MP4Box)
==148748== 
==148748== Conditional jump or move depends on uninitialised value(s)
==148748==    at 0x122C688: __strncmp_avx2 (in /run/media/user/8ed8205b-4114-4c2a-b2d0-e2ad6640262d/gpac/runtime/gpac_afl/bin/gcc/MP4Box)
==148748==    by 0x4D78CF: get_default_install_path (utils/os_config_init.c:519)
==148748==    by 0x4E22B7: check_modules_dir (utils/os_config_init.c:962)
==148748==    by 0x4D9290: gf_cfg_init (utils/os_config_init.c:1218)
==148748==    by 0x4D9290: gf_init_global_config (???:1275)
==148748==    by 0x46F8C3: gf_sys_init (utils/os_divers.c:1549)
==148748==    by 0x419EF9: mp4box_main (mp4box.c:6197)
==148748==    by 0x11DA0D0: (below main) (in /run/media/user/8ed8205b-4114-4c2a-b2d0-e2ad6640262d/gpac/runtime/gpac_afl/bin/gcc/MP4Box)
==148748== 
==148748== Use of uninitialised value of size 8
==148748==    at 0x122C2CD: __strncmp_avx2 (in /run/media/user/8ed8205b-4114-4c2a-b2d0-e2ad6640262d/gpac/runtime/gpac_afl/bin/gcc/MP4Box)
==148748==    by 0x4D78CF: get_default_install_path (utils/os_config_init.c:519)
==148748==    by 0x4E22B7: check_modules_dir (utils/os_config_init.c:962)
==148748==    by 0x4D9290: gf_cfg_init (utils/os_config_init.c:1218)
==148748==    by 0x4D9290: gf_init_global_config (???:1275)
==148748==    by 0x46F8C3: gf_sys_init (utils/os_divers.c:1549)
==148748==    by 0x419EF9: mp4box_main (mp4box.c:6197)
==148748==    by 0x11DA0D0: (below main) (in /run/media/user/8ed8205b-4114-4c2a-b2d0-e2ad6640262d/gpac/runtime/gpac_afl/bin/gcc/MP4Box)
==148748== 
==148748== Use of uninitialised value of size 8
==148748==    at 0x122C2EF: __strncmp_avx2 (in /run/media/user/8ed8205b-4114-4c2a-b2d0-e2ad6640262d/gpac/runtime/gpac_afl/bin/gcc/MP4Box)
==148748==    by 0x4D78CF: get_default_install_path (utils/os_config_init.c:519)
==148748==    by 0x4E22B7: check_modules_dir (utils/os_config_init.c:962)
==148748==    by 0x4D9290: gf_cfg_init (utils/os_config_init.c:1218)
==148748==    by 0x4D9290: gf_init_global_config (???:1275)
==148748==    by 0x46F8C3: gf_sys_init (utils/os_divers.c:1549)
==148748==    by 0x419EF9: mp4box_main (mp4box.c:6197)
==148748==    by 0x11DA0D0: (below main) (in /run/media/user/8ed8205b-4114-4c2a-b2d0-e2ad6640262d/gpac/runtime/gpac_afl/bin/gcc/MP4Box)
==148748== 
==148748== Conditional jump or move depends on uninitialised value(s)
==148748==    at 0x4D7999: get_default_install_path (utils/os_config_init.c:535)
==148748==    by 0x4E22B7: check_modules_dir (utils/os_config_init.c:962)
==148748==    by 0x4D9290: gf_cfg_init (utils/os_config_init.c:1218)
==148748==    by 0x4D9290: gf_init_global_config (???:1275)
==148748==    by 0x46F8C3: gf_sys_init (utils/os_divers.c:1549)
==148748==    by 0x419EF9: mp4box_main (mp4box.c:6197)
==148748==    by 0x11DA0D0: (below main) (in /run/media/user/8ed8205b-4114-4c2a-b2d0-e2ad6640262d/gpac/runtime/gpac_afl/bin/gcc/MP4Box)
==148748== 
==148748== Use of uninitialised value of size 8
==148748==    at 0x4D7BD2: get_default_install_path (utils/os_config_init.c:546)
==148748==    by 0x4E22B7: check_modules_dir (utils/os_config_init.c:962)
==148748==    by 0x4D9290: gf_cfg_init (utils/os_config_init.c:1218)
==148748==    by 0x4D9290: gf_init_global_config (???:1275)
==148748==    by 0x46F8C3: gf_sys_init (utils/os_divers.c:1549)
==148748==    by 0x419EF9: mp4box_main (mp4box.c:6197)
==148748==    by 0x11DA0D0: (below main) (in /run/media/user/8ed8205b-4114-4c2a-b2d0-e2ad6640262d/gpac/runtime/gpac_afl/bin/gcc/MP4Box)
==148748== 
==148748== 
==148748== More than 100 errors detected.  Subsequent errors
==148748== will still be recorded, but in less detail than before.
==148748== Use of uninitialised value of size 8
==148748==    at 0x4D7E7C: get_default_install_path (utils/os_config_init.c:549)
==148748==    by 0x4E22B7: check_modules_dir (utils/os_config_init.c:962)
==148748==    by 0x4D9290: gf_cfg_init (utils/os_config_init.c:1218)
==148748==    by 0x4D9290: gf_init_global_config (???:1275)
==148748==    by 0x46F8C3: gf_sys_init (utils/os_divers.c:1549)
==148748==    by 0x419EF9: mp4box_main (mp4box.c:6197)
==148748==    by 0x11DA0D0: (below main) (in /run/media/user/8ed8205b-4114-4c2a-b2d0-e2ad6640262d/gpac/runtime/gpac_afl/bin/gcc/MP4Box)
==148748== 
==148748== Use of uninitialised value of size 8
==148748==    at 0x4D8001: get_default_install_path (utils/os_config_init.c:552)
==148748==    by 0x4E22B7: check_modules_dir (utils/os_config_init.c:962)
==148748==    by 0x4D9290: gf_cfg_init (utils/os_config_init.c:1218)
==148748==    by 0x4D9290: gf_init_global_config (???:1275)
==148748==    by 0x46F8C3: gf_sys_init (utils/os_divers.c:1549)
==148748==    by 0x419EF9: mp4box_main (mp4box.c:6197)
==148748==    by 0x11DA0D0: (below main) (in /run/media/user/8ed8205b-4114-4c2a-b2d0-e2ad6640262d/gpac/runtime/gpac_afl/bin/gcc/MP4Box)
==148748== 
==148748== Conditional jump or move depends on uninitialised value(s)
==148748==    at 0x121FE72: __strcmp_avx2 (in /run/media/user/8ed8205b-4114-4c2a-b2d0-e2ad6640262d/gpac/runtime/gpac_afl/bin/gcc/MP4Box)
==148748==    by 0x4AE5C5: gf_cfg_set_key_internal (utils/configfile.c:471)
==148748==    by 0x4E23C4: check_modules_dir (utils/os_config_init.c:0)
==148748==    by 0x4D9290: gf_cfg_init (utils/os_config_init.c:1218)
==148748==    by 0x4D9290: gf_init_global_config (???:1275)
==148748==    by 0x46F8C3: gf_sys_init (utils/os_divers.c:1549)
==148748==    by 0x419EF9: mp4box_main (mp4box.c:6197)
==148748==    by 0x11DA0D0: (below main) (in /run/media/user/8ed8205b-4114-4c2a-b2d0-e2ad6640262d/gpac/runtime/gpac_afl/bin/gcc/MP4Box)
==148748== 
==148748== Conditional jump or move depends on uninitialised value(s)
==148748==    at 0x4D7845: get_default_install_path (utils/os_config_init.c:512)
==148748==    by 0x4E23EC: check_modules_dir (utils/os_config_init.c:1006)
==148748==    by 0x4D9290: gf_cfg_init (utils/os_config_init.c:1218)
==148748==    by 0x4D9290: gf_init_global_config (???:1275)
==148748==    by 0x46F8C3: gf_sys_init (utils/os_divers.c:1549)
==148748==    by 0x419EF9: mp4box_main (mp4box.c:6197)
==148748==    by 0x11DA0D0: (below main) (in /run/media/user/8ed8205b-4114-4c2a-b2d0-e2ad6640262d/gpac/runtime/gpac_afl/bin/gcc/MP4Box)
==148748== 
==148748== Use of uninitialised value of size 8
==148748==    at 0x4D787F: get_default_install_path (utils/os_config_init.c:515)
==148748==    by 0x4E23EC: check_modules_dir (utils/os_config_init.c:1006)
==148748==    by 0x4D9290: gf_cfg_init (utils/os_config_init.c:1218)
==148748==    by 0x4D9290: gf_init_global_config (???:1275)
==148748==    by 0x46F8C3: gf_sys_init (utils/os_divers.c:1549)
==148748==    by 0x419EF9: mp4box_main (mp4box.c:6197)
==148748==    by 0x11DA0D0: (below main) (in /run/media/user/8ed8205b-4114-4c2a-b2d0-e2ad6640262d/gpac/runtime/gpac_afl/bin/gcc/MP4Box)
==148748== 
==148748== Conditional jump or move depends on uninitialised value(s)
==148748==    at 0x4D78B7: get_default_install_path (utils/os_config_init.c:519)
==148748==    by 0x4E23EC: check_modules_dir (utils/os_config_init.c:1006)
==148748==    by 0x4D9290: gf_cfg_init (utils/os_config_init.c:1218)
==148748==    by 0x4D9290: gf_init_global_config (???:1275)
==148748==    by 0x46F8C3: gf_sys_init (utils/os_divers.c:1549)
==148748==    by 0x419EF9: mp4box_main (mp4box.c:6197)
==148748==    by 0x11DA0D0: (below main) (in /run/media/user/8ed8205b-4114-4c2a-b2d0-e2ad6640262d/gpac/runtime/gpac_afl/bin/gcc/MP4Box)
==148748== 
==148748== Conditional jump or move depends on uninitialised value(s)
==148748==    at 0x4D793F: get_default_install_path (utils/os_config_init.c:525)
==148748==    by 0x4E23EC: check_modules_dir (utils/os_config_init.c:1006)
==148748==    by 0x4D9290: gf_cfg_init (utils/os_config_init.c:1218)
==148748==    by 0x4D9290: gf_init_global_config (???:1275)
==148748==    by 0x46F8C3: gf_sys_init (utils/os_divers.c:1549)
==148748==    by 0x419EF9: mp4box_main (mp4box.c:6197)
==148748==    by 0x11DA0D0: (below main) (in /run/media/user/8ed8205b-4114-4c2a-b2d0-e2ad6640262d/gpac/runtime/gpac_afl/bin/gcc/MP4Box)
==148748== 
==148748== Conditional jump or move depends on uninitialised value(s)
==148748==    at 0x121FDDD: __strcmp_avx2 (in /run/media/user/8ed8205b-4114-4c2a-b2d0-e2ad6640262d/gpac/runtime/gpac_afl/bin/gcc/MP4Box)
==148748==    by 0x4AEC2A: gf_cfg_del_section (utils/configfile.c:535)
==148748==    by 0x4E9D70: gf_modules_new (utils/module.c:234)
==148748==    by 0x4D981D: gf_init_global_config (utils/os_config_init.c:1281)
==148748==    by 0x46F8C3: gf_sys_init (utils/os_divers.c:1549)
==148748==    by 0x419EF9: mp4box_main (mp4box.c:6197)
==148748==    by 0x11DA0D0: (below main) (in /run/media/user/8ed8205b-4114-4c2a-b2d0-e2ad6640262d/gpac/runtime/gpac_afl/bin/gcc/MP4Box)
==148748== 
==148748== Conditional jump or move depends on uninitialised value(s)
==148748==    at 0x122C307: __strncmp_avx2 (in /run/media/user/8ed8205b-4114-4c2a-b2d0-e2ad6640262d/gpac/runtime/gpac_afl/bin/gcc/MP4Box)
==148748==    by 0x46F90B: gf_sys_refresh_cache (utils/os_divers.c:1408)
==148748==    by 0x46F90B: gf_sys_init (???:1551)
==148748==    by 0x419EF9: mp4box_main (mp4box.c:6197)
==148748==    by 0x11DA0D0: (below main) (in /run/media/user/8ed8205b-4114-4c2a-b2d0-e2ad6640262d/gpac/runtime/gpac_afl/bin/gcc/MP4Box)
==148748== 
==148748== Conditional jump or move depends on uninitialised value(s)
==148748==    at 0x1232A4C: __strrchr_avx2 (in /run/media/user/8ed8205b-4114-4c2a-b2d0-e2ad6640262d/gpac/runtime/gpac_afl/bin/gcc/MP4Box)
==148748==    by 0x47CCD8: gf_file_basename (utils/os_file.c:2020)
==148748==    by 0x47CCD8: gf_file_ext_start (???:2051)
==148748==    by 0x44EE1C: import_file (fileimport.c:827)
==148748==    by 0x422C02: do_add_cat (mp4box.c:0)
==148748==    by 0x41B1F4: mp4box_main (mp4box.c:6377)
==148748==    by 0x11DA0D0: (below main) (in /run/media/user/8ed8205b-4114-4c2a-b2d0-e2ad6640262d/gpac/runtime/gpac_afl/bin/gcc/MP4Box)
==148748== 
==148748== Conditional jump or move depends on uninitialised value(s)
==148748==    at 0x123298E: __strrchr_avx2 (in /run/media/user/8ed8205b-4114-4c2a-b2d0-e2ad6640262d/gpac/runtime/gpac_afl/bin/gcc/MP4Box)
==148748==    by 0x47CD16: gf_file_ext_start (utils/os_file.c:2054)
==148748==    by 0x44EE1C: import_file (fileimport.c:827)
==148748==    by 0x422C02: do_add_cat (mp4box.c:0)
==148748==    by 0x41B1F4: mp4box_main (mp4box.c:6377)
==148748==    by 0x11DA0D0: (below main) (in /run/media/user/8ed8205b-4114-4c2a-b2d0-e2ad6640262d/gpac/runtime/gpac_afl/bin/gcc/MP4Box)
==148748== 
==148748== Conditional jump or move depends on uninitialised value(s)
==148748==    at 0x123298E: __strrchr_avx2 (in /run/media/user/8ed8205b-4114-4c2a-b2d0-e2ad6640262d/gpac/runtime/gpac_afl/bin/gcc/MP4Box)
==148748==    by 0x44EE51: import_file (fileimport.c:828)
==148748==    by 0x422C02: do_add_cat (mp4box.c:0)
==148748==    by 0x41B1F4: mp4box_main (mp4box.c:6377)
==148748==    by 0x11DA0D0: (below main) (in /run/media/user/8ed8205b-4114-4c2a-b2d0-e2ad6640262d/gpac/runtime/gpac_afl/bin/gcc/MP4Box)
==148748== 
==148748== Conditional jump or move depends on uninitialised value(s)
==148748==    at 0x123298E: __strrchr_avx2 (in /run/media/user/8ed8205b-4114-4c2a-b2d0-e2ad6640262d/gpac/runtime/gpac_afl/bin/gcc/MP4Box)
==148748==    by 0x44EF5F: import_file (fileimport.c:833)
==148748==    by 0x422C02: do_add_cat (mp4box.c:0)
==148748==    by 0x41B1F4: mp4box_main (mp4box.c:6377)
==148748==    by 0x11DA0D0: (below main) (in /run/media/user/8ed8205b-4114-4c2a-b2d0-e2ad6640262d/gpac/runtime/gpac_afl/bin/gcc/MP4Box)
==148748== 
==148748== Conditional jump or move depends on uninitialised value(s)
==148748==    at 0x123298E: __strrchr_avx2 (in /run/media/user/8ed8205b-4114-4c2a-b2d0-e2ad6640262d/gpac/runtime/gpac_afl/bin/gcc/MP4Box)
==148748==    by 0x453C96: import_file (fileimport.c:1484)
==148748==    by 0x422C02: do_add_cat (mp4box.c:0)
==148748==    by 0x41B1F4: mp4box_main (mp4box.c:6377)
==148748==    by 0x11DA0D0: (below main) (in /run/media/user/8ed8205b-4114-4c2a-b2d0-e2ad6640262d/gpac/runtime/gpac_afl/bin/gcc/MP4Box)
==148748== 
==148748== Conditional jump or move depends on uninitialised value(s)
==148748==    at 0x123298E: __strrchr_avx2 (in /run/media/user/8ed8205b-4114-4c2a-b2d0-e2ad6640262d/gpac/runtime/gpac_afl/bin/gcc/MP4Box)
==148748==    by 0x453D62: import_file (fileimport.c:1498)
==148748==    by 0x422C02: do_add_cat (mp4box.c:0)
==148748==    by 0x41B1F4: mp4box_main (mp4box.c:6377)
==148748==    by 0x11DA0D0: (below main) (in /run/media/user/8ed8205b-4114-4c2a-b2d0-e2ad6640262d/gpac/runtime/gpac_afl/bin/gcc/MP4Box)
==148748== 
[32m[iso file] Unknown box type 0000 in parent mvex
[0m[31m[iso file] Read Box type 0010000 (0x00100030) at position 801 has size 0 but is not at root/file level. Forbidden, skipping end of parent box !
[0m[33m[iso file] Box "dref" (start 785) has 4 extra bytes
[0m[33m[iso file] Box "rvcc" (start 1068) has 6 extra bytes
[0m==148748== Conditional jump or move depends on uninitialised value(s)
==148748==    at 0x120DC70: free (in /run/media/user/8ed8205b-4114-4c2a-b2d0-e2ad6640262d/gpac/runtime/gpac_afl/bin/gcc/MP4Box)
==148748==    by 0x47DB59: gf_list_del (utils/list.c:636)
==148748==    by 0x771194: gf_odf_avc_cfg_del (odf/descriptors.c:482)
==148748==    by 0x65B35A: AVC_RewriteESDescriptorEx (isomedia/avc_ext.c:0)
==148748==    by 0xF7D9BE: video_sample_entry_box_read (isomedia/box_code_base.c:4740)
==148748==    by 0x69679C: gf_isom_box_parse_ex (isomedia/box_funcs.c:353)
==148748==    by 0x69A47A: gf_isom_box_array_read (isomedia/box_funcs.c:2061)
==148748==    by 0x69679C: gf_isom_box_parse_ex (isomedia/box_funcs.c:353)
==148748==    by 0x69A47A: gf_isom_box_array_read (isomedia/box_funcs.c:2061)
==148748==    by 0xF81D70: stbl_box_read (isomedia/box_code_base.c:5505)
==148748==    by 0x69679C: gf_isom_box_parse_ex (isomedia/box_funcs.c:353)
==148748==    by 0x69A47A: gf_isom_box_array_read (isomedia/box_funcs.c:2061)
==148748== 
==148748== Conditional jump or move depends on uninitialised value(s)
==148748==    at 0x120DC70: free (in /run/media/user/8ed8205b-4114-4c2a-b2d0-e2ad6640262d/gpac/runtime/gpac_afl/bin/gcc/MP4Box)
==148748==    by 0x77120B: gf_odf_avc_cfg_del (odf/descriptors.c:488)
==148748==    by 0x65B35A: AVC_RewriteESDescriptorEx (isomedia/avc_ext.c:0)
==148748==    by 0xF7D9BE: video_sample_entry_box_read (isomedia/box_code_base.c:4740)
==148748==    by 0x69679C: gf_isom_box_parse_ex (isomedia/box_funcs.c:353)
==148748==    by 0x69A47A: gf_isom_box_array_read (isomedia/box_funcs.c:2061)
==148748==    by 0x69679C: gf_isom_box_parse_ex (isomedia/box_funcs.c:353)
==148748==    by 0x69A47A: gf_isom_box_array_read (isomedia/box_funcs.c:2061)
==148748==    by 0xF81D70: stbl_box_read (isomedia/box_code_base.c:5505)
==148748==    by 0x69679C: gf_isom_box_parse_ex (isomedia/box_funcs.c:353)
==148748==    by 0x69A47A: gf_isom_box_array_read (isomedia/box_funcs.c:2061)
==148748==    by 0xF77ED5: minf_box_read (isomedia/box_code_base.c:3829)
==148748== 
[32m[iso file] Unknown box type 0000000 in parent stbl
[0m[32m[iso file] Unknown box type schi in parent moov
[0m[31m[iso file] Read Box type 00010000 (0x00010000) at position 1238 has size 0 but is not at root/file level. Forbidden, skipping end of parent box !
[0m[33m[iso file] Box "moov" (start 351) has 655 extra bytes
[0m[33m[iso file] Unknown top-level box type 00003
[0m[31m[iso file] Incomplete box 00003 - start 1901 size 808464424
[0m[31m[iso file] Incomplete file while reading for dump - aborting parsing
[0m==148748== Conditional jump or move depends on uninitialised value(s)
==148748==    at 0x1232A4C: __strrchr_avx2 (in /run/media/user/8ed8205b-4114-4c2a-b2d0-e2ad6640262d/gpac/runtime/gpac_afl/bin/gcc/MP4Box)
==148748==    by 0x4ABEEF: gf_url_get_resource_name (utils/url.c:566)
==148748==    by 0x832518: gf_import_isomedia_track (media_tools/media_import.c:311)
==148748==    by 0x82F1CE: gf_import_isomedia (media_tools/media_import.c:835)
==148748==    by 0x82F1CE: gf_media_import (???:1262)
==148748==    by 0x45940C: import_file (fileimport.c:1715)
==148748==    by 0x422C02: do_add_cat (mp4box.c:0)
==148748==    by 0x41B1F4: mp4box_main (mp4box.c:6377)
==148748==    by 0x11DA0D0: (below main) (in /run/media/user/8ed8205b-4114-4c2a-b2d0-e2ad6640262d/gpac/runtime/gpac_afl/bin/gcc/MP4Box)
==148748== 
==148748== Conditional jump or move depends on uninitialised value(s)
==148748==    at 0x749187: GetESD (isomedia/track.c:212)
==148748==    by 0x6B6705: gf_isom_get_esd (isomedia/isom_read.c:1393)
==148748==    by 0x832671: gf_import_isomedia_track (media_tools/media_import.c:374)
==148748==    by 0x82F1CE: gf_import_isomedia (media_tools/media_import.c:835)
==148748==    by 0x82F1CE: gf_media_import (???:1262)
==148748==    by 0x45940C: import_file (fileimport.c:1715)
==148748==    by 0x422C02: do_add_cat (mp4box.c:0)
==148748==    by 0x41B1F4: mp4box_main (mp4box.c:6377)
==148748==    by 0x11DA0D0: (below main) (in /run/media/user/8ed8205b-4114-4c2a-b2d0-e2ad6640262d/gpac/runtime/gpac_afl/bin/gcc/MP4Box)
==148748== 
==148748== Conditional jump or move depends on uninitialised value(s)
==148748==    at 0x121FDC1: __strcmp_avx2 (in /run/media/user/8ed8205b-4114-4c2a-b2d0-e2ad6640262d/gpac/runtime/gpac_afl/bin/gcc/MP4Box)
==148748==    by 0x749194: GetESD (isomedia/track.c:212)
==148748==    by 0x6B6705: gf_isom_get_esd (isomedia/isom_read.c:1393)
==148748==    by 0x832671: gf_import_isomedia_track (media_tools/media_import.c:374)
==148748==    by 0x82F1CE: gf_import_isomedia (media_tools/media_import.c:835)
==148748==    by 0x82F1CE: gf_media_import (???:1262)
==148748==    by 0x45940C: import_file (fileimport.c:1715)
==148748==    by 0x422C02: do_add_cat (mp4box.c:0)
==148748==    by 0x41B1F4: mp4box_main (mp4box.c:6377)
==148748==    by 0x11DA0D0: (below main) (in /run/media/user/8ed8205b-4114-4c2a-b2d0-e2ad6640262d/gpac/runtime/gpac_afl/bin/gcc/MP4Box)
==148748== 
==148748== Use of uninitialised value of size 8
==148748==    at 0x121FDC7: __strcmp_avx2 (in /run/media/user/8ed8205b-4114-4c2a-b2d0-e2ad6640262d/gpac/runtime/gpac_afl/bin/gcc/MP4Box)
==148748==    by 0x749194: GetESD (isomedia/track.c:212)
==148748==    by 0x6B6705: gf_isom_get_esd (isomedia/isom_read.c:1393)
==148748==    by 0x832671: gf_import_isomedia_track (media_tools/media_import.c:374)
==148748==    by 0x82F1CE: gf_import_isomedia (media_tools/media_import.c:835)
==148748==    by 0x82F1CE: gf_media_import (???:1262)
==148748==    by 0x45940C: import_file (fileimport.c:1715)
==148748==    by 0x422C02: do_add_cat (mp4box.c:0)
==148748==    by 0x41B1F4: mp4box_main (mp4box.c:6377)
==148748==    by 0x11DA0D0: (below main) (in /run/media/user/8ed8205b-4114-4c2a-b2d0-e2ad6640262d/gpac/runtime/gpac_afl/bin/gcc/MP4Box)
==148748== 
==148748== Invalid read of size 32
==148748==    at 0x121FDC7: __strcmp_avx2 (in /run/media/user/8ed8205b-4114-4c2a-b2d0-e2ad6640262d/gpac/runtime/gpac_afl/bin/gcc/MP4Box)
==148748==    by 0x749194: GetESD (isomedia/track.c:212)
==148748==    by 0x6B6705: gf_isom_get_esd (isomedia/isom_read.c:1393)
==148748==    by 0x832671: gf_import_isomedia_track (media_tools/media_import.c:374)
==148748==    by 0x82F1CE: gf_import_isomedia (media_tools/media_import.c:835)
==148748==    by 0x82F1CE: gf_media_import (???:1262)
==148748==    by 0x45940C: import_file (fileimport.c:1715)
==148748==    by 0x422C02: do_add_cat (mp4box.c:0)
==148748==    by 0x41B1F4: mp4box_main (mp4box.c:6377)
==148748==    by 0x11DA0D0: (below main) (in /run/media/user/8ed8205b-4114-4c2a-b2d0-e2ad6640262d/gpac/runtime/gpac_afl/bin/gcc/MP4Box)
==148748==  Address 0x45 is not stack'd, malloc'd or (recently) free'd
==148748== 
==148748== 
==148748== Process terminating with default action of signal 11 (SIGSEGV)
==148748==  Access not within mapped region at address 0x45
==148748==    at 0x121FDC7: __strcmp_avx2 (in /run/media/user/8ed8205b-4114-4c2a-b2d0-e2ad6640262d/gpac/runtime/gpac_afl/bin/gcc/MP4Box)
==148748==    by 0x749194: GetESD (isomedia/track.c:212)
==148748==    by 0x6B6705: gf_isom_get_esd (isomedia/isom_read.c:1393)
==148748==    by 0x832671: gf_import_isomedia_track (media_tools/media_import.c:374)
==148748==    by 0x82F1CE: gf_import_isomedia (media_tools/media_import.c:835)
==148748==    by 0x82F1CE: gf_media_import (???:1262)
==148748==    by 0x45940C: import_file (fileimport.c:1715)
==148748==    by 0x422C02: do_add_cat (mp4box.c:0)
==148748==    by 0x41B1F4: mp4box_main (mp4box.c:6377)
==148748==    by 0x11DA0D0: (below main) (in /run/media/user/8ed8205b-4114-4c2a-b2d0-e2ad6640262d/gpac/runtime/gpac_afl/bin/gcc/MP4Box)
==148748==  If you believe this happened as a result of a stack
==148748==  overflow in your program's main thread (unlikely but
==148748==  possible), you can try to increase the size of the
==148748==  main thread stack using the --main-stacksize= flag.
==148748==  The main thread stack size used in this run was 8388608.
==148748== 
==148748== HEAP SUMMARY:
==148748==     in use at exit: 0 bytes in 0 blocks
==148748==   total heap usage: 0 allocs, 0 frees, 0 bytes allocated
==148748== 
==148748== All heap blocks were freed -- no leaks are possible
==148748== 
==148748== Use --track-origins=yes to see where uninitialised values come from
==148748== For lists of detected and suppressed errors, rerun with: -s
==148748== ERROR SUMMARY: 839 errors from 122 contexts (suppressed: 0 from 0)