Track Importing RawVideo - Width 320 Height 240 FPS 30/1
XMT: MPEG-4 (XMT) Scene Parsing                                                                                             
[XMT Parsing] Warning: descriptor ES_Descriptor defined outside scene scope - skipping (line 27)                            
[XMT Parsing] Warning: descriptor ES_Descriptor defined outside scene scope - skipping (line 37)                            
=================================================================                                                           
==750131==ERROR: AddressSanitizer: heap-use-after-free on address 0x7d2295fe1670 at pc 0x7fc29786953c bp 0x7ffc6a1de230 sp 0x7ffc6a1de228                                                                                                               
READ of size 8 at 0x7d2295fe1670 thread T0                                                                                  
    #0 0x7fc29786953b in gf_node_unregister scenegraph/base_scenegraph.c:772
    #1 0x7fc297877875 in gf_sg_command_del scenegraph/commands.c:96
    #2 0x7fc2986676ae in ctxload_process filters/load_bt_xmt.c:652
    #3 0x7fc2983e0093 in gf_filter_process_task filter_core/filter.c:3257
    #4 0x7fc2983b44c1 in gf_fs_thread_proc filter_core/filter_session.c:2420
    #5 0x7fc2983b9582 in gf_fs_run filter_core/filter_session.c:2728
    #6 0x7fc297e7328a in gf_media_import media_tools/media_import.c:1639
    #7 0x55b492962411 in import_file /run/media/user/8ed8205b-4114-4c2a-b2d0-e2ad6640262d/gpac/runtime/gpac_asan/applications/mp4box/fileimport.c:1733
    #8 0x55b49291efc9 in do_add_cat /run/media/user/8ed8205b-4114-4c2a-b2d0-e2ad6640262d/gpac/runtime/gpac_asan/applications/mp4box/mp4box.c:4633
    #9 0x55b4929213f7 in mp4box_main /run/media/user/8ed8205b-4114-4c2a-b2d0-e2ad6640262d/gpac/runtime/gpac_asan/applications/mp4box/mp4box.c:6377
    #10 0x7fc297233f76 in __libc_start_call_main ../sysdeps/nptl/libc_start_call_main.h:58
    #11 0x7fc297234026 in __libc_start_main_impl ../csu/libc-start.c:360
    #12 0x55b492901080 in _start (/run/media/user/8ed8205b-4114-4c2a-b2d0-e2ad6640262d/gpac/runtime/gpac_asan/bin/gcc/MP4Box+0x4d080) (BuildId: 1651312aefdad6adf454cb6d555ab16d3e0fe1b8)

0x7d2295fe1670 is located 240 bytes inside of 528-byte region [0x7d2295fe1580,0x7d2295fe1790)
freed by thread T0 here:                                                                                                    
    #0 0x7fc29952340f in free ../../../../src/libsanitizer/asan/asan_malloc_linux.cpp:51
    #1 0x7fc297935847 in gf_sg_proto_del scenegraph/vrml_proto.c:157

previously allocated by thread T0 here:
    #0 0x7fc29952435f in malloc ../../../../src/libsanitizer/asan/asan_malloc_linux.cpp:67
    #1 0x7fc29786403a in gf_sg_new scenegraph/base_scenegraph.c:53

SUMMARY: AddressSanitizer: heap-use-after-free scenegraph/base_scenegraph.c:772 in gf_node_unregister
Shadow bytes around the buggy address:
  0x7d2295fe1380: fd fd fd fd fd fd fd fd fd fd fd fd fd fd fd fd
  0x7d2295fe1400: fd fd fd fd fd fd fd fd fd fd fd fd fd fd fd fd
  0x7d2295fe1480: fd fd fa fa fa fa fa fa fa fa fa fa fa fa fa fa
  0x7d2295fe1500: fa fa fa fa fa fa fa fa fa fa fa fa fa fa fa fa
  0x7d2295fe1580: fd fd fd fd fd fd fd fd fd fd fd fd fd fd fd fd
=>0x7d2295fe1600: fd fd fd fd fd fd fd fd fd fd fd fd fd fd[fd]fd
  0x7d2295fe1680: fd fd fd fd fd fd fd fd fd fd fd fd fd fd fd fd
  0x7d2295fe1700: fd fd fd fd fd fd fd fd fd fd fd fd fd fd fd fd
  0x7d2295fe1780: fd fd fa fa fa fa fa fa fa fa fa fa fa fa fa fa
  0x7d2295fe1800: fa fa fa fa fa fa fa fa fa fa fa fa fa fa fa fa
  0x7d2295fe1880: fd fd fd fd fd fd fd fd fd fd fd fd fd fd fd fd
Shadow byte legend (one shadow byte represents 8 application bytes):
  Addressable:           00
  Partially addressable: 01 02 03 04 05 06 07 
  Heap left redzone:       fa
  Freed heap region:       fd
  Stack left redzone:      f1
  Stack mid redzone:       f2
  Stack right redzone:     f3
  Stack after return:      f5
  Stack use after scope:   f8
  Global redzone:          f9
  Global init order:       f6
  Poisoned by user:        f7
  Container overflow:      fc
  Array cookie:            ac
  Intra object redzone:    bb
  ASan internal:           fe
  Left alloca redzone:     ca
  Right alloca redzone:    cb
==750131==ABORTING
                  