Track Importing RawVideo - Width 320 Height 240 FPS 30/1
XMT: MPEG-4 (XMT) Scene Parsing                                                                                             
[XMT Parsing] Warning: Unknown field "backColor" for node OrderedGroup - skipping (line 180)                                
[XMT Parsing] Warning: Unknown field "url" for node OrderedGroup - skipping (line 180)                                      
[XMT Parsing] Warning: top-node already assigned - discarding node Background2D (line 181)                                  
[XMT Parsing] Warning: top-node already assigned - discarding node WorldInfo (line 182)                                     
[XMT Parsing] Warning: top-node already assigned - discarding node Viewport (line 183)                                      
[XMT Parsing] Warning: top-node already assigned - discarding node Transform2D (line 210)                                   
[XMT Parsing] Warning: top-node already assigned - discarding node Conditional (line 215)                                   
[XMT Parsing] Warning: top-node already assigned - discarding node Conditional (line 220)                                   
[XMT Parsing] Warning: top-node already assigned - discarding node TransformMatrix2D (line 265)                             
[XMT Parsing] Warning: top-node already assigned - discarding node Clipper2D (line 266)                                     
[XMT Parsing] Warning: top-node already assigned - discarding node Layer2D (line 267)                                       
[XMT Parsing] Warning: top-node already assigned - discarding node Form (line 268)                                          
[XMT Parsing] Warning: top-node already assigned - discarding node Layout (line 269)                                        
[XMT Parsing] Warning: top-node already assigned - discarding node PathLayout (line 270)                                    
Service bifs-externproto-nood-lib.bt#GEOMETRY_PROTO Cannot find filter for service: Requested URL is not valid or cannot be found                                                                                                                       
[XMT Parsing] Warning: top-node already assigned - discarding node ProtoInstance (line 283)                                 
[XMT Parsing] Warning: top-node already assigned - discarding node Shape (line 292)                                         
[XMT Parsing] Warning: top-node already assigned - discarding node Shape (line 305)                                         
[XMT Parsing] Warning: top-node already assigned - discarding node AnimationStream (line 309)                               
[XMT Parsing] Warning: top-node already assigned - discarding node Sound2D (line 319)                                       
[XMT Parsing] Warning: top-node already assigned - discarding node TimeSensor (line 320)                                    
[XMT Parsing] Warning: top-node already assigned - discarding node Shape (line 337)                                         
[XMT Parsing] Warning: top-node already assigned - discarding node Shape (line 356)                                         
[XMT Parsing] Warning: top-node already assigned - discarding node Shape (line 373)                                         
[XMT Parsing] Warning: top-node already assigned - discarding node Shape (line 389)                                         
[XMT Parsing] Warning: top-node already assigned - discarding node Shape (line 405)                                         
[XMT Parsing] Warning: top-node already assigned - discarding node Shape (line 417)                                         
[XMT Parsing] Warning: top-node already assigned - discarding node Shape (line 422)                                         
[XMT Parsing] Warning: top-node already assigned - discarding node Shape (line 437)                                         
[XMT Parsing] Warning: top-node already assigned - discarding node Shape (line 442)                                         
[XMT Parsing] Warning: top-node already assigned - discarding node Shape (line 447)                                         
[XMT Parsing] Warning: top-node already assigned - discarding node Shape (line 452)                                         
[XMT Parsing] Warning: top-node already assigned - discarding node Shape (line 457)                                         
[XMT Parsing] Warning: top-node already assigned - discarding node Shape (line 469)                                         
[XMT Parsing] Warning: top-node already assigned - discarding node Shape (line 481)                                         
[XMT Parsing] Warning: top-node already assigned - discarding node Shape (line 490)                                         
[XMT Parsing] Warning: top-node already assigned - discarding node Shape (line 499)                                         
[XMT Parsing] Warning: top-node already assigned - discarding node Valuator (line 500)                                      
[XMT Parsing] Warning: top-node already assigned - discarding node Valuator (line 501)                                      
[XMT Parsing] Warning: top-node already assigned - discarding node Valuator (line 502)                                      
[XMT Parsing] Warning: top-node already assigned - discarding node Valuator (line 503)                                      
[XMT Parsing] Warning: top-node already assigned - discarding node Valuator (line 504)                                      
[XMT Parsing] Warning: top-node already assigned - discarding node Valuator (line 505)                                      
[XMT Parsing] Warning: top-node already assigned - discarding node Valuator (line 506)                                      
[XMT Parsing] Warning: top-node already assigned - discarding node Valuator (line 507)                                      
[XMT Parsing] Warning: top-node already assigned - discarding node InputSensor (line 518)                                   
[XMT Parsing] Warning: top-node already assigned - discarding node InputSensor (line 523)                                   
[XMT Parsing] Warning: top-node already assigned - discarding node Layer3D (line 530)                                       
[XMT Parsing] Warning: top-node already assigned - discarding node Collision (line 539)                                     
[XMT Parsing] Warning: top-node already assigned - discarding node CylinderSensor (line 540)                                
[XMT Parsing] Warning: top-node already assigned - discarding node SphereSensor (line 541)                                  
[XMT Parsing] Warning: top-node already assigned - discarding node PlaneSensor (line 542)                                   
[XMT Parsing] Warning: top-node already assigned - discarding node VisibilitySensor (line 543)                              
[XMT Parsing] Warning: top-node already assigned - discarding node Transform (line 544)                                     
[XMT Parsing] Warning: top-node already assigned - discarding node Transform2D (line 545)                                   
[XMT Parsing] Warning: top-node already assigned - discarding node Script (line 551)                                        
[XMT Parsing] Warning: top-node already assigned - discarding node ProtoInstance (line 563)                                 
[XMT Parsing] Warning: top-node already assigned - discarding node Transform2D (line 580)                                   
[XMT Parsing] Warning: top-node already assigned - discarding node Transform2D (line 581)                                   
[XMT Parsing] Warning: top-node already assigned - discarding node Transform2D (line 582)                                   
[XMT Parsing] Warning: top-node already assigned - discarding node Transform2D (line 583)                                   
[XMT Parsing] Warning: top-node already assigned - discarding node EnvironmentTest (line 584)                               
[XMT Parsing] Warning: top-node already assigned - discarding node Transform2D (line 589)                                   
[XMT Parsing] Warning: top-node already assigned - discarding node Switch (line 590)                                        
[XMT Parsing] Warning: Unknown field "fromNode" for node ColorTransform - skipping (line 592)                               
[XMT Parsing] Warning: Unknown field "fromField" for node ColorTransform - skipping (line 592)                              
[XMT Parsing] Warning: Unknown field "toNode" for node ColorTransform - skipping (line 592)                                 
[XMT Parsing] Warning: Unknown field "toField" for node ColorTransform - skipping (line 592)                                
[XMT Parsing] Warning: top-node already assigned - discarding node ColorTransform (line 592)                                
=================================================================                                                           
==1088230==ERROR: AddressSanitizer: heap-use-after-free on address 0x7b8fb9616960 at pc 0x7f1fbb057a6b bp 0x7fff8b5bc360 sp 0x7fff8b5bc358                                                                                                              
READ of size 8 at 0x7b8fb9616960 thread T0                                                                                  
    #0 0x7f1fbb057a6a in gf_node_get_name scenegraph/base_scenegraph.c:1308
    #1 0x7f1fbb73ddf7 in xmt_find_node scene_manager/loader_xmt.c:733
    #2 0x7f1fbb74d80e in xmt_parse_command scene_manager/loader_xmt.c:2430
    #3 0x7f1fbb74d80e in xmt_node_start scene_manager/loader_xmt.c:2827
    #4 0x7f1fbaf8949c in xml_sax_node_start utils/xml_parser.c:308
    #5 0x7f1fbaf8dbdc in xml_sax_parse_attribute utils/xml_parser.c:397
    #6 0x7f1fbaf8dbdc in xml_sax_parse utils/xml_parser.c:940
    #7 0x7f1fbaf89ef0 in gf_xml_sax_parse_intern utils/xml_parser.c:1110
    #8 0x7f1fbaf8ef37 in gf_xml_sax_parse utils/xml_parser.c:1138
    #9 0x7f1fbaf8f293 in xml_sax_read_file utils/xml_parser.c:1225
    #10 0x7f1fbaf8fd48 in gf_xml_sax_parse_file utils/xml_parser.c:1338
    #11 0x7f1fbb73cfd5 in load_xmt_run scene_manager/loader_xmt.c:3402
    #12 0x7f1fbbde659c in ctxload_process filters/load_bt_xmt.c:522
    #13 0x7f1fbbb5ec53 in gf_filter_process_task filter_core/filter.c:3257
    #14 0x7f1fbbb33181 in gf_fs_thread_proc filter_core/filter_session.c:2420
    #15 0x7f1fbbb38242 in gf_fs_run filter_core/filter_session.c:2728
    #16 0x7f1fbb5f894f in gf_media_import media_tools/media_import.c:1632
    #17 0x555ddd761599 in import_file /run/media/user/8ed8205b-4114-4c2a-b2d0-e2ad6640262d/gpac/runtime/gpac_asan/applications/mp4box/fileimport.c:1713
    #18 0x555ddd71cf89 in do_add_cat /run/media/user/8ed8205b-4114-4c2a-b2d0-e2ad6640262d/gpac/runtime/gpac_asan/applications/mp4box/mp4box.c:4632
    #19 0x555ddd71f3e7 in mp4box_main /run/media/user/8ed8205b-4114-4c2a-b2d0-e2ad6640262d/gpac/runtime/gpac_asan/applications/mp4box/mp4box.c:6376
    #20 0x7f1fbaa31f76 in __libc_start_call_main ../sysdeps/nptl/libc_start_call_main.h:58
    #21 0x7f1fbaa32026 in __libc_start_main_impl ../csu/libc-start.c:360
    #22 0x555ddd6ff070 in _start (/run/media/user/8ed8205b-4114-4c2a-b2d0-e2ad6640262d/gpac/runtime/gpac_asan/bin/gcc/MP4Box+0x4d070) (BuildId: 1e5b0c4f59da75420dad39af4adb680fbe271151)

0x7b8fb9616960 is located 0 bytes inside of 80-byte region [0x7b8fb9616960,0x7b8fb96169b0)
freed by thread T0 here:                                                                                                    
    #0 0x7f1fbcb2340f in free ../../../../src/libsanitizer/asan/asan_malloc_linux.cpp:51
    #1 0x7f1fbb05a0b7 in gf_node_unregister scenegraph/base_scenegraph.c:769

previously allocated by thread T0 here:
    #0 0x7f1fbcb2435f in malloc ../../../../src/libsanitizer/asan/asan_malloc_linux.cpp:67
    #1 0x7f1fbb0be06a in Transform2D_Create scenegraph/mpeg4_nodes.c:14997

SUMMARY: AddressSanitizer: heap-use-after-free scenegraph/base_scenegraph.c:1308 in gf_node_get_name
Shadow bytes around the buggy address:
  0x7b8fb9616680: fd fd fd fd fa fa fa fa fd fd fd fd fd fd fd fd
  0x7b8fb9616700: fd fd fa fa fa fa fd fd fd fd fd fd fd fd fd fd
  0x7b8fb9616780: fa fa fa fa fd fd fd fd fd fd fd fd fd fd fa fa
  0x7b8fb9616800: fa fa fd fd fd fd fd fd fd fd fd fd fa fa fa fa
  0x7b8fb9616880: 00 00 00 00 00 00 00 00 00 00 fa fa fa fa fd fd
=>0x7b8fb9616900: fd fd fd fd fd fd fd fd fa fa fa fa[fd]fd fd fd
  0x7b8fb9616980: fd fd fd fd fd fd fa fa fa fa fd fd fd fd fd fd
  0x7b8fb9616a00: fd fd fd fd fa fa fa fa fd fd fd fd fd fd fd fd
  0x7b8fb9616a80: fd fd fa fa fa fa fd fd fd fd fd fd fd fd fd fa
  0x7b8fb9616b00: fa fa fa fa 00 00 00 00 00 00 00 00 00 fa fa fa
  0x7b8fb9616b80: fa fa fd fd fd fd fd fd fd fd fd fa fa fa fa fa
Shadow byte legend (one shadow byte represents 8 application bytes):
  Addressable:           00
  Partially addressable: 01 02 03 04 05 06 07 
  Heap left redzone:       fa
  Freed heap region:       fd
  Stack left redzone:      f1
  Stack mid redzone:       f2
  Stack right redzone:     f3
  Stack after return:      f5
  Stack use after scope:   f8
  Global redzone:          f9
  Global init order:       f6
  Poisoned by user:        f7
  Container overflow:      fc
  Array cookie:            ac
  Intra object redzone:    bb
  ASan internal:           fe
  Left alloca redzone:     ca
  Right alloca redzone:    cb
==1088230==ABORTING
