XMT: MPEG-4 (XMT) Scene Parsing
AddressSanitizer:DEADLYSIGNAL                                                                                                                               
=================================================================
==622308==ERROR: AddressSanitizer: SEGV on unknown address 0x000000000000 (pc 0x7f4a4b457254 bp 0x7c3a49be08c4 sp 0x7fff434719b0 T0)
==622308==The signal is caused by a READ memory access.                                                                                                     
==622308==Hint: address points to the zero page.
    #0 0x7f4a4b457254 in gf_node_get_tag scenegraph/base_scenegraph.c:1270
    #1 0x7f4a4bb41f02 in xmt_parse_element scene_manager/loader_xmt.c:1645
    #2 0x7f4a4bb46293 in xmt_node_start scene_manager/loader_xmt.c:2686
    #3 0x7f4a4b38949c in xml_sax_node_start utils/xml_parser.c:307
    #4 0x7f4a4b38d09c in xml_sax_parse_attribute utils/xml_parser.c:396
    #5 0x7f4a4b38d09c in xml_sax_parse utils/xml_parser.c:939
    #6 0x7f4a4b38e9ca in gf_xml_sax_parse_intern utils/xml_parser.c:1109
    #7 0x7f4a4b38ef17 in gf_xml_sax_parse utils/xml_parser.c:1137
    #8 0x7f4a4b38f273 in xml_sax_read_file utils/xml_parser.c:1224
    #9 0x7f4a4b38fd28 in gf_xml_sax_parse_file utils/xml_parser.c:1337
    #10 0x7f4a4bb388b9 in load_xmt_run scene_manager/loader_xmt.c:3215
    #11 0x7f4a4c1e0980 in ctxload_process filters/load_bt_xmt.c:522
    #12 0x7f4a4bf591a3 in gf_filter_process_task filter_core/filter.c:3256
    #13 0x7f4a4bf2d571 in gf_fs_thread_proc filter_core/filter_session.c:2422
    #14 0x7f4a4bf32632 in gf_fs_run filter_core/filter_session.c:2730
    #15 0x7f4a4b9f4a14 in gf_media_import media_tools/media_import.c:1307
    #16 0x5562afa714b3 in convert_file_info /run/media/user/8ed8205b-4114-4c2a-b2d0-e2ad6640262d/gpac/runtime/gpac_asan/applications/mp4box/fileimport.c:131
    #17 0x5562afa413a9 in mp4box_main /run/media/user/8ed8205b-4114-4c2a-b2d0-e2ad6640262d/gpac/runtime/gpac_asan/applications/mp4box/mp4box.c:6575
    #18 0x7f4a4d531f76 in __libc_start_call_main ../sysdeps/nptl/libc_start_call_main.h:58
    #19 0x7f4a4d532026 in __libc_start_main_impl ../csu/libc-start.c:360
    #20 0x5562afa1d0b0 in _start (/run/media/user/8ed8205b-4114-4c2a-b2d0-e2ad6640262d/gpac/runtime/gpac_asan/bin/gcc/MP4Box+0x4d0b0) (BuildId: 448a786c19792aeca106830ec5268448f6cb1d99)

==622308==Register values:
rax = 0x0000000000000000  rbx = 0x00000000ffffffff  rcx = 0x0000000000000000  rdx = 0x00007b4a48cfc150  
rdi = 0x0000000000000000  rsi = 0x00007c3a49be08c4  rbp = 0x00007c3a49be08c4  rsp = 0x00007fff434719b0  
 r8 = 0x00007baa49be19a0   r9 = 0x00000fe9c990c190  r10 = 0x0000000000000000  r11 = 0x00007f4a4b457240  
r12 = 0x00007c5a49be9dc0  r13 = 0x00007b4a48cfc150  r14 = 0x00000f754937c334  r15 = 0x00007c3a49be08d3  
AddressSanitizer can not provide additional info.
SUMMARY: AddressSanitizer: SEGV scenegraph/base_scenegraph.c:1270 in gf_node_get_tag
==622308==ABORTING
