[FileList] Switching to file    #00:#AS=( (()e)eWm$:#TA00000060#:# =( (()strl@e)eWm#:# =( (()bxml@e)eWm$:#TA00$:#TA0000000000:#AS0&$:#TA00000000ID=T00D:#000D
Cannot parse XML from file e)eWm$                                                                                                                            
=================================================================                                                                                            
==3491983==ERROR: AddressSanitizer: heap-use-after-free on address 0x502000002150 at pc 0x7f399c0d3190 bp 0x7fffa01e6040 sp 0x7fffa01e6038
READ of size 8 at 0x502000002150 thread T0                                                                                                                   
    #0 0x7f399c0d318f in gf_props_del_property filter_core/filter_props.c:1022
    #1 0x7f399c0dac96 in gf_props_set_property filter_core/filter_props.c:1277
    #2 0x7f399c0a5bd2 in gf_filter_pid_set_args_internal filter_core/filter_pid.c:4524
    #3 0x7f399c0a6cec in gf_filter_pid_set_args filter_core/filter_pid.c:4574
    #4 0x7f399c07997c in gf_filter_pck_send_internal filter_core/filter_pck.c:944
    #5 0x7f399c2ec597 in filein_process filters/in_file.c:702
    #6 0x7f399c12a2d4 in gf_filter_process_task filter_core/filter.c:3242
    #7 0x7f399c0fecb4 in gf_fs_thread_proc filter_core/filter_session.c:2400
    #8 0x7f399c103d14 in gf_fs_run filter_core/filter_session.c:2707
    #9 0x7f399bbd930d in gf_media_import media_tools/media_import.c:1626
    #10 0x560efa00e863 in import_file /media/user/8ed8205b-4114-4c2a-b2d0-e2ad6640262d/gpac/runtime/gpac_asan/applications/mp4box/fileimport.c:1705
    #11 0x560ef9fca0e6 in do_add_cat /media/user/8ed8205b-4114-4c2a-b2d0-e2ad6640262d/gpac/runtime/gpac_asan/applications/mp4box/mp4box.c:4620
    #12 0x560ef9fcc642 in mp4box_main /media/user/8ed8205b-4114-4c2a-b2d0-e2ad6640262d/gpac/runtime/gpac_asan/applications/mp4box/mp4box.c:6342
    #13 0x7f399b033ca7 in __libc_start_call_main ../sysdeps/nptl/libc_start_call_main.h:58
    #14 0x7f399b033d64 in __libc_start_main_impl ../csu/libc-start.c:360
    #15 0x560ef9fac0c0 in _start (/media/user/8ed8205b-4114-4c2a-b2d0-e2ad6640262d/gpac/runtime/gpac_asan/bin/gcc/MP4Box+0x4d0c0) (BuildId: e4a9f38fb58211f5dfeaef6db8c0e614cd8329b2)

0x502000002150 is located 0 bytes inside of 8-byte region [0x502000002150,0x502000002158)
freed by thread T0 here:                                                                                                                                     
    #0 0x7f399d0f38f8 in free ../../../../src/libsanitizer/asan/asan_malloc_linux.cpp:52
    #1 0x7f399c0d9b91 in gf_props_reset_single filter_core/filter_props.c:996
    #2 0x7f399c0d9b91 in gf_props_reset_single filter_core/filter_props.c:973

previously allocated by thread T0 here:
    #0 0x7f399d0f3b58 in realloc ../../../../src/libsanitizer/asan/asan_malloc_linux.cpp:85
    #1 0x7f399c0d548a in gf_props_parse_value filter_core/filter_props.c:682

SUMMARY: AddressSanitizer: heap-use-after-free filter_core/filter_props.c:1022 in gf_props_del_property
Shadow bytes around the buggy address:
  0x502000001e80: fa fa 00 00 fa fa 00 00 fa fa 00 00 fa fa 04 fa
  0x502000001f00: fa fa 00 00 fa fa 00 00 fa fa 00 00 fa fa 00 00
  0x502000001f80: fa fa 00 00 fa fa 00 00 fa fa 00 00 fa fa fd fa
  0x502000002000: fa fa 00 00 fa fa 00 00 fa fa fd fd fa fa 04 fa
  0x502000002080: fa fa 00 00 fa fa fd fa fa fa 03 fa fa fa 07 fa
=>0x502000002100: fa fa fd fd fa fa fd fa fa fa[fd]fa fa fa fd fa
  0x502000002180: fa fa fd fd fa fa fd fd fa fa fd fd fa fa fd fd
  0x502000002200: fa fa fa fa fa fa fa fa fa fa fa fa fa fa fa fa
  0x502000002280: fa fa fa fa fa fa fa fa fa fa fa fa fa fa fa fa
  0x502000002300: fa fa fa fa fa fa fa fa fa fa fa fa fa fa fa fa
  0x502000002380: fa fa fa fa fa fa fa fa fa fa fa fa fa fa fa fa
Shadow byte legend (one shadow byte represents 8 application bytes):
  Addressable:           00
  Partially addressable: 01 02 03 04 05 06 07 
  Heap left redzone:       fa
  Freed heap region:       fd
  Stack left redzone:      f1
  Stack mid redzone:       f2
  Stack right redzone:     f3
  Stack after return:      f5
  Stack use after scope:   f8
  Global redzone:          f9
  Global init order:       f6
  Poisoned by user:        f7
  Container overflow:      fc
  Array cookie:            ac
  Intra object redzone:    bb
  ASan internal:           fe
  Left alloca redzone:     ca
  Right alloca redzone:    cb
==3491983==ABORTING
