[MPEG-2 TS] TS Packet 25 does not start with sync marker
[MPEG-2 TS] TS Packet 25 does not start with sync marker
[MPEG-2 TS] TS Packet 28 does not start with sync marker
[MPEG-2 TS] TS Packet 28 does not start with sync marker
[MPEG-2 TS] TS Packet 28 does not start with sync marker
[MPEG-2 TS] TS Packet 28 does not start with sync marker
[MPEG-2 TS] TS Packet 28 does not start with sync marker
[MPEG-2 TS] TS Packet 28 does not start with sync marker
[MPEG-2 TS] TS Packet 28 does not start with sync marker
[MPEG-2 TS] TS Packet 28 does not start with sync marker
[MPEG-2 TS] TS Packet 28 does not start with sync marker
[MPEG-2 TS] TS Packet 28 does not start with sync marker
[MPEG-2 TS] TS Packet 28 does not start with sync marker
[MPEG-2 TS] TS Packet 28 does not start with sync marker
[MPEG-2 TS] TS Packet 28 does not start with sync marker
[MPEG-2 TS] TS Packet 28 does not start with sync marker
[MPEG-2 TS] TS Packet 28 does not start with sync marker
[MPEG-2 TS] TS Packet 28 does not start with sync marker
[MPEG-2 TS] TS Packet 28 does not start with sync marker
[MPEG-2 TS] TS Packet 28 does not start with sync marker
[MPEG-2 TS] TS Packet 28 does not start with sync marker
[MPEG-2 TS] TS Packet 28 does not start with sync marker
[MPEG-2 TS] TS Packet 28 does not start with sync marker
[MPEG-2 TS] TS Packet 28 does not start with sync marker
[MPEG-2 TS] TS Packet 28 does not start with sync marker
[MPEG-2 TS] TS Packet 32 does not start with sync marker
[MPEG-2 TS] TS Packet 32 does not start with sync marker
[MPEG-2 TS] TS Packet 32 does not start with sync marker
[MPEG-2 TS] TS Packet 32 does not start with sync marker
[MPEG-2 TS] TS Packet 32 does not start with sync marker
[MPEG-2 TS] TS Packet 32 does not start with sync marker
[MPEG-2 TS] TS Packet 32 does not start with sync marker
[MPEG-2 TS] TS Packet 32 does not start with sync marker
[MPEG-2 TS] TS Packet 34 does not start with sync marker
[MPEG-2 TS] TS Packet 34 does not start with sync marker
[MPEG-2 TS] TS Packet 34 does not start with sync marker
[MPEG-2 TS] TS Packet 34 does not start with sync marker
[MPEG-2 TS] TS Packet 34 does not start with sync marker
[MPEG-2 TS] TS Packet 34 does not start with sync marker
[MPEG-2 TS] TS Packet 34 does not start with sync marker
[MPEG-2 TS] TS Packet 34 does not start with sync marker
[MPEG-2 TS] TS Packet 34 does not start with sync marker
[MPEG-2 TS] TS Packet 34 does not start with sync marker
[MPEG-2 TS] TS Packet 34 does not start with sync marker
[MPEG-2 TS] TS Packet 36 does not start with sync marker
[MPEG-2 TS] TS Packet 36 does not start with sync marker
[MPEG-2 TS] TS Packet 36 does not start with sync marker
[MPEG-2 TS] TS Packet 36 does not start with sync marker
[MPEG-2 TS] TS Packet 36 does not start with sync marker
[MPEG-2 TS] TS Packet 36 does not start with sync marker
[MPEG-2 TS] TS Packet 36 does not start with sync marker
[MPEG-2 TS] TS Packet 36 does not start with sync marker
[MPEG-2 TS] TS Packet 36 does not start with sync marker
[MPEG-2 TS] TS Packet 36 does not start with sync marker
[MPEG-2 TS] TS Packet 36 does not start with sync marker
[MPEG-2 TS] TS Packet 36 does not start with sync marker
[MPEG-2 TS] TS Packet 36 does not start with sync marker
[MPEG-2 TS] TS Packet 36 does not start with sync marker
[MPEG-2 TS] TS Packet 36 does not start with sync marker
[MPEG-2 TS] TS Packet 36 does not start with sync marker
[MPEG-2 TS] TS Packet 36 does not start with sync marker
[MPEG-2 TS] TS Packet 36 does not start with sync marker
[MPEG-2 TS] TS Packet 36 does not start with sync marker
[MPEG-2 TS] Stream type (0xf3) for PID 2688 not supported
[MPEG-2 TS] Stream type (0xc4) for PID 312 not supported
MORE sections on pid 48
Broken PMT descriptor! size 61, desc size 48 but position 15
MORE sections on pid 4144
Broken PMT descriptor! size 61, desc size 243 but position 47
[MPEG-2 TS] Invalid PMT es descriptor size for PID 4874
[M2TSDmx] Unknown stream(s) skipped, use --upes to enable
[MPEG-2 TS] TS Packet 40 does not start with sync marker
[MPEG-2 TS] TS Packet 40 does not start with sync marker
[MPEG-2 TS] TS Packet 40 does not start with sync marker
[MPEG-2 TS] TS Packet 40 does not start with sync marker
[MPEG-2 TS] TS Packet 40 does not start with sync marker
[MPEG-2 TS] TS Packet 40 does not start with sync marker
[HEVC] Error parsing NAL unit type 51
[HEVC] NAL Unit type 51 not handled - adding
[HEVC] NAL Unit type 52 not handled - adding
[HEVC] NAL Unit type 48 not handled - adding
[HEVC] Error parsing NAL unit type 2
[HEVC] Error parsing NAL unit type 1
[MPEG-2 TS] TS Packet 25 does not start with sync marker
[MPEG-2 TS] TS Packet 25 does not start with sync marker
[MPEG-2 TS] TS Packet 28 does not start with sync marker
[MPEG-2 TS] TS Packet 28 does not start with sync marker
[MPEG-2 TS] TS Packet 28 does not start with sync marker
[MPEG-2 TS] TS Packet 28 does not start with sync marker
[MPEG-2 TS] TS Packet 28 does not start with sync marker
[MPEG-2 TS] TS Packet 28 does not start with sync marker
[MPEG-2 TS] TS Packet 28 does not start with sync marker
[MPEG-2 TS] TS Packet 28 does not start with sync marker
[MPEG-2 TS] TS Packet 28 does not start with sync marker
[MPEG-2 TS] TS Packet 28 does not start with sync marker
[MPEG-2 TS] TS Packet 28 does not start with sync marker
[MPEG-2 TS] TS Packet 28 does not start with sync marker
[MPEG-2 TS] TS Packet 28 does not start with sync marker
[MPEG-2 TS] TS Packet 28 does not start with sync marker
[MPEG-2 TS] TS Packet 28 does not start with sync marker
[MPEG-2 TS] TS Packet 28 does not start with sync marker
[MPEG-2 TS] TS Packet 28 does not start with sync marker
[MPEG-2 TS] TS Packet 28 does not start with sync marker
[MPEG-2 TS] TS Packet 28 does not start with sync marker
[MPEG-2 TS] TS Packet 28 does not start with sync marker
[MPEG-2 TS] TS Packet 28 does not start with sync marker
[MPEG-2 TS] TS Packet 28 does not start with sync marker
[MPEG-2 TS] TS Packet 32 does not start with sync marker
[MPEG-2 TS] TS Packet 32 does not start with sync marker
[MPEG-2 TS] TS Packet 32 does not start with sync marker
[MPEG-2 TS] TS Packet 32 does not start with sync marker
[MPEG-2 TS] TS Packet 32 does not start with sync marker
[MPEG-2 TS] TS Packet 32 does not start with sync marker
[MPEG-2 TS] TS Packet 32 does not start with sync marker
[MPEG-2 TS] TS Packet 32 does not start with sync marker
[MPEG-2 TS] TS Packet 34 does not start with sync marker
[MPEG-2 TS] TS Packet 34 does not start with sync marker
[MPEG-2 TS] TS Packet 34 does not start with sync marker
[MPEG-2 TS] TS Packet 34 does not start with sync marker
[MPEG-2 TS] TS Packet 34 does not start with sync marker
[MPEG-2 TS] TS Packet 34 does not start with sync marker
[MPEG-2 TS] TS Packet 34 does not start with sync marker
[MPEG-2 TS] TS Packet 34 does not start with sync marker
[MPEG-2 TS] TS Packet 34 does not start with sync marker
[MPEG-2 TS] TS Packet 34 does not start with sync marker
[MPEG-2 TS] TS Packet 34 does not start with sync marker
[MPEG-2 TS] TS Packet 36 does not start with sync marker
[MPEG-2 TS] TS Packet 36 does not start with sync marker
[MPEG-2 TS] TS Packet 36 does not start with sync marker
[MPEG-2 TS] TS Packet 36 does not start with sync marker
[MPEG-2 TS] TS Packet 36 does not start with sync marker
[MPEG-2 TS] TS Packet 36 does not start with sync marker
[MPEG-2 TS] TS Packet 36 does not start with sync marker
[MPEG-2 TS] TS Packet 36 does not start with sync marker
[MPEG-2 TS] TS Packet 36 does not start with sync marker
[MPEG-2 TS] TS Packet 36 does not start with sync marker
[MPEG-2 TS] TS Packet 36 does not start with sync marker
[MPEG-2 TS] TS Packet 36 does not start with sync marker
[MPEG-2 TS] TS Packet 36 does not start with sync marker
[MPEG-2 TS] TS Packet 36 does not start with sync marker
[MPEG-2 TS] TS Packet 36 does not start with sync marker
[MPEG-2 TS] TS Packet 36 does not start with sync marker
[MPEG-2 TS] TS Packet 36 does not start with sync marker
[MPEG-2 TS] TS Packet 36 does not start with sync marker
[MPEG-2 TS] TS Packet 36 does not start with sync marker
[MPEG-2 TS] TS Packet 40 does not start with sync marker
[MPEG-2 TS] TS Packet 40 does not start with sync marker
[MPEG-2 TS] TS Packet 40 does not start with sync marker
[MPEG-2 TS] TS Packet 40 does not start with sync marker
[MPEG-2 TS] TS Packet 40 does not start with sync marker
[MPEG-2 TS] TS Packet 40 does not start with sync marker
[HEVC] Error parsing NAL unit type 0
[HEVC] Error parsing NAL unit type 51
[HEVC] NAL Unit type 51 not handled - adding
[HEVC] NAL Unit type 52 not handled - adding
[HEVC] NAL Unit type 48 not handled - adding
[HEVC] Error parsing NAL unit type 2
[HEVC] Error parsing NAL unit type 1
[MPEG-2 TS] Stream type (0xf3) for PID 2688 not supported
MORE sections on pid 48
Broken PMT descriptor! size 57, desc size 48 but position 15
MORE sections on pid 4144
Broken PMT descriptor! size 57, desc size 48 but position 20
Broken PMT descriptor! size 57, desc size 70 but position 25
Broken PMT descriptor! size 57, desc size 255 but position 34
Broken PMT descriptor! size 57, desc size 67 but position 44
[MPEG-2 TS] Invalid PMT es descriptor size for PID 856
[MPEG-2 TS] PES 4144: Duplicated Packet found (CC 0) - skipping
[MPEG-2 TS] TS Packet 45 does not start with sync marker
[MPEG-2 TS] TS Packet 45 does not start with sync marker
[MPEG-2 TS] TS Packet 45 does not start with sync marker
[MPEG-2 TS] TS Packet 45 does not start with sync marker
[MPEG-2 TS] TS Packet 45 does not start with sync marker
[MPEG-2 TS] TS Packet 45 does not start with sync marker
[MPEG-2 TS] TS Packet 45 does not start with sync marker
[MPEG-2 TS] TS Packet 45 does not start with sync marker
[MPEG-2 TS] TS Packet 45 does not start with sync marker
[MPEG-2 TS] TS Packet 45 does not start with sync marker
[MPEG-2 TS] TS Packet 46 does not start with sync marker
[MPEG-2 TS] TS Packet 46 does not start with sync marker
[MPEG-2 TS] TS Packet 46 does not start with sync marker
[MPEG-2 TS] TS Packet 46 does not start with sync marker
[MPEG-2 TS] TS Packet 46 does not start with sync marker
[MPEG-2 TS] TS Packet 46 does not start with sync marker
[MPEG-2 TS] TS Packet 46 does not start with sync marker
[HEVC] NAL Unit type 24 not handled - adding
[MPEG-2 TS] PES 4144: Duplicated Packet found (CC 0) - skipping
[MPEG-2 TS] PID 1863 new PCR, with discontinuity signaled, is less than previously received PCR (diff -78570 us) but not too large, trying to ignore discontinuity
[MPEG-2 TS] Stream type (0xf3) for PID 2688 not supported
MORE sections on pid 48
Broken PMT descriptor! size 57, desc size 48 but position 15
MORE sections on pid 4144
Broken PMT descriptor! size 57, desc size 48 but position 20
Broken PMT descriptor! size 57, desc size 70 but position 25
Broken PMT descriptor! size 57, desc size 255 but position 34
Broken PMT descriptor! size 57, desc size 67 but position 44
[MPEG-2 TS] Invalid PMT es descriptor size for PID 856
[M2TS] Wrong dependency index in hierarchy descriptor, assuming non-scalable stream
[MPEG-2 TS] PES 4144: Duplicated Packet found (CC 0) - skipping
[MPEG-2 TS] TS Packet 51 does not start with sync marker
[MPEG-2 TS] TS Packet 51 does not start with sync marker
[MPEG-2 TS] TS Packet 51 does not start with sync marker
[MPEG-2 TS] TS Packet 51 does not start with sync marker
[MPEG-2 TS] TS Packet 51 does not start with sync marker
[MPEG-2 TS] TS Packet 51 does not start with sync marker
[MPEG-2 TS] TS Packet 51 does not start with sync marker
[MPEG-2 TS] TS Packet 51 does not start with sync marker
[MPEG-2 TS] TS Packet 51 does not start with sync marker
[MPEG-2 TS] TS Packet 51 does not start with sync marker
[MPEG-2 TS] TS Packet 52 does not start with sync marker
[MPEG-2 TS] TS Packet 52 does not start with sync marker
[MPEG-2 TS] TS Packet 52 does not start with sync marker
[MPEG-2 TS] TS Packet 52 does not start with sync marker
[MPEG-2 TS] TS Packet 52 does not start with sync marker
[MPEG-2 TS] TS Packet 52 does not start with sync marker
[MPEG-2 TS] TS Packet 52 does not start with sync marker
[VVC] Error parsing NAL unit type 0
[VVC] Error parsing NAL unit type 0
[=================================================================
==33468==ERROR: AddressSanitizer: heap-use-after-free on address 0x7f7518dceb04 at pc 0x7f751b19dbf5 bp 0x7ffc77f69500 sp 0x7ffc77f694f8
READ of size 1 at 0x7f7518dceb04 thread T0
    #0 0x7f751b19dbf4 in gf_sei_load_from_state_internal filters/sei_load.c:225
    #1 0x7f751b19dbf4 in gf_sei_load_from_state filters/sei_load.c:265
    #2 0x7f751b0ffd02 in naludmx_finalize_au_flags filters/reframe_nalu.c:2360
    #3 0x7f751b122e66 in naludmx_process filters/reframe_nalu.c:3184
    #4 0x7f751aceef01 in gf_filter_process_task filter_core/filter.c:3179
    #5 0x7f751acc2f65 in gf_fs_thread_proc filter_core/filter_session.c:2420
    #6 0x7f751acc81c4 in gf_fs_run filter_core/filter_session.c:2727
    #7 0x7f751a7a9609 in gf_media_import media_tools/media_import.c:1278
    #8 0x55b3b514a8e3 in convert_file_info /media/user/8b16fbb8-17fc-4a2a-99f7-d4da627d0251/gpac_asan/applications/mp4box/fileimport.c:131
    #9 0x55b3b511b4b7 in mp4box_main /media/user/8b16fbb8-17fc-4a2a-99f7-d4da627d0251/gpac_asan/applications/mp4box/mp4box.c:6520
    #10 0x7f7519c33d67 in __libc_start_call_main ../sysdeps/nptl/libc_start_call_main.h:58
    #11 0x7f7519c33e24 in __libc_start_main_impl ../csu/libc-start.c:360
    #12 0x55b3b50f8040 in _start (/media/user/8b16fbb8-17fc-4a2a-99f7-d4da627d0251/gpac_asan/bin/gcc/MP4Box+0x4d040) (BuildId: e3fa7fb827b1f2841159188845f7926f726ce6c6)

0x7f7518dceb04 is located 529156 bytes inside of 529176-byte region [0x7f7518d4d800,0x7f7518dceb18)
freed by thread T0 here:
    #0 0x7f751bcf3918 in free ../../../../src/libsanitizer/asan/asan_malloc_linux.cpp:52
    #1 0x7f751b107b4e in naludmx_configure_pid filters/reframe_nalu.c:370

previously allocated by thread T0 here:
    #0 0x7f751bcf4c77 in malloc ../../../../src/libsanitizer/asan/asan_malloc_linux.cpp:69
    #1 0x7f751b108213 in naludmx_configure_pid filters/reframe_nalu.c:362

SUMMARY: AddressSanitizer: heap-use-after-free filters/sei_load.c:225 in gf_sei_load_from_state_internal
Shadow bytes around the buggy address:
  0x7f7518dce880: fd fd fd fd fd fd fd fd fd fd fd fd fd fd fd fd
  0x7f7518dce900: fd fd fd fd fd fd fd fd fd fd fd fd fd fd fd fd
  0x7f7518dce980: fd fd fd fd fd fd fd fd fd fd fd fd fd fd fd fd
  0x7f7518dcea00: fd fd fd fd fd fd fd fd fd fd fd fd fd fd fd fd
  0x7f7518dcea80: fd fd fd fd fd fd fd fd fd fd fd fd fd fd fd fd
=>0x7f7518dceb00:[fd]fd fd fa fa fa fa fa fa fa fa fa fa fa fa fa
  0x7f7518dceb80: fa fa fa fa fa fa fa fa fa fa fa fa fa fa fa fa
  0x7f7518dcec00: fa fa fa fa fa fa fa fa fa fa fa fa fa fa fa fa
  0x7f7518dcec80: fa fa fa fa fa fa fa fa fa fa fa fa fa fa fa fa
  0x7f7518dced00: fa fa fa fa fa fa fa fa fa fa fa fa fa fa fa fa
  0x7f7518dced80: fa fa fa fa fa fa fa fa fa fa fa fa fa fa fa fa
Shadow byte legend (one shadow byte represents 8 application bytes):
  Addressable:           00
  Partially addressable: 01 02 03 04 05 06 07 
  Heap left redzone:       fa
  Freed heap region:       fd
  Stack left redzone:      f1
  Stack mid redzone:       f2
  Stack right redzone:     f3
  Stack after return:      f5
  Stack use after scope:   f8
  Global redzone:          f9
  Global init order:       f6
  Poisoned by user:        f7
  Container overflow:      fc
  Array cookie:            ac
  Intra object redzone:    bb
  ASan internal:           fe
  Left alloca redzone:     ca
  Right alloca redzone:    cb
==33468==ABORTING
