[iso file] Unknown box type avcC in parent v210
[iso file] Unknown box type avcC in parent v210                                                                                                              
AddressSanitizer:DEADLYSIGNAL                                                                                                                                
=================================================================
==3196882==ERROR: AddressSanitizer: SEGV on unknown address 0x000000000008 (pc 0x7ff47af04f7e bp 0x0ffe8ce234c0 sp 0x7ffca3293ad0 T0)
==3196882==The signal is caused by a READ memory access.                                                                                                     
==3196882==Hint: address points to the zero page.
    #0 0x7ff47af04f7e in gf_media_get_color_info media_tools/isom_tools.c:979
    #1 0x7ff47b82b690 in mp4_mux_setup_pid filters/mux_isom.c:3673
    #2 0x7ff47b4adde1 in gf_filter_pid_configure filter_core/filter_pid.c:939
    #3 0x7ff47b4b5346 in filter_pck_check_prop_change filter_core/filter_pid.c:6889
    #4 0x7ff47b4b5346 in gf_filter_pid_get_packet filter_core/filter_pid.c:6945
    #5 0x7ff47b8375ea in mp4_mux_process filters/mux_isom.c:7653
    #6 0x7ff47b51a380 in gf_filter_process_task filter_core/filter.c:3208
    #7 0x7ff47b4ee36e in gf_fs_thread_proc filter_core/filter_session.c:2393
    #8 0x7ff47b4f3414 in gf_fs_run filter_core/filter_session.c:2697
    #9 0x564155a90b48 in split_isomedia_file /media/user/6d3eeb8a-a93b-4220-bb13-a4e488ce0ce2/gpac/runtime/gpac_asan/applications/mp4box/fileimport.c:2554
    #10 0x564155a5b04f in mp4box_main /media/user/6d3eeb8a-a93b-4220-bb13-a4e488ce0ce2/gpac/runtime/gpac_asan/applications/mp4box/mp4box.c:6701
    #11 0x7ff47a433ca7 in __libc_start_call_main ../sysdeps/nptl/libc_start_call_main.h:58
    #12 0x7ff47a433d64 in __libc_start_main_impl ../csu/libc-start.c:360
    #13 0x564155a3a0c0 in _start (/media/user/6d3eeb8a-a93b-4220-bb13-a4e488ce0ce2/gpac/runtime/gpac_asan/bin/gcc/MP4Box+0x4d0c0) (BuildId: ae9fdcf210e03362f940d80569ae6e7d514fc1be)

AddressSanitizer can not provide additional info.
SUMMARY: AddressSanitizer: SEGV media_tools/isom_tools.c:979 in gf_media_get_color_info
==3196882==ABORTING
