XMT: MPEG-4 (XMT) Scene Parsing
[XMT Parsing] Invalid child descriptor (line 19)                                                                            
[XMT Parsing] Invalid child descriptor (line 23)                                                                            
[XMT Parsing] Invalid child descriptor (line 35)                                                                            
[XMT Parsing] Invalid child descriptor (line 38)                                                                            
[XMT Parsing] Invalid child descriptor (line 39)                                                                            
[XMT Parsing] Invalid child descriptor (line 46)                                                                            
[XMT Parsing] Invalid child descriptor (line 49)                                                                            
[XMT Parsing] Invalid child descriptor (line 51)                                                                            
[XMT Parsing] Invalid child descriptor (line 53)                                                                            
[XMT Parsing] Invalid child descriptor (line 59)                                                                            
[XMT Parsing] Invalid child descriptor (line 68)                                                                            
[XMT Parsing] Invalid child descriptor (line 71)                                                                            
[XMT Parsing] Invalid child descriptor (line 73)                                                                            
[XMT Parsing] Invalid child descriptor (line 75)                                                                            
[XMT Parsing] Invalid child descriptor (line 81)                                                                            
=================================================================                                                           
==1104281==ERROR: AddressSanitizer: heap-use-after-free on address 0x7cb8f9be1370 at pc 0x7f58fb46a53c bp 0x7fff90fcae10 sp 0x7fff90fcae08                                                                                                              
READ of size 8 at 0x7cb8f9be1370 thread T0                                                                                  
    #0 0x7f58fb46a53b in gf_node_unregister scenegraph/base_scenegraph.c:772
    #1 0x7f58fb478a24 in gf_sg_command_del scenegraph/commands.c:137
    #2 0x7f58fc26d6ea in ctxload_process filters/load_bt_xmt.c:616
    #3 0x7f58fbfe6893 in gf_filter_process_task filter_core/filter.c:3257
    #4 0x7f58fbfbacc1 in gf_fs_thread_proc filter_core/filter_session.c:2420
    #5 0x7f58fbfbfd82 in gf_fs_run filter_core/filter_session.c:2728
    #6 0x7f58fba7245c in gf_media_import media_tools/media_import.c:1305
    #7 0x556f17432d53 in convert_file_info /run/media/user/8ed8205b-4114-4c2a-b2d0-e2ad6640262d/gpac/runtime/gpac_asan/applications/mp4box/fileimport.c:131
    #8 0x556f17402a9d in mp4box_main /run/media/user/8ed8205b-4114-4c2a-b2d0-e2ad6640262d/gpac/runtime/gpac_asan/applications/mp4box/mp4box.c:6645
    #9 0x7f58fae33fb9 in __libc_start_call_main ../sysdeps/nptl/libc_start_call_main.h:59
    #10 0x7f58fae340d6 in __libc_start_main_impl ../csu/libc-start.c:360
    #11 0x556f173de0c0 in _start (/run/media/user/8ed8205b-4114-4c2a-b2d0-e2ad6640262d/gpac/runtime/gpac_asan/bin/gcc/MP4Box+0x4e0c0) (BuildId: bd97ac0401e54cf584a9d869fd4669f0be7d84d5)

0x7cb8f9be1370 is located 240 bytes inside of 528-byte region [0x7cb8f9be1280,0x7cb8f9be1490)
freed by thread T0 here:                                                                                                    
    #0 0x7f58fd12340f in free ../../../../src/libsanitizer/asan/asan_malloc_linux.cpp:51
    #1 0x7f58fb536847 in gf_sg_proto_del scenegraph/vrml_proto.c:157

previously allocated by thread T0 here:
    #0 0x7f58fd12435f in malloc ../../../../src/libsanitizer/asan/asan_malloc_linux.cpp:67
    #1 0x7f58fb46503a in gf_sg_new scenegraph/base_scenegraph.c:53

SUMMARY: AddressSanitizer: heap-use-after-free scenegraph/base_scenegraph.c:772 in gf_node_unregister
Shadow bytes around the buggy address:
  0x7cb8f9be1080: fd fd fd fd fd fd fd fd fd fd fd fd fd fd fd fd
  0x7cb8f9be1100: fd fd fd fd fd fd fd fd fd fd fd fd fd fd fd fd
  0x7cb8f9be1180: fd fd fa fa fa fa fa fa fa fa fa fa fa fa fa fa
  0x7cb8f9be1200: fa fa fa fa fa fa fa fa fa fa fa fa fa fa fa fa
  0x7cb8f9be1280: fd fd fd fd fd fd fd fd fd fd fd fd fd fd fd fd
=>0x7cb8f9be1300: fd fd fd fd fd fd fd fd fd fd fd fd fd fd[fd]fd
  0x7cb8f9be1380: fd fd fd fd fd fd fd fd fd fd fd fd fd fd fd fd
  0x7cb8f9be1400: fd fd fd fd fd fd fd fd fd fd fd fd fd fd fd fd
  0x7cb8f9be1480: fd fd fa fa fa fa fa fa fa fa fa fa fa fa fa fa
  0x7cb8f9be1500: fa fa fa fa fa fa fa fa fa fa fa fa fa fa fa fa
  0x7cb8f9be1580: fd fd fd fd fd fd fd fd fd fd fd fd fd fd fd fd
Shadow byte legend (one shadow byte represents 8 application bytes):
  Addressable:           00
  Partially addressable: 01 02 03 04 05 06 07 
  Heap left redzone:       fa
  Freed heap region:       fd
  Stack left redzone:      f1
  Stack mid redzone:       f2
  Stack right redzone:     f3
  Stack after return:      f5
  Stack use after scope:   f8
  Global redzone:          f9
  Global init order:       f6
  Poisoned by user:        f7
  Container overflow:      fc
  Array cookie:            ac
  Intra object redzone:    bb
  ASan internal:           fe
  Left alloca redzone:     ca
  Right alloca redzone:    cb
==1104281==ABORTING
