[32mTrack Importing RawVideo - Width 320 Height 240 FPS 30/1
[0m[32mXMT: MPEG-4 (XMT) Scene Parsing
[0m[33m[XMT Parsing] Invalid child descriptor (line 59)
[0m[33m[XMT Parsing] Invalid child descriptor (line 63)
[0m[33m[XMT Parsing] Invalid child descriptor (line 98)
[0mXMT Parsing: |===                 | (16/100)
[33m[XMT Parsing] Invalid child descriptor (line 173)
[0m[33m[XMT Parsing] Invalid child descriptor (line 186)
[0m[33m[XMT Parsing] Invalid child descriptor (line 190)
[0mXMT Parsing: |======              | (31/100)
[33m[XMT Parsing] Invalid child descriptor (line 225)
[0m[33m[XMT Parsing] Warning: Unknown field "" for node Anchor - skipping (line 318)
[0mXMT Parsing: |==========          | (50/100)
[33m[XMT Parsing] Warning: Node N1 has been defined several times - IDs may get corrupted (line 321)
[0m[33m[XMT Parsing] Warning: Unknown field "" for node Anchor - skipping (line 325)
[0m[33m[XMT Parsing] Warning: Node N1 has been defined several times - IDs may get corrupted (line 330)
[0m[33m[XMT Parsing] Warning: Unknown field "" for node Anchor - skipping (line 334)
[0m[33m[XMT Parsing] Warning: Node N18 has been defined several times - IDs may get corrupted (line 335)
[0m[33m[XMT Parsing] Warning: Node N19 has been defined several times - IDs may get corrupted (line 336)
[0m[33m[XMT Parsing] Warning: Node N20 has been defined several times - IDs may get corrupted (line 337)
[0mAddressSanitizer:DEADLYSIGNAL
=================================================================
==954584==ERROR: AddressSanitizer: SEGV on unknown address 0x000000000010 (pc 0x7f5c01d8e088 bp 0x7bbbffbe3320 sp 0x7ffe948c3bd0 T0)
==954584==The signal is caused by a READ memory access.
==954584==Hint: address points to the zero page.
    #0 0x7f5c01d8e088 in InputSensorModified compositor/mpeg4_inputsensor.c:524
    #1 0x7f5c01ddbd36 in gf_scene_node_callback compositor/scene_node_init.c:342
    #2 0x7f5c0145ae91 in gf_node_changed_internal scenegraph/base_scenegraph.c:1920
    #3 0x7f5c0145ae91 in gf_node_changed scenegraph/base_scenegraph.c:1926
    #4 0x7f5c01b466c5 in xmt_parse_element scene_manager/loader_xmt.c:2092
    #5 0x7f5c01b4c8d1 in xmt_node_start scene_manager/loader_xmt.c:2855
    #6 0x7f5c0138a59c in xml_sax_node_start utils/xml_parser.c:308
    #7 0x7f5c0138ecdc in xml_sax_parse_attribute utils/xml_parser.c:397
    #8 0x7f5c0138ecdc in xml_sax_parse utils/xml_parser.c:940
    #9 0x7f5c0138abfe in gf_xml_sax_parse_intern utils/xml_parser.c:1084
    #10 0x7f5c01390037 in gf_xml_sax_parse utils/xml_parser.c:1138
    #11 0x7f5c01390393 in xml_sax_read_file utils/xml_parser.c:1225
    #12 0x7f5c01390e48 in gf_xml_sax_parse_file utils/xml_parser.c:1338
    #13 0x7f5c01b3d7b5 in load_xmt_run scene_manager/loader_xmt.c:3444
    #14 0x7f5c021e462c in ctxload_process filters/load_bt_xmt.c:522
    #15 0x7f5c01f5f893 in gf_filter_process_task filter_core/filter.c:3257
    #16 0x7f5c01f33dc1 in gf_fs_thread_proc filter_core/filter_session.c:2420
    #17 0x7f5c01f38e82 in gf_fs_run filter_core/filter_session.c:2728
    #18 0x7f5c019f8d4f in gf_media_import media_tools/media_import.c:1632
    #19 0x558a4f1d2599 in import_file /run/media/user/8ed8205b-4114-4c2a-b2d0-e2ad6640262d/gpac/runtime/gpac_asan/applications/mp4box/fileimport.c:1713
    #20 0x558a4f18df89 in do_add_cat /run/media/user/8ed8205b-4114-4c2a-b2d0-e2ad6640262d/gpac/runtime/gpac_asan/applications/mp4box/mp4box.c:4632
    #21 0x558a4f1903e7 in mp4box_main /run/media/user/8ed8205b-4114-4c2a-b2d0-e2ad6640262d/gpac/runtime/gpac_asan/applications/mp4box/mp4box.c:6376
    #22 0x7f5c00e31f76 in __libc_start_call_main ../sysdeps/nptl/libc_start_call_main.h:58
    #23 0x7f5c00e32026 in __libc_start_main_impl ../csu/libc-start.c:360
    #24 0x558a4f170070 in _start (/run/media/user/8ed8205b-4114-4c2a-b2d0-e2ad6640262d/gpac/runtime/gpac_asan/bin/gcc/MP4Box+0x4d070) (BuildId: 6cf4ec0a1f4678684c742bb31496122f9e5b5f7a)

==954584==Register values:
rax = 0x0000000000000002  rbx = 0x0000000000000000  rcx = 0x00007f5c01ddbca0  rdx = 0x00000f737ff7c2cd  
rdi = 0x00007b9bffbe1668  rsi = 0x00007bbbffbe3320  rbp = 0x00007bbbffbe3320  rsp = 0x00007ffe948c3bd0  
 r8 = 0x00007f5c00f7a800   r9 = 0x00000000000000f3  r10 = 0x0000000000000000  r11 = 0x00007f5c01458df0  
r12 = 0x00007c8bffbe0900  r13 = 0x00007ffe948c3c10  r14 = 0x00007bbbffbe3320  r15 = 0x00007cbbffbe1580  
AddressSanitizer can not provide additional info.
SUMMARY: AddressSanitizer: SEGV compositor/mpeg4_inputsensor.c:524 in InputSensorModified
==954584==ABORTING
