[32mTrack Importing RawVideo - Width 320 Height 240 FPS 30/1
[0m[32mXMT: MPEG-4 (XMT) Scene Parsing
[0mXMT Parsing: |=                   | (07/100)
[33m[XMT Parsing] Warning: Cannot locate proto 3 - skipping (line 216)
[0mXMT Parsing: |==                  | (14/100)
XMT Parsing: |===                 | (18/100)
[33m[XMT Parsing] Warning: Node N1 has been defined several times - IDs may get corrupted (line 374)
[0mXMT Parsing: |=====               | (25/100)
[33m[XMT Parsing] Warning: Node N2 has been defined several times - IDs may get corrupted (line 376)
[0m[33m[XMT Parsing] Warning: Cannot locate proto 3 - skipping (line 407)
[0mXMT Parsing: |======              | (31/100)
[33m[XMT Parsing] Warning: node Transform2D defined outside scene scope - skipping (line 527)
[0m[33m[XMT Parsing] Warning: Node N0 has been defined several times - IDs may get corrupted (line 547)
[0m[33m[XMT Parsing] Warning: Node N1 has been defined several times - IDs may get corrupted (line 548)
[0m[33m[XMT Parsing] Warning: Node N2 has been defined several times - IDs may get corrupted (line 550)
[0mXMT Parsing: |=======             | (39/100)
[33m[XMT Parsing] Warning: Cannot locate proto 3 - skipping (line 582)
[0mXMT Parsing: |=========           | (46/100)
[33m[XMT Parsing] Warning: node Transform2D defined outside scene scope - skipping (line 775)
[0mXMT Parsing: |==========          | (54/100)
[33m[XMT Parsing] Warning: Node N0 has been defined several times - IDs may get corrupted (line 795)
[0m[33m[XMT Parsing] Warning: Node N1 has been defined several times - IDs may get corrupted (line 796)
[0m[33m[XMT Parsing] Warning: Node N2 has been defined several times - IDs may get corrupted (line 798)
[0mXMT Parsing: |===========         | (55/100)
[33m[XMT Parsing] WARNING: OD ID 10 not assigned (line 891)
[0m[31m[XMT Parsing] Invalid XML document: Invalid character ' ' for attribute name - Line 891: vrml97Hi < (line 891)
[0m=================================================================
==954566==ERROR: AddressSanitizer: heap-use-after-free on address 0x7cac05de19c0 at pc 0x7fec07868bfa bp 0x7ffd98fbed50 sp 0x7ffd98fbed48
READ of size 8 at 0x7cac05de19c0 thread T0
    #0 0x7fec07868bf9 in gf_sg_command_del scenegraph/commands.c:61
    #1 0x7fec07f2e8f3 in gf_sm_au_del scene_manager/scene_manager.c:113
    #2 0x7fec07f2e8f3 in gf_sm_reset_stream scene_manager/scene_manager.c:126
    #3 0x7fec07f2e8f3 in gf_sm_delete_stream scene_manager/scene_manager.c:133
    #4 0x7fec07f2e8f3 in gf_sm_del scene_manager/scene_manager.c:147
    #5 0x7fec085e4a17 in ctxload_process filters/load_bt_xmt.c:530
    #6 0x7fec0835f893 in gf_filter_process_task filter_core/filter.c:3257
    #7 0x7fec08333dc1 in gf_fs_thread_proc filter_core/filter_session.c:2420
    #8 0x7fec08338e82 in gf_fs_run filter_core/filter_session.c:2728
    #9 0x7fec07df8d4f in gf_media_import media_tools/media_import.c:1632
    #10 0x55990b69f599 in import_file /run/media/user/8ed8205b-4114-4c2a-b2d0-e2ad6640262d/gpac/runtime/gpac_asan/applications/mp4box/fileimport.c:1713
    #11 0x55990b65af89 in do_add_cat /run/media/user/8ed8205b-4114-4c2a-b2d0-e2ad6640262d/gpac/runtime/gpac_asan/applications/mp4box/mp4box.c:4632
    #12 0x55990b65d3e7 in mp4box_main /run/media/user/8ed8205b-4114-4c2a-b2d0-e2ad6640262d/gpac/runtime/gpac_asan/applications/mp4box/mp4box.c:6376
    #13 0x7fec07231f76 in __libc_start_call_main ../sysdeps/nptl/libc_start_call_main.h:58
    #14 0x7fec07232026 in __libc_start_main_impl ../csu/libc-start.c:360
    #15 0x55990b63d070 in _start (/run/media/user/8ed8205b-4114-4c2a-b2d0-e2ad6640262d/gpac/runtime/gpac_asan/bin/gcc/MP4Box+0x4d070) (BuildId: 6cf4ec0a1f4678684c742bb31496122f9e5b5f7a)

0x7cac05de19c0 is located 0 bytes inside of 120-byte region [0x7cac05de19c0,0x7cac05de1a38)
freed by thread T0 here:
    #0 0x7fec0932340f in free ../../../../src/libsanitizer/asan/asan_malloc_linux.cpp:51
    #1 0x7fec079611ad in gf_sg_sfcommand_del scenegraph/vrml_tools.c:628

previously allocated by thread T0 here:
    #0 0x7fec0932435f in malloc ../../../../src/libsanitizer/asan/asan_malloc_linux.cpp:67
    #1 0x7fec07868387 in gf_sg_command_new scenegraph/commands.c:38

SUMMARY: AddressSanitizer: heap-use-after-free scenegraph/commands.c:61 in gf_sg_command_del
Shadow bytes around the buggy address:
  0x7cac05de1700: fd fd fd fd fd fd fd fa fa fa fa fa fa fa fa fa
  0x7cac05de1780: 00 00 00 00 00 00 00 00 00 00 00 00 00 00 00 fa
  0x7cac05de1800: fa fa fa fa fa fa fa fa 00 00 00 00 00 00 00 00
  0x7cac05de1880: 00 00 00 00 00 00 00 fa fa fa fa fa fa fa fa fa
  0x7cac05de1900: 00 00 00 00 00 00 00 00 00 00 00 00 00 00 00 fa
=>0x7cac05de1980: fa fa fa fa fa fa fa fa[fd]fd fd fd fd fd fd fd
  0x7cac05de1a00: fd fd fd fd fd fd fd fa fa fa fa fa fa fa fa fa
  0x7cac05de1a80: 00 00 00 00 00 00 00 00 00 00 00 00 00 00 00 00
  0x7cac05de1b00: fa fa fa fa fa fa fa fa 00 00 00 00 00 00 00 00
  0x7cac05de1b80: 00 00 00 00 00 00 00 00 fa fa fa fa fa fa fa fa
  0x7cac05de1c00: 00 00 00 00 00 00 00 00 00 00 00 00 00 00 00 00
Shadow byte legend (one shadow byte represents 8 application bytes):
  Addressable:           00
  Partially addressable: 01 02 03 04 05 06 07 
  Heap left redzone:       fa
  Freed heap region:       fd
  Stack left redzone:      f1
  Stack mid redzone:       f2
  Stack right redzone:     f3
  Stack after return:      f5
  Stack use after scope:   f8
  Global redzone:          f9
  Global init order:       f6
  Poisoned by user:        f7
  Container overflow:      fc
  Array cookie:            ac
  Intra object redzone:    bb
  ASan internal:           fe
  Left alloca redzone:     ca
  Right alloca redzone:    cb
==954566==ABORTING
