[32mTrack Importing RawVideo - Width 320 Height 240 FPS 30/1
[0m[32mXMT: MPEG-4 (XMT) Scene Parsing
[0m[33m[XMT Parsing] Invalid child descriptor (line 28)
[0m[33m[XMT Parsing] Invalid child descriptor (line 30)
[0m[33m[XMT Parsing] Invalid child descriptor (line 34)
[0m[33m[XMT Parsing] Warning: Unknown field "info" for node KeySensor - skipping (line 103)
[0m[33m[XMT Parsing] Warning: Unknown field "title" for node KeySensor - skipping (line 103)
[0m[33m[XMT Parsing] Warning: top-node already assigned - discarding node Viewport (line 104)
[0mXMT Parsing: |==========          | (51/100)
[33m[XMT Parsing] Warning: Unknown field "backColor" for node OrderedGroup - skipping (line 188)
[0m[33m[XMT Parsing] Warning: Unknown field "url" for node OrderedGroup - skipping (line 188)
[0m[33m[XMT Parsing] Warning: Node N1 has been defined several times - IDs may get corrupted (line 189)
[0m[33m[XMT Parsing] Warning: Unknown field "info" for node KeySensor - skipping (line 190)
[0m[33m[XMT Parsing] Warning: Unknown field "title" for node KeySensor - skipping (line 190)
[0m[33m[XMT Parsing] Warning: Node N2 has been defined several times - IDs may get corrupted (line 191)
[0m=================================================================
==954617==ERROR: AddressSanitizer: heap-use-after-free on address 0x7cff2efe1a88 at pc 0x7f9f30a684c4 bp 0x7ffdb0d4f9f0 sp 0x7ffdb0d4f9e8
READ of size 8 at 0x7cff2efe1a88 thread T0
    #0 0x7f9f30a684c3 in gf_sg_command_new scenegraph/commands.c:44
    #1 0x7f9f3114e26e in xmt_parse_command scene_manager/loader_xmt.c:2523
    #2 0x7f9f3114e26e in xmt_node_start scene_manager/loader_xmt.c:2843
    #3 0x7f9f3098a59c in xml_sax_node_start utils/xml_parser.c:308
    #4 0x7f9f3098f317 in xml_sax_parse_attribute utils/xml_parser.c:357
    #5 0x7f9f3098f317 in xml_sax_parse utils/xml_parser.c:940
    #6 0x7f9f3098aff0 in gf_xml_sax_parse_intern utils/xml_parser.c:1110
    #7 0x7f9f30990037 in gf_xml_sax_parse utils/xml_parser.c:1138
    #8 0x7f9f30990393 in xml_sax_read_file utils/xml_parser.c:1225
    #9 0x7f9f30990e48 in gf_xml_sax_parse_file utils/xml_parser.c:1338
    #10 0x7f9f3113d7b5 in load_xmt_run scene_manager/loader_xmt.c:3444
    #11 0x7f9f317e462c in ctxload_process filters/load_bt_xmt.c:522
    #12 0x7f9f3155f893 in gf_filter_process_task filter_core/filter.c:3257
    #13 0x7f9f31533dc1 in gf_fs_thread_proc filter_core/filter_session.c:2420
    #14 0x7f9f31538e82 in gf_fs_run filter_core/filter_session.c:2728
    #15 0x7f9f30ff8d4f in gf_media_import media_tools/media_import.c:1632
    #16 0x5585e16e4599 in import_file /run/media/user/8ed8205b-4114-4c2a-b2d0-e2ad6640262d/gpac/runtime/gpac_asan/applications/mp4box/fileimport.c:1713
    #17 0x5585e169ff89 in do_add_cat /run/media/user/8ed8205b-4114-4c2a-b2d0-e2ad6640262d/gpac/runtime/gpac_asan/applications/mp4box/mp4box.c:4632
    #18 0x5585e16a23e7 in mp4box_main /run/media/user/8ed8205b-4114-4c2a-b2d0-e2ad6640262d/gpac/runtime/gpac_asan/applications/mp4box/mp4box.c:6376
    #19 0x7f9f30431f76 in __libc_start_call_main ../sysdeps/nptl/libc_start_call_main.h:58
    #20 0x7f9f30432026 in __libc_start_main_impl ../csu/libc-start.c:360
    #21 0x5585e1682070 in _start (/run/media/user/8ed8205b-4114-4c2a-b2d0-e2ad6640262d/gpac/runtime/gpac_asan/bin/gcc/MP4Box+0x4d070) (BuildId: 6cf4ec0a1f4678684c742bb31496122f9e5b5f7a)

0x7cff2efe1a88 is located 520 bytes inside of 528-byte region [0x7cff2efe1880,0x7cff2efe1a90)
freed by thread T0 here:
    #0 0x7f9f3252340f in free ../../../../src/libsanitizer/asan/asan_malloc_linux.cpp:51
    #1 0x7f9f30b2690f in gf_sg_proto_del scenegraph/vrml_proto.c:155

previously allocated by thread T0 here:
    #0 0x7f9f3252435f in malloc ../../../../src/libsanitizer/asan/asan_malloc_linux.cpp:67
    #1 0x7f9f30a568ca in gf_sg_new scenegraph/base_scenegraph.c:53

SUMMARY: AddressSanitizer: heap-use-after-free scenegraph/commands.c:44 in gf_sg_command_new
Shadow bytes around the buggy address:
  0x7cff2efe1800: fa fa fa fa fa fa fa fa fa fa fa fa fa fa fa fa
  0x7cff2efe1880: fd fd fd fd fd fd fd fd fd fd fd fd fd fd fd fd
  0x7cff2efe1900: fd fd fd fd fd fd fd fd fd fd fd fd fd fd fd fd
  0x7cff2efe1980: fd fd fd fd fd fd fd fd fd fd fd fd fd fd fd fd
  0x7cff2efe1a00: fd fd fd fd fd fd fd fd fd fd fd fd fd fd fd fd
=>0x7cff2efe1a80: fd[fd]fa fa fa fa fa fa fa fa fa fa fa fa fa fa
  0x7cff2efe1b00: fa fa fa fa fa fa fa fa fa fa fa fa fa fa fa fa
  0x7cff2efe1b80: fa fa fa fa fa fa fa fa fa fa fa fa fa fa fa fa
  0x7cff2efe1c00: fa fa fa fa fa fa fa fa fa fa fa fa fa fa fa fa
  0x7cff2efe1c80: fa fa fa fa fa fa fa fa fa fa fa fa fa fa fa fa
  0x7cff2efe1d00: fa fa fa fa fa fa fa fa fa fa fa fa fa fa fa fa
Shadow byte legend (one shadow byte represents 8 application bytes):
  Addressable:           00
  Partially addressable: 01 02 03 04 05 06 07 
  Heap left redzone:       fa
  Freed heap region:       fd
  Stack left redzone:      f1
  Stack mid redzone:       f2
  Stack right redzone:     f3
  Stack after return:      f5
  Stack use after scope:   f8
  Global redzone:          f9
  Global init order:       f6
  Poisoned by user:        f7
  Container overflow:      fc
  Array cookie:            ac
  Intra object redzone:    bb
  ASan internal:           fe
  Left alloca redzone:     ca
  Right alloca redzone:    cb
==954617==ABORTING
