Track Importing RawVideo - Width 320 Height 240 FPS 30/1
XMT: MPEG-4 (XMT) Scene Parsing
[XMT Parsing] Warning: Unknown field "backColor" for node OrderedGroup - skipping (line 180)
[XMT Parsing] Warning: Unknown field "url" for node OrderedGroup - skipping (line 180)
[XMT Parsing] Warning: top-node already assigned - discarding node Background2D (line 181)
[XMT Parsing] Warning: top-node already assigned - discarding node WorldInfo (line 182)
[XMT Parsing] Warning: top-node already assigned - discarding node Viewport (line 183)
=================================================================
==1629739==ERROR: AddressSanitizer: heap-use-after-free on address 0x7b6ec6814d60 at pc 0x7efec8057790 bp 0x7ffd5c8cab10 sp 0x7ffd5c8cab08
READ of size 8 at 0x7b6ec6814d60 thread T0
    #0 0x7efec805778f in gf_node_get_tag scenegraph/base_scenegraph.c:1271
    #1 0x7efec8737f4f in xmt_text_content scene_manager/loader_xmt.c:3141
    #2 0x7efec7f883cd in xml_sax_flush_text utils/xml_parser.c:573
    #3 0x7efec7f883cd in xml_sax_flush_text utils/xml_parser.c:552
    #4 0x7efec7f8d0b1 in xml_sax_parse utils/xml_parser.c:859
    #5 0x7efec7f89ef0 in gf_xml_sax_parse_intern utils/xml_parser.c:1110
    #6 0x7efec7f8ef37 in gf_xml_sax_parse utils/xml_parser.c:1138
    #7 0x7efec7f8f293 in xml_sax_read_file utils/xml_parser.c:1225
    #8 0x7efec7f8fd48 in gf_xml_sax_parse_file utils/xml_parser.c:1338
    #9 0x7efec873c335 in load_xmt_run scene_manager/loader_xmt.c:3279
    #10 0x7efec8de4acc in ctxload_process filters/load_bt_xmt.c:522
    #11 0x7efec8b5d153 in gf_filter_process_task filter_core/filter.c:3257
    #12 0x7efec8b31681 in gf_fs_thread_proc filter_core/filter_session.c:2420
    #13 0x7efec8b36742 in gf_fs_run filter_core/filter_session.c:2728
    #14 0x7efec85f86af in gf_media_import media_tools/media_import.c:1632
    #15 0x562703bcb579 in import_file /run/media/user/8ed8205b-4114-4c2a-b2d0-e2ad6640262d/gpac/runtime/gpac_asan/applications/mp4box/fileimport.c:1713
    #16 0x562703b86f89 in do_add_cat /run/media/user/8ed8205b-4114-4c2a-b2d0-e2ad6640262d/gpac/runtime/gpac_asan/applications/mp4box/mp4box.c:4632
    #17 0x562703b893e7 in mp4box_main /run/media/user/8ed8205b-4114-4c2a-b2d0-e2ad6640262d/gpac/runtime/gpac_asan/applications/mp4box/mp4box.c:6376
    #18 0x7efec7a31f76 in __libc_start_call_main ../sysdeps/nptl/libc_start_call_main.h:58
    #19 0x7efec7a32026 in __libc_start_main_impl ../csu/libc-start.c:360
    #20 0x562703b69070 in _start (/run/media/user/8ed8205b-4114-4c2a-b2d0-e2ad6640262d/gpac/runtime/gpac_asan/bin/gcc/MP4Box+0x4d070) (BuildId: 7c561012bd3258d58335187e5fb200fd4437b7d5)

0x7b6ec6814d60 is located 0 bytes inside of 72-byte region [0x7b6ec6814d60,0x7b6ec6814da8)
freed by thread T0 here:
    #0 0x7efec9b2340f in free ../../../../src/libsanitizer/asan/asan_malloc_linux.cpp:51
    #1 0x7efec805a0b7 in gf_node_unregister scenegraph/base_scenegraph.c:760

previously allocated by thread T0 here:
    #0 0x7efec9b2435f in malloc ../../../../src/libsanitizer/asan/asan_malloc_linux.cpp:67
    #1 0x7efec80d015b in Conditional_Create scenegraph/mpeg4_nodes.c:3193
    #2 0x7efec80d015b in gf_sg_mpeg4_node_new scenegraph/mpeg4_nodes.c:36750

SUMMARY: AddressSanitizer: heap-use-after-free scenegraph/base_scenegraph.c:1271 in gf_node_get_tag
Shadow bytes around the buggy address:
  0x7b6ec6814a80: 00 00 00 00 fa fa fa fa 00 00 00 00 00 00 00 00
  0x7b6ec6814b00: 00 fa fa fa fa fa 00 00 00 00 00 00 00 00 00 00
  0x7b6ec6814b80: fa fa fa fa 00 00 00 00 00 00 00 00 00 00 fa fa
  0x7b6ec6814c00: fa fa 00 00 00 00 00 00 00 00 00 00 fa fa fa fa
  0x7b6ec6814c80: 00 00 00 00 00 00 00 00 00 00 fa fa fa fa fd fd
=>0x7b6ec6814d00: fd fd fd fd fd fd fd fd fa fa fa fa[fd]fd fd fd
  0x7b6ec6814d80: fd fd fd fd fd fa fa fa fa fa fa fa fa fa fa fa
  0x7b6ec6814e00: fa fa fa fa fa fa fa fa fa fa fa fa fa fa fa fa
  0x7b6ec6814e80: fa fa fa fa fa fa fa fa fa fa fa fa fa fa fa fa
  0x7b6ec6814f00: fa fa fa fa fa fa fa fa fa fa fa fa fa fa fa fa
  0x7b6ec6814f80: fa fa fa fa fa fa fa fa fa fa fa fa fa fa fa fa
Shadow byte legend (one shadow byte represents 8 application bytes):
  Addressable:           00
  Partially addressable: 01 02 03 04 05 06 07 
  Heap left redzone:       fa
  Freed heap region:       fd
  Stack left redzone:      f1
  Stack mid redzone:       f2
  Stack right redzone:     f3
  Stack after return:      f5
  Stack use after scope:   f8
  Global redzone:          f9
  Global init order:       f6
  Poisoned by user:        f7
  Container overflow:      fc
  Array cookie:            ac
  Intra object redzone:    bb
  ASan internal:           fe
  Left alloca redzone:     ca
  Right alloca redzone:    cb
==1629739==ABORTING
