[32mTrack Importing RawVideo - Width 320 Height 240 FPS 30/1
[0m[32mXMT: MPEG-4 (XMT) Scene Parsing
[0m[33m[XMT Parsing] Warning: descriptor ES_Descriptor defined outside scene scope - skipping (line 27)
[0m[33m[XMT Parsing] Warning: descriptor ES_Descriptor defined outside scene scope - skipping (line 37)
[0m[33m[XMT Parsing] Invalid child descriptor (line 93)
[0mXMT Parsing: |=========           | (47/100)
[33m[XMT Parsing] Warning: Unknown field "D5F" for node Conditional - skipping (line 171)
[0m[33m[XMT Parsing] Warning: node Conditional defined outside scene scope - skipping (line 183)
[0m=================================================================
==954594==ERROR: AddressSanitizer: heap-use-after-free on address 0x7c09873e16c8 at pc 0x7f4989544c3d bp 0x7fffffb942a0 sp 0x7fffffb94298
READ of size 4 at 0x7c09873e16c8 thread T0
    #0 0x7f4989544c3c in xmt_node_end scene_manager/loader_xmt.c:3110
    #1 0x7f4989544c3c in xmt_node_end scene_manager/loader_xmt.c:2870
    #2 0x7f4988d89af2 in xml_sax_node_end utils/xml_parser.c:265
    #3 0x7f4988d8e0d7 in xml_sax_parse utils/xml_parser.c:864
    #4 0x7f4988d8abfe in gf_xml_sax_parse_intern utils/xml_parser.c:1084
    #5 0x7f4988d90037 in gf_xml_sax_parse utils/xml_parser.c:1138
    #6 0x7f4988d90393 in xml_sax_read_file utils/xml_parser.c:1225
    #7 0x7f4988d90e48 in gf_xml_sax_parse_file utils/xml_parser.c:1338
    #8 0x7f498953d7b5 in load_xmt_run scene_manager/loader_xmt.c:3444
    #9 0x7f4989be462c in ctxload_process filters/load_bt_xmt.c:522
    #10 0x7f498995f893 in gf_filter_process_task filter_core/filter.c:3257
    #11 0x7f4989933dc1 in gf_fs_thread_proc filter_core/filter_session.c:2420
    #12 0x7f4989938e82 in gf_fs_run filter_core/filter_session.c:2728
    #13 0x7f49893f8d4f in gf_media_import media_tools/media_import.c:1632
    #14 0x5652aaf6b599 in import_file /run/media/user/8ed8205b-4114-4c2a-b2d0-e2ad6640262d/gpac/runtime/gpac_asan/applications/mp4box/fileimport.c:1713
    #15 0x5652aaf26f89 in do_add_cat /run/media/user/8ed8205b-4114-4c2a-b2d0-e2ad6640262d/gpac/runtime/gpac_asan/applications/mp4box/mp4box.c:4632
    #16 0x5652aaf293e7 in mp4box_main /run/media/user/8ed8205b-4114-4c2a-b2d0-e2ad6640262d/gpac/runtime/gpac_asan/applications/mp4box/mp4box.c:6376
    #17 0x7f4988831f76 in __libc_start_call_main ../sysdeps/nptl/libc_start_call_main.h:58
    #18 0x7f4988832026 in __libc_start_main_impl ../csu/libc-start.c:360
    #19 0x5652aaf09070 in _start (/run/media/user/8ed8205b-4114-4c2a-b2d0-e2ad6640262d/gpac/runtime/gpac_asan/bin/gcc/MP4Box+0x4d070) (BuildId: 6cf4ec0a1f4678684c742bb31496122f9e5b5f7a)

0x7c09873e16c8 is located 8 bytes inside of 120-byte region [0x7c09873e16c0,0x7c09873e1738)
freed by thread T0 here:
    #0 0x7f498a92340f in free ../../../../src/libsanitizer/asan/asan_malloc_linux.cpp:51
    #1 0x7f4988e688d6 in gf_sg_command_del scenegraph/commands.c:138

previously allocated by thread T0 here:
    #0 0x7f498a92435f in malloc ../../../../src/libsanitizer/asan/asan_malloc_linux.cpp:67
    #1 0x7f4988e68387 in gf_sg_command_new scenegraph/commands.c:38

SUMMARY: AddressSanitizer: heap-use-after-free scene_manager/loader_xmt.c:3110 in xmt_node_end
Shadow bytes around the buggy address:
  0x7c09873e1400: 00 00 00 00 00 00 00 00 fa fa fa fa fa fa fa fa
  0x7c09873e1480: 00 00 00 00 00 00 00 00 00 00 00 00 00 00 00 fa
  0x7c09873e1500: fa fa fa fa fa fa fa fa 00 00 00 00 00 00 00 00
  0x7c09873e1580: 00 00 00 00 00 00 00 00 fa fa fa fa fa fa fa fa
  0x7c09873e1600: fd fd fd fd fd fd fd fd fd fd fd fd fd fd fd fa
=>0x7c09873e1680: fa fa fa fa fa fa fa fa fd[fd]fd fd fd fd fd fd
  0x7c09873e1700: fd fd fd fd fd fd fd fa fa fa fa fa fa fa fa fa
  0x7c09873e1780: fa fa fa fa fa fa fa fa fa fa fa fa fa fa fa fa
  0x7c09873e1800: fa fa fa fa fa fa fa fa fa fa fa fa fa fa fa fa
  0x7c09873e1880: fa fa fa fa fa fa fa fa fa fa fa fa fa fa fa fa
  0x7c09873e1900: fa fa fa fa fa fa fa fa fa fa fa fa fa fa fa fa
Shadow byte legend (one shadow byte represents 8 application bytes):
  Addressable:           00
  Partially addressable: 01 02 03 04 05 06 07 
  Heap left redzone:       fa
  Freed heap region:       fd
  Stack left redzone:      f1
  Stack mid redzone:       f2
  Stack right redzone:     f3
  Stack after return:      f5
  Stack use after scope:   f8
  Global redzone:          f9
  Global init order:       f6
  Poisoned by user:        f7
  Container overflow:      fc
  Array cookie:            ac
  Intra object redzone:    bb
  ASan internal:           fe
  Left alloca redzone:     ca
  Right alloca redzone:    cb
==954594==ABORTING
