[32mTrack Importing RawVideo - Width 320 Height 240 FPS 30/1
[0m[32mXMT: MPEG-4 (XMT) Scene Parsing
[0mXMT Parsing: |=========           | (49/100)
[33m[XMT Parsing] Warning: Unknown field "protoID" for node EnvironmentTest - skipping (line 114)
[0mAddressSanitizer:DEADLYSIGNAL
=================================================================
==954603==ERROR: AddressSanitizer: SEGV on unknown address 0x00000000037c (pc 0x7fea4d2da44f bp 0x0f7d493a0b20 sp 0x7ffc7347a840 T0)
==954603==The signal is caused by a READ memory access.
==954603==Hint: address points to the zero page.
    #0 0x7fea4d2da44f in envtest_evaluate compositor/mpeg4_sensors.c:1487
    #1 0x7fea4d3dbd36 in gf_scene_node_callback compositor/scene_node_init.c:342
    #2 0x7fea4ca5ae91 in gf_node_changed_internal scenegraph/base_scenegraph.c:1920
    #3 0x7fea4ca5ae91 in gf_node_changed scenegraph/base_scenegraph.c:1926
    #4 0x7fea4d1466c5 in xmt_parse_element scene_manager/loader_xmt.c:2092
    #5 0x7fea4d14c8d1 in xmt_node_start scene_manager/loader_xmt.c:2855
    #6 0x7fea4c98a59c in xml_sax_node_start utils/xml_parser.c:308
    #7 0x7fea4c98ecdc in xml_sax_parse_attribute utils/xml_parser.c:397
    #8 0x7fea4c98ecdc in xml_sax_parse utils/xml_parser.c:940
    #9 0x7fea4c98abfe in gf_xml_sax_parse_intern utils/xml_parser.c:1084
    #10 0x7fea4c990037 in gf_xml_sax_parse utils/xml_parser.c:1138
    #11 0x7fea4c990393 in xml_sax_read_file utils/xml_parser.c:1225
    #12 0x7fea4c990e48 in gf_xml_sax_parse_file utils/xml_parser.c:1338
    #13 0x7fea4d13d7b5 in load_xmt_run scene_manager/loader_xmt.c:3444
    #14 0x7fea4d7e462c in ctxload_process filters/load_bt_xmt.c:522
    #15 0x7fea4d55f893 in gf_filter_process_task filter_core/filter.c:3257
    #16 0x7fea4d533dc1 in gf_fs_thread_proc filter_core/filter_session.c:2420
    #17 0x7fea4d538e82 in gf_fs_run filter_core/filter_session.c:2728
    #18 0x7fea4cff8d4f in gf_media_import media_tools/media_import.c:1632
    #19 0x555aa4a37599 in import_file /run/media/user/8ed8205b-4114-4c2a-b2d0-e2ad6640262d/gpac/runtime/gpac_asan/applications/mp4box/fileimport.c:1713
    #20 0x555aa49f2f89 in do_add_cat /run/media/user/8ed8205b-4114-4c2a-b2d0-e2ad6640262d/gpac/runtime/gpac_asan/applications/mp4box/mp4box.c:4632
    #21 0x555aa49f53e7 in mp4box_main /run/media/user/8ed8205b-4114-4c2a-b2d0-e2ad6640262d/gpac/runtime/gpac_asan/applications/mp4box/mp4box.c:6376
    #22 0x7fea4c431f76 in __libc_start_call_main ../sysdeps/nptl/libc_start_call_main.h:58
    #23 0x7fea4c432026 in __libc_start_main_impl ../csu/libc-start.c:360
    #24 0x555aa49d5070 in _start (/run/media/user/8ed8205b-4114-4c2a-b2d0-e2ad6640262d/gpac/runtime/gpac_asan/bin/gcc/MP4Box+0x4d070) (BuildId: 6cf4ec0a1f4678684c742bb31496122f9e5b5f7a)

==954603==Register values:
rax = 0x0000000000000007  rbx = 0x00007bea49d05900  rcx = 0x0000000000000000  rdx = 0x0000000000000000  
rdi = 0x0000000000000380  rsi = 0x00000000000000f3  rbp = 0x00000f7d493a0b20  rsp = 0x00007ffc7347a840  
 r8 = 0x00007fea4c57a800   r9 = 0x00000000000000f3  r10 = 0x0000000000000000  r11 = 0x00007fea4ca58df0  
r12 = 0x00007bea49d059c0  r13 = 0x00007ffc7347a970  r14 = 0x00007ffc7347a860  r15 = 0x00007c4a4afe2540  
AddressSanitizer can not provide additional info.
SUMMARY: AddressSanitizer: SEGV compositor/mpeg4_sensors.c:1487 in envtest_evaluate
==954603==ABORTING
