XMT: MPEG-4 (XMT) Scene Parsing
Service bifs-externproto-nood-lib.bt#GEOMETRY_PROTO Cannot find filter for service: Requested URL is not valid or cannot be found
[XMT Parsing] Warning: Node N13 has been defined several times - IDs may get corrupted (line 303)
[XMT Parsing] Warning: Unknown field "value" for node InputSensor - skipping (line 521)
[XMT Parsing] Warning: top-node already assigned - discarding node Layer3D (line 530)
[XMT Parsing] Warning: top-node already assigned - discarding node Collision (line 539)
[XMT Parsing] Warning: top-node already assigned - discarding node CylinderSensor (line 540)
[XMT Parsing] Warning: top-node already assigned - discarding node SphereSensor (line 541)                                                                  
[XMT Parsing] Warning: top-node already assigned - discarding node PlaneSensor (line 542)                                                                   
[XMT Parsing] Warning: top-node already assigned - discarding node VisibilitySensor (line 543)                                                              
[XMT Parsing] Warning: top-node already assigned - discarding node Transform (line 544)                                                                     
[XMT Parsing] Warning: top-node already assigned - discarding node Transform2D (line 545)                                                                   
[XMT Parsing] Warning: top-node already assigned - discarding node Script (line 551)                                                                        
[XMT Parsing] Warning: top-node already assigned - discarding node ProtoInstance (line 563)                                                                 
[XMT Parsing] Warning: top-node already assigned - discarding node Transform2D (line 580)                                                                   
[XMT Parsing] Warning: top-node already assigned - discarding node Transform2D (line 581)                                                                   
[XMT Parsing] Warning: top-node already assigned - discarding node Transform2D (line 582)                                                                   
[XMT Parsing] Warning: top-node already assigned - discarding node Transform2D (line 583)                                                                   
[XMT Parsing] Warning: top-node already assigned - discarding node EnvironmentTest (line 584)                                                               
[XMT Parsing] Warning: top-node already assigned - discarding node Transform2D (line 589)                                                                   
[XMT Parsing] Warning: top-node already assigned - discarding node Switch (line 590)                                                                        
[XMT Parsing] Warning: Descr is not a valid node - skipping (line 610)                                                                                      
[XMT Parsing] Warning: closing element EnvironmentTest doesn't match created node Appearance (line 639)                                                     
[XMT Parsing] Warning: closing element Transform2D doesn't match created node Appearance (line 641)                                                         
[XMT Parsing] Warning: closing element Background2D doesn't match created node Appearance (line 648)                                                        
[XMT Parsing] Warning: closing element EnvironmentTest doesn't match created node Appearance (line 657)                                                     
[XMT Parsing] Warning: closing element Transform2D doesn't match created node Appearance (line 659)                                                         
[XMT Parsing] Warning: closing element LineProperties doesn't match created node Appearance (line 665)                                                      
[XMT Parsing] Warning: closing element Material2D doesn't match created node Appearance (line 685)                                                          
[XMT Parsing] Warning: closing element Circle doesn't match created node Shape (line 690)                                                                   
AddressSanitizer:DEADLYSIGNAL                                                                                                                               
=================================================================
==1719237==ERROR: AddressSanitizer: SEGV on unknown address 0x000000000040 (pc 0x7f7d9373e1eb bp 0x7c8d915e9dc0 sp 0x7ffc68fc4680 T0)
==1719237==The signal is caused by a READ memory access.                                                                                                    
==1719237==Hint: address points to the zero page.
    #0 0x7f7d9373e1eb in xmt_node_end scene_manager/loader_xmt.c:2847
    #1 0x7f7d9373e1eb in xmt_node_end scene_manager/loader_xmt.c:2755
    #2 0x7f7d92f889f2 in xml_sax_node_end utils/xml_parser.c:265
    #3 0x7f7d92f8d1b3 in xml_sax_parse utils/xml_parser.c:867
    #4 0x7f7d92f89afe in gf_xml_sax_parse_intern utils/xml_parser.c:1084
    #5 0x7f7d92f8ef37 in gf_xml_sax_parse utils/xml_parser.c:1138
    #6 0x7f7d92f8f293 in xml_sax_read_file utils/xml_parser.c:1225
    #7 0x7f7d92f8fd48 in gf_xml_sax_parse_file utils/xml_parser.c:1338
    #8 0x7f7d9373c235 in load_xmt_run scene_manager/loader_xmt.c:3277
    #9 0x7f7d93de48ac in ctxload_process filters/load_bt_xmt.c:522
    #10 0x7f7d93b5d053 in gf_filter_process_task filter_core/filter.c:3257
    #11 0x7f7d93b31581 in gf_fs_thread_proc filter_core/filter_session.c:2420
    #12 0x7f7d93b36642 in gf_fs_run filter_core/filter_session.c:2728
    #13 0x7f7d935f62f4 in gf_media_import media_tools/media_import.c:1305
    #14 0x55b38bf47473 in convert_file_info /run/media/user/8ed8205b-4114-4c2a-b2d0-e2ad6640262d/gpac/runtime/gpac_asan/applications/mp4box/fileimport.c:131
    #15 0x55b38bf17339 in mp4box_main /run/media/user/8ed8205b-4114-4c2a-b2d0-e2ad6640262d/gpac/runtime/gpac_asan/applications/mp4box/mp4box.c:6574
    #16 0x7f7d92a31f76 in __libc_start_call_main ../sysdeps/nptl/libc_start_call_main.h:58
    #17 0x7f7d92a32026 in __libc_start_main_impl ../csu/libc-start.c:360
    #18 0x55b38bef3070 in _start (/run/media/user/8ed8205b-4114-4c2a-b2d0-e2ad6640262d/gpac/runtime/gpac_asan/bin/gcc/MP4Box+0x4d070) (BuildId: f681cc78d80c62a25566e48ad2bbc96517037ee3)

==1719237==Register values:
rax = 0x00007c8d915e9e30  rbx = 0x00007b7d9024dc00  rcx = 0x0000000000000008  rdx = 0x00000f91b22bd3c6  
rdi = 0x0000000000000040  rsi = 0x0000000000000000  rbp = 0x00007c8d915e9dc0  rsp = 0x00007ffc68fc4680  
 r8 = 0x00007f7d92b7a800   r9 = 0x00000000000000f3  r10 = 0x0000000000000000  r11 = 0x0000000000000000  
r12 = 0x00007ffc68fc46e0  r13 = 0x00000f6fb2049b80  r14 = 0x0000000000000000  r15 = 0x00007dad915e7100  
AddressSanitizer can not provide additional info.
SUMMARY: AddressSanitizer: SEGV scene_manager/loader_xmt.c:2847 in xmt_node_end
==1719237==ABORTING
