JPEG XL encoder v0.12.0 3d0a160d [_AVX2_,SSE4,SSE2]
=================================================================
==3294966==ERROR: AddressSanitizer: heap-buffer-overflow on address 0x5020000000a0 at pc 0x7f043c8f27ef bp 0x7fff5de54250 sp 0x7fff5de53a10
WRITE of size 24 at 0x5020000000a0 thread T0                                                                                                                 
    #0 0x7f043c8f27ee in memcpy ../../../../src/libsanitizer/sanitizer_common/sanitizer_common_interceptors_memintrinsics.inc:115
    #1 0x55fcb63f6abd in jxl::extras::DecodeImagePNM(jxl::Span<unsigned char const>, jxl::extras::ColorHints const&, jxl::extras::PackedPixelFile*, jxl::SizeConstraints const*) /media/user/6d3eeb8a-a93b-4220-bb13-a4e488ce0ce2/libjxl/libjxl_asan/lib/extras/dec/pnm.cc:554
    #2 0x55fcb639e322 in jxl::extras::DecodeBytes(jxl::Span<unsigned char const>, jxl::extras::ColorHints const&, jxl::extras::PackedPixelFile*, jxl::SizeConstraints const*, jxl::extras::Codec*, JxlMemoryManagerStruct*, bool) /media/user/6d3eeb8a-a93b-4220-bb13-a4e488ce0ce2/libjxl/libjxl_asan/lib/extras/dec/decode.cc:170
    #3 0x55fcb636d312 in main /media/user/6d3eeb8a-a93b-4220-bb13-a4e488ce0ce2/libjxl/libjxl_asan/tools/cjxl_main.cc:1090
    #4 0x7f043a833ca7 in __libc_start_call_main ../sysdeps/nptl/libc_start_call_main.h:58
    #5 0x7f043a833d64 in __libc_start_main_impl ../csu/libc-start.c:360
    #6 0x55fcb636fac0 in _start (/media/user/6d3eeb8a-a93b-4220-bb13-a4e488ce0ce2/libjxl/libjxl_asan/build/tools/cjxl+0x1aac0) (BuildId: 453dc204c889e8a3f652429de07e7dc602b3c03b)

0x5020000000a0 is located 0 bytes after 16-byte region [0x502000000090,0x5020000000a0)
allocated by thread T0 here:                                                                                                                                 
    #0 0x7f043c8f4c57 in malloc ../../../../src/libsanitizer/asan/asan_malloc_linux.cpp:69
    #1 0x55fcb63f2518 in jxl::extras::PackedImage::PackedImage(unsigned long, unsigned long, JxlPixelFormat const&, unsigned long) /media/user/6d3eeb8a-a93b-4220-bb13-a4e488ce0ce2/libjxl/libjxl_asan/lib/extras/packed_image.h:162
    #2 0x55fcb63f2518 in jxl::extras::PackedImage::Create(unsigned long, unsigned long, JxlPixelFormat const&) /media/user/6d3eeb8a-a93b-4220-bb13-a4e488ce0ce2/libjxl/libjxl_asan/lib/extras/packed_image.h:41
    #3 0x55fcb63f2518 in jxl::extras::PackedFrame::Create(unsigned long, unsigned long, JxlPixelFormat const&) /media/user/6d3eeb8a-a93b-4220-bb13-a4e488ce0ce2/libjxl/libjxl_asan/lib/extras/packed_image.h:193
    #4 0x55fcb63f2518 in jxl::extras::DecodeImagePNM(jxl::Span<unsigned char const>, jxl::extras::ColorHints const&, jxl::extras::PackedPixelFile*, jxl::SizeConstraints const*) /media/user/6d3eeb8a-a93b-4220-bb13-a4e488ce0ce2/libjxl/libjxl_asan/lib/extras/dec/pnm.cc:526
    #5 0x55fcb639e322 in jxl::extras::DecodeBytes(jxl::Span<unsigned char const>, jxl::extras::ColorHints const&, jxl::extras::PackedPixelFile*, jxl::SizeConstraints const*, jxl::extras::Codec*, JxlMemoryManagerStruct*, bool) /media/user/6d3eeb8a-a93b-4220-bb13-a4e488ce0ce2/libjxl/libjxl_asan/lib/extras/dec/decode.cc:170
    #6 0x55fcb636d312 in main /media/user/6d3eeb8a-a93b-4220-bb13-a4e488ce0ce2/libjxl/libjxl_asan/tools/cjxl_main.cc:1090
    #7 0x7f043a833ca7 in __libc_start_call_main ../sysdeps/nptl/libc_start_call_main.h:58

SUMMARY: AddressSanitizer: heap-buffer-overflow ../../../../src/libsanitizer/sanitizer_common/sanitizer_common_interceptors_memintrinsics.inc:115 in memcpy
Shadow bytes around the buggy address:
  0x501ffffffe00: 00 00 00 00 00 00 00 00 00 00 00 00 00 00 00 00
  0x501ffffffe80: 00 00 00 00 00 00 00 00 00 00 00 00 00 00 00 00
  0x501fffffff00: 00 00 00 00 00 00 00 00 00 00 00 00 00 00 00 00
  0x501fffffff80: 00 00 00 00 00 00 00 00 00 00 00 00 00 00 00 00
  0x502000000000: fa fa fd fa fa fa fd fd fa fa fd fa fa fa fd fd
=>0x502000000080: fa fa 00 00[fa]fa fa fa fa fa fa fa fa fa fa fa
  0x502000000100: fa fa fa fa fa fa fa fa fa fa fa fa fa fa fa fa
  0x502000000180: fa fa fa fa fa fa fa fa fa fa fa fa fa fa fa fa
  0x502000000200: fa fa fa fa fa fa fa fa fa fa fa fa fa fa fa fa
  0x502000000280: fa fa fa fa fa fa fa fa fa fa fa fa fa fa fa fa
  0x502000000300: fa fa fa fa fa fa fa fa fa fa fa fa fa fa fa fa
Shadow byte legend (one shadow byte represents 8 application bytes):
  Addressable:           00
  Partially addressable: 01 02 03 04 05 06 07 
  Heap left redzone:       fa
  Freed heap region:       fd
  Stack left redzone:      f1
  Stack mid redzone:       f2
  Stack right redzone:     f3
  Stack after return:      f5
  Stack use after scope:   f8
  Global redzone:          f9
  Global init order:       f6
  Poisoned by user:        f7
  Container overflow:      fc
  Array cookie:            ac
  Intra object redzone:    bb
  ASan internal:           fe
  Left alloca redzone:     ca
  Right alloca redzone:    cb
==3294966==ABORTING
