[MPEG-2 TS] TS Packet 33 does not start with sync marker
[MPEG-2 TS] TS Packet 51 does not start with sync marker
[MPEG-2 TS] TS Packet 51 does not start with sync marker
[MPEG-2 TS] TS Packet 51 does not start with sync marker
[MPEG-2 TS] TS Packet 51 does not start with sync marker
[MPEG-2 TS] TS Packet 51 does not start with sync marker
[MPEG-2 TS] TS Packet 51 does not start with sync marker
[MPEG-2 TS] TS Packet 51 does not start with sync marker
[MPEG-2 TS] TS Packet 51 does not start with sync marker
[MPEG-2 TS] TS Packet 53 does not start with sync marker
[MPEG-2 TS] TS Packet 53 does not start with sync marker
[MPEG-2 TS] TS Packet 53 does not start with sync marker
[MPEG-2 TS] TS Packet 53 does not start with sync marker
[MPEG-2 TS] TS Packet 55 does not start with sync marker
[MPEG-2 TS] TS Packet 58 does not start with sync marker
[MPEG-2 TS] TS Packet 58 does not start with sync marker
[MPEG-2 TS] TS Packet 58 does not start with sync marker
[MPEG-2 TS] TS Packet 58 does not start with sync marker
[MPEG-2 TS] TS Packet 58 does not start with sync marker
[MPEG-2 TS] TS Packet 58 does not start with sync marker
[MPEG-2 TS] TS Packet 60 does not start with sync marker
[MPEG-2 TS] Stream type (0xf3) for PID 2688 not supported
[MPEG-2 TS] Stream type (0xc4) for PID 312 not supported
MORE sections on pid 48
Broken PMT descriptor! size 61, desc size 48 but position 15
MORE sections on pid 4144
Broken PMT descriptor! size 61, desc size 243 but position 47
[MPEG-2 TS] Invalid PMT es descriptor size for PID 4874
[MPEG-2 TS] TS Packet 64 does not start with sync marker
[MPEG-2 TS] TS Packet 64 does not start with sync marker
[MPEG-2 TS] TS Packet 66 does not start with sync marker
[MPEG-2 TS] Stream type (0xf3) for PID 2688 not supported
MORE sections on pid 48
Broken PMT descriptor! size 57, desc size 48 but position 15
MORE sections on pid 4144
Broken PMT descriptor! size 57, desc size 48 but position 20
Broken PMT descriptor! size 57, desc size 58 but position 25
Broken PMT descriptor! size 57, desc size 255 but position 34
Broken PMT descriptor! size 57, desc size 67 but position 44
[MPEG-2 TS] Invalid PMT es descriptor size for PID 856
[MPEG-2 TS] TS Packet 70 does not start with sync marker
[MPEG-2 TS] TS Packet 70 does not start with sync marker
[MPEG-2 TS] TS Packet 70 does not start with sync marker
[MPEG-2 TS] TS Packet 33 does not start with sync marker
[MPEG-2 TS] TS Packet 51 does not start with sync marker
[MPEG-2 TS] TS Packet 51 does not start with sync marker
[MPEG-2 TS] TS Packet 53 does not start with sync marker
[MPEG-2 TS] TS Packet 53 does not start with sync marker
[MPEG-2 TS] TS Packet 53 does not start with sync marker
[MPEG-2 TS] TS Packet 53 does not start with sync marker
[MPEG-2 TS] TS Packet 53 does not start with sync marker
[MPEG-2 TS] TS Packet 53 does not start with sync marker
[MPEG-2 TS] TS Packet 53 does not start with sync marker
[MPEG-2 TS] TS Packet 53 does not start with sync marker
[MPEG-2 TS] TS Packet 53 does not start with sync marker
[MPEG-2 TS] TS Packet 53 does not start with sync marker
[MPEG-2 TS] TS Packet 53 does not start with sync marker
[MPEG-2 TS] TS Packet 53 does not start with sync marker
[MPEG-2 TS] TS Packet 53 does not start with sync marker
[MPEG-2 TS] TS Packet 57 does not start with sync marker
[MPEG-2 TS] TS Packet 57 does not start with sync marker
[MPEG-2 TS] TS Packet 57 does not start with sync marker
[MPEG-2 TS] TS Packet 57 does not start with sync marker
[MPEG-2 TS] TS Packet 57 does not start with sync marker
[MPEG-2 TS] TS Packet 57 does not start with sync marker
[MPEG-2 TS] TS Packet 57 does not start with sync marker
[MPEG-2 TS] TS Packet 57 does not start with sync marker
[MPEG-2 TS] TS Packet 57 does not start with sync marker
[MPEG-2 TS] TS Packet 57 does not start with sync marker
[MPEG-2 TS] TS Packet 57 does not start with sync marker
[MPEG-2 TS] TS Packet 57 does not start with sync marker
[MPEG-2 TS] TS Packet 57 does not start with sync marker
[MPEG-2 TS] TS Packet 57 does not start with sync marker
[MPEG-2 TS] TS Packet 57 does not start with sync marker
[MPEG-2 TS] TS Packet 57 does not start with sync marker
[MPEG-2 TS] TS Packet 57 does not start with sync marker
[MPEG-2 TS] TS Packet 57 does not start with sync marker
[MPEG-2 TS] TS Packet 57 does not start with sync marker
[MPEG-2 TS] TS Packet 57 does not start with sync marker
[MPEG-2 TS] TS Packet 57 does not start with sync marker
[MPEG-2 TS] TS Packet 57 does not start with sync marker
[MPEG-2 TS] TS Packet 59 does not start with sync marker
[MPEG-2 TS] TS Packet 59 does not start with sync marker
[MPEG-2 TS] TS Packet 59 does not start with sync marker
[MPEG-2 TS] TS Packet 59 does not start with sync marker
[MPEG-2 TS] TS Packet 59 does not start with sync marker
[MPEG-2 TS] TS Packet 59 does not start with sync marker
[MPEG-2 TS] TS Packet 59 does not start with sync marker
[MPEG-2 TS] TS Packet 59 does not start with sync marker
[MPEG-2 TS] TS Packet 59 does not start with sync marker
[MPEG-2 TS] TS Packet 59 does not start with sync marker
[MPEG-2 TS] TS Packet 59 does not start with sync marker
[MPEG-2 TS] TS Packet 59 does not start with sync marker
[MPEG-2 TS] TS Packet 59 does not start with sync marker
[MPEG-2 TS] TS Packet 59 does not start with sync marker
[MPEG-2 TS] TS Packet 59 does not start with sync marker
[MPEG-2 TS] TS Packet 59 does not start with sync marker
[MPEG-2 TS] TS Packet 59 does not start with sync marker
[MPEG-2 TS] TS Packet 59 does not start with sync marker
[MPEG-2 TS] TS Packet 59 does not start with sync marker
[MPEG-2 TS] TS Packet 59 does not start with sync marker
[MPEG-2 TS] TS Packet 59 does not start with sync marker
[MPEG-2 TS] TS Packet 59 does not start with sync marker
[MPEG-2 TS] TS Packet 59 does not start with sync marker
[MPEG-2 TS] TS Packet 59 does not start with sync marker
[MPEG-2 TS] Stream type (0xf3) for PID 2688 not supported
[MPEG-2 TS] Stream type (0xc4) for PID 312 not supported
MORE sections on pid 48
Broken PMT descriptor! size 61, desc size 48 but position 15
MORE sections on pid 4144
Broken PMT descriptor! size 61, desc size 243 but position 47
[MPEG-2 TS] Invalid PMT es descriptor size for PID 4874
[M2TSDmx] Unknown stream(s) skipped, use --upes to enable
[MPEG-2 TS] TS Packet 63 does not start with sync marker
[MPEG-2 TS] TS Packet 63 does not start with sync marker
[MPEG-2 TS] TS Packet 63 does not start with sync marker
[MPEG-2 TS] TS Packet 63 does not start with sync marker
[MPEG-2 TS] TS Packet 63 does not start with sync marker
[MPEG-2 TS] TS Packet 63 does not start with sync marker
[MPEG-2 TS] TS Packet 63 does not start with sync marker
[MPEG-2 TS] TS Packet 63 does not start with sync marker
[MPEG-2 TS] TS Packet 63 does not start with sync marker
[MPEG-2 TS] TS Packet 63 AF field larger than 183  for AF type 3!
[MPEG-2 TS] TS Packet 64 does not start with sync marker
[Dasher] No template assigned, using $File$_dash$FS$$Number$
[Dasher] No bitrate property assigned to PID P22343V3, computing from bitstream
[MPEG-2 TS] TS Packet 32 does not start with sync marker
[MPEG-2 TS] TS Packet 50 does not start with sync marker
[MPEG-2 TS] TS Packet 50 does not start with sync marker
[MPEG-2 TS] TS Packet 52 does not start with sync marker
[MPEG-2 TS] TS Packet 52 does not start with sync marker
[MPEG-2 TS] TS Packet 52 does not start with sync marker
[MPEG-2 TS] TS Packet 52 does not start with sync marker
[MPEG-2 TS] TS Packet 52 does not start with sync marker
[MPEG-2 TS] TS Packet 52 does not start with sync marker
[MPEG-2 TS] TS Packet 52 does not start with sync marker
[MPEG-2 TS] TS Packet 52 does not start with sync marker
[MPEG-2 TS] TS Packet 52 does not start with sync marker
[MPEG-2 TS] TS Packet 52 does not start with sync marker
[MPEG-2 TS] TS Packet 52 does not start with sync marker
[MPEG-2 TS] TS Packet 52 does not start with sync marker
[MPEG-2 TS] TS Packet 52 does not start with sync marker
[MPEG-2 TS] Stream type (0xf3) for PID 2688 not supported
[MPEG-2 TS] Stream type (0xdc) for PID 312 not supported
Broken PMT descriptor! size 57, desc size 48 but position 15
MORE sections on pid 4144
Broken PMT descriptor! size 57, desc size 48 but position 20
SCTE35 Splice Info sections on pid 4144
Broken PMT descriptor! size 57, desc size 58 but position 25
[MPEG-2 TS] Invalid PMT es descriptor size for PID 6706
[MPEG-2 TS] TS Packet 54 AF field larger than 183  for AF type 3!
[MPEG-2 TS] TS Packet 56 does not start with sync marker
[MPEG-2 TS] TS Packet 56 does not start with sync marker
[MPEG-2 TS] TS Packet 56 does not start with sync marker
[MPEG-2 TS] TS Packet 56 does not start with sync marker
[MPEG-2 TS] TS Packet 56 does not start with sync marker
[MPEG-2 TS] TS Packet 56 does not start with sync marker
[MPEG-2 TS] TS Packet 56 does not start with sync marker
[MPEG-2 TS] TS Packet 56 does not start with sync marker
[MPEG-2 TS] TS Packet 56 does not start with sync marker
[MPEG-2 TS] TS Packet 56 does not start with sync marker
[MPEG-2 TS] TS Packet 56 does not start with sync marker
[MPEG-2 TS] TS Packet 56 does not start with sync marker
[MPEG-2 TS] TS Packet 56 does not start with sync marker
[MPEG-2 TS] TS Packet 56 does not start with sync marker
[MPEG-2 TS] TS Packet 56 does not start with sync marker
[MPEG-2 TS] TS Packet 56 does not start with sync marker
[MPEG-2 TS] TS Packet 56 does not start with sync marker
[MPEG-2 TS] TS Packet 56 does not start with sync marker
[MPEG-2 TS] TS Packet 56 does not start with sync marker
[MPEG-2 TS] TS Packet 56 does not start with sync marker
[MPEG-2 TS] TS Packet 56 does not start with sync marker
[MPEG-2 TS] TS Packet 56 does not start with sync marker
[Dasher] No bitrate property assigned to PID P22343V2, computing from bitstream
[MPEG-2 TS] TS Packet 58 does not start with sync marker
[MPEG-2 TS] TS Packet 58 does not start with sync marker
[MPEG-2 TS] TS Packet 58 does not start with sync marker
[MPEG-2 TS] TS Packet 58 does not start with sync marker
[MPEG-2 TS] TS Packet 58 does not start with sync marker
[MPEG-2 TS] TS Packet 58 does not start with sync marker
[MPEG-2 TS] TS Packet 58 does not start with sync marker
[MPEG-2 TS] TS Packet 58 does not start with sync marker
[MPEG-2 TS] TS Packet 58 does not start with sync marker
[MPEG-2 TS] TS Packet 58 does not start with sync marker
[MPEG-2 TS] TS Packet 58 does not start with sync marker
[MPEG-2 TS] TS Packet 58 does not start with sync marker
[MPEG-2 TS] TS Packet 58 does not start with sync marker
[MPEG-2 TS] TS Packet 58 does not start with sync marker
[MPEG-2 TS] TS Packet 58 does not start with sync marker
[MPEG-2 TS] TS Packet 58 does not start with sync marker
[MPEG-2 TS] TS Packet 58 does not start with sync marker
[MPEG-2 TS] TS Packet 58 does not start with sync marker
[MPEG-2 TS] TS Packet 58 does not start with sync marker
[MPEG-2 TS] TS Packet 58 does not start with sync marker
[MPEG-2 TS] TS Packet 58 does not start with sync marker
[MPEG-2 TS] TS Packet 58 does not start with sync marker
[MPEG-2 TS] TS Packet 58 does not start with sync marker
[MPEG-2 TS] TS Packet 58 does not start with sync marker
[MPEG-2 TS] Stream type (0xf3) for PID 2688 not supported
[MPEG-2 TS] Stream type (0xc4) for PID 312 not supported
MORE sections on pid 48
Broken PMT descriptor! size 61, desc size 48 but position 15
MORE sections on pid 4144
Broken PMT descriptor! size 61, desc size 243 but position 47
[MPEG-2 TS] Invalid PMT es descriptor size for PID 4874
[MPEG-2 TS] TS Packet 62 does not start with sync marker
[MPEG-2 TS] TS Packet 62 does not start with sync marker
[MPEG-2 TS] TS Packet 62 does not start with sync marker
[MPEG-2 TS] TS Packet 62 does not start with sync marker
[MPEG-2 TS] TS Packet 62 does not start with sync marker
[MPEG-2 TS] TS Packet 62 does not start with sync marker
[MPEG-2 TS] TS Packet 62 does not start with sync marker
[MPEG-2 TS] TS Packet 62 does not start with sync marker
[MPEG-2 TS] TS Packet 62 does not start with sync marker
[MPEG-2 TS] TS Packet 62 AF field larger than 183  for AF type 3!
[MPEG-2 TS] TS Packet 63 does not start with sync marker
[Dasher] No bitrate property assigned to PID P22343V3, computing from bitstream
[RFC6381] Cannot find VVC config, using default vvc1
[Dasher] Couldn't compute bitrate of PID P22343V2 in time for manifest generation, please specify #Bitrate property
[MPEG-2 TS] TS Packet 65 does not start with sync marker
[MPEG-2 TS] TS Packet 65 does not start with sync marker
[MPEG-2 TS] TS Packet 65 does not start with sync marker
[MPEG-2 TS] TS Packet 65 does not start with sync marker
[MPEG-2 TS] TS Packet 65 does not start with sync marker
[MPEG-2 TS] TS Packet 65 does not start with sync marker
[MPEG-2 TS] TS Packet 65 does not start with sync marker
[MPEG-2 TS] TS Packet 65 does not start with sync marker
[MPEG-2 TS] TS Packet 65 does not start with sync marker
[MPEG-2 TS] TS Packet 65 does not start with sync marker
[MPEG-2 TS] TS Packet 65 does not start with sync marker
[MPEG-2 TS] TS Packet 66 does not start with sync marker
[MPEG-2 TS] TS Packet 66 does not start with sync marker
[MPEG-2 TS] TS Packet 66 does not start with sync marker
[MPEG-2 TS] TS Packet 66 does not start with sync marker
[MPEG-2 TS] TS Packet 66 does not start with sync marker
[MPEG-2 TS] TS Packet 66 does not start with sync marker
[MPEG-2 TS] TS Packet 66 does not start with sync marker
[MPEG-2 TS] TS Packet 66 does not start with sync marker
[MPEG-2 TS] TS Packet 66 does not start with sync marker
[MPEG-2 TS] TS Packet 66 does not start with sync marker
[MPEG-2 TS] TS Packet 66 does not start with sync marker
[MPEG-2 TS] TS Packet 66 does not start with sync marker
=================================================================
==55065==ERROR: AddressSanitizer: heap-use-after-free on address 0x519000022cbc at pc 0x7f2fc41c3300 bp 0x7ffe86651b00 sp 0x7ffe86651af8
READ of size 4 at 0x519000022cbc thread T0
    #0 0x7f2fc41c32ff in dasher_process filters/dasher.c:9445
    #1 0x7f2fc4119440 in gf_filter_process_task filter_core/filter.c:3208
    #2 0x7f2fc40ed45e in gf_fs_thread_proc filter_core/filter_session.c:2393
    #3 0x7f2fc40f2504 in gf_fs_run filter_core/filter_session.c:2697
    #4 0x7f2fc3b201d1 in gf_dasher_process media_tools/dash_segmenter.c:1273
    #5 0x55fd9b4eab69 in do_dash /media/user/6d3eeb8a-a93b-4220-bb13-a4e488ce0ce2/gpac/runtime/gpac_asan/applications/mp4box/mp4box.c:4898
    #6 0x55fd9b506817 in mp4box_main /media/user/6d3eeb8a-a93b-4220-bb13-a4e488ce0ce2/gpac/runtime/gpac_asan/applications/mp4box/mp4box.c:6375
    #7 0x7f2fc3033ca7 in __libc_start_call_main ../sysdeps/nptl/libc_start_call_main.h:58
    #8 0x7f2fc3033d64 in __libc_start_main_impl ../csu/libc-start.c:360
    #9 0x55fd9b4e60c0 in _start (/media/user/6d3eeb8a-a93b-4220-bb13-a4e488ce0ce2/gpac/runtime/gpac_asan/bin/gcc/MP4Box+0x4d0c0) (BuildId: 7a9b69d03a1e013a6045cdb1b873d9b8943667ef)

0x519000022cbc is located 316 bytes inside of 1096-byte region [0x519000022b80,0x519000022fc8)
freed by thread T0 here:
    #0 0x7f2fc50f38f8 in free ../../../../src/libsanitizer/asan/asan_malloc_linux.cpp:52
    #1 0x7f2fc41a4e7c in dasher_configure_pid filters/dasher.c:976

previously allocated by thread T0 here:
    #0 0x7f2fc50f4c57 in malloc ../../../../src/libsanitizer/asan/asan_malloc_linux.cpp:69
    #1 0x7f2fc41a1cb1 in dasher_configure_pid filters/dasher.c:1153

SUMMARY: AddressSanitizer: heap-use-after-free filters/dasher.c:9445 in dasher_process
Shadow bytes around the buggy address:
  0x519000022a00: fd fd fd fd fd fd fd fd fd fd fd fd fd fd fd fd
  0x519000022a80: fa fa fa fa fa fa fa fa fa fa fa fa fa fa fa fa
  0x519000022b00: fa fa fa fa fa fa fa fa fa fa fa fa fa fa fa fa
  0x519000022b80: fd fd fd fd fd fd fd fd fd fd fd fd fd fd fd fd
  0x519000022c00: fd fd fd fd fd fd fd fd fd fd fd fd fd fd fd fd
=>0x519000022c80: fd fd fd fd fd fd fd[fd]fd fd fd fd fd fd fd fd
  0x519000022d00: fd fd fd fd fd fd fd fd fd fd fd fd fd fd fd fd
  0x519000022d80: fd fd fd fd fd fd fd fd fd fd fd fd fd fd fd fd
  0x519000022e00: fd fd fd fd fd fd fd fd fd fd fd fd fd fd fd fd
  0x519000022e80: fd fd fd fd fd fd fd fd fd fd fd fd fd fd fd fd
  0x519000022f00: fd fd fd fd fd fd fd fd fd fd fd fd fd fd fd fd
Shadow byte legend (one shadow byte represents 8 application bytes):
  Addressable:           00
  Partially addressable: 01 02 03 04 05 06 07 
  Heap left redzone:       fa
  Freed heap region:       fd
  Stack left redzone:      f1
  Stack mid redzone:       f2
  Stack right redzone:     f3
  Stack after return:      f5
  Stack use after scope:   f8
  Global redzone:          f9
  Global init order:       f6
  Poisoned by user:        f7
  Container overflow:      fc
  Array cookie:            ac
  Intra object redzone:    bb
  ASan internal:           fe
  Left alloca redzone:     ca
  Right alloca redzone:    cb
==55065==ABORTING