[32mTrack Importing RawVideo - Width 320 Height 240 FPS 30/1
[0m[32mXMT: MPEG-4 (XMT) Scene Parsing
[0m[33m[XMT Parsing] Warning: descriptor ES_Descriptor defined outside scene scope - skipping (line 27)
[0m[33m[XMT Parsing] Warning: descriptor ES_Descriptor defined outside scene scope - skipping (line 37)
[0mXMT Parsing: |==                  | (14/100)
XMT Parsing: |=====               | (28/100)
[33m[XMT Parsing] Warning: Node N13 has been defined several times - IDs may get corrupted (line 301)
[0mXMT Parsing: |========            | (42/100)
XMT Parsing: |===========         | (57/100)
[33m[XMT Parsing] Warning: Node type VisibilitySensor doesn't match type Script of node N28 (line 549)
[0mXMT Parsing: |==============      | (71/100)
XMT Parsing: |=================   | (85/100)
AddressSanitizer:DEADLYSIGNAL
=================================================================
==954558==ERROR: AddressSanitizer: stack-overflow on address 0x7ffc4d5cefc8 (pc 0x7f8959f3d0be bp 0x7bb957deceb0 sp 0x7ffc4d5cefd0 T0)
    #0 0x7f8959f3d0be in xmt_discard_subtree scene_manager/loader_xmt.c:1544
    #1 0x7f8959f3cf6d in xmt_discard_subtree scene_manager/loader_xmt.c:1547
    #2 0x7f8959f3cf6d in xmt_discard_subtree scene_manager/loader_xmt.c:1588
    #3 0x7f8959f3cf6d in xmt_discard_subtree scene_manager/loader_xmt.c:1547
    #4 0x7f8959f3cf6d in xmt_discard_subtree scene_manager/loader_xmt.c:1588
    #5 0x7f8959f3cf6d in xmt_discard_subtree scene_manager/loader_xmt.c:1547
    #6 0x7f8959f3cf6d in xmt_discard_subtree scene_manager/loader_xmt.c:1588
    #7 0x7f8959f3cf6d in xmt_discard_subtree scene_manager/loader_xmt.c:1547
    #8 0x7f8959f3cf6d in xmt_discard_subtree scene_manager/loader_xmt.c:1588
    #9 0x7f8959f3cf6d in xmt_discard_subtree scene_manager/loader_xmt.c:1547
    #10 0x7f8959f3cf6d in xmt_discard_subtree scene_manager/loader_xmt.c:1588
    #11 0x7f8959f3cf6d in xmt_discard_subtree scene_manager/loader_xmt.c:1547
    #12 0x7f8959f3cf6d in xmt_discard_subtree scene_manager/loader_xmt.c:1588
    #13 0x7f8959f3cf6d in xmt_discard_subtree scene_manager/loader_xmt.c:1547
    #14 0x7f8959f3cf6d in xmt_discard_subtree scene_manager/loader_xmt.c:1588
    #15 0x7f8959f3cf6d in xmt_discard_subtree scene_manager/loader_xmt.c:1547
    #16 0x7f8959f3cf6d in xmt_discard_subtree scene_manager/loader_xmt.c:1588
    #17 0x7f8959f3cf6d in xmt_discard_subtree scene_manager/loader_xmt.c:1547
    #18 0x7f8959f3cf6d in xmt_discard_subtree scene_manager/loader_xmt.c:1588
    #19 0x7f8959f3cf6d in xmt_discard_subtree scene_manager/loader_xmt.c:1547
    #20 0x7f8959f3cf6d in xmt_discard_subtree scene_manager/loader_xmt.c:1588
    #21 0x7f8959f3cf6d in xmt_discard_subtree scene_manager/loader_xmt.c:1547
    #22 0x7f8959f3cf6d in xmt_discard_subtree scene_manager/loader_xmt.c:1588
    #23 0x7f8959f3cf6d in xmt_discard_subtree scene_manager/loader_xmt.c:1547
    #24 0x7f8959f3cf6d in xmt_discard_subtree scene_manager/loader_xmt.c:1588
    #25 0x7f8959f3cf6d in xmt_discard_subtree scene_manager/loader_xmt.c:1547
    #26 0x7f8959f3cf6d in xmt_discard_subtree scene_manager/loader_xmt.c:1588
    #27 0x7f8959f3cf6d in xmt_discard_subtree scene_manager/loader_xmt.c:1547
    #28 0x7f8959f3cf6d in xmt_discard_subtree scene_manager/loader_xmt.c:1588
    #29 0x7f8959f3cf6d in xmt_discard_subtree scene_manager/loader_xmt.c:1547
    #30 0x7f8959f3cf6d in xmt_discard_subtree scene_manager/loader_xmt.c:1588
    #31 0x7f8959f3cf6d in xmt_discard_subtree scene_manager/loader_xmt.c:1547
    #32 0x7f8959f3cf6d in xmt_discard_subtree scene_manager/loader_xmt.c:1588
    #33 0x7f8959f3cf6d in xmt_discard_subtree scene_manager/loader_xmt.c:1547
    #34 0x7f8959f3cf6d in xmt_discard_subtree scene_manager/loader_xmt.c:1588
    #35 0x7f8959f3cf6d in xmt_discard_subtree scene_manager/loader_xmt.c:1547
    #36 0x7f8959f3cf6d in xmt_discard_subtree scene_manager/loader_xmt.c:1588
    #37 0x7f8959f3cf6d in xmt_discard_subtree scene_manager/loader_xmt.c:1547
    #38 0x7f8959f3cf6d in xmt_discard_subtree scene_manager/loader_xmt.c:1588
    #39 0x7f8959f3cf6d in xmt_discard_subtree scene_manager/loader_xmt.c:1547
    #40 0x7f8959f3cf6d in xmt_discard_subtree scene_manager/loader_xmt.c:1588
    #41 0x7f8959f3cf6d in xmt_discard_subtree scene_manager/loader_xmt.c:1547
    #42 0x7f8959f3cf6d in xmt_discard_subtree scene_manager/loader_xmt.c:1588
    #43 0x7f8959f3cf6d in xmt_discard_subtree scene_manager/loader_xmt.c:1547
    #44 0x7f8959f3cf6d in xmt_discard_subtree scene_manager/loader_xmt.c:1588
    #45 0x7f8959f3cf6d in xmt_discard_subtree scene_manager/loader_xmt.c:1547
    #46 0x7f8959f3cf6d in xmt_discard_subtree scene_manager/loader_xmt.c:1588
    #47 0x7f8959f3cf6d in xmt_discard_subtree scene_manager/loader_xmt.c:1547
    #48 0x7f8959f3cf6d in xmt_discard_subtree scene_manager/loader_xmt.c:1588
    #49 0x7f8959f3cf6d in xmt_discard_subtree scene_manager/loader_xmt.c:1547
    #50 0x7f8959f3cf6d in xmt_discard_subtree scene_manager/loader_xmt.c:1588
    #51 0x7f8959f3cf6d in xmt_discard_subtree scene_manager/loader_xmt.c:1547
    #52 0x7f8959f3cf6d in xmt_discard_subtree scene_manager/loader_xmt.c:1588
    #53 0x7f8959f3cf6d in xmt_discard_subtree scene_manager/loader_xmt.c:1547
    #54 0x7f8959f3cf6d in xmt_discard_subtree scene_manager/loader_xmt.c:1588
    #55 0x7f8959f3cf6d in xmt_discard_subtree scene_manager/loader_xmt.c:1547
    #56 0x7f8959f3cf6d in xmt_discard_subtree scene_manager/loader_xmt.c:1588
    #57 0x7f8959f3cf6d in xmt_discard_subtree scene_manager/loader_xmt.c:1547
    #58 0x7f8959f3cf6d in xmt_discard_subtree scene_manager/loader_xmt.c:1588
    #59 0x7f8959f3cf6d in xmt_discard_subtree scene_manager/loader_xmt.c:1547
    #60 0x7f8959f3cf6d in xmt_discard_subtree scene_manager/loader_xmt.c:1588
    #61 0x7f8959f3cf6d in xmt_discard_subtree scene_manager/loader_xmt.c:1547
    #62 0x7f8959f3cf6d in xmt_discard_subtree scene_manager/loader_xmt.c:1588
    #63 0x7f8959f3cf6d in xmt_discard_subtree scene_manager/loader_xmt.c:1547
    #64 0x7f8959f3cf6d in xmt_discard_subtree scene_manager/loader_xmt.c:1588
    #65 0x7f8959f3cf6d in xmt_discard_subtree scene_manager/loader_xmt.c:1547
    #66 0x7f8959f3cf6d in xmt_discard_subtree scene_manager/loader_xmt.c:1588
    #67 0x7f8959f3cf6d in xmt_discard_subtree scene_manager/loader_xmt.c:1547
    #68 0x7f8959f3cf6d in xmt_discard_subtree scene_manager/loader_xmt.c:1588
    #69 0x7f8959f3cf6d in xmt_discard_subtree scene_manager/loader_xmt.c:1547
    #70 0x7f8959f3cf6d in xmt_discard_subtree scene_manager/loader_xmt.c:1588
    #71 0x7f8959f3cf6d in xmt_discard_subtree scene_manager/loader_xmt.c:1547
    #72 0x7f8959f3cf6d in xmt_discard_subtree scene_manager/loader_xmt.c:1588
    #73 0x7f8959f3cf6d in xmt_discard_subtree scene_manager/loader_xmt.c:1547
    #74 0x7f8959f3cf6d in xmt_discard_subtree scene_manager/loader_xmt.c:1588
    #75 0x7f8959f3cf6d in xmt_discard_subtree scene_manager/loader_xmt.c:1547
    #76 0x7f8959f3cf6d in xmt_discard_subtree scene_manager/loader_xmt.c:1588
    #77 0x7f8959f3cf6d in xmt_discard_subtree scene_manager/loader_xmt.c:1547
    #78 0x7f8959f3cf6d in xmt_discard_subtree scene_manager/loader_xmt.c:1588
    #79 0x7f8959f3cf6d in xmt_discard_subtree scene_manager/loader_xmt.c:1547
    #80 0x7f8959f3cf6d in xmt_discard_subtree scene_manager/loader_xmt.c:1588
    #81 0x7f8959f3cf6d in xmt_discard_subtree scene_manager/loader_xmt.c:1547
    #82 0x7f8959f3cf6d in xmt_discard_subtree scene_manager/loader_xmt.c:1588
    #83 0x7f8959f3cf6d in xmt_discard_subtree scene_manager/loader_xmt.c:1547
    #84 0x7f8959f3cf6d in xmt_discard_subtree scene_manager/loader_xmt.c:1588
    #85 0x7f8959f3cf6d in xmt_discard_subtree scene_manager/loader_xmt.c:1547
    #86 0x7f8959f3cf6d in xmt_discard_subtree scene_manager/loader_xmt.c:1588
    #87 0x7f8959f3cf6d in xmt_discard_subtree scene_manager/loader_xmt.c:1547
    #88 0x7f8959f3cf6d in xmt_discard_subtree scene_manager/loader_xmt.c:1588
    #89 0x7f8959f3cf6d in xmt_discard_subtree scene_manager/loader_xmt.c:1547
    #90 0x7f8959f3cf6d in xmt_discard_subtree scene_manager/loader_xmt.c:1588
    #91 0x7f8959f3cf6d in xmt_discard_subtree scene_manager/loader_xmt.c:1547
    #92 0x7f8959f3cf6d in xmt_discard_subtree scene_manager/loader_xmt.c:1588
    #93 0x7f8959f3cf6d in xmt_discard_subtree scene_manager/loader_xmt.c:1547
    #94 0x7f8959f3cf6d in xmt_discard_subtree scene_manager/loader_xmt.c:1588
    #95 0x7f8959f3cf6d in xmt_discard_subtree scene_manager/loader_xmt.c:1547
    #96 0x7f8959f3cf6d in xmt_discard_subtree scene_manager/loader_xmt.c:1588
    #97 0x7f8959f3cf6d in xmt_discard_subtree scene_manager/loader_xmt.c:1547
    #98 0x7f8959f3cf6d in xmt_discard_subtree scene_manager/loader_xmt.c:1588
    #99 0x7f8959f3cf6d in xmt_discard_subtree scene_manager/loader_xmt.c:1547
    #100 0x7f8959f3cf6d in xmt_discard_subtree scene_manager/loader_xmt.c:1588
    #101 0x7f8959f3cf6d in xmt_discard_subtree scene_manager/loader_xmt.c:1547
    #102 0x7f8959f3cf6d in xmt_discard_subtree scene_manager/loader_xmt.c:1588
    #103 0x7f8959f3cf6d in xmt_discard_subtree scene_manager/loader_xmt.c:1547
    #104 0x7f8959f3cf6d in xmt_discard_subtree scene_manager/loader_xmt.c:1588
    #105 0x7f8959f3cf6d in xmt_discard_subtree scene_manager/loader_xmt.c:1547
    #106 0x7f8959f3cf6d in xmt_discard_subtree scene_manager/loader_xmt.c:1588
    #107 0x7f8959f3cf6d in xmt_discard_subtree scene_manager/loader_xmt.c:1547
    #108 0x7f8959f3cf6d in xmt_discard_subtree scene_manager/loader_xmt.c:1588
    #109 0x7f8959f3cf6d in xmt_discard_subtree scene_manager/loader_xmt.c:1547
    #110 0x7f8959f3cf6d in xmt_discard_subtree scene_manager/loader_xmt.c:1588
    #111 0x7f8959f3cf6d in xmt_discard_subtree scene_manager/loader_xmt.c:1547
    #112 0x7f8959f3cf6d in xmt_discard_subtree scene_manager/loader_xmt.c:1588
    #113 0x7f8959f3cf6d in xmt_discard_subtree scene_manager/loader_xmt.c:1547
    #114 0x7f8959f3cf6d in xmt_discard_subtree scene_manager/loader_xmt.c:1588
    #115 0x7f8959f3cf6d in xmt_discard_subtree scene_manager/loader_xmt.c:1547
    #116 0x7f8959f3cf6d in xmt_discard_subtree scene_manager/loader_xmt.c:1588
    #117 0x7f8959f3cf6d in xmt_discard_subtree scene_manager/loader_xmt.c:1547
    #118 0x7f8959f3cf6d in xmt_discard_subtree scene_manager/loader_xmt.c:1588
    #119 0x7f8959f3cf6d in xmt_discard_subtree scene_manager/loader_xmt.c:1547
    #120 0x7f8959f3cf6d in xmt_discard_subtree scene_manager/loader_xmt.c:1588
    #121 0x7f8959f3cf6d in xmt_discard_subtree scene_manager/loader_xmt.c:1547
    #122 0x7f8959f3cf6d in xmt_discard_subtree scene_manager/loader_xmt.c:1588
    #123 0x7f8959f3cf6d in xmt_discard_subtree scene_manager/loader_xmt.c:1547
    #124 0x7f8959f3cf6d in xmt_discard_subtree scene_manager/loader_xmt.c:1588
    #125 0x7f8959f3cf6d in xmt_discard_subtree scene_manager/loader_xmt.c:1547
    #126 0x7f8959f3cf6d in xmt_discard_subtree scene_manager/loader_xmt.c:1588
    #127 0x7f8959f3cf6d in xmt_discard_subtree scene_manager/loader_xmt.c:1547
    #128 0x7f8959f3cf6d in xmt_discard_subtree scene_manager/loader_xmt.c:1588
    #129 0x7f8959f3cf6d in xmt_discard_subtree scene_manager/loader_xmt.c:1547
    #130 0x7f8959f3cf6d in xmt_discard_subtree scene_manager/loader_xmt.c:1588
    #131 0x7f8959f3cf6d in xmt_discard_subtree scene_manager/loader_xmt.c:1547
    #132 0x7f8959f3cf6d in xmt_discard_subtree scene_manager/loader_xmt.c:1588
    #133 0x7f8959f3cf6d in xmt_discard_subtree scene_manager/loader_xmt.c:1547
    #134 0x7f8959f3cf6d in xmt_discard_subtree scene_manager/loader_xmt.c:1588
    #135 0x7f8959f3cf6d in xmt_discard_subtree scene_manager/loader_xmt.c:1547
    #136 0x7f8959f3cf6d in xmt_discard_subtree scene_manager/loader_xmt.c:1588
    #137 0x7f8959f3cf6d in xmt_discard_subtree scene_manager/loader_xmt.c:1547
    #138 0x7f8959f3cf6d in xmt_discard_subtree scene_manager/loader_xmt.c:1588
    #139 0x7f8959f3cf6d in xmt_discard_subtree scene_manager/loader_xmt.c:1547
    #140 0x7f8959f3cf6d in xmt_discard_subtree scene_manager/loader_xmt.c:1588
    #141 0x7f8959f3cf6d in xmt_discard_subtree scene_manager/loader_xmt.c:1547
    #142 0x7f8959f3cf6d in xmt_discard_subtree scene_manager/loader_xmt.c:1588
    #143 0x7f8959f3cf6d in xmt_discard_subtree scene_manager/loader_xmt.c:1547
    #144 0x7f8959f3cf6d in xmt_discard_subtree scene_manager/loader_xmt.c:1588
    #145 0x7f8959f3cf6d in xmt_discard_subtree scene_manager/loader_xmt.c:1547
    #146 0x7f8959f3cf6d in xmt_discard_subtree scene_manager/loader_xmt.c:1588
    #147 0x7f8959f3cf6d in xmt_discard_subtree scene_manager/loader_xmt.c:1547
    #148 0x7f8959f3cf6d in xmt_discard_subtree scene_manager/loader_xmt.c:1588
    #149 0x7f8959f3cf6d in xmt_discard_subtree scene_manager/loader_xmt.c:1547
    #150 0x7f8959f3cf6d in xmt_discard_subtree scene_manager/loader_xmt.c:1588
    #151 0x7f8959f3cf6d in xmt_discard_subtree scene_manager/loader_xmt.c:1547
    #152 0x7f8959f3cf6d in xmt_discard_subtree scene_manager/loader_xmt.c:1588
    #153 0x7f8959f3cf6d in xmt_discard_subtree scene_manager/loader_xmt.c:1547
    #154 0x7f8959f3cf6d in xmt_discard_subtree scene_manager/loader_xmt.c:1588
    #155 0x7f8959f3cf6d in xmt_discard_subtree scene_manager/loader_xmt.c:1547
    #156 0x7f8959f3cf6d in xmt_discard_subtree scene_manager/loader_xmt.c:1588
    #157 0x7f8959f3cf6d in xmt_discard_subtree scene_manager/loader_xmt.c:1547
    #158 0x7f8959f3cf6d in xmt_discard_subtree scene_manager/loader_xmt.c:1588
    #159 0x7f8959f3cf6d in xmt_discard_subtree scene_manager/loader_xmt.c:1547
    #160 0x7f8959f3cf6d in xmt_discard_subtree scene_manager/loader_xmt.c:1588
    #161 0x7f8959f3cf6d in xmt_discard_subtree scene_manager/loader_xmt.c:1547
    #162 0x7f8959f3cf6d in xmt_discard_subtree scene_manager/loader_xmt.c:1588
    #163 0x7f8959f3cf6d in xmt_discard_subtree scene_manager/loader_xmt.c:1547
    #164 0x7f8959f3cf6d in xmt_discard_subtree scene_manager/loader_xmt.c:1588
    #165 0x7f8959f3cf6d in xmt_discard_subtree scene_manager/loader_xmt.c:1547
    #166 0x7f8959f3cf6d in xmt_discard_subtree scene_manager/loader_xmt.c:1588
    #167 0x7f8959f3cf6d in xmt_discard_subtree scene_manager/loader_xmt.c:1547
    #168 0x7f8959f3cf6d in xmt_discard_subtree scene_manager/loader_xmt.c:1588
    #169 0x7f8959f3cf6d in xmt_discard_subtree scene_manager/loader_xmt.c:1547
    #170 0x7f8959f3cf6d in xmt_discard_subtree scene_manager/loader_xmt.c:1588
    #171 0x7f8959f3cf6d in xmt_discard_subtree scene_manager/loader_xmt.c:1547
    #172 0x7f8959f3cf6d in xmt_discard_subtree scene_manager/loader_xmt.c:1588
    #173 0x7f8959f3cf6d in xmt_discard_subtree scene_manager/loader_xmt.c:1547
    #174 0x7f8959f3cf6d in xmt_discard_subtree scene_manager/loader_xmt.c:1588
    #175 0x7f8959f3cf6d in xmt_discard_subtree scene_manager/loader_xmt.c:1547
    #176 0x7f8959f3cf6d in xmt_discard_subtree scene_manager/loader_xmt.c:1588
    #177 0x7f8959f3cf6d in xmt_discard_subtree scene_manager/loader_xmt.c:1547
    #178 0x7f8959f3cf6d in xmt_discard_subtree scene_manager/loader_xmt.c:1588
    #179 0x7f8959f3cf6d in xmt_discard_subtree scene_manager/loader_xmt.c:1547
    #180 0x7f8959f3cf6d in xmt_discard_subtree scene_manager/loader_xmt.c:1588
    #181 0x7f8959f3cf6d in xmt_discard_subtree scene_manager/loader_xmt.c:1547
    #182 0x7f8959f3cf6d in xmt_discard_subtree scene_manager/loader_xmt.c:1588
    #183 0x7f8959f3cf6d in xmt_discard_subtree scene_manager/loader_xmt.c:1547
    #184 0x7f8959f3cf6d in xmt_discard_subtree scene_manager/loader_xmt.c:1588
    #185 0x7f8959f3cf6d in xmt_discard_subtree scene_manager/loader_xmt.c:1547
    #186 0x7f8959f3cf6d in xmt_discard_subtree scene_manager/loader_xmt.c:1588
    #187 0x7f8959f3cf6d in xmt_discard_subtree scene_manager/loader_xmt.c:1547
    #188 0x7f8959f3cf6d in xmt_discard_subtree scene_manager/loader_xmt.c:1588
    #189 0x7f8959f3cf6d in xmt_discard_subtree scene_manager/loader_xmt.c:1547
    #190 0x7f8959f3cf6d in xmt_discard_subtree scene_manager/loader_xmt.c:1588
    #191 0x7f8959f3cf6d in xmt_discard_subtree scene_manager/loader_xmt.c:1547
    #192 0x7f8959f3cf6d in xmt_discard_subtree scene_manager/loader_xmt.c:1588
    #193 0x7f8959f3cf6d in xmt_discard_subtree scene_manager/loader_xmt.c:1547
    #194 0x7f8959f3cf6d in xmt_discard_subtree scene_manager/loader_xmt.c:1588
    #195 0x7f8959f3cf6d in xmt_discard_subtree scene_manager/loader_xmt.c:1547
    #196 0x7f8959f3cf6d in xmt_discard_subtree scene_manager/loader_xmt.c:1588
    #197 0x7f8959f3cf6d in xmt_discard_subtree scene_manager/loader_xmt.c:1547
    #198 0x7f8959f3cf6d in xmt_discard_subtree scene_manager/loader_xmt.c:1588
    #199 0x7f8959f3cf6d in xmt_discard_subtree scene_manager/loader_xmt.c:1547
    #200 0x7f8959f3cf6d in xmt_discard_subtree scene_manager/loader_xmt.c:1588
    #201 0x7f8959f3cf6d in xmt_discard_subtree scene_manager/loader_xmt.c:1547
    #202 0x7f8959f3cf6d in xmt_discard_subtree scene_manager/loader_xmt.c:1588
    #203 0x7f8959f3cf6d in xmt_discard_subtree scene_manager/loader_xmt.c:1547
    #204 0x7f8959f3cf6d in xmt_discard_subtree scene_manager/loader_xmt.c:1588
    #205 0x7f8959f3cf6d in xmt_discard_subtree scene_manager/loader_xmt.c:1547
    #206 0x7f8959f3cf6d in xmt_discard_subtree scene_manager/loader_xmt.c:1588
    #207 0x7f8959f3cf6d in xmt_discard_subtree scene_manager/loader_xmt.c:1547
    #208 0x7f8959f3cf6d in xmt_discard_subtree scene_manager/loader_xmt.c:1588
    #209 0x7f8959f3cf6d in xmt_discard_subtree scene_manager/loader_xmt.c:1547
    #210 0x7f8959f3cf6d in xmt_discard_subtree scene_manager/loader_xmt.c:1588
    #211 0x7f8959f3cf6d in xmt_discard_subtree scene_manager/loader_xmt.c:1547
    #212 0x7f8959f3cf6d in xmt_discard_subtree scene_manager/loader_xmt.c:1588
    #213 0x7f8959f3cf6d in xmt_discard_subtree scene_manager/loader_xmt.c:1547
    #214 0x7f8959f3cf6d in xmt_discard_subtree scene_manager/loader_xmt.c:1588
    #215 0x7f8959f3cf6d in xmt_discard_subtree scene_manager/loader_xmt.c:1547
    #216 0x7f8959f3cf6d in xmt_discard_subtree scene_manager/loader_xmt.c:1588
    #217 0x7f8959f3cf6d in xmt_discard_subtree scene_manager/loader_xmt.c:1547
    #218 0x7f8959f3cf6d in xmt_discard_subtree scene_manager/loader_xmt.c:1588
    #219 0x7f8959f3cf6d in xmt_discard_subtree scene_manager/loader_xmt.c:1547
    #220 0x7f8959f3cf6d in xmt_discard_subtree scene_manager/loader_xmt.c:1588
    #221 0x7f8959f3cf6d in xmt_discard_subtree scene_manager/loader_xmt.c:1547
    #222 0x7f8959f3cf6d in xmt_discard_subtree scene_manager/loader_xmt.c:1588
    #223 0x7f8959f3cf6d in xmt_discard_subtree scene_manager/loader_xmt.c:1547
    #224 0x7f8959f3cf6d in xmt_discard_subtree scene_manager/loader_xmt.c:1588
    #225 0x7f8959f3cf6d in xmt_discard_subtree scene_manager/loader_xmt.c:1547
    #226 0x7f8959f3cf6d in xmt_discard_subtree scene_manager/loader_xmt.c:1588
    #227 0x7f8959f3cf6d in xmt_discard_subtree scene_manager/loader_xmt.c:1547
    #228 0x7f8959f3cf6d in xmt_discard_subtree scene_manager/loader_xmt.c:1588
    #229 0x7f8959f3cf6d in xmt_discard_subtree scene_manager/loader_xmt.c:1547
    #230 0x7f8959f3cf6d in xmt_discard_subtree scene_manager/loader_xmt.c:1588
    #231 0x7f8959f3cf6d in xmt_discard_subtree scene_manager/loader_xmt.c:1547
    #232 0x7f8959f3cf6d in xmt_discard_subtree scene_manager/loader_xmt.c:1588
    #233 0x7f8959f3cf6d in xmt_discard_subtree scene_manager/loader_xmt.c:1547
    #234 0x7f8959f3cf6d in xmt_discard_subtree scene_manager/loader_xmt.c:1588
    #235 0x7f8959f3cf6d in xmt_discard_subtree scene_manager/loader_xmt.c:1547
    #236 0x7f8959f3cf6d in xmt_discard_subtree scene_manager/loader_xmt.c:1588
    #237 0x7f8959f3cf6d in xmt_discard_subtree scene_manager/loader_xmt.c:1547
    #238 0x7f8959f3cf6d in xmt_discard_subtree scene_manager/loader_xmt.c:1588
    #239 0x7f8959f3cf6d in xmt_discard_subtree scene_manager/loader_xmt.c:1547
    #240 0x7f8959f3cf6d in xmt_discard_subtree scene_manager/loader_xmt.c:1588
    #241 0x7f8959f3cf6d in xmt_discard_subtree scene_manager/loader_xmt.c:1547
    #242 0x7f8959f3cf6d in xmt_discard_subtree scene_manager/loader_xmt.c:1588
    #243 0x7f8959f3cf6d in xmt_discard_subtree scene_manager/loader_xmt.c:1547
    #244 0x7f8959f3cf6d in xmt_discard_subtree scene_manager/loader_xmt.c:1588
    #245 0x7f8959f3cf6d in xmt_discard_subtree scene_manager/loader_xmt.c:1547
    #246 0x7f8959f3cf6d in xmt_discard_subtree scene_manager/loader_xmt.c:1588
    #247 0x7f8959f3cf6d in xmt_discard_subtree scene_manager/loader_xmt.c:1547
    #248 0x7f8959f3cf6d in xmt_discard_subtree scene_manager/loader_xmt.c:1588
    #249 0x7f8959f3cf6d in xmt_discard_subtree scene_manager/loader_xmt.c:1547
    #250 0x7f8959f3cf6d in xmt_discard_subtree scene_manager/loader_xmt.c:1588
    #251 0x7f8959f3cf6d in xmt_discard_subtree scene_manager/loader_xmt.c:1547
    #252 0x7f8959f3cf6d in xmt_discard_subtree scene_manager/loader_xmt.c:1588
    #253 0x7f8959f3cf6d in xmt_discard_subtree scene_manager/loader_xmt.c:1547
    #254 0x7f8959f3cf6d in xmt_discard_subtree scene_manager/loader_xmt.c:1588
    #255 0x7f8959f3cf6d in xmt_discard_subtree scene_manager/loader_xmt.c:1547
    #256 0x7f8959f3cf6d in xmt_discard_subtree scene_manager/loader_xmt.c:1588
    #257 0x7f8959f3cf6d in xmt_discard_subtree scene_manager/loader_xmt.c:1547
    #258 0x7f8959f3cf6d in xmt_discard_subtree scene_manager/loader_xmt.c:1588
    #259 0x7f8959f3cf6d in xmt_discard_subtree scene_manager/loader_xmt.c:1547
    #260 0x7f8959f3cf6d in xmt_discard_subtree scene_manager/loader_xmt.c:1588
    #261 0x7f8959f3cf6d in xmt_discard_subtree scene_manager/loader_xmt.c:1547
    #262 0x7f8959f3cf6d in xmt_discard_subtree scene_manager/loader_xmt.c:1588
    #263 0x7f8959f3cf6d in xmt_discard_subtree scene_manager/loader_xmt.c:1547
    #264 0x7f8959f3cf6d in xmt_discard_subtree scene_manager/loader_xmt.c:1588
    #265 0x7f8959f3cf6d in xmt_discard_subtree scene_manager/loader_xmt.c:1547
    #266 0x7f8959f3cf6d in xmt_discard_subtree scene_manager/loader_xmt.c:1588
    #267 0x7f8959f3cf6d in xmt_discard_subtree scene_manager/loader_xmt.c:1547
    #268 0x7f8959f3cf6d in xmt_discard_subtree scene_manager/loader_xmt.c:1588
    #269 0x7f8959f3cf6d in xmt_discard_subtree scene_manager/loader_xmt.c:1547
    #270 0x7f8959f3cf6d in xmt_discard_subtree scene_manager/loader_xmt.c:1588
    #271 0x7f8959f3cf6d in xmt_discard_subtree scene_manager/loader_xmt.c:1547
    #272 0x7f8959f3cf6d in xmt_discard_subtree scene_manager/loader_xmt.c:1588
    #273 0x7f8959f3cf6d in xmt_discard_subtree scene_manager/loader_xmt.c:1547
    #274 0x7f8959f3cf6d in xmt_discard_subtree scene_manager/loader_xmt.c:1588
    #275 0x7f8959f3cf6d in xmt_discard_subtree scene_manager/loader_xmt.c:1547
    #276 0x7f8959f3cf6d in xmt_discard_subtree scene_manager/loader_xmt.c:1588
    #277 0x7f8959f3cf6d in xmt_discard_subtree scene_manager/loader_xmt.c:1547
    #278 0x7f8959f3cf6d in xmt_discard_subtree scene_manager/loader_xmt.c:1588
    #279 0x7f8959f3cf6d in xmt_discard_subtree scene_manager/loader_xmt.c:1547
    #280 0x7f8959f3cf6d in xmt_discard_subtree scene_manager/loader_xmt.c:1588
    #281 0x7f8959f3cf6d in xmt_discard_subtree scene_manager/loader_xmt.c:1547
    #282 0x7f8959f3cf6d in xmt_discard_subtree scene_manager/loader_xmt.c:1588
    #283 0x7f8959f3cf6d in xmt_discard_subtree scene_manager/loader_xmt.c:1547
    #284 0x7f8959f3cf6d in xmt_discard_subtree scene_manager/loader_xmt.c:1588
    #285 0x7f8959f3cf6d in xmt_discard_subtree scene_manager/loader_xmt.c:1547
    #286 0x7f8959f3cf6d in xmt_discard_subtree scene_manager/loader_xmt.c:1588
    #287 0x7f8959f3cf6d in xmt_discard_subtree scene_manager/loader_xmt.c:1547
    #288 0x7f8959f3cf6d in xmt_discard_subtree scene_manager/loader_xmt.c:1588
    #289 0x7f8959f3cf6d in xmt_discard_subtree scene_manager/loader_xmt.c:1547
    #290 0x7f8959f3cf6d in xmt_discard_subtree scene_manager/loader_xmt.c:1588
    #291 0x7f8959f3cf6d in xmt_discard_subtree scene_manager/loader_xmt.c:1547
    #292 0x7f8959f3cf6d in xmt_discard_subtree scene_manager/loader_xmt.c:1588
    #293 0x7f8959f3cf6d in xmt_discard_subtree scene_manager/loader_xmt.c:1547
    #294 0x7f8959f3cf6d in xmt_discard_subtree scene_manager/loader_xmt.c:1588
    #295 0x7f8959f3cf6d in xmt_discard_subtree scene_manager/loader_xmt.c:1547
    #296 0x7f8959f3cf6d in xmt_discard_subtree scene_manager/loader_xmt.c:1588
    #297 0x7f8959f3cf6d in xmt_discard_subtree scene_manager/loader_xmt.c:1547
    #298 0x7f8959f3cf6d in xmt_discard_subtree scene_manager/loader_xmt.c:1588
    #299 0x7f8959f3cf6d in xmt_discard_subtree scene_manager/loader_xmt.c:1547
    #300 0x7f8959f3cf6d in xmt_discard_subtree scene_manager/loader_xmt.c:1588
    #301 0x7f8959f3cf6d in xmt_discard_subtree scene_manager/loader_xmt.c:1547
    #302 0x7f8959f3cf6d in xmt_discard_subtree scene_manager/loader_xmt.c:1588
    #303 0x7f8959f3cf6d in xmt_discard_subtree scene_manager/loader_xmt.c:1547
    #304 0x7f8959f3cf6d in xmt_discard_subtree scene_manager/loader_xmt.c:1588
    #305 0x7f8959f3cf6d in xmt_discard_subtree scene_manager/loader_xmt.c:1547
    #306 0x7f8959f3cf6d in xmt_discard_subtree scene_manager/loader_xmt.c:1588
    #307 0x7f8959f3cf6d in xmt_discard_subtree scene_manager/loader_xmt.c:1547
    #308 0x7f8959f3cf6d in xmt_discard_subtree scene_manager/loader_xmt.c:1588
    #309 0x7f8959f3cf6d in xmt_discard_subtree scene_manager/loader_xmt.c:1547
    #310 0x7f8959f3cf6d in xmt_discard_subtree scene_manager/loader_xmt.c:1588
    #311 0x7f8959f3cf6d in xmt_discard_subtree scene_manager/loader_xmt.c:1547
    #312 0x7f8959f3cf6d in xmt_discard_subtree scene_manager/loader_xmt.c:1588
    #313 0x7f8959f3cf6d in xmt_discard_subtree scene_manager/loader_xmt.c:1547
    #314 0x7f8959f3cf6d in xmt_discard_subtree scene_manager/loader_xmt.c:1588
    #315 0x7f8959f3cf6d in xmt_discard_subtree scene_manager/loader_xmt.c:1547
    #316 0x7f8959f3cf6d in xmt_discard_subtree scene_manager/loader_xmt.c:1588
    #317 0x7f8959f3cf6d in xmt_discard_subtree scene_manager/loader_xmt.c:1547
    #318 0x7f8959f3cf6d in xmt_discard_subtree scene_manager/loader_xmt.c:1588
    #319 0x7f8959f3cf6d in xmt_discard_subtree scene_manager/loader_xmt.c:1547
    #320 0x7f8959f3cf6d in xmt_discard_subtree scene_manager/loader_xmt.c:1588
    #321 0x7f8959f3cf6d in xmt_discard_subtree scene_manager/loader_xmt.c:1547
    #322 0x7f8959f3cf6d in xmt_discard_subtree scene_manager/loader_xmt.c:1588
    #323 0x7f8959f3cf6d in xmt_discard_subtree scene_manager/loader_xmt.c:1547
    #324 0x7f8959f3cf6d in xmt_discard_subtree scene_manager/loader_xmt.c:1588
    #325 0x7f8959f3cf6d in xmt_discard_subtree scene_manager/loader_xmt.c:1547
    #326 0x7f8959f3cf6d in xmt_discard_subtree scene_manager/loader_xmt.c:1588
    #327 0x7f8959f3cf6d in xmt_discard_subtree scene_manager/loader_xmt.c:1547
    #328 0x7f8959f3cf6d in xmt_discard_subtree scene_manager/loader_xmt.c:1588
    #329 0x7f8959f3cf6d in xmt_discard_subtree scene_manager/loader_xmt.c:1547
    #330 0x7f8959f3cf6d in xmt_discard_subtree scene_manager/loader_xmt.c:1588
    #331 0x7f8959f3cf6d in xmt_discard_subtree scene_manager/loader_xmt.c:1547
    #332 0x7f8959f3cf6d in xmt_discard_subtree scene_manager/loader_xmt.c:1588
    #333 0x7f8959f3cf6d in xmt_discard_subtree scene_manager/loader_xmt.c:1547
    #334 0x7f8959f3cf6d in xmt_discard_subtree scene_manager/loader_xmt.c:1588
    #335 0x7f8959f3cf6d in xmt_discard_subtree scene_manager/loader_xmt.c:1547
    #336 0x7f8959f3cf6d in xmt_discard_subtree scene_manager/loader_xmt.c:1588
    #337 0x7f8959f3cf6d in xmt_discard_subtree scene_manager/loader_xmt.c:1547
    #338 0x7f8959f3cf6d in xmt_discard_subtree scene_manager/loader_xmt.c:1588
    #339 0x7f8959f3cf6d in xmt_discard_subtree scene_manager/loader_xmt.c:1547
    #340 0x7f8959f3cf6d in xmt_discard_subtree scene_manager/loader_xmt.c:1588
    #341 0x7f8959f3cf6d in xmt_discard_subtree scene_manager/loader_xmt.c:1547
    #342 0x7f8959f3cf6d in xmt_discard_subtree scene_manager/loader_xmt.c:1588
    #343 0x7f8959f3cf6d in xmt_discard_subtree scene_manager/loader_xmt.c:1547
    #344 0x7f8959f3cf6d in xmt_discard_subtree scene_manager/loader_xmt.c:1588
    #345 0x7f8959f3cf6d in xmt_discard_subtree scene_manager/loader_xmt.c:1547
    #346 0x7f8959f3cf6d in xmt_discard_subtree scene_manager/loader_xmt.c:1588
    #347 0x7f8959f3cf6d in xmt_discard_subtree scene_manager/loader_xmt.c:1547
    #348 0x7f8959f3cf6d in xmt_discard_subtree scene_manager/loader_xmt.c:1588
    #349 0x7f8959f3cf6d in xmt_discard_subtree scene_manager/loader_xmt.c:1547
    #350 0x7f8959f3cf6d in xmt_discard_subtree scene_manager/loader_xmt.c:1588
    #351 0x7f8959f3cf6d in xmt_discard_subtree scene_manager/loader_xmt.c:1547
    #352 0x7f8959f3cf6d in xmt_discard_subtree scene_manager/loader_xmt.c:1588
    #353 0x7f8959f3cf6d in xmt_discard_subtree scene_manager/loader_xmt.c:1547
    #354 0x7f8959f3cf6d in xmt_discard_subtree scene_manager/loader_xmt.c:1588
    #355 0x7f8959f3cf6d in xmt_discard_subtree scene_manager/loader_xmt.c:1547
    #356 0x7f8959f3cf6d in xmt_discard_subtree scene_manager/loader_xmt.c:1588
    #357 0x7f8959f3cf6d in xmt_discard_subtree scene_manager/loader_xmt.c:1547
    #358 0x7f8959f3cf6d in xmt_discard_subtree scene_manager/loader_xmt.c:1588
    #359 0x7f8959f3cf6d in xmt_discard_subtree scene_manager/loader_xmt.c:1547
    #360 0x7f8959f3cf6d in xmt_discard_subtree scene_manager/loader_xmt.c:1588
    #361 0x7f8959f3cf6d in xmt_discard_subtree scene_manager/loader_xmt.c:1547
    #362 0x7f8959f3cf6d in xmt_discard_subtree scene_manager/loader_xmt.c:1588
    #363 0x7f8959f3cf6d in xmt_discard_subtree scene_manager/loader_xmt.c:1547
    #364 0x7f8959f3cf6d in xmt_discard_subtree scene_manager/loader_xmt.c:1588
    #365 0x7f8959f3cf6d in xmt_discard_subtree scene_manager/loader_xmt.c:1547
    #366 0x7f8959f3cf6d in xmt_discard_subtree scene_manager/loader_xmt.c:1588
    #367 0x7f8959f3cf6d in xmt_discard_subtree scene_manager/loader_xmt.c:1547
    #368 0x7f8959f3cf6d in xmt_discard_subtree scene_manager/loader_xmt.c:1588
    #369 0x7f8959f3cf6d in xmt_discard_subtree scene_manager/loader_xmt.c:1547
    #370 0x7f8959f3cf6d in xmt_discard_subtree scene_manager/loader_xmt.c:1588
    #371 0x7f8959f3cf6d in xmt_discard_subtree scene_manager/loader_xmt.c:1547
    #372 0x7f8959f3cf6d in xmt_discard_subtree scene_manager/loader_xmt.c:1588
    #373 0x7f8959f3cf6d in xmt_discard_subtree scene_manager/loader_xmt.c:1547
    #374 0x7f8959f3cf6d in xmt_discard_subtree scene_manager/loader_xmt.c:1588
    #375 0x7f8959f3cf6d in xmt_discard_subtree scene_manager/loader_xmt.c:1547
    #376 0x7f8959f3cf6d in xmt_discard_subtree scene_manager/loader_xmt.c:1588
    #377 0x7f8959f3cf6d in xmt_discard_subtree scene_manager/loader_xmt.c:1547
    #378 0x7f8959f3cf6d in xmt_discard_subtree scene_manager/loader_xmt.c:1588
    #379 0x7f8959f3cf6d in xmt_discard_subtree scene_manager/loader_xmt.c:1547
    #380 0x7f8959f3cf6d in xmt_discard_subtree scene_manager/loader_xmt.c:1588
    #381 0x7f8959f3cf6d in xmt_discard_subtree scene_manager/loader_xmt.c:1547
    #382 0x7f8959f3cf6d in xmt_discard_subtree scene_manager/loader_xmt.c:1588
    #383 0x7f8959f3cf6d in xmt_discard_subtree scene_manager/loader_xmt.c:1547
    #384 0x7f8959f3cf6d in xmt_discard_subtree scene_manager/loader_xmt.c:1588
    #385 0x7f8959f3cf6d in xmt_discard_subtree scene_manager/loader_xmt.c:1547
    #386 0x7f8959f3cf6d in xmt_discard_subtree scene_manager/loader_xmt.c:1588
    #387 0x7f8959f3cf6d in xmt_discard_subtree scene_manager/loader_xmt.c:1547
    #388 0x7f8959f3cf6d in xmt_discard_subtree scene_manager/loader_xmt.c:1588
    #389 0x7f8959f3cf6d in xmt_discard_subtree scene_manager/loader_xmt.c:1547
    #390 0x7f8959f3cf6d in xmt_discard_subtree scene_manager/loader_xmt.c:1588
    #391 0x7f8959f3cf6d in xmt_discard_subtree scene_manager/loader_xmt.c:1547
    #392 0x7f8959f3cf6d in xmt_discard_subtree scene_manager/loader_xmt.c:1588
    #393 0x7f8959f3cf6d in xmt_discard_subtree scene_manager/loader_xmt.c:1547
    #394 0x7f8959f3cf6d in xmt_discard_subtree scene_manager/loader_xmt.c:1588
    #395 0x7f8959f3cf6d in xmt_discard_subtree scene_manager/loader_xmt.c:1547
    #396 0x7f8959f3cf6d in xmt_discard_subtree scene_manager/loader_xmt.c:1588
    #397 0x7f8959f3cf6d in xmt_discard_subtree scene_manager/loader_xmt.c:1547
    #398 0x7f8959f3cf6d in xmt_discard_subtree scene_manager/loader_xmt.c:1588
    #399 0x7f8959f3cf6d in xmt_discard_subtree scene_manager/loader_xmt.c:1547
    #400 0x7f8959f3cf6d in xmt_discard_subtree scene_manager/loader_xmt.c:1588
    #401 0x7f8959f3cf6d in xmt_discard_subtree scene_manager/loader_xmt.c:1547
    #402 0x7f8959f3cf6d in xmt_discard_subtree scene_manager/loader_xmt.c:1588
    #403 0x7f8959f3cf6d in xmt_discard_subtree scene_manager/loader_xmt.c:1547
    #404 0x7f8959f3cf6d in xmt_discard_subtree scene_manager/loader_xmt.c:1588
    #405 0x7f8959f3cf6d in xmt_discard_subtree scene_manager/loader_xmt.c:1547
    #406 0x7f8959f3cf6d in xmt_discard_subtree scene_manager/loader_xmt.c:1588
    #407 0x7f8959f3cf6d in xmt_discard_subtree scene_manager/loader_xmt.c:1547
    #408 0x7f8959f3cf6d in xmt_discard_subtree scene_manager/loader_xmt.c:1588
    #409 0x7f8959f3cf6d in xmt_discard_subtree scene_manager/loader_xmt.c:1547
    #410 0x7f8959f3cf6d in xmt_discard_subtree scene_manager/loader_xmt.c:1588
    #411 0x7f8959f3cf6d in xmt_discard_subtree scene_manager/loader_xmt.c:1547
    #412 0x7f8959f3cf6d in xmt_discard_subtree scene_manager/loader_xmt.c:1588
    #413 0x7f8959f3cf6d in xmt_discard_subtree scene_manager/loader_xmt.c:1547
    #414 0x7f8959f3cf6d in xmt_discard_subtree scene_manager/loader_xmt.c:1588
    #415 0x7f8959f3cf6d in xmt_discard_subtree scene_manager/loader_xmt.c:1547
    #416 0x7f8959f3cf6d in xmt_discard_subtree scene_manager/loader_xmt.c:1588
    #417 0x7f8959f3cf6d in xmt_discard_subtree scene_manager/loader_xmt.c:1547
    #418 0x7f8959f3cf6d in xmt_discard_subtree scene_manager/loader_xmt.c:1588
    #419 0x7f8959f3cf6d in xmt_discard_subtree scene_manager/loader_xmt.c:1547
    #420 0x7f8959f3cf6d in xmt_discard_subtree scene_manager/loader_xmt.c:1588
    #421 0x7f8959f3cf6d in xmt_discard_subtree scene_manager/loader_xmt.c:1547
    #422 0x7f8959f3cf6d in xmt_discard_subtree scene_manager/loader_xmt.c:1588
    #423 0x7f8959f3cf6d in xmt_discard_subtree scene_manager/loader_xmt.c:1547
    #424 0x7f8959f3cf6d in xmt_discard_subtree scene_manager/loader_xmt.c:1588
    #425 0x7f8959f3cf6d in xmt_discard_subtree scene_manager/loader_xmt.c:1547
    #426 0x7f8959f3cf6d in xmt_discard_subtree scene_manager/loader_xmt.c:1588
    #427 0x7f8959f3cf6d in xmt_discard_subtree scene_manager/loader_xmt.c:1547
    #428 0x7f8959f3cf6d in xmt_discard_subtree scene_manager/loader_xmt.c:1588
    #429 0x7f8959f3cf6d in xmt_discard_subtree scene_manager/loader_xmt.c:1547
    #430 0x7f8959f3cf6d in xmt_discard_subtree scene_manager/loader_xmt.c:1588
    #431 0x7f8959f3cf6d in xmt_discard_subtree scene_manager/loader_xmt.c:1547
    #432 0x7f8959f3cf6d in xmt_discard_subtree scene_manager/loader_xmt.c:1588
    #433 0x7f8959f3cf6d in xmt_discard_subtree scene_manager/loader_xmt.c:1547
    #434 0x7f8959f3cf6d in xmt_discard_subtree scene_manager/loader_xmt.c:1588
    #435 0x7f8959f3cf6d in xmt_discard_subtree scene_manager/loader_xmt.c:1547
    #436 0x7f8959f3cf6d in xmt_discard_subtree scene_manager/loader_xmt.c:1588
    #437 0x7f8959f3cf6d in xmt_discard_subtree scene_manager/loader_xmt.c:1547
    #438 0x7f8959f3cf6d in xmt_discard_subtree scene_manager/loader_xmt.c:1588
    #439 0x7f8959f3cf6d in xmt_discard_subtree scene_manager/loader_xmt.c:1547
    #440 0x7f8959f3cf6d in xmt_discard_subtree scene_manager/loader_xmt.c:1588
    #441 0x7f8959f3cf6d in xmt_discard_subtree scene_manager/loader_xmt.c:1547
    #442 0x7f8959f3cf6d in xmt_discard_subtree scene_manager/loader_xmt.c:1588
    #443 0x7f8959f3cf6d in xmt_discard_subtree scene_manager/loader_xmt.c:1547
    #444 0x7f8959f3cf6d in xmt_discard_subtree scene_manager/loader_xmt.c:1588
    #445 0x7f8959f3cf6d in xmt_discard_subtree scene_manager/loader_xmt.c:1547
    #446 0x7f8959f3cf6d in xmt_discard_subtree scene_manager/loader_xmt.c:1588
    #447 0x7f8959f3cf6d in xmt_discard_subtree scene_manager/loader_xmt.c:1547
    #448 0x7f8959f3cf6d in xmt_discard_subtree scene_manager/loader_xmt.c:1588
    #449 0x7f8959f3cf6d in xmt_discard_subtree scene_manager/loader_xmt.c:1547
    #450 0x7f8959f3cf6d in xmt_discard_subtree scene_manager/loader_xmt.c:1588
    #451 0x7f8959f3cf6d in xmt_discard_subtree scene_manager/loader_xmt.c:1547
    #452 0x7f8959f3cf6d in xmt_discard_subtree scene_manager/loader_xmt.c:1588
    #453 0x7f8959f3cf6d in xmt_discard_subtree scene_manager/loader_xmt.c:1547
    #454 0x7f8959f3cf6d in xmt_discard_subtree scene_manager/loader_xmt.c:1588
    #455 0x7f8959f3cf6d in xmt_discard_subtree scene_manager/loader_xmt.c:1547
    #456 0x7f8959f3cf6d in xmt_discard_subtree scene_manager/loader_xmt.c:1588
    #457 0x7f8959f3cf6d in xmt_discard_subtree scene_manager/loader_xmt.c:1547
    #458 0x7f8959f3cf6d in xmt_discard_subtree scene_manager/loader_xmt.c:1588
    #459 0x7f8959f3cf6d in xmt_discard_subtree scene_manager/loader_xmt.c:1547
    #460 0x7f8959f3cf6d in xmt_discard_subtree scene_manager/loader_xmt.c:1588
    #461 0x7f8959f3cf6d in xmt_discard_subtree scene_manager/loader_xmt.c:1547
    #462 0x7f8959f3cf6d in xmt_discard_subtree scene_manager/loader_xmt.c:1588
    #463 0x7f8959f3cf6d in xmt_discard_subtree scene_manager/loader_xmt.c:1547
    #464 0x7f8959f3cf6d in xmt_discard_subtree scene_manager/loader_xmt.c:1588
    #465 0x7f8959f3cf6d in xmt_discard_subtree scene_manager/loader_xmt.c:1547
    #466 0x7f8959f3cf6d in xmt_discard_subtree scene_manager/loader_xmt.c:1588
    #467 0x7f8959f3cf6d in xmt_discard_subtree scene_manager/loader_xmt.c:1547
    #468 0x7f8959f3cf6d in xmt_discard_subtree scene_manager/loader_xmt.c:1588
    #469 0x7f8959f3cf6d in xmt_discard_subtree scene_manager/loader_xmt.c:1547
    #470 0x7f8959f3cf6d in xmt_discard_subtree scene_manager/loader_xmt.c:1588
    #471 0x7f8959f3cf6d in xmt_discard_subtree scene_manager/loader_xmt.c:1547
    #472 0x7f8959f3cf6d in xmt_discard_subtree scene_manager/loader_xmt.c:1588
    #473 0x7f8959f3cf6d in xmt_discard_subtree scene_manager/loader_xmt.c:1547
    #474 0x7f8959f3cf6d in xmt_discard_subtree scene_manager/loader_xmt.c:1588
    #475 0x7f8959f3cf6d in xmt_discard_subtree scene_manager/loader_xmt.c:1547
    #476 0x7f8959f3cf6d in xmt_discard_subtree scene_manager/loader_xmt.c:1588
    #477 0x7f8959f3cf6d in xmt_discard_subtree scene_manager/loader_xmt.c:1547
    #478 0x7f8959f3cf6d in xmt_discard_subtree scene_manager/loader_xmt.c:1588
    #479 0x7f8959f3cf6d in xmt_discard_subtree scene_manager/loader_xmt.c:1547
    #480 0x7f8959f3cf6d in xmt_discard_subtree scene_manager/loader_xmt.c:1588
    #481 0x7f8959f3cf6d in xmt_discard_subtree scene_manager/loader_xmt.c:1547
    #482 0x7f8959f3cf6d in xmt_discard_subtree scene_manager/loader_xmt.c:1588
    #483 0x7f8959f3cf6d in xmt_discard_subtree scene_manager/loader_xmt.c:1547
    #484 0x7f8959f3cf6d in xmt_discard_subtree scene_manager/loader_xmt.c:1588
    #485 0x7f8959f3cf6d in xmt_discard_subtree scene_manager/loader_xmt.c:1547
    #486 0x7f8959f3cf6d in xmt_discard_subtree scene_manager/loader_xmt.c:1588
    #487 0x7f8959f3cf6d in xmt_discard_subtree scene_manager/loader_xmt.c:1547
    #488 0x7f8959f3cf6d in xmt_discard_subtree scene_manager/loader_xmt.c:1588
    #489 0x7f8959f3cf6d in xmt_discard_subtree scene_manager/loader_xmt.c:1547
    #490 0x7f8959f3cf6d in xmt_discard_subtree scene_manager/loader_xmt.c:1588
    #491 0x7f8959f3cf6d in xmt_discard_subtree scene_manager/loader_xmt.c:1547
    #492 0x7f8959f3cf6d in xmt_discard_subtree scene_manager/loader_xmt.c:1588

SUMMARY: AddressSanitizer: stack-overflow scene_manager/loader_xmt.c:1544 in xmt_discard_subtree
==954558==ABORTING
