XMT: MPEG-4 (XMT) Scene Parsing
XMT Parsing: |===                 | (18/100)
=================================================================
==769560==ERROR: AddressSanitizer: heap-use-after-free on address 0x7c28a5213588 at pc 0x7fb8a7348d14 bp 0x7ffef62168b0 sp 0x7ffef62168a8
READ of size 8 at 0x7c28a5213588 thread T0
    #0 0x7fb8a7348d13 in xmt_parse_command scene_manager/loader_xmt.c:2358
    #1 0x7fb8a7348d13 in xmt_node_start scene_manager/loader_xmt.c:2674
    #2 0x7fb8a6b8949c in xml_sax_node_start utils/xml_parser.c:307
    #3 0x7fb8a6b8d6d7 in xml_sax_parse_attribute utils/xml_parser.c:356
    #4 0x7fb8a6b8d6d7 in xml_sax_parse utils/xml_parser.c:939
    #5 0x7fb8a6b8e604 in gf_xml_sax_parse_intern utils/xml_parser.c:1083
    #6 0x7fb8a6b8ef17 in gf_xml_sax_parse utils/xml_parser.c:1137
    #7 0x7fb8a6b8f273 in xml_sax_read_file utils/xml_parser.c:1224
    #8 0x7fb8a6b8fd28 in gf_xml_sax_parse_file utils/xml_parser.c:1337
    #9 0x7fb8a73388b9 in load_xmt_run scene_manager/loader_xmt.c:3215
    #10 0x7fb8a79e0980 in ctxload_process filters/load_bt_xmt.c:522
    #11 0x7fb8a77591a3 in gf_filter_process_task filter_core/filter.c:3256
    #12 0x7fb8a772d571 in gf_fs_thread_proc filter_core/filter_session.c:2422
    #13 0x7fb8a7732632 in gf_fs_run filter_core/filter_session.c:2730
    #14 0x7fb8a71f4a14 in gf_media_import media_tools/media_import.c:1307
    #15 0x55edba3274b3 in convert_file_info /run/media/user/8ed8205b-4114-4c2a-b2d0-e2ad6640262d/gpac/runtime/gpac_asan/applications/mp4box/fileimport.c:131
    #16 0x55edba2f73a9 in mp4box_main /run/media/user/8ed8205b-4114-4c2a-b2d0-e2ad6640262d/gpac/runtime/gpac_asan/applications/mp4box/mp4box.c:6575
    #17 0x7fb8a6631f76 in __libc_start_call_main ../sysdeps/nptl/libc_start_call_main.h:58
    #18 0x7fb8a6632026 in __libc_start_main_impl ../csu/libc-start.c:360
    #19 0x55edba2d30b0 in _start (/run/media/user/8ed8205b-4114-4c2a-b2d0-e2ad6640262d/gpac/runtime/gpac_asan/bin/gcc/MP4Box+0x4d0b0) (BuildId: 448a786c19792aeca106830ec5268448f6cb1d99)

0x7c28a5213588 is located 56 bytes inside of 72-byte region [0x7c28a5213550,0x7c28a5213598)
freed by thread T0 here:
    #0 0x7fb8a872340f in free ../../../../src/libsanitizer/asan/asan_malloc_linux.cpp:51
    #1 0x7fb8a6c59b97 in gf_node_unregister scenegraph/base_scenegraph.c:760

previously allocated by thread T0 here:
    #0 0x7fb8a872435f in malloc ../../../../src/libsanitizer/asan/asan_malloc_linux.cpp:67
    #1 0x7fb8a6ccfe3b in Conditional_Create scenegraph/mpeg4_nodes.c:3193
    #2 0x7fb8a6ccfe3b in gf_sg_mpeg4_node_new scenegraph/mpeg4_nodes.c:36761

SUMMARY: AddressSanitizer: heap-use-after-free scene_manager/loader_xmt.c:2358 in xmt_parse_command
Shadow bytes around the buggy address:
  0x7c28a5213300: fa fa fa fa fd fd fd fd fd fd fd fd fd fd fa fa
  0x7c28a5213380: fa fa 00 00 00 00 00 00 00 00 00 00 fa fa fa fa
  0x7c28a5213400: 00 00 00 00 00 00 00 00 00 00 fa fa fa fa 00 00
  0x7c28a5213480: 00 00 00 00 00 00 00 00 fa fa fa fa 00 00 00 00
  0x7c28a5213500: 00 00 00 00 00 00 fa fa fa fa fd fd fd fd fd fd
=>0x7c28a5213580: fd[fd]fd fa fa fa fa fa 00 00 00 00 00 00 00 00
  0x7c28a5213600: 00 00 fa fa fa fa fa fa fa fa fa fa fa fa fa fa
  0x7c28a5213680: fa fa fa fa fa fa fa fa fa fa fa fa fa fa fa fa
  0x7c28a5213700: fa fa fa fa fa fa fa fa fa fa fa fa fa fa fa fa
  0x7c28a5213780: fa fa fa fa fa fa fa fa fa fa fa fa fa fa fa fa
  0x7c28a5213800: fa fa fa fa fa fa fa fa fa fa fa fa fa fa fa fa
Shadow byte legend (one shadow byte represents 8 application bytes):
  Addressable:           00
  Partially addressable: 01 02 03 04 05 06 07 
  Heap left redzone:       fa
  Freed heap region:       fd
  Stack left redzone:      f1
  Stack mid redzone:       f2
  Stack right redzone:     f3
  Stack after return:      f5
  Stack use after scope:   f8
  Global redzone:          f9
  Global init order:       f6
  Poisoned by user:        f7
  Container overflow:      fc
  Array cookie:            ac
  Intra object redzone:    bb
  ASan internal:           fe
  Left alloca redzone:     ca
  Right alloca redzone:    cb
==769560==ABORTING
