=================================================================
==2099769==ERROR: AddressSanitizer: heap-buffer-overflow on address 0x513000000d70 at pc 0x55b02551c746 bp 0x7ffcd378f550 sp 0x7ffcd378f548
READ of size 1 at 0x513000000d70 thread T0                                                                                                                 
    #0 0x55b02551c745 in bc_reloc_value /media/user/8ed8205b-4114-4c2a-b2d0-e2ad6640262d/mquickjs/mquickjs.c:12835
    #1 0x55b02552a7fd in JS_RelocateBytecode2 /media/user/8ed8205b-4114-4c2a-b2d0-e2ad6640262d/mquickjs/mquickjs.c:12897
    #2 0x55b02552aa9a in JS_RelocateBytecode /media/user/8ed8205b-4114-4c2a-b2d0-e2ad6640262d/mquickjs/mquickjs.c:12924
    #3 0x55b0255084cb in eval_file /media/user/8ed8205b-4114-4c2a-b2d0-e2ad6640262d/mquickjs/mqjs.c:315
    #4 0x55b02550ac9b in main /media/user/8ed8205b-4114-4c2a-b2d0-e2ad6640262d/mquickjs/mqjs.c:742
    #5 0x7f040b833ca7 in __libc_start_call_main ../sysdeps/nptl/libc_start_call_main.h:58
    #6 0x7f040b833d64 in __libc_start_main_impl ../csu/libc-start.c:360
    #7 0x55b025506520 in _start (/media/user/8ed8205b-4114-4c2a-b2d0-e2ad6640262d/mquickjs/build_asan/mqjs+0x128520) (BuildId: a731e0f8b0f9fa66d23042ac06bac6b745d2ded5)

0x513000000d70 is located 3024 bytes after 352-byte region [0x513000000040,0x5130000001a0)
allocated by thread T0 here:                                                                                                                               
    #0 0x7f040c2f4c57 in malloc ../../../../src/libsanitizer/asan/asan_malloc_linux.cpp:69
    #1 0x55b0255072db in load_file /media/user/8ed8205b-4114-4c2a-b2d0-e2ad6640262d/mquickjs/mqjs.c:252
    #2 0x55b025508465 in eval_file /media/user/8ed8205b-4114-4c2a-b2d0-e2ad6640262d/mquickjs/mqjs.c:313
    #3 0x55b02550ac9b in main /media/user/8ed8205b-4114-4c2a-b2d0-e2ad6640262d/mquickjs/mqjs.c:742
    #4 0x7f040b833ca7 in __libc_start_call_main ../sysdeps/nptl/libc_start_call_main.h:58

SUMMARY: AddressSanitizer: heap-buffer-overflow /media/user/8ed8205b-4114-4c2a-b2d0-e2ad6640262d/mquickjs/mquickjs.c:12835 in bc_reloc_value
Shadow bytes around the buggy address:
  0x513000000a80: fa fa fa fa fa fa fa fa fa fa fa fa fa fa fa fa
  0x513000000b00: fa fa fa fa fa fa fa fa fa fa fa fa fa fa fa fa
  0x513000000b80: fa fa fa fa fa fa fa fa fa fa fa fa fa fa fa fa
  0x513000000c00: fa fa fa fa fa fa fa fa fa fa fa fa fa fa fa fa
  0x513000000c80: fa fa fa fa fa fa fa fa fa fa fa fa fa fa fa fa
=>0x513000000d00: fa fa fa fa fa fa fa fa fa fa fa fa fa fa[fa]fa
  0x513000000d80: fa fa fa fa fa fa fa fa fa fa fa fa fa fa fa fa
  0x513000000e00: fa fa fa fa fa fa fa fa fa fa fa fa fa fa fa fa
  0x513000000e80: fa fa fa fa fa fa fa fa fa fa fa fa fa fa fa fa
  0x513000000f00: fa fa fa fa fa fa fa fa fa fa fa fa fa fa fa fa
  0x513000000f80: fa fa fa fa fa fa fa fa fa fa fa fa fa fa fa fa
Shadow byte legend (one shadow byte represents 8 application bytes):
  Addressable:           00
  Partially addressable: 01 02 03 04 05 06 07 
  Heap left redzone:       fa
  Freed heap region:       fd
  Stack left redzone:      f1
  Stack mid redzone:       f2
  Stack right redzone:     f3
  Stack after return:      f5
  Stack use after scope:   f8
  Global redzone:          f9
  Global init order:       f6
  Poisoned by user:        f7
  Container overflow:      fc
  Array cookie:            ac
  Intra object redzone:    bb
  ASan internal:           fe
  Left alloca redzone:     ca
  Right alloca redzone:    cb
==2099769==ABORTING
