[32mTrack Importing RawVideo - Width 320 Height 240 FPS 30/1
[0m[32mXMT: MPEG-4 (XMT) Scene Parsing
[0m[33m[XMT Parsing] Invalid child descriptor (line 30)
[0m[33m[XMT Parsing] Invalid child descriptor (line 34)
[0m[33m[XMT Parsing] Invalid child descriptor (line 67)
[0m[33m[XMT Parsing] Invalid child descriptor (line 69)
[0mXMT Parsing: |===                 | (19/100)XMT Parsing: |=======             | (39/100)[33m[XMT Parsing] Warning: Unknown field "xsi:schemaLocation" for node Background2D - skipping (line 185)
[0m[31m[XMT Parsing] Warning: Header is not a valid node - skipping (line 186)
[0mXMT Parsing: |================    | (84/100)=================================================================
==551001==ERROR: AddressSanitizer: stack-buffer-overflow on address 0x7b89170034b8 at pc 0x7f891b2ecb28 bp 0x7ffeb9de5fe0 sp 0x7ffeb9de57a0
WRITE of size 9031 at 0x7b89170034b8 thread T0
    #0 0x7f891b2ecb27 in vsprintf ../../../../src/libsanitizer/sanitizer_common/sanitizer_common_interceptors.inc:1758
    #1 0x7f891b2ee2dc in sprintf ../../../../src/libsanitizer/sanitizer_common/sanitizer_common_interceptors.inc:1803
    #2 0x7f8919db788f in xmt_resolve_od_links scene_manager/loader_xmt.c:602
    #3 0x7f8919dbaadf in load_xmt_run scene_manager/loader_xmt.c:3716
    #4 0x7f891a467443 in ctxload_process filters/load_bt_xmt.c:544
    #5 0x7f891a1e0093 in gf_filter_process_task filter_core/filter.c:3257
    #6 0x7f891a1b44c1 in gf_fs_thread_proc filter_core/filter_session.c:2420
    #7 0x7f891a1b9582 in gf_fs_run filter_core/filter_session.c:2728
    #8 0x7f8919c7328a in gf_media_import media_tools/media_import.c:1639
    #9 0x55b58ca64411 in import_file /run/media/user/8ed8205b-4114-4c2a-b2d0-e2ad6640262d/gpac/runtime/gpac_asan/applications/mp4box/fileimport.c:1733
    #10 0x55b58ca20fc9 in do_add_cat /run/media/user/8ed8205b-4114-4c2a-b2d0-e2ad6640262d/gpac/runtime/gpac_asan/applications/mp4box/mp4box.c:4633
    #11 0x55b58ca233f7 in mp4box_main /run/media/user/8ed8205b-4114-4c2a-b2d0-e2ad6640262d/gpac/runtime/gpac_asan/applications/mp4box/mp4box.c:6377
    #12 0x7f8919033f76 in __libc_start_call_main ../sysdeps/nptl/libc_start_call_main.h:58
    #13 0x7f8919034026 in __libc_start_main_impl ../csu/libc-start.c:360
    #14 0x55b58ca03080 in _start (/run/media/user/8ed8205b-4114-4c2a-b2d0-e2ad6640262d/gpac/runtime/gpac_asan/bin/gcc/MP4Box+0x4d080) (BuildId: 1651312aefdad6adf454cb6d555ab16d3e0fe1b8)

Address 0x7b89170034b8 is located in stack of thread T0 at offset 5304 in frame
    #0 0x7f8919db638f in xmt_resolve_od_links scene_manager/loader_xmt.c:444

  This frame has 7 object(s):
    [48, 52) 'i' (line 445)
    [64, 68) 'j' (line 445)
    [80, 84) 'i' (line 174)
    [96, 100) 'i' (line 433)
    [112, 162) 'szTest' (line 474)
    [208, 258) 'szTest' (line 507)
    [304, 5304) 'szURL' (line 448) <== Memory access at offset 5304 overflows this variable
HINT: this may be a false positive if your program uses some custom stack unwind mechanism, swapcontext or vfork
      (longjmp and C++ exceptions *are* supported)
SUMMARY: AddressSanitizer: stack-buffer-overflow scene_manager/loader_xmt.c:602 in xmt_resolve_od_links
Shadow bytes around the buggy address:
  0x7b8917003200: 00 00 00 00 00 00 00 00 00 00 00 00 00 00 00 00
  0x7b8917003280: 00 00 00 00 00 00 00 00 00 00 00 00 00 00 00 00
  0x7b8917003300: 00 00 00 00 00 00 00 00 00 00 00 00 00 00 00 00
  0x7b8917003380: 00 00 00 00 00 00 00 00 00 00 00 00 00 00 00 00
  0x7b8917003400: 00 00 00 00 00 00 00 00 00 00 00 00 00 00 00 00
=>0x7b8917003480: 00 00 00 00 00 00 00[f3]f3 f3 f3 f3 f3 f3 f3 f3
  0x7b8917003500: f3 f3 f3 f3 f3 f3 f3 f3 f3 f3 f3 f3 f3 f3 f3 f3
  0x7b8917003580: f3 f3 f3 f3 f3 f3 f3 f3 f3 f3 f3 f3 f3 f3 f3 f3
  0x7b8917003600: f3 f3 f3 f3 f3 f3 f3 f3 f3 f3 f3 f3 f3 f3 f3 f3
  0x7b8917003680: f3 f3 f3 f3 f3 f3 f3 f3 f3 f3 f3 f3 f3 f3 f3 f3
  0x7b8917003700: f3 f3 f3 f3 f3 f3 f3 f3 f3 f3 f3 f3 f3 f3 f3 f3
Shadow byte legend (one shadow byte represents 8 application bytes):
  Addressable:           00
  Partially addressable: 01 02 03 04 05 06 07 
  Heap left redzone:       fa
  Freed heap region:       fd
  Stack left redzone:      f1
  Stack mid redzone:       f2
  Stack right redzone:     f3
  Stack after return:      f5
  Stack use after scope:   f8
  Global redzone:          f9
  Global init order:       f6
  Poisoned by user:        f7
  Container overflow:      fc
  Array cookie:            ac
  Intra object redzone:    bb
  ASan internal:           fe
  Left alloca redzone:     ca
  Right alloca redzone:    cb
==551001==ABORTING
