[MPEG-2 TS] TS Packet 46 does not start with sync marker
[MPEG-2 TS] TS Packet 46 does not start with sync marker
[MPEG-2 TS] TS Packet 46 does not start with sync marker
[MPEG-2 TS] TS Packet 46 does not start with sync marker
[MPEG-2 TS] TS Packet 46 does not start with sync marker
[MPEG-2 TS] TS Packet 46 does not start with sync marker
[MPEG-2 TS] TS Packet 46 does not start with sync marker
[MPEG-2 TS] TS Packet 46 does not start with sync marker
[MPEG-2 TS] TS Packet 48 does not start with sync marker
[MPEG-2 TS] TS Packet 48 does not start with sync marker
[MPEG-2 TS] TS Packet 48 does not start with sync marker
[MPEG-2 TS] TS Packet 48 does not start with sync marker
[MPEG-2 TS] TS Packet 48 does not start with sync marker
[MPEG-2 TS] TS Packet 48 does not start with sync marker
[MPEG-2 TS] TS Packet 48 does not start with sync marker
[MPEG-2 TS] TS Packet 79 does not start with sync marker
[MPEG-2 TS] TS Packet 79 does not start with sync marker
[MPEG-2 TS] TS Packet 79 does not start with sync marker
[MPEG-2 TS] TS Packet 79 does not start with sync marker
[MPEG-2 TS] TS Packet 79 does not start with sync marker
[MPEG-2 TS] TS Packet 79 does not start with sync marker
[MPEG-2 TS] TS Packet 79 does not start with sync marker
[MPEG-2 TS] TS Packet 79 does not start with sync marker
[MPEG-2 TS] TS Packet 79 does not start with sync marker
[MPEG-2 TS] TS Packet 79 does not start with sync marker
[MPEG-2 TS] TS Packet 79 does not start with sync marker
[MPEG-2 TS] TS Packet 79 does not start with sync marker
[MPEG-2 TS] TS Packet 79 does not start with sync marker
[MPEG-2 TS] TS Packet 79 does not start with sync marker
[MPEG-2 TS] TS Packet 79 does not start with sync marker
[MPEG-2 TS] TS Packet 79 does not start with sync marker
[MPEG-2 TS] TS Packet 79 does not start with sync marker
[MPEG-2 TS] Invalid PMT es descriptor size for PID 856
[MPEG-2 TS] Stream type (0x8d) for PID 7216 not supported
Broken PMT descriptor! size 57, desc size 48 but position 10
Broken PMT descriptor! size 57, desc size 48 but position 15
Broken PMT descriptor! size 57, desc size 50 but position 30
[MPEG-2 TS] Invalid PMT es descriptor size for PID 4608
[MPEG-2 TS] TS Packet 82 does not start with sync marker
[MPEG-2 TS] TS Packet 82 does not start with sync marker
[MPEG-2 TS] TS Packet 82 does not start with sync marker
[MPEG-2 TS] TS Packet 82 does not start with sync marker
[MPEG-2 TS] TS Packet 82 does not start with sync marker
[MPEG-2 TS] TS Packet 82 does not start with sync marker
[MPEG-2 TS] TS Packet 82 does not start with sync marker
[MPEG-2 TS] TS Packet 82 does not start with sync marker
[MPEG-2 TS] TS Packet 82 does not start with sync marker
[MPEG-2 TS] TS Packet 82 does not start with sync marker
[MPEG-2 TS] TS Packet 82 does not start with sync marker
[MPEG-2 TS] TS Packet 82 does not start with sync marker
[MPEG-2 TS] TS Packet 82 does not start with sync marker
[MPEG-2 TS] TS Packet 82 does not start with sync marker
[MPEG-2 TS] TS Packet 82 does not start with sync marker
[MPEG-2 TS] TS Packet 82 does not start with sync marker
[MPEG-2 TS] TS Packet 82 does not start with sync marker
[MPEG-2 TS] TS Packet 82 does not start with sync marker
[MPEG-2 TS] TS Packet 82 does not start with sync marker
[MPEG-2 TS] TS Packet 45 does not start with sync marker
[MPEG-2 TS] TS Packet 45 does not start with sync marker
[MPEG-2 TS] TS Packet 45 does not start with sync marker
[MPEG-2 TS] TS Packet 45 does not start with sync marker
[MPEG-2 TS] TS Packet 45 does not start with sync marker
[MPEG-2 TS] TS Packet 45 does not start with sync marker
[MPEG-2 TS] TS Packet 45 does not start with sync marker
[MPEG-2 TS] TS Packet 45 does not start with sync marker
[MPEG-2 TS] TS Packet 47 does not start with sync marker
[MPEG-2 TS] TS Packet 47 does not start with sync marker
[MPEG-2 TS] TS Packet 47 does not start with sync marker
[MPEG-2 TS] TS Packet 47 does not start with sync marker
[MPEG-2 TS] TS Packet 47 does not start with sync marker
[MPEG-2 TS] TS Packet 47 does not start with sync marker
[MPEG-2 TS] TS Packet 47 does not start with sync marker
[MPEG-2 TS] TS Packet 78 does not start with sync marker
[MPEG-2 TS] TS Packet 78 does not start with sync marker
[MPEG-2 TS] TS Packet 78 does not start with sync marker
[MPEG-2 TS] TS Packet 78 does not start with sync marker
[MPEG-2 TS] TS Packet 78 does not start with sync marker
[MPEG-2 TS] TS Packet 78 does not start with sync marker
[MPEG-2 TS] TS Packet 78 does not start with sync marker
[MPEG-2 TS] TS Packet 78 does not start with sync marker
[MPEG-2 TS] TS Packet 78 does not start with sync marker
[MPEG-2 TS] TS Packet 78 does not start with sync marker
[MPEG-2 TS] TS Packet 78 does not start with sync marker
[MPEG-2 TS] TS Packet 78 does not start with sync marker
[MPEG-2 TS] TS Packet 78 does not start with sync marker
[MPEG-2 TS] TS Packet 78 does not start with sync marker
[MPEG-2 TS] TS Packet 78 does not start with sync marker
[MPEG-2 TS] TS Packet 78 does not start with sync marker
[MPEG-2 TS] TS Packet 78 does not start with sync marker
[MPEG-2 TS] Stream type (0x8d) for PID 7216 not supported
Broken PMT descriptor! size 57, desc size 48 but position 10
Broken PMT descriptor! size 57, desc size 48 but position 15
Broken PMT descriptor! size 57, desc size 50 but position 30
[MPEG-2 TS] Invalid PMT es descriptor size for PID 4608
[MPEG-2 TS] TS Packet 81 does not start with sync marker
[MPEG-2 TS] TS Packet 81 does not start with sync marker
[MPEG-2 TS] TS Packet 81 does not start with sync marker
[MPEG-2 TS] TS Packet 81 does not start with sync marker
[MPEG-2 TS] TS Packet 81 does not start with sync marker
[MPEG-2 TS] TS Packet 81 does not start with sync marker
[MPEG-2 TS] TS Packet 81 does not start with sync marker
[MPEG-2 TS] TS Packet 81 does not start with sync marker
[MPEG-2 TS] TS Packet 81 does not start with sync marker
[MPEG-2 TS] TS Packet 81 does not start with sync marker
[MPEG-2 TS] TS Packet 81 does not start with sync marker
[MPEG-2 TS] TS Packet 81 does not start with sync marker
[MPEG-2 TS] TS Packet 81 does not start with sync marker
[MPEG-2 TS] TS Packet 81 does not start with sync marker
[MPEG-2 TS] TS Packet 81 does not start with sync marker
[MPEG-2 TS] TS Packet 81 does not start with sync marker
[MPEG-2 TS] TS Packet 81 does not start with sync marker
[MPEG-2 TS] TS Packet 81 does not start with sync marker
[MPEG-2 TS] TS Packet 81 does not start with sync marker
[MPEG-2 TS] PID 1863 PCR discontinuity not signaled (diff -1757445576 us - PCR diff -1757445576 vs prev PCR diff 0)
[MPEG-2 TS] TS Packet 94 does not start with sync marker
[MPEG-2 TS] TS Packet 94 does not start with sync marker
[MPEG-2 TS] TS Packet 94 does not start with sync marker
[MPEG-2 TS] TS Packet 94 does not start with sync marker
[MPEG-2 TS] TS Packet 94 does not start with sync marker
[MPEG-2 TS] TS Packet 94 does not start with sync marker
[MPEG-2 TS] TS Packet 94 does not start with sync marker
[MPEG-2 TS] TS Packet 94 does not start with sync marker
[MPEG-2 TS] TS Packet 94 does not start with sync marker
[MPEG-2 TS] TS Packet 94 does not start with sync marker
[MPEG-2 TS] TS Packet 94 does not start with sync marker
[MPEG-2 TS] TS Packet 94 does not start with sync marker
[MPEG-2 TS] TS Packet 94 does not start with sync marker
[MPEG-2 TS] TS Packet 94 does not start with sync marker
[MPEG-2 TS] TS Packet 94 does not start with sync marker
[MPEG-2 TS] TS Packet 94 does not start with sync marker
[MPEG-2 TS] PID 1863 PCR discontinuity not signaled (diff 780076144 us - PCR diff 1757445576 vs prev PCR diff -1757445576)
[MPEG-2 TS] TS Packet 97 does not start with sync marker
[MPEG-2 TS] TS Packet 97 does not start with sync marker
[MPEG-2 TS] TS Packet 97 does not start with sync marker
[MPEG-2 TS] TS Packet 97 does not start with sync marker
[MPEG-2 TS] TS Packet 97 does not start with sync marker
[MPEG-2 TS] TS Packet 97 does not start with sync marker
[MPEG-2 TS] Stream type (0x8d) for PID 7216 not supported
Broken PMT descriptor! size 57, desc size 48 but position 10
Broken PMT descriptor! size 57, desc size 48 but position 15
Broken PMT descriptor! size 57, desc size 230 but position 35
Broken PMT descriptor! size 57, desc size 50 but position 40
[MPEG-2 TS] Invalid PMT es descriptor size for PID 4608
[MPEG-2 TS] TS Packet 100 does not start with sync marker
[MPEG-2 TS] TS Packet 100 does not start with sync marker
[MPEG-2 TS] TS Packet 100 does not start with sync marker
[MPEG-2 TS] TS Packet 100 does not start with sync marker
[MPEG-2 TS] TS Packet 100 does not start with sync marker
[MPEG-2 TS] TS Packet 100 does not start with sync marker
[MPEG-2 TS] TS Packet 100 does not start with sync marker
[MPEG-2 TS] TS Packet 100 does not start with sync marker
[MPEG-2 TS] TS Packet 100 does not start with sync marker
[MPEG-2 TS] TS Packet 100 does not start with sync marker
[MPEG-2 TS] TS Packet 103 does not start with sync marker
[MPEG-2 TS] TS Packet 103 does not start with sync marker
[MPEG-2 TS] TS Packet 103 does not start with sync marker
[MPEG-2 TS] TS Packet 103 does not start with sync marker
[MPEG-2 TS] TS Packet 103 does not start with sync marker
[MPEG-2 TS] TS Packet 103 does not start with sync marker
[MPEG-2 TS] TS Packet 103 does not start with sync marker
[MPEG-2 TS] TS Packet 103 does not start with sync marker
[MPEG-2 TS] TS Packet 103 does not start with sync marker
[MPEG-2 TS] TS Packet 103 does not start with sync marker
[MPEG-2 TS] TS Packet 103 does not start with sync marker
[MPEG-2 TS] TS Packet 103 does not start with sync marker
[MPEG-2 TS] TS Packet 103 does not start with sync marker
[MPEG-2 TS] TS Packet 103 does not start with sync marker
[MPEG-2 TS] TS Packet 103 does not start with sync marker
[MPEG-2 TS] TS Packet 103 does not start with sync marker
[MPEG-2 TS] TS Packet 103 does not start with sync marker
Broken PMT descriptor! size 44, desc size 48 but position 15
[MPEG-2 TS] Invalid PMT es descriptor size for PID 4148
[M2TS] Wrong dependency index in hierarchy descriptor, assuming non-scalable stream
[M2TS] Wrong dependency index in hierarchy descriptor, assuming non-scalable stream
[M2TS] Wrong dependency index in hierarchy descriptor, assuming non-scalable stream
[MPEG-2 TS] Stream type (0x8d) for PID 7216 not supported
Broken PMT descriptor! size 57, desc size 48 but position 10
stream type DSM CC user private sections on pid 4155 
Broken PMT descriptor! size 57, desc size 48 but position 15
[MPEG-2 TS] Stream type (0x3d) for PID 7337 not supported
[MPEG-2 TS] Stream type (0x0) for PID 312 not supported
Broken PMT descriptor! size 57, desc size 182 but position 45
[MPEG-2 TS] Invalid PMT es descriptor size for PID 768
[M2TSDmx] Unknown stream(s) skipped, use --upes to enable
[MPEG-2 TS] TS Packet 105 does not start with sync marker
[MPEG-2 TS] TS Packet 105 does not start with sync marker
[MPEG-2 TS] TS Packet 105 does not start with sync marker
[MPEG-2 TS] TS Packet 105 does not start with sync marker
[MPEG-2 TS] TS Packet 105 does not start with sync marker
[MPEG-2 TS] TS Packet 105 does not start with sync marker
[MPEG-2 TS] TS Packet 105 does not start with sync marker
[MPEG-2 TS] TS Packet 105 does not start with sync marker
[MPEG-2 TS] TS Packet 105 does not start with sync marker
[MPEG-2 TS] TS Packet 105 does not start with sync marker
[MPEG-2 TS] TS Packet 105 does not start with sync marker
[MPEG-2 TS] TS Packet 105 does not start with sync marker
[MPEG-2 TS] TS Packet 105 does not start with sync marker
[MPEG-2 TS] TS Packet 105 does not start with sync marker
[MPEG-2 TS] TS Packet 105 does not start with sync marker
[MPEG-2 TS] TS Packet 105 does not start with sync marker
[MPEG-2 TS] TS Packet 105 does not start with sync marker
[MPEG-2 TS] TS Packet 105 does not start with sync marker
[MPEG-2 TS] TS Packet 105 does not start with sync marker
[MPEG-2 TS] TS Packet 105 does not start with sync marker
[MPEG-2 TS] TS Packet 105 does not start with sync marker
[MPEG-2 TS] TS Packet 105 does not start with sync marker
[MPEG-2 TS] PID 1863 PCR discontinuity not signaled (diff 1925947847 us - PCR diff -1925947847 vs prev PCR diff 0)
[MPEG-2 TS] TS Packet 108 does not start with sync marker
[MPEG-2 TS] TS Packet 108 does not start with sync marker
[MPEG-2 TS] TS Packet 108 does not start with sync marker
[MPEG-2 TS] TS Packet 108 does not start with sync marker
[MPEG-2 TS] TS Packet 108 does not start with sync marker
[MPEG-2 TS] TS Packet 108 does not start with sync marker
[MPEG-2 TS] TS Packet 108 does not start with sync marker
[MPEG-2 TS] TS Packet 108 does not start with sync marker
[MPEG-2 TS] TS Packet 108 does not start with sync marker
[MPEG-2 TS] TS Packet 108 does not start with sync marker
[MPEG-2 TS] TS Packet 108 does not start with sync marker
[MPEG-2 TS] TS Packet 108 does not start with sync marker
[MPEG-2 TS] TS Packet 108 does not start with sync marker
[MPEG-2 TS] TS Packet 108 does not start with sync marker
[MPEG-2 TS] TS Packet 108 does not start with sync marker
[MPEG-2 TS] TS Packet 108 does not start with sync marker
[MPEG-2 TS] TS Packet 108 does not start with sync marker
[MPEG-2 TS] TS Packet 108 does not start with sync marker
[MPEG-2 TS] TS Packet 108 does not start with sync marker
[MPEG-2 TS] TS Packet 108 does not start with sync marker
[MPEG-2 TS] TS Packet 108 does not start with sync marker
[MPEG-2 TS] TS Packet 108 does not start with sync marker
[MPEG-2 TS] TS Packet 108 does not start with sync marker
[MPEG-2 TS] PID 1863 new PCR, with discontinuity signaled, is less than previously received PCR (diff -77868 us) but not too large, trying to ignore discontinuity
[MPEG-2 TS] Stream type (0xf3) for PID 2688 not supported
MORE sections on pid 48
Broken PMT descriptor! size 57, desc size 48 but position 15
MORE sections on pid 4144
Broken PMT descriptor! size 57, desc size 48 but position 20
Broken PMT descriptor! size 57, desc size 58 but position 25
Broken PMT descriptor! size 57, desc size 255 but position 34
Broken PMT descriptor! size 57, desc size 67 but position 44
[MPEG-2 TS] Invalid PMT es descriptor size for PID 856
[M2TS] Wrong dependency index in hierarchy descriptor, assuming non-scalable stream
[M2TS] Wrong dependency index in hierarchy descriptor, assuming non-scalable stream
[M2TS] Wrong dependency index in hierarchy descriptor, assuming non-scalable stream
[MPEG-2 TS] PID 1863 new PCR, with discontinuity signaled, is less than previously received PCR (diff -77868 us) but not too large, trying to ignore discontinuity
[MPEG-2 TS] Stream type (0xf3) for PID 2688 not supported
MORE sections on pid 48
Broken PMT descriptor! size 57, desc size 48 but position 15
MORE sections on pid 4144
Broken PMT descriptor! size 57, desc size 48 but position 20
Broken PMT descriptor! size 57, desc size 58 but position 25
[MPEG-2 TS] Invalid PMT es descriptor size for PID 6706
[M2TS] Wrong dependency index in hierarchy descriptor, assuming non-scalable stream
[MPEG-2 TS] PID 4144 Wrong pes_header_data_length field 4 bytes - read 10
[MPEG-2 TS] PID 4144 PES payload size 8841 but received 107 bytes
[MPEG-2 TS] TS Packet 124 does not start with sync marker
[MPEG-2 TS] TS Packet 124 does not start with sync marker
[MPEG-2 TS] TS Packet 124 does not start with sync marker
[MPEG-2 TS] TS Packet 124 does not start with sync marker
[MPEG-2 TS] TS Packet 124 does not start with sync marker
[MPEG-2 TS] TS Packet 124 does not start with sync marker
[MPEG-2 TS] TS Packet 124 does not start with sync marker
[MPEG-2 TS] TS Packet 124 does not start with sync marker
[MPEG-2 TS] TS Packet 124 does not start with sync marker
[MPEG-2 TS] TS Packet 124 does not start with sync marker
[MPEG-2 TS] PID 1863 new PCR, with discontinuity signaled, is less than previously received PCR (diff -77868 us) but not too large, trying to ignore discontinuity
[MPEG-2 TS] Stream type (0xf3) for PID 2688 not supported
MORE sections on pid 48
Broken PMT descriptor! size 57, desc size 48 but position 15
MORE sections on pid 4144
Broken PMT descriptor! size 57, desc size 67 but position 44
[MPEG-2 TS] Invalid PMT es descriptor size for PID 856
[MPEG-2 TS] TS Packet 127 does not start with sync marker
[MPEG-2 TS] TS Packet 127 does not start with sync marker
[MPEG-2 TS] TS Packet 127 does not start with sync marker
[MPEG-2 TS] TS Packet 127 does not start with sync marker
[MPEG-2 TS] TS Packet 127 does not start with sync marker
[MPEG-2 TS] TS Packet 127 does not start with sync marker
[MPEG-2 TS] TS Packet 128 does not start with sync marker
[MPEG-2 TS] TS Packet 128 does not start with sync marker
[MPEG-2 TS] TS Packet 129 does not start with sync marker
[MPEG-2 TS] TS Packet 129 does not start with sync marker
[MPEG-2 TS] TS Packet 129 does not start with sync marker
[MPEG-2 TS] PID 1863 new PCR, with discontinuity signaled, is less than previously received PCR (diff -77868 us) but not too large, trying to ignore discontinuity
[MPEG-2 TS] Stream type (0xf3) for PID 2688 not supported
MORE sections on pid 48
Broken PMT descriptor! size 57, desc size 48 but position 15
MORE sections on pid 4144
Broken PMT descriptor! size 57, desc size 67 but position 44
[MPEG-2 TS] Invalid PMT es descriptor size for PID 856
[MPEG-2 TS] TS Packet 132 does not start with sync marker
[MPEG-2 TS] TS Packet 132 does not start with sync marker
[MPEG-2 TS] TS Packet 132 does not start with sync marker
[MPEG-2 TS] TS Packet 132 does not start with sync marker
[MPEG-2 TS] TS Packet 132 does not start with sync marker
[MPEG-2 TS] TS Packet 132 does not start with sync marker
[MPEG-2 TS] TS Packet 132 does not start with sync marker
[MPEG-2 TS] TS Packet 132 does not start with sync marker
[MPEG-2 TS] TS Packet 132 does not start with sync marker
[MPEG-2 TS] TS Packet 132 does not start with sync marker
[MPEG-2 TS] TS Packet 132 does not start with sync marker
[MPEG-2 TS] TS Packet 132 does not start with sync marker
[MPEG-2 TS] TS Packet 132 does not start with sync marker
[MPEG-2 TS] TS Packet 132 does not start with sync marker
[MPEG-2 TS] PID 1863 new PCR, with discontinuity signaled, is less than previously received PCR (diff -77868 us) but not too large, trying to ignore discontinuity
[MPEG-2 TS] Stream type (0xf3) for PID 2688 not supported
MORE sections on pid 48
Broken PMT descriptor! size 57, desc size 48 but position 15
MORE sections on pid 4144
Broken PMT descriptor! size 57, desc size 48 but position 20
Broken PMT descriptor! size 57, desc size 58 but position 25
[MPEG-2 TS] Invalid PMT es descriptor size for PID 6706
[MPEG-2 TS] PID 4144 Wrong pes_header_data_length field 4 bytes - read 10
[MPEG-2 TS] PID 4144 PES payload size 8841 but received 107 bytes
[MPEG-2 TS] TS Packet 136 does not start with sync marker
[MPEG-2 TS] TS Packet 136 does not start with sync marker
[MPEG-2 TS] TS Packet 136 does not start with sync marker
[MPEG-2 TS] TS Packet 136 does not start with sync marker
[MPEG-2 TS] TS Packet 136 does not start with sync marker
[MPEG-2 TS] TS Packet 136 does not start with sync marker
[MPEG-2 TS] TS Packet 136 does not start with sync marker
[MPEG-2 TS] TS Packet 136 does not start with sync marker
[MPEG-2 TS] TS Packet 136 does not start with sync marker
[MPEG-2 TS] TS Packet 136 does not start with sync marker
[MPEG-2 TS] TS Packet 136 does not start with sync marker
[MPEG-2 TS] TS Packet 136 does not start with sync marker
[MPEG-2 TS] PID 1863 new PCR, with discontinuity signaled, is less than previously received PCR (diff -77868 us) but not too large, trying to ignore discontinuity
[MPEG-2 TS] Stream type (0xf3) for PID 2688 not supported
MORE sections on pid 48
Broken PMT descriptor! size 57, desc size 48 but position 15
MORE sections on pid 4144
Broken PMT descriptor! size 57, desc size 67 but position 44
[MPEG-2 TS] Invalid PMT es descriptor size for PID 856
[MPEG-2 TS] TS Packet 139 does not start with sync marker
[MPEG-2 TS] TS Packet 139 does not start with sync marker
[MPEG-2 TS] TS Packet 139 does not start with sync marker
[MPEG-2 TS] TS Packet 139 does not start with sync marker
[MPEG-2 TS] TS Packet 139 does not start with sync marker
[MPEG-2 TS] TS Packet 139 does not start with sync marker
[MPEG-2 TS] TS Packet 140 does not start with sync marker
[MPEG-2 TS] TS Packet 140 does not start with sync marker
[MPEG-2 TS] TS Packet 141 does not start with sync marker
[MPEG-2 TS] TS Packet 141 does not start with sync marker
[MPEG-2 TS] TS Packet 141 does not start with sync marker
[MPEG-2 TS] TS Packet 141 does not start with sync marker
[MPEG-2 TS] TS Packet 141 does not start with sync marker
[MPEG-2 TS] PID 1863 new PCR, with discontinuity signaled, is less than previously received PCR (diff -77868 us) but not too large, trying to ignore discontinuity
[MPEG-2 TS] Stream type (0xf3) for PID 2688 not supported
MORE sections on pid 48
Broken PMT descriptor! size 57, desc size 48 but position 15
MORE sections on pid 4144
Broken PMT descriptor! size 57, desc size 67 but position 44
[MPEG-2 TS] Invalid PMT es descriptor size for PID 856
[MPEG-2 TS] TS Packet 145 does not start with sync marker
[MPEG-2 TS] PID 1863 new PCR, with discontinuity signaled, is less than previously received PCR (diff -77868 us) but not too large, trying to ignore discontinuity
[MPEG-2 TS] Stream type (0xf3) for PID 2688 not supported
MORE sections on pid 48
Broken PMT descriptor! size 57, desc size 48 but position 15
MORE sections on pid 4144
Broken PMT descriptor! size 57, desc size 48 but position 20
Broken PMT descriptor! size 57, desc size 58 but position 25
[MPEG-2 TS] Invalid PMT es descriptor size for PID 6706
[MPEG-2 TS] PID 4144 Wrong pes_header_data_length field 4 bytes - read 10
[MPEG-2 TS] PID 4144 PES payload size 8841 but received 107 bytes
[MPEG-2 TS] PID 1863 new PCR, with discontinuity signaled, is less than previously received PCR (diff -77868 us) but not too large, trying to ignore discontinuity
[MPEG-2 TS] Stream type (0xf3) for PID 2688 not supported
MORE sections on pid 48
Broken PMT descriptor! size 57, desc size 48 but position 15
MORE sections on pid 4144
Broken PMT descriptor! size 57, desc size 67 but position 44
[MPEG-2 TS] Invalid PMT es descriptor size for PID 856
[MPEG-2 TS] TS Packet 152 does not start with sync marker
[MPEG-2 TS] TS Packet 152 does not start with sync marker
[MPEG-2 TS] PID 1863 new PCR, with discontinuity signaled, is less than previously received PCR (diff -77868 us) but not too large, trying to ignore discontinuity
[MPEG-2 TS] Stream type (0xf3) for PID 2688 not supported
MORE sections on pid 48
Broken PMT descriptor! size 57, desc size 48 but position 15
MORE sections on pid 4144
Broken PMT descriptor! size 57, desc size 48 but position 20
Broken PMT descriptor! size 57, desc size 58 but position 25
Broken PMT descriptor! size 57, desc size 255 but position 34
Broken PMT descriptor! size 57, desc size 67 but position 44
[MPEG-2 TS] Invalid PMT es descriptor size for PID 856
[MPEG-2 TS] TS Packet 156 does not start with sync marker
[MPEG-2 TS] TS Packet 156 does not start with sync marker
[MPEG-2 TS] TS Packet 156 does not start with sync marker
[MPEG-2 TS] TS Packet 156 does not start with sync marker
[MPEG-2 TS] TS Packet 156 does not start with sync marker
[MPEG-2 TS] TS Packet 156 does not start with sync marker
[MPEG-2 TS] TS Packet 156 does not start with sync marker
[MPEG-2 TS] TS Packet 156 does not start with sync marker
[MPEG-2 TS] TS Packet 156 does not start with sync marker
[MPEG-2 TS] TS Packet 156 does not start with sync marker
[MPEG-2 TS] TS Packet 156 does not start with sync marker
[MPEG-2 TS] TS Packet 156 does not start with sync marker
[MPEG-2 TS] TS Packet 156 does not start with sync marker
[MPEG-2 TS] TS Packet 156 does not start with sync marker
[MPEG-2 TS] TS Packet 156 does not start with sync marker
[MPEG-2 TS] TS Packet 156 does not start with sync marker
[MPEG-2 TS] TS Packet 156 does not start with sync marker
[MPEG-2 TS] TS Packet 156 does not start with sync marker
[MPEG-2 TS] PID 1863 new PCR, with discontinuity signaled, is less than previously received PCR (diff -77868 us) but not too large, trying to ignore discontinuity
[MPEG-2 TS] Stream type (0xf3) for PID 2688 not supported
MORE sections on pid 48
Broken PMT descriptor! size 57, desc size 48 but position 15
MORE sections on pid 4144
Broken PMT descriptor! size 57, desc size 67 but position 44
[MPEG-2 TS] Invalid PMT es descriptor size for PID 856
[MPEG-2 TS] TS Packet 159 does not start with sync marker
[MPEG-2 TS] TS Packet 159 does not start with sync marker
[MPEG-2 TS] TS Packet 159 does not start with sync marker
[MPEG-2 TS] TS Packet 159 does not start with sync marker
[MPEG-2 TS] TS Packet 159 does not start with sync marker
[MPEG-2 TS] TS Packet 159 does not start with sync marker
[MPEG-2 TS] TS Packet 159 does not start with sync marker
[MPEG-2 TS] TS Packet 159 does not start with sync marker
[MPEG-2 TS] TS Packet 159 does not start with sync marker
[MPEG-2 TS] TS Packet 159 does not start with sync marker
[MPEG-2 TS] TS Packet 159 does not start with sync marker
[MPEG-2 TS] TS Packet 159 does not start with sync marker
[MPEG-2 TS] TS Packet 159 does not start with sync marker
[MPEG-2 TS] TS Packet 159 does not start with sync marker
[MPEG-2 TS] TS Packet 159 does not start with sync marker
[MPEG-2 TS] TS Packet 159 does not start with sync marker
[MPEG-2 TS] TS Packet 159 does not start with sync marker
[MPEG-2 TS] TS Packet 159 does not start with sync marker
[MPEG-2 TS] TS Packet 159 does not start with sync marker
[MPEG-2 TS] TS Packet 159 does not start with sync marker
[MPEG-2 TS] TS Packet 159 does not start with sync marker
[MPEG-2 TS] TS Packet 159 does not start with sync marker
[MPEG-2 TS] TS Packet 159 does not start with sync marker
[MPEG-2 TS] TS Packet 159 does not start with sync marker
[MPEG-2 TS] PID 1863 new PCR, with discontinuity signaled, is less than previously received PCR (diff -77868 us) but not too large, trying to ignore discontinuity
[MPEG-2 TS] Stream type (0xf3) for PID 2688 not supported
MORE sections on pid 48
Broken PMT descriptor! size 57, desc size 48 but position 15
MORE sections on pid 4144
Broken PMT descriptor! size 57, desc size 48 but position 20
Broken PMT descriptor! size 57, desc size 58 but position 25
[MPEG-2 TS] Invalid PMT es descriptor size for PID 6706
[MPEG-2 TS] PID 4144 Wrong pes_header_data_length field 4 bytes - read 10
[MPEG-2 TS] PID 4144 PES payload size 8841 but received 107 bytes
[MPEG-2 TS] TS Packet 163 does not start with sync marker
[MPEG-2 TS] TS Packet 163 does not start with sync marker
[MPEG-2 TS] TS Packet 163 does not start with sync marker
[MPEG-2 TS] TS Packet 163 does not start with sync marker
[MPEG-2 TS] TS Packet 163 does not start with sync marker
[MPEG-2 TS] TS Packet 163 does not start with sync marker
[MPEG-2 TS] TS Packet 163 does not start with sync marker
[MPEG-2 TS] TS Packet 163 does not start with sync marker
[MPEG-2 TS] TS Packet 163 does not start with sync marker
[MPEG-2 TS] TS Packet 163 does not start with sync marker
[MPEG-2 TS] TS Packet 163 does not start with sync marker
[MPEG-2 TS] TS Packet 163 does not start with sync marker
[MPEG-2 TS] TS Packet 163 does not start with sync marker
[MPEG-2 TS] TS Packet 163 does not start with sync marker
[MPEG-2 TS] TS Packet 163 does not start with sync marker
[MPEG-2 TS] TS Packet 163 does not start with sync marker
[MPEG-2 TS] TS Packet 163 does not start with sync marker
[MPEG-2 TS] PID 1863 new PCR, with discontinuity signaled, is less than previously received PCR (diff -77868 us) but not too large, trying to ignore discontinuity
[MPEG-2 TS] Stream type (0xf3) for PID 2688 not supported
MORE sections on pid 48
Broken PMT descriptor! size 57, desc size 48 but position 15
MORE sections on pid 4144
Broken PMT descriptor! size 57, desc size 67 but position 44
[MPEG-2 TS] Invalid PMT es descriptor size for PID 856
[MPEG-2 TS] TS Packet 166 does not start with sync marker
[MPEG-2 TS] TS Packet 166 does not start with sync marker
[MPEG-2 TS] TS Packet 166 does not start with sync marker
[MPEG-2 TS] TS Packet 166 does not start with sync marker
[MPEG-2 TS] TS Packet 166 does not start with sync marker
[MPEG-2 TS] TS Packet 166 does not start with sync marker
[MPEG-2 TS] TS Packet 167 does not start with sync marker
[MPEG-2 TS] TS Packet 167 does not start with sync marker
[MPEG-2 TS] TS Packet 168 does not start with sync marker
[MPEG-2 TS] TS Packet 168 does not start with sync marker
[MPEG-2 TS] TS Packet 168 does not start with sync marker
[MPEG-2 TS] TS Packet 168 does not start with sync marker
[MPEG-2 TS] TS Packet 168 does not start with sync marker
[MPEG-2 TS] TS Packet 168 does not start with sync marker
[MPEG-2 TS] TS Packet 168 does not start with sync marker
[MPEG-2 TS] TS Packet 168 does not start with sync marker
[MPEG-2 TS] TS Packet 168 does not start with sync marker
[MPEG-2 TS] TS Packet 168 does not start with sync marker
[MPEG-2 TS] PID 1863 new PCR, with discontinuity signaled, is less than previously received PCR (diff -77868 us) but not too large, trying to ignore discontinuity
[MPEG-2 TS] Stream type (0xf3) for PID 2688 not supported
MORE sections on pid 48
Broken PMT descriptor! size 57, desc size 48 but position 15
MORE sections on pid 4144
Broken PMT descriptor! size 57, desc size 67 but position 44
[MPEG-2 TS] Invalid PMT es descriptor size for PID 856
[MPEG-2 TS] TS Packet 171 does not start with sync marker
[MPEG-2 TS] TS Packet 171 does not start with sync marker
[MPEG-2 TS] TS Packet 171 does not start with sync marker
[MPEG-2 TS] TS Packet 171 does not start with sync marker
[MPEG-2 TS] TS Packet 171 does not start with sync marker
[MPEG-2 TS] TS Packet 171 does not start with sync marker
[MPEG-2 TS] TS Packet 171 does not start with sync marker
[MPEG-2 TS] TS Packet 171 does not start with sync marker
[MPEG-2 TS] TS Packet 171 does not start with sync marker
[MPEG-2 TS] TS Packet 171 does not start with sync marker
[MPEG-2 TS] TS Packet 171 does not start with sync marker
[MPEG-2 TS] TS Packet 171 does not start with sync marker
[MPEG-2 TS] TS Packet 171 does not start with sync marker
[MPEG-2 TS] TS Packet 171 does not start with sync marker
[MPEG-2 TS] TS Packet 171 does not start with sync marker
[MPEG-2 TS] TS Packet 171 does not start with sync marker
[MPEG-2 TS] TS Packet 171 does not start with sync marker
[MPEG-2 TS] TS Packet 171 does not start with sync marker
[MPEG-2 TS] TS Packet 171 does not start with sync marker
[MPEG-2 TS] TS Packet 171 does not start with sync marker
[MPEG-2 TS] TS Packet 171 does not start with sync marker
[MPEG-2 TS] TS Packet 171 does not start with sync marker
[MPEG-2 TS] PID 1863 new PCR, with discontinuity signaled, is less than previously received PCR (diff -77868 us) but not too large, trying to ignore discontinuity
[MPEG-2 TS] Stream type (0xf3) for PID 2688 not supported
MORE sections on pid 48
Broken PMT descriptor! size 57, desc size 48 but position 15
MORE sections on pid 4144
Broken PMT descriptor! size 57, desc size 48 but position 20
Broken PMT descriptor! size 57, desc size 58 but position 25
[MPEG-2 TS] Invalid PMT es descriptor size for PID 6706
[MPEG-2 TS] PID 4144 Wrong pes_header_data_length field 4 bytes - read 10
[MPEG-2 TS] PID 4144 PES payload size 8841 but received 107 bytes
[MPEG-2 TS] TS Packet 175 does not start with sync marker
[MPEG-2 TS] TS Packet 175 does not start with sync marker
[MPEG-2 TS] TS Packet 175 does not start with sync marker
[MPEG-2 TS] TS Packet 175 does not start with sync marker
[MPEG-2 TS] TS Packet 175 does not start with sync marker
[MPEG-2 TS] TS Packet 175 does not start with sync marker
[MPEG-2 TS] TS Packet 175 does not start with sync marker
[MPEG-2 TS] TS Packet 175 does not start with sync marker
[MPEG-2 TS] TS Packet 175 does not start with sync marker
[MPEG-2 TS] TS Packet 175 does not start with sync marker
[MPEG-2 TS] TS Packet 175 does not start with sync marker
[MPEG-2 TS] TS Packet 175 does not start with sync marker
[MPEG-2 TS] TS Packet 175 does not start with sync marker
[MPEG-2 TS] Stream type (0xf3) for PID 2688 not supported
MORE sections on pid 48
Broken PMT descriptor! size 57, desc size 48 but position 15
MORE sections on pid 4144
Broken PMT descriptor! size 57, desc size 67 but position 44
[MPEG-2 TS] Invalid PMT es descriptor size for PID 856
[MPEG-2 TS] TS Packet 191 does not start with sync marker
[MPEG-2 TS] TS Packet 191 does not start with sync marker
[MPEG-2 TS] TS Packet 191 does not start with sync marker
[MPEG-2 TS] TS Packet 191 does not start with sync marker
[MPEG-2 TS] TS Packet 191 does not start with sync marker
[MPEG-2 TS] TS Packet 191 does not start with sync marker
[MPEG-2 TS] TS Packet 191 does not start with sync marker
[MPEG-2 TS] TS Packet 191 does not start with sync marker
[MPEG-2 TS] TS Packet 202 does not start with sync marker
[MPEG-2 TS] TS Packet 202 does not start with sync marker
[MPEG-2 TS] TS Packet 202 does not start with sync marker
[MPEG-2 TS] TS Packet 202 does not start with sync marker
[MPEG-2 TS] TS Packet 202 does not start with sync marker
[MPEG-2 TS] TS Packet 202 does not start with sync marker
[MPEG-2 TS] TS Packet 202 does not start with sync marker
[MPEG-2 TS] TS Packet 202 does not start with sync marker
[MPEG-2 TS] TS Packet 202 does not start with sync marker
[MPEG-2 TS] TS Packet 202 does not start with sync marker
[MPEG-2 TS] TS Packet 202 does not start with sync marker
[MPEG-2 TS] TS Packet 202 does not start with sync marker
[MPEG-2 TS] TS Packet 202 does not start with sync marker
[MPEG-2 TS] TS Packet 202 does not start with sync marker
[MPEG-2 TS] TS Packet 202 does not start with sync marker
[MPEG-2 TS] TS Packet 202 does not start with sync marker
[MPEG-2 TS] TS Packet 202 does not start with sync marker
[MPEG-2 TS] TS Packet 202 does not start with sync marker
[MPEG-2 TS] TS Packet 202 does not start with sync marker
[MPEG-2 TS] TS Packet 202 does not start with sync marker
[MPEG-2 TS] TS Packet 202 does not start with sync marker
[MPEG-2 TS] TS Packet 202 does not start with sync marker
[MPEG-2 TS] TS Packet 207 does not start with sync marker
[MPEG-2 TS] TS Packet 207 does not start with sync marker
[MPEG-2 TS] TS Packet 207 does not start with sync marker
[MPEG-2 TS] TS Packet 207 does not start with sync marker
[MPEG-2 TS] TS Packet 213 does not start with sync marker
[MPEG-2 TS] TS Packet 213 does not start with sync marker
[MPEG-2 TS] TS Packet 213 does not start with sync marker
[MPEG-2 TS] TS Packet 213 does not start with sync marker
[MPEG-2 TS] TS Packet 214 does not start with sync marker
[MPEG-2 TS] TS Packet 214 does not start with sync marker
[MPEG-2 TS] TS Packet 214 does not start with sync marker
[MPEG-2 TS] PID 1863 PCR discontinuity not signaled (diff 1925792110 us - PCR diff 1925869978 vs prev PCR diff 77868)
[MPEG-2 TS] TS Packet 217 does not start with sync marker
[MPEG-2 TS] TS Packet 217 does not start with sync marker
[MPEG-2 TS] TS Packet 217 does not start with sync marker
[MPEG-2 TS] TS Packet 217 does not start with sync marker
[MPEG-2 TS] TS Packet 217 does not start with sync marker
[MPEG-2 TS] TS Packet 217 does not start with sync marker
[MPEG-2 TS] TS Packet 217 does not start with sync marker
[MPEG-2 TS] TS Packet 217 does not start with sync marker
[MPEG-2 TS] TS Packet 217 does not start with sync marker
[MPEG-2 TS] TS Packet 217 does not start with sync marker
[MPEG-2 TS] TS Packet 217 does not start with sync marker
[MPEG-2 TS] TS Packet 217 does not start with sync marker
[MPEG-2 TS] TS Packet 217 does not start with sync marker
[MPEG-2 TS] TS Packet 217 does not start with sync marker
[MPEG-2 TS] Stream type (0x8d) for PID 7216 not supported
Broken PMT descriptor! size 57, desc size 48 but position 10
Broken PMT descriptor! size 57, desc size 48 but position 15
Broken PMT descriptor! size 57, desc size 230 but position 35
Broken PMT descriptor! size 57, desc size 50 but position 40
[MPEG-2 TS] Invalid PMT es descriptor size for PID 4608
[MPEG-2 TS] TS Packet 220 does not start with sync marker
[MPEG-2 TS] TS Packet 220 does not start with sync marker
[MPEG-2 TS] TS Packet 220 does not start with sync marker
[MPEG-2 TS] TS Packet 220 does not start with sync marker
[MPEG-2 TS] TS Packet 220 does not start with sync marker
[MPEG-2 TS] TS Packet 220 does not start with sync marker
[MPEG-2 TS] TS Packet 220 does not start with sync marker
[MPEG-2 TS] TS Packet 220 does not start with sync marker
[MPEG-2 TS] TS Packet 220 does not start with sync marker
[MPEG-2 TS] TS Packet 220 does not start with sync marker
[MPEG-2 TS] TS Packet 220 does not start with sync marker
[MPEG-2 TS] TS Packet 220 does not start with sync marker
[MPEG-2 TS] TS Packet 221 does not start with sync marker
[MPEG-2 TS] TS Packet 223 does not start with sync marker
[MPEG-2 TS] TS Packet 223 does not start with sync marker
[MPEG-2 TS] TS Packet 223 does not start with sync marker
[MPEG-2 TS] TS Packet 223 does not start with sync marker
[MPEG-2 TS] TS Packet 223 does not start with sync marker
[MPEG-2 TS] TS Packet 223 does not start with sync marker
[MPEG-2 TS] TS Packet 223 does not start with sync marker
[MPEG-2 TS] TS Packet 223 does not start with sync marker
[MPEG-2 TS] TS Packet 223 does not start with sync marker
[MPEG-2 TS] TS Packet 223 does not start with sync marker
[MPEG-2 TS] TS Packet 223 does not start with sync marker
[MPEG-2 TS] TS Packet 223 does not start with sync marker
[MPEG-2 TS] TS Packet 223 does not start with sync marker
[MPEG-2 TS] TS Packet 223 does not start with sync marker
[MPEG-2 TS] TS Packet 223 does not start with sync marker
[MPEG-2 TS] TS Packet 223 does not start with sync marker
[MPEG-2 TS] TS Packet 223 does not start with sync marker
[MPEG-2 TS] TS Packet 223 does not start with sync marker
[MPEG-2 TS] TS Packet 223 does not start with sync marker
[MPEG-2 TS] TS Packet 223 does not start with sync marker
[MPEG-2 TS] TS Packet 223 does not start with sync marker
[MPEG-2 TS] Stream type (0xf3) for PID 2688 not supported
MORE sections on pid 48
Broken PMT descriptor! size 57, desc size 48 but position 15
MORE sections on pid 4144
Broken PMT descriptor! size 57, desc size 48 but position 20
Broken PMT descriptor! size 57, desc size 58 but position 25
[MPEG-2 TS] Invalid PMT es descriptor size for PID 6706
[M2TS] Wrong dependency index in hierarchy descriptor, assuming non-scalable stream
[M2TS] Wrong dependency index in hierarchy descriptor, assuming non-scalable stream
[M2TS] Wrong dependency index in hierarchy descriptor, assuming non-scalable stream
[M2TS] Wrong dependency index in hierarchy descriptor, assuming non-scalable stream
[MPEG-2 TS] PID 4144 Wrong pes_header_data_length field 4 bytes - read 10
[MPEG-2 TS] PID 4144 PES payload size 8841 but received 107 bytes
[MPEG-2 TS] TS Packet 227 does not start with sync marker
[MPEG-2 TS] TS Packet 227 does not start with sync marker
[MPEG-2 TS] TS Packet 227 does not start with sync marker
[MPEG-2 TS] TS Packet 227 does not start with sync marker
[MPEG-2 TS] TS Packet 227 does not start with sync marker
[MPEG-2 TS] TS Packet 227 does not start with sync marker
[MPEG-2 TS] TS Packet 227 does not start with sync marker
[MPEG-2 TS] TS Packet 227 does not start with sync marker
[MPEG-2 TS] TS Packet 227 does not start with sync marker
[MPEG-2 TS] PID 1863 new PCR, with discontinuity signaled, is less than previously received PCR (diff -77868 us) but not too large, trying to ignore discontinuity
[MPEG-2 TS] Stream type (0xf3) for PID 2688 not supported
MORE sections on pid 48
Broken PMT descriptor! size 57, desc size 48 but position 15
MORE sections on pid 4144
Broken PMT descriptor! size 57, desc size 67 but position 44
[MPEG-2 TS] Invalid PMT es descriptor size for PID 856
[MPEG-2 TS] TS Packet 230 does not start with sync marker
[MPEG-2 TS] TS Packet 230 does not start with sync marker
[MPEG-2 TS] TS Packet 230 does not start with sync marker
[MPEG-2 TS] TS Packet 230 does not start with sync marker
[MPEG-2 TS] TS Packet 230 does not start with sync marker
[MPEG-2 TS] TS Packet 230 does not start with sync marker
[MPEG-2 TS] TS Packet 230 does not start with sync marker
[MPEG-2 TS] TS Packet 230 does not start with sync marker
[MPEG-2 TS] TS Packet 230 does not start with sync marker
[MPEG-2 TS] TS Packet 230 does not start with sync marker
[MPEG-2 TS] TS Packet 230 does not start with sync marker
[MPEG-2 TS] TS Packet 230 does not start with sync marker
[MPEG-2 TS] TS Packet 230 does not start with sync marker
[MPEG-2 TS] PID 1863 PCR discontinuity not signaled (diff 1925792110 us - PCR diff 1925869978 vs prev PCR diff 77868)
[MPEG-2 TS] TS Packet 234 does not start with sync marker
[MPEG-2 TS] TS Packet 234 does not start with sync marker
[MPEG-2 TS] TS Packet 234 does not start with sync marker
[MPEG-2 TS] TS Packet 234 does not start with sync marker
[MPEG-2 TS] TS Packet 234 does not start with sync marker
[MPEG-2 TS] TS Packet 234 does not start with sync marker
[MPEG-2 TS] TS Packet 234 does not start with sync marker
[MPEG-2 TS] TS Packet 234 does not start with sync marker
[MPEG-2 TS] TS Packet 234 does not start with sync marker
[MPEG-2 TS] TS Packet 234 does not start with sync marker
[MPEG-2 TS] TS Packet 234 does not start with sync marker
[MPEG-2 TS] TS Packet 234 does not start with sync marker
[MPEG-2 TS] TS Packet 234 does not start with sync marker
[MPEG-2 TS] TS Packet 234 does not start with sync marker
[MPEG-2 TS] TS Packet 234 does not start with sync marker
[MPEG-2 TS] TS Packet 234 does not start with sync marker
[MPEG-2 TS] TS Packet 234 does not start with sync marker
Broken PAT found reserved PID 0, ignoring
Broken PAT found reserved PID 0, ignoring
Broken PAT found reserved PID 0, ignoring
Broken PAT found reserved PID 0, ignoring
Broken PAT found reserved PID 0, ignoring
Broken PAT found reserved PID 0, ignoring
[MPEG-2 TS] PID 1863 PCR discontinuity not signaled (diff -443149471 us - PCR diff -1925947847 vs prev PCR diff 1925869978)
[MPEG-2 TS] TS Packet 237 does not start with sync marker
[MPEG-2 TS] TS Packet 237 does not start with sync marker
[MPEG-2 TS] TS Packet 237 does not start with sync marker
[MPEG-2 TS] TS Packet 237 does not start with sync marker
[MPEG-2 TS] TS Packet 237 does not start with sync marker
[MPEG-2 TS] TS Packet 237 does not start with sync marker
[MPEG-2 TS] TS Packet 237 does not start with sync marker
[MPEG-2 TS] TS Packet 237 does not start with sync marker
[MPEG-2 TS] TS Packet 237 does not start with sync marker
[MPEG-2 TS] TS Packet 237 does not start with sync marker
[MPEG-2 TS] TS Packet 237 does not start with sync marker
[MPEG-2 TS] TS Packet 237 does not start with sync marker
[MPEG-2 TS] TS Packet 237 does not start with sync marker
[MPEG-2 TS] TS Packet 237 does not start with sync marker
[MPEG-2 TS] TS Packet 237 does not start with sync marker
[MPEG-2 TS] TS Packet 237 does not start with sync marker
=================================================================
==1994506==ERROR: AddressSanitizer: heap-use-after-free on address 0x513000002dc0 at pc 0x7fdaa268b8b7 bp 0x7fff42a43b80 sp 0x7fff42a43b78
READ of size 8 at 0x513000002dc0 thread T0
    #0 0x7fdaa268b8b6 in gf_filter_pid_get_packet filter_core/filter_pid.c:6827
    #1 0x7fdaa2906374 in inspect_process filters/inspect.c:5218
    #2 0x7fdaa26ef401 in gf_filter_process_task filter_core/filter.c:3180
    #3 0x7fdaa26c3465 in gf_fs_thread_proc filter_core/filter_session.c:2420
    #4 0x7fdaa26c86c4 in gf_fs_run filter_core/filter_session.c:2727
    #5 0x7fdaa21a9749 in gf_media_import media_tools/media_import.c:1278
    #6 0x55f86c57f8e3 in convert_file_info /media/user/8b16fbb8-17fc-4a2a-99f7-d4da627d0251/gpac_asan/applications/mp4box/fileimport.c:131
    #7 0x55f86c5504b7 in mp4box_main /media/user/8b16fbb8-17fc-4a2a-99f7-d4da627d0251/gpac_asan/applications/mp4box/mp4box.c:6520
    #8 0x7fdaa1633d67 in __libc_start_call_main ../sysdeps/nptl/libc_start_call_main.h:58
    #9 0x7fdaa1633e24 in __libc_start_main_impl ../csu/libc-start.c:360
    #10 0x55f86c52d040 in _start (/media/user/8b16fbb8-17fc-4a2a-99f7-d4da627d0251/gpac_asan/bin/gcc/MP4Box+0x4d040) (BuildId: e3fa7fb827b1f2841159188845f7926f726ce6c6)

0x513000002dc0 is located 0 bytes inside of 336-byte region [0x513000002dc0,0x513000002f10)
freed by thread T0 here:
    #0 0x7fdaa36f3918 in free ../../../../src/libsanitizer/asan/asan_malloc_linux.cpp:52
    #1 0x7fdaa26574bc in gf_filter_pid_del filter_core/filter_pid.c:5933

previously allocated by thread T0 here:
    #0 0x7fdaa36f4c77 in malloc ../../../../src/libsanitizer/asan/asan_malloc_linux.cpp:69
    #1 0x7fdaa2683a23 in gf_filter_pid_inst_new filter_core/filter_pid.c:105
    #2 0x7fdaa2683a23 in gf_filter_pid_configure filter_core/filter_pid.c:881

SUMMARY: AddressSanitizer: heap-use-after-free filter_core/filter_pid.c:6827 in gf_filter_pid_get_packet
Shadow bytes around the buggy address:
  0x513000002b00: 00 00 00 00 00 00 00 00 00 00 00 00 00 00 00 00
  0x513000002b80: 00 00 00 00 00 fa fa fa fa fa fa fa fa fa fa fa
  0x513000002c00: 00 00 00 00 00 00 00 00 00 00 00 00 00 00 00 00
  0x513000002c80: 00 00 00 00 00 00 00 00 00 00 00 00 00 00 00 00
  0x513000002d00: 00 00 00 00 00 00 00 00 00 00 fa fa fa fa fa fa
=>0x513000002d80: fa fa fa fa fa fa fa fa[fd]fd fd fd fd fd fd fd
  0x513000002e00: fd fd fd fd fd fd fd fd fd fd fd fd fd fd fd fd
  0x513000002e80: fd fd fd fd fd fd fd fd fd fd fd fd fd fd fd fd
  0x513000002f00: fd fd fa fa fa fa fa fa fa fa fa fa fa fa fa fa
  0x513000002f80: 00 00 00 00 00 00 00 00 00 00 00 00 00 00 00 00
  0x513000003000: 00 00 00 00 00 00 00 00 00 00 00 00 00 00 00 00
Shadow byte legend (one shadow byte represents 8 application bytes):
  Addressable:           00
  Partially addressable: 01 02 03 04 05 06 07 
  Heap left redzone:       fa
  Freed heap region:       fd
  Stack left redzone:      f1
  Stack mid redzone:       f2
  Stack right redzone:     f3
  Stack after return:      f5
  Stack use after scope:   f8
  Global redzone:          f9
  Global init order:       f6
  Poisoned by user:        f7
  Container overflow:      fc
  Array cookie:            ac
  Intra object redzone:    bb
  ASan internal:           fe
  Left alloca redzone:     ca
  Right alloca redzone:    cb
==1994506==ABORTING