....
[XMT Parsing] Warning: Unknown field "onoon" for node Body - skipping (line 11)                                                                             
[XMT Parsing] Warning: Unknown field "onoo" for node Body - skipping (line 11)                                                                              
[XMT Parsing] Warning: Unknown field "="rm="lace" for node Body - skipping (line 11)                                                                        
=================================================================                                                                                           
==3907382==ERROR: AddressSanitizer: heap-use-after-free on address 0x7b405cfe1f30 at pc 0x7f205e85cfac bp 0x7ffec658f570 sp 0x7ffec658f568
READ of size 8 at 0x7b405cfe1f30 thread T0                                                                                                                  
    #0 0x7f205e85cfab in gf_node_get_field_by_name scenegraph/base_scenegraph.c:2094
    #1 0x7f205ef3dd99 in xmt_parse_element scene_manager/loader_xmt.c:1887
    #2 0x7f205ef440e3 in xmt_node_start scene_manager/loader_xmt.c:2682
    #3 0x7f205e78829c in xml_sax_node_start utils/xml_parser.c:307
    #4 0x7f205e78c4d7 in xml_sax_parse_attribute utils/xml_parser.c:356
    #5 0x7f205e78c4d7 in xml_sax_parse utils/xml_parser.c:939
    #6 0x7f205e78dc1d in gf_xml_sax_parse_intern utils/xml_parser.c:1108
    #7 0x7f205e78e1d7 in gf_xml_sax_parse utils/xml_parser.c:1136
    #8 0x7f205e78e533 in xml_sax_read_file utils/xml_parser.c:1223
    #9 0x7f205e78efe8 in gf_xml_sax_parse_file utils/xml_parser.c:1336
    #10 0x7f205ef36779 in load_xmt_run scene_manager/loader_xmt.c:3209
    #11 0x55f7867f44a6 in EncodeFile /run/media/user/8ed8205b-4114-4c2a-b2d0-e2ad6640262d/gpac/runtime/gpac_asan/applications/mp4box/fileimport.c:3529
    #12 0x55f7867bbcc4 in do_scene_encode /run/media/user/8ed8205b-4114-4c2a-b2d0-e2ad6640262d/gpac/runtime/gpac_asan/applications/mp4box/mp4box.c:4764
    #13 0x55f7867bbcc4 in mp4box_main /run/media/user/8ed8205b-4114-4c2a-b2d0-e2ad6640262d/gpac/runtime/gpac_asan/applications/mp4box/mp4box.c:6399
    #14 0x7f205e233f74 in __libc_start_call_main ../sysdeps/nptl/libc_start_call_main.h:58
    #15 0x7f205e234026 in __libc_start_main_impl ../csu/libc-start.c:360
    #16 0x55f78679b0b0 in _start (/run/media/user/8ed8205b-4114-4c2a-b2d0-e2ad6640262d/gpac/runtime/gpac_asan/bin/gcc/MP4Box+0x4d0b0) (BuildId: 8d9486167c1b23c431a718a03d2ffc4f3b275ca0)

0x7b405cfe1f30 is located 0 bytes inside of 8-byte region [0x7b405cfe1f30,0x7b405cfe1f38)
freed by thread T0 here:                                                                                                                                    
    #0 0x7f206032340f in free ../../../../src/libsanitizer/asan/asan_malloc_linux.cpp:51
    #1 0x7f205e858efc in gf_node_unregister scenegraph/base_scenegraph.c:759

previously allocated by thread T0 here:
    #0 0x7f206032435f in malloc ../../../../src/libsanitizer/asan/asan_malloc_linux.cpp:67
    #1 0x7f205e85a341 in gf_sg_new_base_node scenegraph/base_scenegraph.c:1260
    #2 0x7f205e85a341 in gf_node_new scenegraph/base_scenegraph.c:1998

SUMMARY: AddressSanitizer: heap-use-after-free scenegraph/base_scenegraph.c:2094 in gf_node_get_field_by_name
Shadow bytes around the buggy address:
  0x7b405cfe1c80: fa fa 00 fa fa fa fd fa fa fa fd fa fa fa 04 fa
  0x7b405cfe1d00: fa fa 00 fa fa fa fd fa fa fa fd fa fa fa 04 fa
  0x7b405cfe1d80: fa fa 00 fa fa fa fd fa fa fa 04 fa fa fa fd fa
  0x7b405cfe1e00: fa fa 04 fa fa fa 00 fa fa fa fd fa fa fa fd fa
  0x7b405cfe1e80: fa fa 04 fa fa fa 00 fa fa fa fd fa fa fa fd fa
=>0x7b405cfe1f00: fa fa 04 fa fa fa[fd]fa fa fa fd fa fa fa fa fa
  0x7b405cfe1f80: fa fa fa fa fa fa fa fa fa fa fa fa fa fa fa fa
  0x7b405cfe2000: fa fa fa fa fa fa fa fa fa fa fa fa fa fa fa fa
  0x7b405cfe2080: fa fa fa fa fa fa fa fa fa fa fa fa fa fa fa fa
  0x7b405cfe2100: fa fa fa fa fa fa fa fa fa fa fa fa fa fa fa fa
  0x7b405cfe2180: fa fa fa fa fa fa fa fa fa fa fa fa fa fa fa fa
Shadow byte legend (one shadow byte represents 8 application bytes):
  Addressable:           00
  Partially addressable: 01 02 03 04 05 06 07 
  Heap left redzone:       fa
  Freed heap region:       fd
  Stack left redzone:      f1
  Stack mid redzone:       f2
  Stack right redzone:     f3
  Stack after return:      f5
  Stack use after scope:   f8
  Global redzone:          f9
  Global init order:       f6
  Poisoned by user:        f7
  Container overflow:      fc
  Array cookie:            ac
  Intra object redzone:    bb
  ASan internal:           fe
  Left alloca redzone:     ca
  Right alloca redzone:    cb
==3907382==ABORTING
