[32mTrack Importing RawVideo - Width 320 Height 240 FPS 30/1
[0m[32mXMT: MPEG-4 (XMT) Scene Parsing
[0mXMT Parsing: |==                  | (13/100)
[33m[XMT Parsing] Warning: Unknown field "backColor" for node OrderedGroup - skipping (line 180)
[0m[33m[XMT Parsing] Warning: Unknown field "url" for node OrderedGroup - skipping (line 180)
[0m[33m[XMT Parsing] Warning: top-node already assigned - discarding node Background2D (line 181)
[0m[33m[XMT Parsing] Warning: top-node already assigned - discarding node WorldInfo (line 182)
[0m[33m[XMT Parsing] Warning: top-node already assigned - discarding node Viewport (line 183)
[0m[33m[XMT Parsing] Warning: top-node already assigned - discarding node Transform2D (line 210)
[0m[33m[XMT Parsing] Warning: top-node already assigned - discarding node Conditional (line 215)
[0m[33m[XMT Parsing] Warning: top-node already assigned - discarding node Conditional (line 220)
[0mXMT Parsing: |=====               | (26/100)
[31mService bifs-externproto-nood-lib.bt#GEOMETRY_PROTO Cannot find filter for service: Requested URL is not valid or cannot be found
[0m[33m[XMT Parsing] Warning: Node N13 has been defined several times - IDs may get corrupted (line 300)
[0mXMT Parsing: |=======             | (39/100)
XMT Parsing: |==========          | (53/100)
XMT Parsing: |===========         | (56/100)
XMT Parsing: |===========         | (57/100)
[33m[XMT Parsing] Warning: Unknown field "backColor" for node OrderedGroup - skipping (line 612)
[0m[33m[XMT Parsing] Warning: Unknown field "url" for node OrderedGroup - skipping (line 612)
[0m[33m[XMT Parsing] Warning: Node N1 has been defined several times - IDs may get corrupted (line 613)
[0mXMT Parsing: |==============      | (70/100)
[33m[XMT Parsing] Warning: Node N2 has been defined several times - IDs may get corrupted (line 615)
[0mXMT Parsing: |====================| (100/100)
                                                   
[31m[XMT Parsing] Invalid XML document: Markup error - Line 618: </Transfor (line 618)
[0m=================================================================
==954552==ERROR: AddressSanitizer: heap-use-after-free on address 0x7c13bc415e70 at pc 0x7fa3bde5bd59 bp 0x7ffe8fb35370 sp 0x7ffe8fb35368
READ of size 8 at 0x7c13bc415e70 thread T0
    #0 0x7fa3bde5bd58 in gf_node_unregister scenegraph/base_scenegraph.c:721
    #1 0x7fa3bde5c0ff in gf_node_unregister_children scenegraph/base_scenegraph.c:1416
    #2 0x7fa3bdf5f4f6 in gf_sg_vrml_parent_destroy scenegraph/vrml_tools.c:167
    #3 0x7fa3bded436f in Billboard_Del scenegraph/mpeg4_nodes.c:1963
    #4 0x7fa3bded436f in gf_sg_mpeg4_node_del scenegraph/mpeg4_nodes.c:37540
    #5 0x7fa3bde5b637 in gf_node_unregister scenegraph/base_scenegraph.c:801
    #6 0x7fa3be537bcc in load_xmt_done scene_manager/loader_xmt.c:3508
    #7 0x7fa3bebe49f7 in ctxload_process filters/load_bt_xmt.c:529
    #8 0x7fa3be95f893 in gf_filter_process_task filter_core/filter.c:3257
    #9 0x7fa3be933dc1 in gf_fs_thread_proc filter_core/filter_session.c:2420
    #10 0x7fa3be938e82 in gf_fs_run filter_core/filter_session.c:2728
    #11 0x7fa3be3f8d4f in gf_media_import media_tools/media_import.c:1632
    #12 0x5597433ae599 in import_file /run/media/user/8ed8205b-4114-4c2a-b2d0-e2ad6640262d/gpac/runtime/gpac_asan/applications/mp4box/fileimport.c:1713
    #13 0x559743369f89 in do_add_cat /run/media/user/8ed8205b-4114-4c2a-b2d0-e2ad6640262d/gpac/runtime/gpac_asan/applications/mp4box/mp4box.c:4632
    #14 0x55974336c3e7 in mp4box_main /run/media/user/8ed8205b-4114-4c2a-b2d0-e2ad6640262d/gpac/runtime/gpac_asan/applications/mp4box/mp4box.c:6376
    #15 0x7fa3bd831f76 in __libc_start_call_main ../sysdeps/nptl/libc_start_call_main.h:58
    #16 0x7fa3bd832026 in __libc_start_main_impl ../csu/libc-start.c:360
    #17 0x55974334c070 in _start (/run/media/user/8ed8205b-4114-4c2a-b2d0-e2ad6640262d/gpac/runtime/gpac_asan/bin/gcc/MP4Box+0x4d070) (BuildId: 6cf4ec0a1f4678684c742bb31496122f9e5b5f7a)

0x7c13bc415e70 is located 0 bytes inside of 80-byte region [0x7c13bc415e70,0x7c13bc415ec0)
freed by thread T0 here:
    #0 0x7fa3bf92340f in free ../../../../src/libsanitizer/asan/asan_malloc_linux.cpp:51
    #1 0x7fa3bde5b637 in gf_node_unregister scenegraph/base_scenegraph.c:801

previously allocated by thread T0 here:
    #0 0x7fa3bf92435f in malloc ../../../../src/libsanitizer/asan/asan_malloc_linux.cpp:67
    #1 0x7fa3bdebf80a in Transform2D_Create scenegraph/mpeg4_nodes.c:14997

SUMMARY: AddressSanitizer: heap-use-after-free scenegraph/base_scenegraph.c:721 in gf_node_unregister
Shadow bytes around the buggy address:
  0x7c13bc415b80: fd fd fd fd fd fd fa fa fa fa fd fd fd fd fd fd
  0x7c13bc415c00: fd fd fd fd fa fa fa fa fd fd fd fd fd fd fd fd
  0x7c13bc415c80: fd fd fa fa fa fa fd fd fd fd fd fd fd fd fd fd
  0x7c13bc415d00: fa fa fa fa fd fd fd fd fd fd fd fd fd fd fa fa
  0x7c13bc415d80: fa fa fd fd fd fd fd fd fd fd fd fd fa fa fa fa
=>0x7c13bc415e00: fd fd fd fd fd fd fd fd fd fd fa fa fa fa[fd]fd
  0x7c13bc415e80: fd fd fd fd fd fd fd fd fa fa fa fa fd fd fd fd
  0x7c13bc415f00: fd fd fd fd fd fd fa fa fa fa fd fd fd fd fd fd
  0x7c13bc415f80: fd fd fd fd fa fa fa fa fd fd fd fd fd fd fd fd
  0x7c13bc416000: fd fd fa fa fa fa fd fd fd fd fd fd fd fd fd fd
  0x7c13bc416080: fa fa fa fa fd fd fd fd fd fd fd fd fd fd fa fa
Shadow byte legend (one shadow byte represents 8 application bytes):
  Addressable:           00
  Partially addressable: 01 02 03 04 05 06 07 
  Heap left redzone:       fa
  Freed heap region:       fd
  Stack left redzone:      f1
  Stack mid redzone:       f2
  Stack right redzone:     f3
  Stack after return:      f5
  Stack use after scope:   f8
  Global redzone:          f9
  Global init order:       f6
  Poisoned by user:        f7
  Container overflow:      fc
  Array cookie:            ac
  Intra object redzone:    bb
  ASan internal:           fe
  Left alloca redzone:     ca
  Right alloca redzone:    cb
==954552==ABORTING
