....
....
....
....
vvdecapp [warning]: (possibly recoverable) exception (decoder input data error) detail: Exception while tuning in: 
ERROR: In function "bool vvdec::DecLibParser::xDecodeSliceHead(InputNALUnit &)" in /run/media/user/8ed8205b-4114-4c2a-b2d0-e2ad6640262d/vvdec/vvdec_asan/source/Lib/DecoderLib/DecLibParser.cpp:431: m_pcParsePic should be initialized, when this is not the first slice in the picture
ERROR CONDITION: !m_pcParsePic
You can try to pass in more data to start decoding from the first RAP.

Received suffix SEI but no picture currently active.
POC    3 LId:  0 TId: 5 ( B-SLICE, QP 46 ) [DT  0.045] [L0 2c 0 ] [L1 4 8 ] 
POC   24 LId:  0 TId: 2 ERROR
vvdecapp [warning]: (possibly recoverable) exception (decoder input data error) detail: Exception while tuning in: 
ERROR: In function "void vvdec::DecSlice::parseSlice(Slice *, InputBitstream *, int)" in /run/media/user/8ed8205b-4114-4c2a-b2d0-e2ad6640262d/vvdec/vvdec_asan/source/Lib/DecoderLib/DecSlice.cpp:165: Expecting a terminating bit
ERROR CONDITION: !binVal
You can try to pass in more data to start decoding from the first RAP.

POC    6 LId:  0 TId: 4 ( B-SLICE, QP 45 ) [DT  0.044] [L0 4c 0 ] [L1 8 16 ] 
/run/media/user/8ed8205b-4114-4c2a-b2d0-e2ad6640262d/vvdec/vvdec_asan/source/Lib/CommonLib/Slice.h:2647:95: runtime error: index -1 out of bounds for type 'Picture *const[17]'
SUMMARY: UndefinedBehaviorSanitizer: undefined-behavior /run/media/user/8ed8205b-4114-4c2a-b2d0-e2ad6640262d/vvdec/vvdec_asan/source/Lib/CommonLib/Slice.h:2647:95 
AddressSanitizer:DEADLYSIGNAL
=================================================================
==724335==ERROR: AddressSanitizer: SEGV on unknown address (pc 0x55d30ce86aad bp 0x7bdbdc5fe1b0 sp 0x7bdbdc5fe160 T1)
==724335==The signal is caused by a READ memory access.                                                                     
==724335==Hint: this fault was caused by a dereference of a high value address (see register values below).  Disassemble the provided pc to learn which register was used.
    #0 0x55d30ce86aad in std::vector<vvdec::Slice*, std::allocator<vvdec::Slice*>>::operator[](unsigned long) const /usr/lib/gcc/x86_64-linux-gnu/15/../../../../include/c++/15/bits/stl_vector.h:1283:25
    #1 0x55d30ce86aad in vvdec::Picture::isRefScaled(vvdec::PPS const*) const /run/media/user/8ed8205b-4114-4c2a-b2d0-e2ad6640262d/vvdec/vvdec_asan/source/Lib/CommonLib/Picture.h:267:28
    #2 0x55d30d27afa4 in vvdec::InterPrediction::xPredInterUni(vvdec::CodingUnit const&, vvdec::RefPicList const&, vvdec::UnitBuf<short>&, bool const&, bool const&, bool, bool) /run/media/user/8ed8205b-4114-4c2a-b2d0-e2ad6640262d/vvdec/vvdec_asan/source/Lib/CommonLib/InterPrediction.cpp:631:46
    #3 0x55d30d27a4a8 in vvdec::InterPrediction::xSubPuBio(vvdec::CodingUnit&, vvdec::UnitBuf<short>&) /run/media/user/8ed8205b-4114-4c2a-b2d0-e2ad6640262d/vvdec/vvdec_asan/source/Lib/CommonLib/InterPrediction.cpp:614:7
    #4 0x55d30d278456 in vvdec::InterPrediction::motionCompensation(vvdec::CodingUnit&, vvdec::UnitBuf<short>&, bool, bool) /run/media/user/8ed8205b-4114-4c2a-b2d0-e2ad6640262d/vvdec/vvdec_asan/source/Lib/CommonLib/InterPrediction.cpp:1439:5
    #5 0x55d30d385c27 in vvdec::DecCu::predAndReco(vvdec::CodingUnit&, bool) /run/media/user/8ed8205b-4114-4c2a-b2d0-e2ad6640262d/vvdec/vvdec_asan/source/Lib/DecoderLib/DecCu.cpp:440:24
    #6 0x55d30d3815e3 in vvdec::DecCu::TaskInterCtu(vvdec::CodingStructure&, int, vvdec::UnitArea const&) /run/media/user/8ed8205b-4114-4c2a-b2d0-e2ad6640262d/vvdec/vvdec_asan/source/Lib/DecoderLib/DecCu.cpp:131:7
    #7 0x55d30cf818c7 in bool vvdec::DecLibRecon::ctuTask<false>(int, void*) /run/media/user/8ed8205b-4114-4c2a-b2d0-e2ad6640262d/vvdec/vvdec_asan/source/Lib/DecoderLib/DecLibRecon.cpp:868:54
    #8 0x55d30d064e21 in vvdec::ThreadPool::processTask(int, vvdec::ThreadPool::Slot&) /run/media/user/8ed8205b-4114-4c2a-b2d0-e2ad6640262d/vvdec/vvdec_asan/source/Lib/Utilities/ThreadPool.cpp:347:26
    #9 0x55d30d062908 in vvdec::ThreadPool::threadProc(int) /run/media/user/8ed8205b-4114-4c2a-b2d0-e2ad6640262d/vvdec/vvdec_asan/source/Lib/Utilities/ThreadPool.cpp:266:7
    #10 0x7fdbdfced085  (/usr/lib/x86_64-linux-gnu/libstdc++.so.6+0xed085) (BuildId: 3925a4b2640c4998377c37a5d17e7a3ff6e860b5)
    #11 0x55d30cc5678a in asan_thread_start(void*) asan_interceptors.cpp.o
    #12 0x7fdbdf9a9288 in start_thread nptl/pthread_create.c:448:8
    #13 0x7fdbdfa27d07 in __GI___clone3 /build/reproducible-path/glibc-2.42/misc/../sysdeps/unix/sysv/linux/x86_64/clone3.S:78

==724335==Register values:
rax = 0x17d7d7d7c00000ac  rbx = 0xbebebebe00000000  rcx = 0x00000f7bfb6f7306  rdx = 0x0000000000000018  
rdi = 0xbebebebe00000560  rsi = 0x00007d9bdebe0080  rbp = 0x00007bdbdc5fe1b0  rsp = 0x00007bdbdc5fe160  
 r8 = 0x00000f7b7b6ff304   r9 = 0x0000000000000000  r10 = 0x00000f7b7b6ff306  r11 = 0x0000000000000000  
r12 = 0xbebebebe00000000  r13 = 0x00007bdbdc5fe3bb  r14 = 0x00000f7bfb6f7300  r15 = 0x00007bdbdb8b2090  
AddressSanitizer can not provide additional info.
SUMMARY: AddressSanitizer: SEGV /run/media/user/8ed8205b-4114-4c2a-b2d0-e2ad6640262d/vvdec/vvdec_asan/source/Lib/CommonLib/Picture.h:267:28 in vvdec::Picture::isRefScaled(vvdec::PPS const*) const
Thread T1 created by T0 here:
    #0 0x55d30cc3d055 in pthread_create (/run/media/user/8ed8205b-4114-4c2a-b2d0-e2ad6640262d/vvdec/vvdec_asan/build/bin/vvdecapp+0x5b6055) (BuildId: 5c581dc1d9af3a7234711e30b5488f0eeb5b8561)
    #1 0x7fdbdfced158 in std::thread::_M_start_thread(std::unique_ptr<std::thread::_State, std::default_delete<std::thread::_State>>, void (*)()) (/usr/lib/x86_64-linux-gnu/libstdc++.so.6+0xed158) (BuildId: 3925a4b2640c4998377c37a5d17e7a3ff6e860b5)
    #2 0x55d30d061491 in vvdec::ThreadPool::ThreadPool(int, char const*) /run/media/user/8ed8205b-4114-4c2a-b2d0-e2ad6640262d/vvdec/vvdec_asan/source/Lib/Utilities/ThreadPool.cpp:107:9
    #3 0x55d30cf0929b in vvdec::DecLib::create(int, int, vvdec::UserAllocator const&, vvdec::ErrHandlingFlags) /run/media/user/8ed8205b-4114-4c2a-b2d0-e2ad6640262d/vvdec/vvdec_asan/source/Lib/DecoderLib/DecLib.cpp:126:33
    #4 0x55d30cce07aa in vvdec::VVDecImpl::init(vvdecParams const&, void* (*)(void*, vvdecComponentType, unsigned int, unsigned int, void**), void (*)(void*, void*)) /run/media/user/8ed8205b-4114-4c2a-b2d0-e2ad6640262d/vvdec/vvdec_asan/source/Lib/vvdec/vvdecimpl.cpp:143:16
    #5 0x55d30ccd8837 in auto vvdec::VVDecImpl::catchExceptions<int (vvdec::VVDecImpl::*)(vvdecParams const&, void* (*)(void*, vvdecComponentType, unsigned int, unsigned int, void**), void (*)(void*, void*)), vvdecParams, std::nullptr_t, std::nullptr_t>(int (vvdec::VVDecImpl::*)(vvdecParams const&, void* (*)(void*, vvdecComponentType, unsigned int, unsigned int, void**), void (*)(void*, void*)), vvdecParams, std::nullptr_t, std::nullptr_t) /run/media/user/8ed8205b-4114-4c2a-b2d0-e2ad6640262d/vvdec/vvdec_asan/source/Lib/vvdec/vvdecimpl.h:249:12
    #6 0x55d30ccd7e57 in vvdec_decoder_open /run/media/user/8ed8205b-4114-4c2a-b2d0-e2ad6640262d/vvdec/vvdec_asan/source/Lib/vvdec/vvdec.cpp:204:21
    #7 0x55d30cca99d3 in main /run/media/user/8ed8205b-4114-4c2a-b2d0-e2ad6640262d/vvdec/vvdec_asan/source/App/vvdecapp/vvdecapp.cpp:646:13
    #8 0x7fdbdf93df76 in __libc_start_call_main csu/../sysdeps/nptl/libc_start_call_main.h:58:16
    #9 0x7ffcdf3efe6c  (<unknown module>)

==724335==ABORTING
