XMT: MPEG-4 (XMT) Scene Parsing
[XMT Parsing] Warning: Unknown field "" for node Body - skipping (line 1)                                                                                   
[XMT Parsing] Warning: Unknown field "end" for node Body - skipping (line 1)                                                                                
[XMT Parsing] Warning: Unknown field "on" for node Body - skipping (line 1)                                                                                 
[XMT Parsing] Warning: Unknown field "onoon" for node Body - skipping (line 1)                                                                              
[XMT Parsing] Warning: Unknown field "onoon" for node Body - skipping (line 1)                                                                              
[XMT Parsing] Warning: Unknown field "onoo" for node Body - skipping (line 1)                                                                               
[XMT Parsing] Warning: Unknown field "="rm="lace" for node Body - skipping (line 1)                                                                         
[XMT Parsing] Warning: Node type Body doesn't match type UndefinedNode of node 1"e"e (line 1)                                                               
[XMT Parsing] Warning: Unknown field "" for node Body - skipping (line 1)                                                                                   
[XMT Parsing] Warning: Unknown field "="1"e" for node Body - skipping (line 1)                                                                              
[XMT Parsing] Warning: Unknown field "on" for node Body - skipping (line 1)                                                                                 
[XMT Parsing] Warning: Unknown field "="1"e" for node Body - skipping (line 1)                                                                              
[XMT Parsing] Warning: Unknown field "on" for node Body - skipping (line 1)                                                                                 
[XMT Parsing] Warning: Unknown field "onoo" for node Body - skipping (line 1)                                                                               
[XMT Parsing] Warning: Unknown field "onoo" for node Body - skipping (line 1)                                                                               
[XMT Parsing] Warning: Unknown field "" for node Body - skipping (line 2)                                                                                   
[XMT Parsing] Warning: Unknown field "="}t"1" for node Body - skipping (line 2)                                                                             
[XMT Parsing] Warning: Unknown field "onoo" for node Body - skipping (line 2)                                                                               
[XMT Parsing] Warning: Unknown field "on" for node Body - skipping (line 2)                                                                                 
[XMT Parsing] Warning: Unknown field "onoo" for node Body - skipping (line 2)                                                                               
[XMT Parsing] Warning: Unknown field "on" for node Body - skipping (line 2)                                                                                 
[XMT Parsing] Warning: Unknown field "onoon" for node Body - skipping (line 2)                                                                              
[XMT Parsing] Warning: Unknown field "onoo" for node Body - skipping (line 2)                                                                               
[XMT Parsing] Warning: Unknown field "="rm="lace" for node Body - skipping (line 2)                                                                         
[XMT Parsing] Warning: Node type Body doesn't match type UndefinedNode of node 1"e (line 2)                                                                 
[XMT Parsing] Warning: Unknown field "" for node Body - skipping (line 2)                                                                                   
[XMT Parsing] Warning: Unknown field "end" for node Body - skipping (line 2)                                                                                
[XMT Parsing] Warning: Unknown field "on" for node Body - skipping (line 2)                                                                                 
[XMT Parsing] Warning: Unknown field "on" for node Body - skipping (line 2)                                                                                 
[XMT Parsing] Warning: Unknown field "onoo" for node Body - skipping (line 2)                                                                               
[XMT Parsing] Warning: Unknown field "on" for node Body - skipping (line 2)                                                                                 
[XMT Parsing] Warning: Unknown field "on" for node Body - skipping (line 2)                                                                                 
[XMT Parsing] Warning: Unknown field "onoo" for node Body - skipping (line 2)                                                                               
[XMT Parsing] Warning: Unknown field "on" for node Body - skipping (line 2)                                                                                 
[XMT Parsing] Warning: Unknown field "onoo" for node Body - skipping (line 2)                                                                               
[XMT Parsing] Warning: Unknown field "on" for node Body - skipping (line 2)                                                                                 
[XMT Parsing] Warning: Unknown field "onoon" for node Body - skipping (line 2)                                                                              
[XMT Parsing] Warning: Unknown field "onoo" for node Body - skipping (line 2)                                                                               
[XMT Parsing] Warning: Unknown field "="rm="lace" for node Body - skipping (line 2)                                                                         
[XMT Parsing] Warning: Unknown field "on" for node Body - skipping (line 2)                                                                                 
[XMT Parsing] Warning: Unknown field "on" for node Body - skipping (line 2)                                                                                 
[XMT Parsing] Warning: Node type UndefinedNode doesn't match type UndefinedNode of node 1"e"e (line 2)                                                      
=================================================================                                                                                           
==3904578==ERROR: AddressSanitizer: heap-use-after-free on address 0x7b3701de1250 at pc 0x7f1703f3a10e bp 0x7ffd9c0f1c20 sp 0x7ffd9c0f1c18
READ of size 8 at 0x7b3701de1250 thread T0                                                                                                                  
    #0 0x7f1703f3a10d in xmt_node_end scene_manager/loader_xmt.c:2904
    #1 0x7f1703f3a10d in xmt_node_end scene_manager/loader_xmt.c:2697
    #2 0x7f17037877f2 in xml_sax_node_end utils/xml_parser.c:264
    #3 0x7f170378c503 in xml_sax_parse_attribute utils/xml_parser.c:359
    #4 0x7f170378c503 in xml_sax_parse utils/xml_parser.c:939
    #5 0x7f170378dc1d in gf_xml_sax_parse_intern utils/xml_parser.c:1108
    #6 0x7f170378e1d7 in gf_xml_sax_parse utils/xml_parser.c:1136
    #7 0x7f170378e533 in xml_sax_read_file utils/xml_parser.c:1223
    #8 0x7f170378efe8 in gf_xml_sax_parse_file utils/xml_parser.c:1336
    #9 0x7f1703f36779 in load_xmt_run scene_manager/loader_xmt.c:3209
    #10 0x565113eb14a6 in EncodeFile /run/media/user/8ed8205b-4114-4c2a-b2d0-e2ad6640262d/gpac/runtime/gpac_asan/applications/mp4box/fileimport.c:3529
    #11 0x565113e78cc4 in do_scene_encode /run/media/user/8ed8205b-4114-4c2a-b2d0-e2ad6640262d/gpac/runtime/gpac_asan/applications/mp4box/mp4box.c:4764
    #12 0x565113e78cc4 in mp4box_main /run/media/user/8ed8205b-4114-4c2a-b2d0-e2ad6640262d/gpac/runtime/gpac_asan/applications/mp4box/mp4box.c:6399
    #13 0x7f1703233f74 in __libc_start_call_main ../sysdeps/nptl/libc_start_call_main.h:58
    #14 0x7f1703234026 in __libc_start_main_impl ../csu/libc-start.c:360
    #15 0x565113e580b0 in _start (/run/media/user/8ed8205b-4114-4c2a-b2d0-e2ad6640262d/gpac/runtime/gpac_asan/bin/gcc/MP4Box+0x4d0b0) (BuildId: 8d9486167c1b23c431a718a03d2ffc4f3b275ca0)

0x7b3701de1250 is located 0 bytes inside of 8-byte region [0x7b3701de1250,0x7b3701de1258)
freed by thread T0 here:                                                                                                                                    
    #0 0x7f170532340f in free ../../../../src/libsanitizer/asan/asan_malloc_linux.cpp:51
    #1 0x7f1703858efc in gf_node_unregister scenegraph/base_scenegraph.c:759

previously allocated by thread T0 here:
    #0 0x7f170532435f in malloc ../../../../src/libsanitizer/asan/asan_malloc_linux.cpp:67
    #1 0x7f170385a341 in gf_sg_new_base_node scenegraph/base_scenegraph.c:1260
    #2 0x7f170385a341 in gf_node_new scenegraph/base_scenegraph.c:1998

SUMMARY: AddressSanitizer: heap-use-after-free scene_manager/loader_xmt.c:2904 in xmt_node_end
Shadow bytes around the buggy address:
  0x7b3701de0f80: fa fa 00 00 fa fa 00 00 fa fa 00 01 fa fa 00 00
  0x7b3701de1000: fa fa 00 00 fa fa 00 00 fa fa 00 00 fa fa 00 00
  0x7b3701de1080: fa fa 00 00 fa fa 00 00 fa fa 00 00 fa fa 00 00
  0x7b3701de1100: fa fa 00 00 fa fa 00 00 fa fa 00 00 fa fa 00 00
  0x7b3701de1180: fa fa 00 00 fa fa 00 00 fa fa 00 00 fa fa 00 00
=>0x7b3701de1200: fa fa fd fa fa fa fd fd fa fa[fd]fa fa fa fd fa
  0x7b3701de1280: fa fa 04 fa fa fa 00 fa fa fa 04 fa fa fa fa fa
  0x7b3701de1300: fa fa fa fa fa fa fa fa fa fa fa fa fa fa fa fa
  0x7b3701de1380: fa fa fa fa fa fa fa fa fa fa fa fa fa fa fa fa
  0x7b3701de1400: fa fa fa fa fa fa fa fa fa fa fa fa fa fa fa fa
  0x7b3701de1480: fa fa fa fa fa fa fa fa fa fa fa fa fa fa fa fa
Shadow byte legend (one shadow byte represents 8 application bytes):
  Addressable:           00
  Partially addressable: 01 02 03 04 05 06 07 
  Heap left redzone:       fa
  Freed heap region:       fd
  Stack left redzone:      f1
  Stack mid redzone:       f2
  Stack right redzone:     f3
  Stack after return:      f5
  Stack use after scope:   f8
  Global redzone:          f9
  Global init order:       f6
  Poisoned by user:        f7
  Container overflow:      fc
  Array cookie:            ac
  Intra object redzone:    bb
  ASan internal:           fe
  Left alloca redzone:     ca
  Right alloca redzone:    cb
==3904578==ABORTING
