=================================================================
==2100098==ERROR: AddressSanitizer: heap-buffer-overflow on address 0x513000000194 at pc 0x55d28ec938d2 bp 0x7ffcfa6cea00 sp 0x7ffcfa6ce9f8
READ of size 4 at 0x513000000194 thread T0                                                                                                                 
    #0 0x55d28ec938d1 in get_u32 /media/user/8ed8205b-4114-4c2a-b2d0-e2ad6640262d/mquickjs/cutils.h:186
    #1 0x55d28ec938d1 in JS_Call /media/user/8ed8205b-4114-4c2a-b2d0-e2ad6640262d/mquickjs/mquickjs.c:5129
    #2 0x55d28ed0c88e in JS_Run /media/user/8ed8205b-4114-4c2a-b2d0-e2ad6640262d/mquickjs/mquickjs.c:11765
    #3 0x55d28ec6f5c0 in eval_file /media/user/8ed8205b-4114-4c2a-b2d0-e2ad6640262d/mquickjs/mqjs.c:346
    #4 0x55d28ec71c9b in main /media/user/8ed8205b-4114-4c2a-b2d0-e2ad6640262d/mquickjs/mqjs.c:742
    #5 0x7ff77de33ca7 in __libc_start_call_main ../sysdeps/nptl/libc_start_call_main.h:58
    #6 0x7ff77de33d64 in __libc_start_main_impl ../csu/libc-start.c:360
    #7 0x55d28ec6d520 in _start (/media/user/8ed8205b-4114-4c2a-b2d0-e2ad6640262d/mquickjs/build_asan/mqjs+0x128520) (BuildId: a731e0f8b0f9fa66d23042ac06bac6b745d2ded5)

0x513000000196 is located 0 bytes after 342-byte region [0x513000000040,0x513000000196)
allocated by thread T0 here:                                                                                                                               
    #0 0x7ff77e8f4c57 in malloc ../../../../src/libsanitizer/asan/asan_malloc_linux.cpp:69
    #1 0x55d28ec6e2db in load_file /media/user/8ed8205b-4114-4c2a-b2d0-e2ad6640262d/mquickjs/mqjs.c:252
    #2 0x55d28ec6f465 in eval_file /media/user/8ed8205b-4114-4c2a-b2d0-e2ad6640262d/mquickjs/mqjs.c:313
    #3 0x55d28ec71c9b in main /media/user/8ed8205b-4114-4c2a-b2d0-e2ad6640262d/mquickjs/mqjs.c:742
    #4 0x7ff77de33ca7 in __libc_start_call_main ../sysdeps/nptl/libc_start_call_main.h:58

SUMMARY: AddressSanitizer: heap-buffer-overflow /media/user/8ed8205b-4114-4c2a-b2d0-e2ad6640262d/mquickjs/cutils.h:186 in get_u32
Shadow bytes around the buggy address:
  0x512fffffff00: 00 00 00 00 00 00 00 00 00 00 00 00 00 00 00 00
  0x512fffffff80: 00 00 00 00 00 00 00 00 00 00 00 00 00 00 00 00
  0x513000000000: fa fa fa fa fa fa fa fa 00 00 00 00 00 00 00 00
  0x513000000080: 00 00 00 00 00 00 00 00 00 00 00 00 00 00 00 00
  0x513000000100: 00 00 00 00 00 00 00 00 00 00 00 00 00 00 00 00
=>0x513000000180: 00 00[06]fa fa fa fa fa fa fa fa fa fa fa fa fa
  0x513000000200: fa fa fa fa fa fa fa fa fa fa fa fa fa fa fa fa
  0x513000000280: fa fa fa fa fa fa fa fa fa fa fa fa fa fa fa fa
  0x513000000300: fa fa fa fa fa fa fa fa fa fa fa fa fa fa fa fa
  0x513000000380: fa fa fa fa fa fa fa fa fa fa fa fa fa fa fa fa
  0x513000000400: fa fa fa fa fa fa fa fa fa fa fa fa fa fa fa fa
Shadow byte legend (one shadow byte represents 8 application bytes):
  Addressable:           00
  Partially addressable: 01 02 03 04 05 06 07 
  Heap left redzone:       fa
  Freed heap region:       fd
  Stack left redzone:      f1
  Stack mid redzone:       f2
  Stack right redzone:     f3
  Stack after return:      f5
  Stack use after scope:   f8
  Global redzone:          f9
  Global init order:       f6
  Poisoned by user:        f7
  Container overflow:      fc
  Array cookie:            ac
  Intra object redzone:    bb
  ASan internal:           fe
  Left alloca redzone:     ca
  Right alloca redzone:    cb
==2100098==ABORTING
