Track Importing RawVideo - Width 320 Height 240 FPS 30/1
XMT: MPEG-4 (XMT) Scene Parsing
[Scenegraph] PROTO Proto1 redefined - skipping loading
AddressSanitizer:DEADLYSIGNAL
=================================================================
==1629748==ERROR: AddressSanitizer: SEGV on unknown address 0x000000000040 (pc 0x7f18e9343557 bp 0x000000000000 sp 0x7ffe184aa2f0 T0)
==1629748==The signal is caused by a WRITE memory access.
==1629748==Hint: address points to the zero page.
    #0 0x7f18e9343557 in xmt_parse_proto scene_manager/loader_xmt.c:1454
    #1 0x7f18e9343557 in xmt_parse_element scene_manager/loader_xmt.c:1578
    #2 0x7f18e934a1c3 in xmt_node_start scene_manager/loader_xmt.c:2740
    #3 0x7f18e8b8949c in xml_sax_node_start utils/xml_parser.c:308
    #4 0x7f18e8b8dbdc in xml_sax_parse_attribute utils/xml_parser.c:397
    #5 0x7f18e8b8dbdc in xml_sax_parse utils/xml_parser.c:940
    #6 0x7f18e8b89ef0 in gf_xml_sax_parse_intern utils/xml_parser.c:1110
    #7 0x7f18e8b8ef37 in gf_xml_sax_parse utils/xml_parser.c:1138
    #8 0x7f18e8b8f293 in xml_sax_read_file utils/xml_parser.c:1225
    #9 0x7f18e8b8fd48 in gf_xml_sax_parse_file utils/xml_parser.c:1338
    #10 0x7f18e933c335 in load_xmt_run scene_manager/loader_xmt.c:3279
    #11 0x7f18e99e4acc in ctxload_process filters/load_bt_xmt.c:522
    #12 0x7f18e975d153 in gf_filter_process_task filter_core/filter.c:3257
    #13 0x7f18e9731681 in gf_fs_thread_proc filter_core/filter_session.c:2420
    #14 0x7f18e9736742 in gf_fs_run filter_core/filter_session.c:2728
    #15 0x7f18e91f86af in gf_media_import media_tools/media_import.c:1632
    #16 0x56056fb1d579 in import_file /run/media/user/8ed8205b-4114-4c2a-b2d0-e2ad6640262d/gpac/runtime/gpac_asan/applications/mp4box/fileimport.c:1713
    #17 0x56056fad8f89 in do_add_cat /run/media/user/8ed8205b-4114-4c2a-b2d0-e2ad6640262d/gpac/runtime/gpac_asan/applications/mp4box/mp4box.c:4632
    #18 0x56056fadb3e7 in mp4box_main /run/media/user/8ed8205b-4114-4c2a-b2d0-e2ad6640262d/gpac/runtime/gpac_asan/applications/mp4box/mp4box.c:6376
    #19 0x7f18e8631f76 in __libc_start_call_main ../sysdeps/nptl/libc_start_call_main.h:58
    #20 0x7f18e8632026 in __libc_start_main_impl ../csu/libc-start.c:360
    #21 0x56056fabb070 in _start (/run/media/user/8ed8205b-4114-4c2a-b2d0-e2ad6640262d/gpac/runtime/gpac_asan/bin/gcc/MP4Box+0x4d070) (BuildId: 7c561012bd3258d58335187e5fb200fd4437b7d5)

==1629748==Register values:
rax = 0x00007bc8e71e12d0  rbx = 0x00007c28e71eb090  rcx = 0x0000000000000000  rdx = 0x0000000000000008  
rdi = 0x0000000000000040  rsi = 0x0000000000000000  rbp = 0x0000000000000000  rsp = 0x00007ffe184aa2f0  
 r8 = 0x00007b78e71e0050   r9 = 0x00000000000000f3  r10 = 0x0000000000000000  r11 = 0x00007f18e7b4f940  
r12 = 0x00007c28e71eb080  r13 = 0x0000000000000000  r14 = 0x00007b18e634e000  r15 = 0x0000000000000002  
AddressSanitizer can not provide additional info.
SUMMARY: AddressSanitizer: SEGV scene_manager/loader_xmt.c:1454 in xmt_parse_proto
==1629748==ABORTING
