[32mTrack Importing RawVideo - Width 320 Height 240 FPS 30/1
[0m[32mXMT: MPEG-4 (XMT) Scene Parsing
[0m[33m[XMT Parsing] Invalid child descriptor (line 90)
[0m[33m[XMT Parsing] Invalid child descriptor (line 93)
[0m[33m[XMT Parsing] Invalid child descriptor (line 97)
[0mXMT Parsing: |                    | (04/100)
[33m[XMT Parsing] Warning: Unknown field "backColor" for node OrderedGroup - skipping (line 187)
[0m[33m[XMT Parsing] Warning: Unknown field "url" for node OrderedGroup - skipping (line 187)
[0m[33m[XMT Parsing] Warning: top-node already assigned - discarding node Background2D (line 188)
[0m[33m[XMT Parsing] Warning: top-node already assigned - discarding node WorldInfo (line 189)
[0m[33m[XMT Parsing] Warning: top-node already assigned - discarding node Viewport (line 190)
[0m[33m[XMT Parsing] Warning: top-node already assigned - discarding node Transform2D (line 217)
[0mXMT Parsing: |==                  | (10/100)
[33m[XMT Parsing] Warning: top-node already assigned - discarding node Conditional (line 222)
[0m[33m[XMT Parsing] Warning: top-node already assigned - discarding node Conditional (line 227)
[0m[33m[XMT Parsing] Warning: top-node already assigned - discarding node TransformMatrix2D (line 271)
[0m[33m[XMT Parsing] Warning: top-node already assigned - discarding node Clipper2D (line 272)
[0m[33m[XMT Parsing] Warning: top-node already assigned - discarding node Layer2D (line 273)
[0m[33m[XMT Parsing] Warning: top-node already assigned - discarding node Form (line 274)
[0m[33m[XMT Parsing] Warning: top-node already assigned - discarding node Layout (line 275)
[0m[33m[XMT Parsing] Warning: top-node already assigned - discarding node PathLayout (line 276)
[0m[31mService bifs-externproto-nood-lib.bt#GEOMETRY_PROTO Cannot find filter for service: Requested URL is not valid or cannot be found
[0m[33m[XMT Parsing] Warning: Unknown proto field _field1 - skipping (line 279)
[0m[33m[XMT Parsing] Warning: Unknown proto field _field2 - skipping (line 280)
[0m[33m[XMT Parsing] Warning: Unknown proto field _field3 - skipping (line 281)
[0m[33m[XMT Parsing] Warning: Unknown proto field _field4 - skipping (line 282)
[0m[33m[XMT Parsing] Warning: top-node already assigned - discarding node ProtoInstance (line 289)
[0m[33m[XMT Parsing] Warning: top-node already assigned - discarding node Shape (line 298)
[0m[33m[XMT Parsing] Warning: top-node already assigned - discarding node Shape (line 311)
[0m[33m[XMT Parsing] Warning: top-node already assigned - discarding node AnimationStream (line 315)
[0m[33m[XMT Parsing] Warning: top-node already assigned - discarding node Sound2D (line 325)
[0m[33m[XMT Parsing] Warning: top-node already assigned - discarding node TimeSensor (line 326)
[0m[33m[XMT Parsing] Warning: top-node already assigned - discarding node Shape (line 343)
[0m[33m[XMT Parsing] Warning: top-node already assigned - discarding node Shape (line 362)
[0mXMT Parsing: |===                 | (15/100)
[33m[XMT Parsing] Warning: top-node already assigned - discarding node Shape (line 378)
[0m[33m[XMT Parsing] Warning: top-node already assigned - discarding node Shape (line 394)
[0m[33m[XMT Parsing] Warning: top-node already assigned - discarding node Shape (line 410)
[0m[33m[XMT Parsing] Warning: top-node already assigned - discarding node Shape (line 422)
[0m[33m[XMT Parsing] Warning: top-node already assigned - discarding node Shape (line 427)
[0m[33m[XMT Parsing] Warning: top-node already assigned - discarding node Shape (line 442)
[0m[33m[XMT Parsing] Warning: top-node already assigned - discarding node Shape (line 447)
[0m[33m[XMT Parsing] Warning: top-node already assigned - discarding node Shape (line 452)
[0m[33m[XMT Parsing] Warning: top-node already assigned - discarding node Shape (line 457)
[0m[33m[XMT Parsing] Warning: top-node already assigned - discarding node Shape (line 462)
[0m[33m[XMT Parsing] Warning: top-node already assigned - discarding node Shape (line 474)
[0mXMT Parsing: |====                | (21/100)
[33m[XMT Parsing] Warning: top-node already assigned - discarding node Shape (line 487)
[0m[33m[XMT Parsing] Warning: top-node already assigned - discarding node Shape (line 496)
[0m[33m[XMT Parsing] Warning: top-node already assigned - discarding node Shape (line 505)
[0m[33m[XMT Parsing] Warning: top-node already assigned - discarding node Valuator (line 506)
[0m[33m[XMT Parsing] Warning: top-node already assigned - discarding node Valuator (line 507)
[0m[33m[XMT Parsing] Warning: top-node already assigned - discarding node Valuator (line 508)
[0m[33m[XMT Parsing] Warning: top-node already assigned - discarding node Valuator (line 509)
[0m[33m[XMT Parsing] Warning: top-node already assigned - discarding node Valuator (line 510)
[0m[33m[XMT Parsing] Warning: top-node already assigned - discarding node Valuator (line 511)
[0m[33m[XMT Parsing] Warning: top-node already assigned - discarding node Valuator (line 512)
[0m[33m[XMT Parsing] Warning: top-node already assigned - discarding node Valuator (line 513)
[0m[33m[XMT Parsing] Warning: node InputSensor defined outside scene scope - skipping (line 528)
[0m=================================================================
==954411==ERROR: AddressSanitizer: heap-use-after-free on address 0x7bea9bde2e08 at pc 0x7f2a9df4f784 bp 0x7ffe48bf6b10 sp 0x7ffe48bf6b08
READ of size 4 at 0x7bea9bde2e08 thread T0
    #0 0x7f2a9df4f783 in xmt_node_start scene_manager/loader_xmt.c:2864
    #1 0x7f2a9d78a59c in xml_sax_node_start utils/xml_parser.c:308
    #2 0x7f2a9d78ecdc in xml_sax_parse_attribute utils/xml_parser.c:397
    #3 0x7f2a9d78ecdc in xml_sax_parse utils/xml_parser.c:940
    #4 0x7f2a9d78abfe in gf_xml_sax_parse_intern utils/xml_parser.c:1084
    #5 0x7f2a9d790037 in gf_xml_sax_parse utils/xml_parser.c:1138
    #6 0x7f2a9d790393 in xml_sax_read_file utils/xml_parser.c:1225
    #7 0x7f2a9d790e48 in gf_xml_sax_parse_file utils/xml_parser.c:1338
    #8 0x7f2a9df3d7b5 in load_xmt_run scene_manager/loader_xmt.c:3444
    #9 0x7f2a9e5e462c in ctxload_process filters/load_bt_xmt.c:522
    #10 0x7f2a9e35f893 in gf_filter_process_task filter_core/filter.c:3257
    #11 0x7f2a9e333dc1 in gf_fs_thread_proc filter_core/filter_session.c:2420
    #12 0x7f2a9e338e82 in gf_fs_run filter_core/filter_session.c:2728
    #13 0x7f2a9ddf8d4f in gf_media_import media_tools/media_import.c:1632
    #14 0x556002fa4599 in import_file /run/media/user/8ed8205b-4114-4c2a-b2d0-e2ad6640262d/gpac/runtime/gpac_asan/applications/mp4box/fileimport.c:1713
    #15 0x556002f5ff89 in do_add_cat /run/media/user/8ed8205b-4114-4c2a-b2d0-e2ad6640262d/gpac/runtime/gpac_asan/applications/mp4box/mp4box.c:4632
    #16 0x556002f623e7 in mp4box_main /run/media/user/8ed8205b-4114-4c2a-b2d0-e2ad6640262d/gpac/runtime/gpac_asan/applications/mp4box/mp4box.c:6376
    #17 0x7f2a9d231f76 in __libc_start_call_main ../sysdeps/nptl/libc_start_call_main.h:58
    #18 0x7f2a9d232026 in __libc_start_main_impl ../csu/libc-start.c:360
    #19 0x556002f42070 in _start (/run/media/user/8ed8205b-4114-4c2a-b2d0-e2ad6640262d/gpac/runtime/gpac_asan/bin/gcc/MP4Box+0x4d070) (BuildId: 6cf4ec0a1f4678684c742bb31496122f9e5b5f7a)

0x7bea9bde2e08 is located 8 bytes inside of 120-byte region [0x7bea9bde2e00,0x7bea9bde2e78)
freed by thread T0 here:
    #0 0x7f2a9f32340f in free ../../../../src/libsanitizer/asan/asan_malloc_linux.cpp:51
    #1 0x7f2a9d8688d6 in gf_sg_command_del scenegraph/commands.c:138

previously allocated by thread T0 here:
    #0 0x7f2a9f32435f in malloc ../../../../src/libsanitizer/asan/asan_malloc_linux.cpp:67
    #1 0x7f2a9d868387 in gf_sg_command_new scenegraph/commands.c:38

SUMMARY: AddressSanitizer: heap-use-after-free scene_manager/loader_xmt.c:2864 in xmt_node_start
Shadow bytes around the buggy address:
  0x7bea9bde2b80: fa fa fa fa fa fa fa fa fd fd fd fd fd fd fd fd
  0x7bea9bde2c00: fd fd fd fd fd fd fd fa fa fa fa fa fa fa fa fa
  0x7bea9bde2c80: fd fd fd fd fd fd fd fd fd fd fd fd fd fd fd fa
  0x7bea9bde2d00: fa fa fa fa fa fa fa fa fd fd fd fd fd fd fd fd
  0x7bea9bde2d80: fd fd fd fd fd fd fd fa fa fa fa fa fa fa fa fa
=>0x7bea9bde2e00: fd[fd]fd fd fd fd fd fd fd fd fd fd fd fd fd fa
  0x7bea9bde2e80: fa fa fa fa fa fa fa fa 00 00 00 00 00 00 00 00
  0x7bea9bde2f00: 00 00 00 00 00 00 00 fa fa fa fa fa fa fa fa fa
  0x7bea9bde2f80: fa fa fa fa fa fa fa fa fa fa fa fa fa fa fa fa
  0x7bea9bde3000: fa fa fa fa fa fa fa fa fa fa fa fa fa fa fa fa
  0x7bea9bde3080: fa fa fa fa fa fa fa fa fa fa fa fa fa fa fa fa
Shadow byte legend (one shadow byte represents 8 application bytes):
  Addressable:           00
  Partially addressable: 01 02 03 04 05 06 07 
  Heap left redzone:       fa
  Freed heap region:       fd
  Stack left redzone:      f1
  Stack mid redzone:       f2
  Stack right redzone:     f3
  Stack after return:      f5
  Stack use after scope:   f8
  Global redzone:          f9
  Global init order:       f6
  Poisoned by user:        f7
  Container overflow:      fc
  Array cookie:            ac
  Intra object redzone:    bb
  ASan internal:           fe
  Left alloca redzone:     ca
  Right alloca redzone:    cb
==954411==ABORTING
