[MPEG-2 TS] Stream type (0xf3) for PID 4144 not supported
Broken PMT descriptor! size 57, desc size 48 but position 10                                                                                                 
MORE sections on pid 4145                                                                                                                                    
Broken PMT descriptor! size 57, desc size 48 but position 15                                                                                                 
[MPEG-2 TS] Invalid PMT es descriptor size for PID 4144                                                                                                      
[M2TSDmx] Unknown stream(s) skipped, use --upes to enable                                                                                                    
[MPEG-2 TS] PID 4144 PCR loop found from 2576980252800 to 485078659248                                                                                       
[MPEG-2 TS] TS Packet 5 does not start with sync marker                                                                                                      
Track Importing SMPTE VC-1 Video                                                                                                                             
[MPEG-2 TS] PID 4144 PCR loop found from 2576980252800 to 485078659248                                                                                       
[MPEG-2 TS] TS Packet 5 does not start with sync marker                                                                                                      
=================================================================                                                                                            
==3492692==ERROR: AddressSanitizer: heap-use-after-free on address 0x50d0000002c5 at pc 0x7fa54c2f2936 bp 0x7ffd84102390 sp 0x7ffd84101b50
READ of size 4294967202 at 0x50d0000002c5 thread T0                                                                                                          
    #0 0x7fa54c2f2935 in memcpy ../../../../src/libsanitizer/sanitizer_common/sanitizer_common_interceptors_memintrinsics.inc:115
    #1 0x7fa54b466d58 in m2tsdmx_send_packet filters/dmx_m2ts.c:936
    #2 0x7fa54b466d58 in m2tsdmx_on_event filters/dmx_m2ts.c:1184
    #3 0x7fa54addc021 in gf_m2ts_reframe_default media_tools/mpegts.c:136
    #4 0x7fa54ade52c1 in gf_m2ts_flush_pes media_tools/mpegts.c:2311
    #5 0x7fa54adea052 in gf_m2ts_flush_all media_tools/mpegts.c:2443
    #6 0x7fa54b463360 in m2tsdmx_process filters/dmx_m2ts.c:1814
    #7 0x7fa54b32a2d4 in gf_filter_process_task filter_core/filter.c:3242
    #8 0x7fa54b2fecb4 in gf_fs_thread_proc filter_core/filter_session.c:2400
    #9 0x7fa54b303d14 in gf_fs_run filter_core/filter_session.c:2707
    #10 0x7fa54add930d in gf_media_import media_tools/media_import.c:1626
    #11 0x563876363863 in import_file /media/user/8ed8205b-4114-4c2a-b2d0-e2ad6640262d/gpac/runtime/gpac_asan/applications/mp4box/fileimport.c:1705
    #12 0x56387631f0e6 in do_add_cat /media/user/8ed8205b-4114-4c2a-b2d0-e2ad6640262d/gpac/runtime/gpac_asan/applications/mp4box/mp4box.c:4620
    #13 0x563876321642 in mp4box_main /media/user/8ed8205b-4114-4c2a-b2d0-e2ad6640262d/gpac/runtime/gpac_asan/applications/mp4box/mp4box.c:6342
    #14 0x7fa54a233ca7 in __libc_start_call_main ../sysdeps/nptl/libc_start_call_main.h:58
    #15 0x7fa54a233d64 in __libc_start_main_impl ../csu/libc-start.c:360
    #16 0x5638763010c0 in _start (/media/user/8ed8205b-4114-4c2a-b2d0-e2ad6640262d/gpac/runtime/gpac_asan/bin/gcc/MP4Box+0x4d0c0) (BuildId: e4a9f38fb58211f5dfeaef6db8c0e614cd8329b2)

0x50d000000338 is located 0 bytes after 136-byte region [0x50d0000002b0,0x50d000000338)
freed by thread T0 here:                                                                                                                                     
    #0 0x7fa54c2f38f8 in free ../../../../src/libsanitizer/asan/asan_malloc_linux.cpp:52
    #1 0x7fa54b2cc32f in gf_filter_pid_send_event_downstream filter_core/filter_pid.c:8276

previously allocated by thread T0 here:
    #0 0x7fa54c2f4c57 in malloc ../../../../src/libsanitizer/asan/asan_malloc_linux.cpp:69
    #1 0x7fa54b2811c4 in init_evt filter_core/filter_pid.c:7877

SUMMARY: AddressSanitizer: heap-use-after-free ../../../../src/libsanitizer/sanitizer_common/sanitizer_common_interceptors_memintrinsics.inc:115 in memcpy
Shadow bytes around the buggy address:
  0x50d000000000: fa fa fa fa fa fa fa fa fd fd fd fd fd fd fd fd
  0x50d000000080: fd fd fd fd fd fd fd fd fd fa fa fa fa fa fa fa
  0x50d000000100: fa fa fd fd fd fd fd fd fd fd fd fd fd fd fd fd
  0x50d000000180: fd fd fd fa fa fa fa fa fa fa fa fa 00 00 00 00
  0x50d000000200: 00 00 00 00 00 00 00 00 00 00 00 00 07 fa fa fa
=>0x50d000000280: fa fa fa fa fa fa fd fd[fd]fd fd fd fd fd fd fd
  0x50d000000300: fd fd fd fd fd fd fd fa fa fa fa fa fa fa fa fa
  0x50d000000380: fd fd fd fd fd fd fd fd fd fd fd fd fd fd fd fd
  0x50d000000400: fd fa fa fa fa fa fa fa fa fa 00 00 00 00 00 00
  0x50d000000480: 00 00 00 00 00 00 00 00 00 00 00 00 fa fa fa fa
  0x50d000000500: fa fa fa fa 00 00 00 00 00 00 00 00 00 00 00 00
Shadow byte legend (one shadow byte represents 8 application bytes):
  Addressable:           00
  Partially addressable: 01 02 03 04 05 06 07 
  Heap left redzone:       fa
  Freed heap region:       fd
  Stack left redzone:      f1
  Stack mid redzone:       f2
  Stack right redzone:     f3
  Stack after return:      f5
  Stack use after scope:   f8
  Global redzone:          f9
  Global init order:       f6
  Poisoned by user:        f7
  Container overflow:      fc
  Array cookie:            ac
  Intra object redzone:    bb
  ASan internal:           fe
  Left alloca redzone:     ca
  Right alloca redzone:    cb
==3492692==ABORTING
