└─$ ../../../../build_asan/mqjs ../mquickjs_c_3981
NaN
mquickjs.c:3981:19: runtime error: load of misaligned address 0x7fb3a49ff81d for type 'JSValue', which requires 8 byte alignment
0x7fb3a49ff81d: note: pointer points here
 f7 9f a5 b3 7f 00 00  a8 f7 9f a5 b3 7f 00 00  a8 f7 9f a5 b3 7f 00 00  00 02 00 00 00 01 00 00  1c
             ^ 
mquickjs.c:4009:14: runtime error: load of misaligned address 0x7fb3a49ff805 for type 'JSValue', which requires 8 byte alignment
0x7fb3a49ff805: note: pointer points here
 fa 9f a4 b3 7f 00 00  b0 15 a0 a4 b3 7f 00 00  00 f8 9f a5 b3 7f 00 00  28 f7 9f a5 b3 7f 00 00  a8
             ^ 
AddressSanitizer:DEADLYSIGNAL
=================================================================
==1243892==ERROR: AddressSanitizer: SEGV on unknown address 0x7fb37c9ff857 (pc 0x5645cb61d192 bp 0x7ffe9a74ee50 sp 0x7ffe9a74ebd0 T0)
==1243892==The signal is caused by a READ memory access.                                                                                                   
    #0 0x5645cb61d192 in build_backtrace /media/user/8ed8205b-4114-4c2a-b2d0-e2ad6640262d/mquickjs/mquickjs.c:3981
    #1 0x5645cb61e9e8 in JS_ThrowError /media/user/8ed8205b-4114-4c2a-b2d0-e2ad6640262d/mquickjs/mquickjs.c:933
    #2 0x5645cb601190 in JS_Call /media/user/8ed8205b-4114-4c2a-b2d0-e2ad6640262d/mquickjs/mquickjs.c:5507
    #3 0x5645cb67a88e in JS_Run /media/user/8ed8205b-4114-4c2a-b2d0-e2ad6640262d/mquickjs/mquickjs.c:11765
    #4 0x5645cb5dd5c0 in eval_file /media/user/8ed8205b-4114-4c2a-b2d0-e2ad6640262d/mquickjs/mqjs.c:346
    #5 0x5645cb5dfc9b in main /media/user/8ed8205b-4114-4c2a-b2d0-e2ad6640262d/mquickjs/mqjs.c:742
    #6 0x7fb3a8e33ca7 in __libc_start_call_main ../sysdeps/nptl/libc_start_call_main.h:58
    #7 0x7fb3a8e33d64 in __libc_start_main_impl ../csu/libc-start.c:360
    #8 0x5645cb5db520 in _start (/media/user/8ed8205b-4114-4c2a-b2d0-e2ad6640262d/mquickjs/build_asan/mqjs+0x128520) (BuildId: a731e0f8b0f9fa66d23042ac06bac6b745d2ded5)

AddressSanitizer can not provide additional info.
SUMMARY: AddressSanitizer: SEGV /media/user/8ed8205b-4114-4c2a-b2d0-e2ad6640262d/mquickjs/mquickjs.c:3981 in build_backtrace
==1243892==ABORTING
