[32mTrack Importing RawVideo - Width 320 Height 240 FPS 30/1
[0m[32mXMT: MPEG-4 (XMT) Scene Parsing
[0mXMT Parsing: |====                | (24/100)
[33m[XMT Parsing] Warning: node Layer2D defined outside scene scope - skipping (line 119)
[0m[33m[XMT Parsing] Warning: node Form defined outside scene scope - skipping (line 120)
[0m[33m[XMT Parsing] Warning: fieldValue not a valid node (line 121)
[0m[33m[XMT Parsing] Warning: fieldValue not a valid node (line 122)
[0m[33m[XMT Parsing] Warning: node Layer2D defined outside scene scope - skipping (line 123)
[0m[33m[XMT Parsing] Warning: node Form defined outside scene scope - skipping (line 124)
[0m[33m[XMT Parsing] Warning: Unknown field "same" for node ProtoInstance - skipping (line 125)
[0m[33m[XMT Parsing] Warning: fieldValue not a valid node (line 126)
[0m[33m[XMT Parsing] Warning: fieldValue not a valid node (line 128)
[0m[33m[XMT Parsing] Warning: fieldValue not a valid node (line 129)
[0m[33m[XMT Parsing] Warning: fieldValue not a valid node (line 130)
[0m[33m[XMT Parsing] Warning: fieldValue not a valid node (line 131)
[0m[33m[XMT Parsing] Warning: fieldValue not a valid node (line 132)
[0m[33m[XMT Parsing] Warning: node Layer2D defined outside scene scope - skipping (line 133)
[0mXMT Parsing: |======              | (34/100)
[33m[XMT Parsing] Warning: Unknown field "same" for node ProtoInstance - skipping (line 151)
[0m[33m[XMT Parsing] Warning: fieldValue not a valid node (line 152)
[0m[33m[XMT Parsing] Warning: fieldValue not a valid node (line 153)
[0m[33m[XMT Parsing] Warning: fieldValue not a valid node (line 154)
[0m[33m[XMT Parsing] Warning: fieldValue not a valid node (line 155)
[0m[33m[XMT Parsing] Warning: fieldValue not a valid node (line 156)
[0m[33m[XMT Parsing] Warning: fieldValue not a valid node (line 157)
[0m[33m[XMT Parsing] Warning: Unknown field "same" for node ProtoInstance - skipping (line 160)
[0m[33m[XMT Parsing] Warning: fieldValue not a valid node (line 161)
[0m[33m[XMT Parsing] Warning: fieldValue not a valid node (line 163)
[0m[33m[XMT Parsing] Warning: fieldValue not a valid node (line 165)
[0m[33m[XMT Parsing] Warning: fieldValue not a valid node (line 166)
[0m[33m[XMT Parsing] Warning: Unknown field "floatValue" for node Form - skipping (line 168)
[0m[33m[XMT Parsing] Warning: fieldValue not a valid node (line 169)
[0m[33m[XMT Parsing] Warning: fieldValue not a valid node (line 170)
[0m[33m[XMT Parsing] Warning: fieldValue not a valid node (line 171)
[0m[33m[XMT Parsing] Warning: Unknown field "orientation" for node Form - skipping (line 173)
[0m[33m[XMT Parsing] Warning: Unknown field "alignment" for node Form - skipping (line 173)
[0m[33m[XMT Parsing] Warning: Unknown field "fit" for node Form - skipping (line 173)
[0m[33m[XMT Parsing] Warning: Unknown field "description" for node Form - skipping (line 173)
[0m[33m[XMT Parsing] Warning: Unknown field "same" for node ProtoInstance - skipping (line 176)
[0m[33m[XMT Parsing] Warning: fieldValue not a valid node (line 177)
[0m[33m[XMT Parsing] Warning: fieldValue not a valid node (line 178)
[0m[33m[XMT Parsing] Warning: fieldValue not a valid node (line 179)
[0m[33m[XMT Parsing] Warning: fieldValue not a valid node (line 180)
[0m[33m[XMT Parsing] Warning: fieldValue not a valid node (line 181)
[0m[33m[XMT Parsing] Warning: fieldValue not a valid node (line 182)
[0m[33m[XMT Parsing] Warning: Unknown field "same" for node ProtoInstance - skipping (line 185)
[0m[33m[XMT Parsing] Warning: fieldValue not a valid node (line 186)
[0m[33m[XMT Parsing] Warning: fieldValue not a valid node (line 188)
[0m[33m[XMT Parsing] Warning: fieldValue not a valid node (line 189)
[0m[33m[XMT Parsing] Warning: fieldValue not a valid node (line 190)
[0m[33m[XMT Parsing] Warning: Unknown field "same" for node ProtoInstance - skipping (line 193)
[0m[33m[XMT Parsing] Warning: fieldValue not a valid node (line 194)
[0m[33m[XMT Parsing] Warning: fieldValue not a valid node (line 195)
[0m[33m[XMT Parsing] Warning: fieldValue not a valid node (line 196)
[0m[33m[XMT Parsing] Warning: fieldValue not a valid node (line 197)
[0m[33m[XMT Parsing] Warning: fieldValue not a valid node (line 198)
[0m[33m[XMT Parsing] Warning: fieldValue not a valid node (line 199)
[0m[33m[XMT Parsing] Warning: Unknown field "same" for node ProtoInstance - skipping (line 202)
[0m[33m[XMT Parsing] Warning: fieldValue not a valid node (line 203)
[0m[33m[XMT Parsing] Warning: fieldValue not a valid node (line 205)
[0mXMT Parsing: |===========         | (59/100)
[33m[XMT Parsing] Warning: fieldValue not a valid node (line 207)
[0m[33m[XMT Parsing] Warning: fieldValue not a valid node (line 208)
[0m[33m[XMT Parsing] Warning: fieldValue not a valid node (line 209)
[0m[33m[XMT Parsing] Warning: fieldValue not a valid node (line 210)
[0m[33m[XMT Parsing] Warning: Unknown field "floatValue" for node Form - skipping (line 212)
[0m[33m[XMT Parsing] Warning: fieldValue not a valid node (line 213)
[0m[33m[XMT Parsing] Warning: fieldValue not a valid node (line 214)
[0m[33m[XMT Parsing] Warning: fieldValue not a valid node (line 215)
[0m[33m[XMT Parsing] Warning: Unknown field "orientation" for node Form - skipping (line 217)
[0m[33m[XMT Parsing] Warning: Unknown field "alignment" for node Form - skipping (line 217)
[0m[33m[XMT Parsing] Warning: Unknown field "fit" for node Form - skipping (line 217)
[0m[33m[XMT Parsing] Warning: Unknown field "description" for node Form - skipping (line 217)
[0m[33m[XMT Parsing] Warning: Unknown field "same" for node ProtoInstance - skipping (line 220)
[0m[33m[XMT Parsing] Warning: fieldValue not a valid node (line 221)
[0m[33m[XMT Parsing] Warning: fieldValue not a valid node (line 222)
[0m[33m[XMT Parsing] Warning: fieldValue not a valid node (line 223)
[0m[33m[XMT Parsing] Warning: fieldValue not a valid node (line 224)
[0m[33m[XMT Parsing] Warning: fieldValue not a valid node (line 225)
[0m[33m[XMT Parsing] Warning: fieldValue not a valid node (line 226)
[0m[33m[XMT Parsing] Warning: Unknown field "same" for node ProtoInstance - skipping (line 229)
[0m[33m[XMT Parsing] Warning: fieldValue not a valid node (line 230)
[0m[33m[XMT Parsing] Warning: fieldValue not a valid node (line 232)
[0m[33m[XMT Parsing] Warning: Unknown field "same" for node ProtoInstance - skipping (line 235)
[0m[33m[XMT Parsing] Warning: fieldValue not a valid node (line 236)
[0m[33m[XMT Parsing] Warning: fieldValue not a valid node (line 237)
[0m[33m[XMT Parsing] Warning: fieldValue not a valid node (line 238)
[0m[33m[XMT Parsing] Warning: fieldValue not a valid node (line 239)
[0m[33m[XMT Parsing] Warning: fieldValue not a valid node (line 240)
[0m[33m[XMT Parsing] Warning: fieldValue not a valid node (line 241)
[0m[33m[XMT Parsing] Warning: Unknown field "orientation" for node Form - skipping (line 243)
[0m[33m[XMT Parsing] Warning: Unknown field "alignment" for node Form - skipping (line 243)
[0m[33m[XMT Parsing] Warning: Unknown field "fit" for node Form - skipping (line 243)
[0m[33m[XMT Parsing] Warning: Unknown field "description" for node Form - skipping (line 243)
[0m[33m[XMT Parsing] Warning: Unknown field "same" for node ProtoInstance - skipping (line 246)
[0m[33m[XMT Parsing] Warning: fieldValue not a valid node (line 247)
[0m[33m[XMT Parsing] Warning: fieldValue not a valid node (line 248)
[0m[33m[XMT Parsing] Warning: fieldValue not a valid node (line 249)
[0m[33m[XMT Parsing] Warning: fieldValue not a valid node (line 250)
[0m[33m[XMT Parsing] Warning: fieldValue not a valid node (line 251)
[0m[33m[XMT Parsing] Warning: fieldValue not a valid node (line 252)
[0m[33m[XMT Parsing] Warning: Unknown field "same" for node ProtoInstance - skipping (line 255)
[0m[33m[XMT Parsing] Warning: fieldValue not a valid node (line 256)
[0m[33m[XMT Parsing] Warning: fieldValue not a valid node (line 258)
[0m[33m[XMT Parsing] Warning: fieldValue not a valid node (line 259)
[0m[33m[XMT Parsing] Warning: fieldValue not a valid node (line 260)
[0m[33m[XMT Parsing] Warning: fieldValue not a valid node (line 261)
[0m[33m[XMT Parsing] Warning: fieldValue not a valid node (line 262)
[0m[33m[XMT Parsing] Warning: Unknown field "floatValue" for node Form - skipping (line 264)
[0mXMT Parsing: |================    | (84/100)
XMT Parsing: |=================   | (85/100)
XMT Parsing: |====================| (100/100)
                                                   
AddressSanitizer:DEADLYSIGNAL
=================================================================
==954588==ERROR: AddressSanitizer: SEGV on unknown address 0x000000000000 (pc 0x7f4bcfe6d3ec bp 0x7cabce3e0f80 sp 0x7ffeaaad2eb0 T0)
==954588==The signal is caused by a READ memory access.
==954588==Hint: address points to the zero page.
    #0 0x7f4bcfe6d3ec in gf_sg_command_apply scenegraph/commands.c:612
    #1 0x7f4bd0be4b26 in ctxload_process filters/load_bt_xmt.c:622
    #2 0x7f4bd095f893 in gf_filter_process_task filter_core/filter.c:3257
    #3 0x7f4bd0933dc1 in gf_fs_thread_proc filter_core/filter_session.c:2420
    #4 0x7f4bd0938e82 in gf_fs_run filter_core/filter_session.c:2728
    #5 0x7f4bd03f8d4f in gf_media_import media_tools/media_import.c:1632
    #6 0x55e4d3aa5599 in import_file /run/media/user/8ed8205b-4114-4c2a-b2d0-e2ad6640262d/gpac/runtime/gpac_asan/applications/mp4box/fileimport.c:1713
    #7 0x55e4d3a60f89 in do_add_cat /run/media/user/8ed8205b-4114-4c2a-b2d0-e2ad6640262d/gpac/runtime/gpac_asan/applications/mp4box/mp4box.c:4632
    #8 0x55e4d3a633e7 in mp4box_main /run/media/user/8ed8205b-4114-4c2a-b2d0-e2ad6640262d/gpac/runtime/gpac_asan/applications/mp4box/mp4box.c:6376
    #9 0x7f4bcf831f76 in __libc_start_call_main ../sysdeps/nptl/libc_start_call_main.h:58
    #10 0x7f4bcf832026 in __libc_start_main_impl ../csu/libc-start.c:360
    #11 0x55e4d3a43070 in _start (/run/media/user/8ed8205b-4114-4c2a-b2d0-e2ad6640262d/gpac/runtime/gpac_asan/bin/gcc/MP4Box+0x4d070) (BuildId: 6cf4ec0a1f4678684c742bb31496122f9e5b5f7a)

==954588==Register values:
rax = 0x0000000000000000  rbx = 0x00000f6979a7eb25  rcx = 0x000000000000002a  rdx = 0x0000000000000000  
rdi = 0x0000000000000000  rsi = 0x0000000000000000  rbp = 0x00007cabce3e0f80  rsp = 0x00007ffeaaad2eb0  
 r8 = 0x0000000000000000   r9 = 0x00007b4bcd3f5928  r10 = 0x0000000000000024  r11 = 0x00007b4bcd3f5924  
r12 = 0x00007c0bce3e0700  r13 = 0x00007b4bcd3f5ca0  r14 = 0x00000000fffffffe  r15 = 0x00007b4bcd3f5800  
AddressSanitizer can not provide additional info.
SUMMARY: AddressSanitizer: SEGV scenegraph/commands.c:612 in gf_sg_command_apply
==954588==ABORTING
