[MPEG-2 TS] TS Packet 44 does not start with sync marker
Unknown registration descriptor 0001B                                                                                                                       
Broken PMT descriptor! size 58, desc size 48 but position 30                                                                                                
MORE sections on pid 4144                                                                                                                                   
Broken PMT descriptor! size 58, desc size 48 but position 35                                                                                                
[MPEG-2 TS] PID 4144 reused across programs 18247 and 18247, not completely supported                                                                       
MORE sections on pid 4144                                                                                                                                   
Broken PMT descriptor! size 58, desc size 48 but position 40                                                                                                
[MPEG-2 TS] PID 4144 reused across programs 18247 and 18247, not completely supported                                                                       
MORE sections on pid 4144                                                                                                                                   
Broken PMT descriptor! size 58, desc size 48 but position 45                                                                                                
[MPEG-2 TS] PID 4144 reused across programs 18247 and 18247, not completely supported                                                                       
[MPEG-2 TS] Invalid PMT es descriptor size for PID 4351                                                                                                     
[MPEG-2 TS] TS Packet 44 does not start with sync marker                                                                                                    
Unknown registration descriptor 0001B                                                                                                                       
Broken PMT descriptor! size 58, desc size 48 but position 30                                                                                                
MORE sections on pid 4144                                                                                                                                   
Broken PMT descriptor! size 58, desc size 48 but position 35                                                                                                
[MPEG-2 TS] PID 4144 reused across programs 18247 and 18247, not completely supported                                                                       
MORE sections on pid 4144                                                                                                                                   
Broken PMT descriptor! size 58, desc size 48 but position 40                                                                                                
[MPEG-2 TS] PID 4144 reused across programs 18247 and 18247, not completely supported                                                                       
MORE sections on pid 4144                                                                                                                                   
Broken PMT descriptor! size 58, desc size 48 but position 45                                                                                                
[MPEG-2 TS] PID 4144 reused across programs 18247 and 18247, not completely supported                                                                       
[MPEG-2 TS] Invalid PMT es descriptor size for PID 4351                                                                                                     
[M2TSDmx] Unknown stream(s) skipped, use --upes to enable                                                                                                   
[Dasher] No template assigned, using $File$_dash$FS$$Number$                                                                                                
[Dasher] No bitrate property assigned to PID P18247V2, computing from bitstream                                                                             
[MPEG-2 TS] TS Packet 44 does not start with sync marker                                                                                                    
[MPEG-2 TS] PID 4144 invalid PES startcode 303030                                                                                                           
[RFC6381]  Cannot find HEVC config, using default lhv1                                                                                                      
AddressSanitizer:DEADLYSIGNAL                                                                                                                               
=================================================================
==365990==ERROR: AddressSanitizer: stack-overflow on address 0x7ffe60d9dfd8 (pc 0x7f0ff59214c7 bp 0x7ffe60d9e820 sp 0x7ffe60d9dfd0 T0)
    #0 0x7f0ff59214c7 in memmove ../../../../src/libsanitizer/sanitizer_common/sanitizer_common_interceptors_memintrinsics.inc:100                          
    #1 0x7f0ff3d51e50 in gf_list_insert utils/list.c:718
    #2 0x7f0ff49b7191 in dasher_gather_deps filters/dasher.c:3776
    #3 0x7f0ff49b7343 in dasher_gather_deps filters/dasher.c:3777
    #4 0x7f0ff49b7343 in dasher_gather_deps filters/dasher.c:3777
    #5 0x7f0ff49b7343 in dasher_gather_deps filters/dasher.c:3777
    #6 0x7f0ff49b7343 in dasher_gather_deps filters/dasher.c:3777
    #7 0x7f0ff49b7343 in dasher_gather_deps filters/dasher.c:3777
    #8 0x7f0ff49b7343 in dasher_gather_deps filters/dasher.c:3777
    #9 0x7f0ff49b7343 in dasher_gather_deps filters/dasher.c:3777
    #10 0x7f0ff49b7343 in dasher_gather_deps filters/dasher.c:3777
    #11 0x7f0ff49b7343 in dasher_gather_deps filters/dasher.c:3777
    #12 0x7f0ff49b7343 in dasher_gather_deps filters/dasher.c:3777
    #13 0x7f0ff49b7343 in dasher_gather_deps filters/dasher.c:3777
    #14 0x7f0ff49b7343 in dasher_gather_deps filters/dasher.c:3777
    #15 0x7f0ff49b7343 in dasher_gather_deps filters/dasher.c:3777
    #16 0x7f0ff49b7343 in dasher_gather_deps filters/dasher.c:3777
    #17 0x7f0ff49b7343 in dasher_gather_deps filters/dasher.c:3777
    #18 0x7f0ff49b7343 in dasher_gather_deps filters/dasher.c:3777
    #19 0x7f0ff49b7343 in dasher_gather_deps filters/dasher.c:3777
    #20 0x7f0ff49b7343 in dasher_gather_deps filters/dasher.c:3777
    #21 0x7f0ff49b7343 in dasher_gather_deps filters/dasher.c:3777
    #22 0x7f0ff49b7343 in dasher_gather_deps filters/dasher.c:3777
    #23 0x7f0ff49b7343 in dasher_gather_deps filters/dasher.c:3777
    #24 0x7f0ff49b7343 in dasher_gather_deps filters/dasher.c:3777
    #25 0x7f0ff49b7343 in dasher_gather_deps filters/dasher.c:3777
    #26 0x7f0ff49b7343 in dasher_gather_deps filters/dasher.c:3777
    #27 0x7f0ff49b7343 in dasher_gather_deps filters/dasher.c:3777
    #28 0x7f0ff49b7343 in dasher_gather_deps filters/dasher.c:3777
    #29 0x7f0ff49b7343 in dasher_gather_deps filters/dasher.c:3777
    #30 0x7f0ff49b7343 in dasher_gather_deps filters/dasher.c:3777
    #31 0x7f0ff49b7343 in dasher_gather_deps filters/dasher.c:3777
    #32 0x7f0ff49b7343 in dasher_gather_deps filters/dasher.c:3777
    #33 0x7f0ff49b7343 in dasher_gather_deps filters/dasher.c:3777
    #34 0x7f0ff49b7343 in dasher_gather_deps filters/dasher.c:3777
    #35 0x7f0ff49b7343 in dasher_gather_deps filters/dasher.c:3777
    #36 0x7f0ff49b7343 in dasher_gather_deps filters/dasher.c:3777
    #37 0x7f0ff49b7343 in dasher_gather_deps filters/dasher.c:3777
    #38 0x7f0ff49b7343 in dasher_gather_deps filters/dasher.c:3777
    #39 0x7f0ff49b7343 in dasher_gather_deps filters/dasher.c:3777
    #40 0x7f0ff49b7343 in dasher_gather_deps filters/dasher.c:3777
    #41 0x7f0ff49b7343 in dasher_gather_deps filters/dasher.c:3777
    #42 0x7f0ff49b7343 in dasher_gather_deps filters/dasher.c:3777
    #43 0x7f0ff49b7343 in dasher_gather_deps filters/dasher.c:3777
    #44 0x7f0ff49b7343 in dasher_gather_deps filters/dasher.c:3777
    #45 0x7f0ff49b7343 in dasher_gather_deps filters/dasher.c:3777
    #46 0x7f0ff49b7343 in dasher_gather_deps filters/dasher.c:3777
    #47 0x7f0ff49b7343 in dasher_gather_deps filters/dasher.c:3777
    #48 0x7f0ff49b7343 in dasher_gather_deps filters/dasher.c:3777
    #49 0x7f0ff49b7343 in dasher_gather_deps filters/dasher.c:3777
    #50 0x7f0ff49b7343 in dasher_gather_deps filters/dasher.c:3777
    #51 0x7f0ff49b7343 in dasher_gather_deps filters/dasher.c:3777
    #52 0x7f0ff49b7343 in dasher_gather_deps filters/dasher.c:3777
    #53 0x7f0ff49b7343 in dasher_gather_deps filters/dasher.c:3777
    #54 0x7f0ff49b7343 in dasher_gather_deps filters/dasher.c:3777
    #55 0x7f0ff49b7343 in dasher_gather_deps filters/dasher.c:3777
    #56 0x7f0ff49b7343 in dasher_gather_deps filters/dasher.c:3777
    #57 0x7f0ff49b7343 in dasher_gather_deps filters/dasher.c:3777
    #58 0x7f0ff49b7343 in dasher_gather_deps filters/dasher.c:3777
    #59 0x7f0ff49b7343 in dasher_gather_deps filters/dasher.c:3777
    #60 0x7f0ff49b7343 in dasher_gather_deps filters/dasher.c:3777
    #61 0x7f0ff49b7343 in dasher_gather_deps filters/dasher.c:3777
    #62 0x7f0ff49b7343 in dasher_gather_deps filters/dasher.c:3777
    #63 0x7f0ff49b7343 in dasher_gather_deps filters/dasher.c:3777
    #64 0x7f0ff49b7343 in dasher_gather_deps filters/dasher.c:3777
    #65 0x7f0ff49b7343 in dasher_gather_deps filters/dasher.c:3777
    #66 0x7f0ff49b7343 in dasher_gather_deps filters/dasher.c:3777
    #67 0x7f0ff49b7343 in dasher_gather_deps filters/dasher.c:3777
    #68 0x7f0ff49b7343 in dasher_gather_deps filters/dasher.c:3777
    #69 0x7f0ff49b7343 in dasher_gather_deps filters/dasher.c:3777
    #70 0x7f0ff49b7343 in dasher_gather_deps filters/dasher.c:3777
    #71 0x7f0ff49b7343 in dasher_gather_deps filters/dasher.c:3777
    #72 0x7f0ff49b7343 in dasher_gather_deps filters/dasher.c:3777
    #73 0x7f0ff49b7343 in dasher_gather_deps filters/dasher.c:3777
    #74 0x7f0ff49b7343 in dasher_gather_deps filters/dasher.c:3777
    #75 0x7f0ff49b7343 in dasher_gather_deps filters/dasher.c:3777
    #76 0x7f0ff49b7343 in dasher_gather_deps filters/dasher.c:3777
    #77 0x7f0ff49b7343 in dasher_gather_deps filters/dasher.c:3777
    #78 0x7f0ff49b7343 in dasher_gather_deps filters/dasher.c:3777
    #79 0x7f0ff49b7343 in dasher_gather_deps filters/dasher.c:3777
    #80 0x7f0ff49b7343 in dasher_gather_deps filters/dasher.c:3777
    #81 0x7f0ff49b7343 in dasher_gather_deps filters/dasher.c:3777
    #82 0x7f0ff49b7343 in dasher_gather_deps filters/dasher.c:3777
    #83 0x7f0ff49b7343 in dasher_gather_deps filters/dasher.c:3777
    #84 0x7f0ff49b7343 in dasher_gather_deps filters/dasher.c:3777
    #85 0x7f0ff49b7343 in dasher_gather_deps filters/dasher.c:3777
    #86 0x7f0ff49b7343 in dasher_gather_deps filters/dasher.c:3777
    #87 0x7f0ff49b7343 in dasher_gather_deps filters/dasher.c:3777
    #88 0x7f0ff49b7343 in dasher_gather_deps filters/dasher.c:3777
    #89 0x7f0ff49b7343 in dasher_gather_deps filters/dasher.c:3777
    #90 0x7f0ff49b7343 in dasher_gather_deps filters/dasher.c:3777
    #91 0x7f0ff49b7343 in dasher_gather_deps filters/dasher.c:3777
    #92 0x7f0ff49b7343 in dasher_gather_deps filters/dasher.c:3777
    #93 0x7f0ff49b7343 in dasher_gather_deps filters/dasher.c:3777
    #94 0x7f0ff49b7343 in dasher_gather_deps filters/dasher.c:3777
    #95 0x7f0ff49b7343 in dasher_gather_deps filters/dasher.c:3777
    #96 0x7f0ff49b7343 in dasher_gather_deps filters/dasher.c:3777
    #97 0x7f0ff49b7343 in dasher_gather_deps filters/dasher.c:3777
    #98 0x7f0ff49b7343 in dasher_gather_deps filters/dasher.c:3777
    #99 0x7f0ff49b7343 in dasher_gather_deps filters/dasher.c:3777
    #100 0x7f0ff49b7343 in dasher_gather_deps filters/dasher.c:3777
    #101 0x7f0ff49b7343 in dasher_gather_deps filters/dasher.c:3777
    #102 0x7f0ff49b7343 in dasher_gather_deps filters/dasher.c:3777
    #103 0x7f0ff49b7343 in dasher_gather_deps filters/dasher.c:3777
    #104 0x7f0ff49b7343 in dasher_gather_deps filters/dasher.c:3777
    #105 0x7f0ff49b7343 in dasher_gather_deps filters/dasher.c:3777
    #106 0x7f0ff49b7343 in dasher_gather_deps filters/dasher.c:3777
    #107 0x7f0ff49b7343 in dasher_gather_deps filters/dasher.c:3777
    #108 0x7f0ff49b7343 in dasher_gather_deps filters/dasher.c:3777
    #109 0x7f0ff49b7343 in dasher_gather_deps filters/dasher.c:3777
    #110 0x7f0ff49b7343 in dasher_gather_deps filters/dasher.c:3777
    #111 0x7f0ff49b7343 in dasher_gather_deps filters/dasher.c:3777
    #112 0x7f0ff49b7343 in dasher_gather_deps filters/dasher.c:3777
    #113 0x7f0ff49b7343 in dasher_gather_deps filters/dasher.c:3777
    #114 0x7f0ff49b7343 in dasher_gather_deps filters/dasher.c:3777
    #115 0x7f0ff49b7343 in dasher_gather_deps filters/dasher.c:3777
    #116 0x7f0ff49b7343 in dasher_gather_deps filters/dasher.c:3777
    #117 0x7f0ff49b7343 in dasher_gather_deps filters/dasher.c:3777
    #118 0x7f0ff49b7343 in dasher_gather_deps filters/dasher.c:3777
    #119 0x7f0ff49b7343 in dasher_gather_deps filters/dasher.c:3777
    #120 0x7f0ff49b7343 in dasher_gather_deps filters/dasher.c:3777
    #121 0x7f0ff49b7343 in dasher_gather_deps filters/dasher.c:3777
    #122 0x7f0ff49b7343 in dasher_gather_deps filters/dasher.c:3777
    #123 0x7f0ff49b7343 in dasher_gather_deps filters/dasher.c:3777
    #124 0x7f0ff49b7343 in dasher_gather_deps filters/dasher.c:3777
    #125 0x7f0ff49b7343 in dasher_gather_deps filters/dasher.c:3777
    #126 0x7f0ff49b7343 in dasher_gather_deps filters/dasher.c:3777
    #127 0x7f0ff49b7343 in dasher_gather_deps filters/dasher.c:3777
    #128 0x7f0ff49b7343 in dasher_gather_deps filters/dasher.c:3777
    #129 0x7f0ff49b7343 in dasher_gather_deps filters/dasher.c:3777
    #130 0x7f0ff49b7343 in dasher_gather_deps filters/dasher.c:3777
    #131 0x7f0ff49b7343 in dasher_gather_deps filters/dasher.c:3777
    #132 0x7f0ff49b7343 in dasher_gather_deps filters/dasher.c:3777
    #133 0x7f0ff49b7343 in dasher_gather_deps filters/dasher.c:3777
    #134 0x7f0ff49b7343 in dasher_gather_deps filters/dasher.c:3777
    #135 0x7f0ff49b7343 in dasher_gather_deps filters/dasher.c:3777
    #136 0x7f0ff49b7343 in dasher_gather_deps filters/dasher.c:3777
    #137 0x7f0ff49b7343 in dasher_gather_deps filters/dasher.c:3777
    #138 0x7f0ff49b7343 in dasher_gather_deps filters/dasher.c:3777
    #139 0x7f0ff49b7343 in dasher_gather_deps filters/dasher.c:3777
    #140 0x7f0ff49b7343 in dasher_gather_deps filters/dasher.c:3777
    #141 0x7f0ff49b7343 in dasher_gather_deps filters/dasher.c:3777
    #142 0x7f0ff49b7343 in dasher_gather_deps filters/dasher.c:3777
    #143 0x7f0ff49b7343 in dasher_gather_deps filters/dasher.c:3777
    #144 0x7f0ff49b7343 in dasher_gather_deps filters/dasher.c:3777
    #145 0x7f0ff49b7343 in dasher_gather_deps filters/dasher.c:3777
    #146 0x7f0ff49b7343 in dasher_gather_deps filters/dasher.c:3777
    #147 0x7f0ff49b7343 in dasher_gather_deps filters/dasher.c:3777
    #148 0x7f0ff49b7343 in dasher_gather_deps filters/dasher.c:3777
    #149 0x7f0ff49b7343 in dasher_gather_deps filters/dasher.c:3777
    #150 0x7f0ff49b7343 in dasher_gather_deps filters/dasher.c:3777
    #151 0x7f0ff49b7343 in dasher_gather_deps filters/dasher.c:3777
    #152 0x7f0ff49b7343 in dasher_gather_deps filters/dasher.c:3777
    #153 0x7f0ff49b7343 in dasher_gather_deps filters/dasher.c:3777
    #154 0x7f0ff49b7343 in dasher_gather_deps filters/dasher.c:3777
    #155 0x7f0ff49b7343 in dasher_gather_deps filters/dasher.c:3777
    #156 0x7f0ff49b7343 in dasher_gather_deps filters/dasher.c:3777
    #157 0x7f0ff49b7343 in dasher_gather_deps filters/dasher.c:3777
    #158 0x7f0ff49b7343 in dasher_gather_deps filters/dasher.c:3777
    #159 0x7f0ff49b7343 in dasher_gather_deps filters/dasher.c:3777
    #160 0x7f0ff49b7343 in dasher_gather_deps filters/dasher.c:3777
    #161 0x7f0ff49b7343 in dasher_gather_deps filters/dasher.c:3777
    #162 0x7f0ff49b7343 in dasher_gather_deps filters/dasher.c:3777
    #163 0x7f0ff49b7343 in dasher_gather_deps filters/dasher.c:3777
    #164 0x7f0ff49b7343 in dasher_gather_deps filters/dasher.c:3777
    #165 0x7f0ff49b7343 in dasher_gather_deps filters/dasher.c:3777
    #166 0x7f0ff49b7343 in dasher_gather_deps filters/dasher.c:3777
    #167 0x7f0ff49b7343 in dasher_gather_deps filters/dasher.c:3777
    #168 0x7f0ff49b7343 in dasher_gather_deps filters/dasher.c:3777
    #169 0x7f0ff49b7343 in dasher_gather_deps filters/dasher.c:3777
    #170 0x7f0ff49b7343 in dasher_gather_deps filters/dasher.c:3777
    #171 0x7f0ff49b7343 in dasher_gather_deps filters/dasher.c:3777
    #172 0x7f0ff49b7343 in dasher_gather_deps filters/dasher.c:3777
    #173 0x7f0ff49b7343 in dasher_gather_deps filters/dasher.c:3777
    #174 0x7f0ff49b7343 in dasher_gather_deps filters/dasher.c:3777
    #175 0x7f0ff49b7343 in dasher_gather_deps filters/dasher.c:3777
    #176 0x7f0ff49b7343 in dasher_gather_deps filters/dasher.c:3777
    #177 0x7f0ff49b7343 in dasher_gather_deps filters/dasher.c:3777
    #178 0x7f0ff49b7343 in dasher_gather_deps filters/dasher.c:3777
    #179 0x7f0ff49b7343 in dasher_gather_deps filters/dasher.c:3777
    #180 0x7f0ff49b7343 in dasher_gather_deps filters/dasher.c:3777
    #181 0x7f0ff49b7343 in dasher_gather_deps filters/dasher.c:3777
    #182 0x7f0ff49b7343 in dasher_gather_deps filters/dasher.c:3777
    #183 0x7f0ff49b7343 in dasher_gather_deps filters/dasher.c:3777
    #184 0x7f0ff49b7343 in dasher_gather_deps filters/dasher.c:3777
    #185 0x7f0ff49b7343 in dasher_gather_deps filters/dasher.c:3777
    #186 0x7f0ff49b7343 in dasher_gather_deps filters/dasher.c:3777
    #187 0x7f0ff49b7343 in dasher_gather_deps filters/dasher.c:3777
    #188 0x7f0ff49b7343 in dasher_gather_deps filters/dasher.c:3777
    #189 0x7f0ff49b7343 in dasher_gather_deps filters/dasher.c:3777
    #190 0x7f0ff49b7343 in dasher_gather_deps filters/dasher.c:3777
    #191 0x7f0ff49b7343 in dasher_gather_deps filters/dasher.c:3777
    #192 0x7f0ff49b7343 in dasher_gather_deps filters/dasher.c:3777
    #193 0x7f0ff49b7343 in dasher_gather_deps filters/dasher.c:3777
    #194 0x7f0ff49b7343 in dasher_gather_deps filters/dasher.c:3777
    #195 0x7f0ff49b7343 in dasher_gather_deps filters/dasher.c:3777
    #196 0x7f0ff49b7343 in dasher_gather_deps filters/dasher.c:3777
    #197 0x7f0ff49b7343 in dasher_gather_deps filters/dasher.c:3777
    #198 0x7f0ff49b7343 in dasher_gather_deps filters/dasher.c:3777
    #199 0x7f0ff49b7343 in dasher_gather_deps filters/dasher.c:3777
    #200 0x7f0ff49b7343 in dasher_gather_deps filters/dasher.c:3777
    #201 0x7f0ff49b7343 in dasher_gather_deps filters/dasher.c:3777
    #202 0x7f0ff49b7343 in dasher_gather_deps filters/dasher.c:3777
    #203 0x7f0ff49b7343 in dasher_gather_deps filters/dasher.c:3777
    #204 0x7f0ff49b7343 in dasher_gather_deps filters/dasher.c:3777
    #205 0x7f0ff49b7343 in dasher_gather_deps filters/dasher.c:3777
    #206 0x7f0ff49b7343 in dasher_gather_deps filters/dasher.c:3777
    #207 0x7f0ff49b7343 in dasher_gather_deps filters/dasher.c:3777
    #208 0x7f0ff49b7343 in dasher_gather_deps filters/dasher.c:3777
    #209 0x7f0ff49b7343 in dasher_gather_deps filters/dasher.c:3777
    #210 0x7f0ff49b7343 in dasher_gather_deps filters/dasher.c:3777
    #211 0x7f0ff49b7343 in dasher_gather_deps filters/dasher.c:3777
    #212 0x7f0ff49b7343 in dasher_gather_deps filters/dasher.c:3777
    #213 0x7f0ff49b7343 in dasher_gather_deps filters/dasher.c:3777
    #214 0x7f0ff49b7343 in dasher_gather_deps filters/dasher.c:3777
    #215 0x7f0ff49b7343 in dasher_gather_deps filters/dasher.c:3777
    #216 0x7f0ff49b7343 in dasher_gather_deps filters/dasher.c:3777
    #217 0x7f0ff49b7343 in dasher_gather_deps filters/dasher.c:3777
    #218 0x7f0ff49b7343 in dasher_gather_deps filters/dasher.c:3777
    #219 0x7f0ff49b7343 in dasher_gather_deps filters/dasher.c:3777
    #220 0x7f0ff49b7343 in dasher_gather_deps filters/dasher.c:3777
    #221 0x7f0ff49b7343 in dasher_gather_deps filters/dasher.c:3777
    #222 0x7f0ff49b7343 in dasher_gather_deps filters/dasher.c:3777
    #223 0x7f0ff49b7343 in dasher_gather_deps filters/dasher.c:3777
    #224 0x7f0ff49b7343 in dasher_gather_deps filters/dasher.c:3777
    #225 0x7f0ff49b7343 in dasher_gather_deps filters/dasher.c:3777
    #226 0x7f0ff49b7343 in dasher_gather_deps filters/dasher.c:3777
    #227 0x7f0ff49b7343 in dasher_gather_deps filters/dasher.c:3777
    #228 0x7f0ff49b7343 in dasher_gather_deps filters/dasher.c:3777
    #229 0x7f0ff49b7343 in dasher_gather_deps filters/dasher.c:3777
    #230 0x7f0ff49b7343 in dasher_gather_deps filters/dasher.c:3777
    #231 0x7f0ff49b7343 in dasher_gather_deps filters/dasher.c:3777
    #232 0x7f0ff49b7343 in dasher_gather_deps filters/dasher.c:3777
    #233 0x7f0ff49b7343 in dasher_gather_deps filters/dasher.c:3777
    #234 0x7f0ff49b7343 in dasher_gather_deps filters/dasher.c:3777
    #235 0x7f0ff49b7343 in dasher_gather_deps filters/dasher.c:3777
    #236 0x7f0ff49b7343 in dasher_gather_deps filters/dasher.c:3777
    #237 0x7f0ff49b7343 in dasher_gather_deps filters/dasher.c:3777
    #238 0x7f0ff49b7343 in dasher_gather_deps filters/dasher.c:3777
    #239 0x7f0ff49b7343 in dasher_gather_deps filters/dasher.c:3777
    #240 0x7f0ff49b7343 in dasher_gather_deps filters/dasher.c:3777
    #241 0x7f0ff49b7343 in dasher_gather_deps filters/dasher.c:3777
    #242 0x7f0ff49b7343 in dasher_gather_deps filters/dasher.c:3777
    #243 0x7f0ff49b7343 in dasher_gather_deps filters/dasher.c:3777
    #244 0x7f0ff49b7343 in dasher_gather_deps filters/dasher.c:3777
    #245 0x7f0ff49b7343 in dasher_gather_deps filters/dasher.c:3777
    #246 0x7f0ff49b7343 in dasher_gather_deps filters/dasher.c:3777
    #247 0x7f0ff49b7343 in dasher_gather_deps filters/dasher.c:3777
    #248 0x7f0ff49b7343 in dasher_gather_deps filters/dasher.c:3777
    #249 0x7f0ff49b7343 in dasher_gather_deps filters/dasher.c:3777
    #250 0x7f0ff49b7343 in dasher_gather_deps filters/dasher.c:3777
    #251 0x7f0ff49b7343 in dasher_gather_deps filters/dasher.c:3777
    #252 0x7f0ff49b7343 in dasher_gather_deps filters/dasher.c:3777
    #253 0x7f0ff49b7343 in dasher_gather_deps filters/dasher.c:3777
    #254 0x7f0ff49b7343 in dasher_gather_deps filters/dasher.c:3777
    #255 0x7f0ff49b7343 in dasher_gather_deps filters/dasher.c:3777
    #256 0x7f0ff49b7343 in dasher_gather_deps filters/dasher.c:3777
    #257 0x7f0ff49b7343 in dasher_gather_deps filters/dasher.c:3777
    #258 0x7f0ff49b7343 in dasher_gather_deps filters/dasher.c:3777
    #259 0x7f0ff49b7343 in dasher_gather_deps filters/dasher.c:3777
    #260 0x7f0ff49b7343 in dasher_gather_deps filters/dasher.c:3777
    #261 0x7f0ff49b7343 in dasher_gather_deps filters/dasher.c:3777
    #262 0x7f0ff49b7343 in dasher_gather_deps filters/dasher.c:3777
    #263 0x7f0ff49b7343 in dasher_gather_deps filters/dasher.c:3777
    #264 0x7f0ff49b7343 in dasher_gather_deps filters/dasher.c:3777
    #265 0x7f0ff49b7343 in dasher_gather_deps filters/dasher.c:3777
    #266 0x7f0ff49b7343 in dasher_gather_deps filters/dasher.c:3777
    #267 0x7f0ff49b7343 in dasher_gather_deps filters/dasher.c:3777
    #268 0x7f0ff49b7343 in dasher_gather_deps filters/dasher.c:3777
    #269 0x7f0ff49b7343 in dasher_gather_deps filters/dasher.c:3777
    #270 0x7f0ff49b7343 in dasher_gather_deps filters/dasher.c:3777
    #271 0x7f0ff49b7343 in dasher_gather_deps filters/dasher.c:3777
    #272 0x7f0ff49b7343 in dasher_gather_deps filters/dasher.c:3777
    #273 0x7f0ff49b7343 in dasher_gather_deps filters/dasher.c:3777
    #274 0x7f0ff49b7343 in dasher_gather_deps filters/dasher.c:3777
    #275 0x7f0ff49b7343 in dasher_gather_deps filters/dasher.c:3777
    #276 0x7f0ff49b7343 in dasher_gather_deps filters/dasher.c:3777
    #277 0x7f0ff49b7343 in dasher_gather_deps filters/dasher.c:3777
    #278 0x7f0ff49b7343 in dasher_gather_deps filters/dasher.c:3777
    #279 0x7f0ff49b7343 in dasher_gather_deps filters/dasher.c:3777
    #280 0x7f0ff49b7343 in dasher_gather_deps filters/dasher.c:3777
    #281 0x7f0ff49b7343 in dasher_gather_deps filters/dasher.c:3777
    #282 0x7f0ff49b7343 in dasher_gather_deps filters/dasher.c:3777
    #283 0x7f0ff49b7343 in dasher_gather_deps filters/dasher.c:3777
    #284 0x7f0ff49b7343 in dasher_gather_deps filters/dasher.c:3777
    #285 0x7f0ff49b7343 in dasher_gather_deps filters/dasher.c:3777
    #286 0x7f0ff49b7343 in dasher_gather_deps filters/dasher.c:3777
    #287 0x7f0ff49b7343 in dasher_gather_deps filters/dasher.c:3777
    #288 0x7f0ff49b7343 in dasher_gather_deps filters/dasher.c:3777
    #289 0x7f0ff49b7343 in dasher_gather_deps filters/dasher.c:3777
    #290 0x7f0ff49b7343 in dasher_gather_deps filters/dasher.c:3777
    #291 0x7f0ff49b7343 in dasher_gather_deps filters/dasher.c:3777
    #292 0x7f0ff49b7343 in dasher_gather_deps filters/dasher.c:3777
    #293 0x7f0ff49b7343 in dasher_gather_deps filters/dasher.c:3777
    #294 0x7f0ff49b7343 in dasher_gather_deps filters/dasher.c:3777
    #295 0x7f0ff49b7343 in dasher_gather_deps filters/dasher.c:3777
    #296 0x7f0ff49b7343 in dasher_gather_deps filters/dasher.c:3777
    #297 0x7f0ff49b7343 in dasher_gather_deps filters/dasher.c:3777
    #298 0x7f0ff49b7343 in dasher_gather_deps filters/dasher.c:3777
    #299 0x7f0ff49b7343 in dasher_gather_deps filters/dasher.c:3777
    #300 0x7f0ff49b7343 in dasher_gather_deps filters/dasher.c:3777
    #301 0x7f0ff49b7343 in dasher_gather_deps filters/dasher.c:3777
    #302 0x7f0ff49b7343 in dasher_gather_deps filters/dasher.c:3777
    #303 0x7f0ff49b7343 in dasher_gather_deps filters/dasher.c:3777
    #304 0x7f0ff49b7343 in dasher_gather_deps filters/dasher.c:3777
    #305 0x7f0ff49b7343 in dasher_gather_deps filters/dasher.c:3777
    #306 0x7f0ff49b7343 in dasher_gather_deps filters/dasher.c:3777
    #307 0x7f0ff49b7343 in dasher_gather_deps filters/dasher.c:3777
    #308 0x7f0ff49b7343 in dasher_gather_deps filters/dasher.c:3777
    #309 0x7f0ff49b7343 in dasher_gather_deps filters/dasher.c:3777
    #310 0x7f0ff49b7343 in dasher_gather_deps filters/dasher.c:3777
    #311 0x7f0ff49b7343 in dasher_gather_deps filters/dasher.c:3777
    #312 0x7f0ff49b7343 in dasher_gather_deps filters/dasher.c:3777
    #313 0x7f0ff49b7343 in dasher_gather_deps filters/dasher.c:3777
    #314 0x7f0ff49b7343 in dasher_gather_deps filters/dasher.c:3777
    #315 0x7f0ff49b7343 in dasher_gather_deps filters/dasher.c:3777
    #316 0x7f0ff49b7343 in dasher_gather_deps filters/dasher.c:3777
    #317 0x7f0ff49b7343 in dasher_gather_deps filters/dasher.c:3777
    #318 0x7f0ff49b7343 in dasher_gather_deps filters/dasher.c:3777
    #319 0x7f0ff49b7343 in dasher_gather_deps filters/dasher.c:3777
    #320 0x7f0ff49b7343 in dasher_gather_deps filters/dasher.c:3777
    #321 0x7f0ff49b7343 in dasher_gather_deps filters/dasher.c:3777
    #322 0x7f0ff49b7343 in dasher_gather_deps filters/dasher.c:3777
    #323 0x7f0ff49b7343 in dasher_gather_deps filters/dasher.c:3777
    #324 0x7f0ff49b7343 in dasher_gather_deps filters/dasher.c:3777
    #325 0x7f0ff49b7343 in dasher_gather_deps filters/dasher.c:3777
    #326 0x7f0ff49b7343 in dasher_gather_deps filters/dasher.c:3777
    #327 0x7f0ff49b7343 in dasher_gather_deps filters/dasher.c:3777
    #328 0x7f0ff49b7343 in dasher_gather_deps filters/dasher.c:3777
    #329 0x7f0ff49b7343 in dasher_gather_deps filters/dasher.c:3777
    #330 0x7f0ff49b7343 in dasher_gather_deps filters/dasher.c:3777
    #331 0x7f0ff49b7343 in dasher_gather_deps filters/dasher.c:3777
    #332 0x7f0ff49b7343 in dasher_gather_deps filters/dasher.c:3777
    #333 0x7f0ff49b7343 in dasher_gather_deps filters/dasher.c:3777
    #334 0x7f0ff49b7343 in dasher_gather_deps filters/dasher.c:3777
    #335 0x7f0ff49b7343 in dasher_gather_deps filters/dasher.c:3777
    #336 0x7f0ff49b7343 in dasher_gather_deps filters/dasher.c:3777
    #337 0x7f0ff49b7343 in dasher_gather_deps filters/dasher.c:3777
    #338 0x7f0ff49b7343 in dasher_gather_deps filters/dasher.c:3777
    #339 0x7f0ff49b7343 in dasher_gather_deps filters/dasher.c:3777
    #340 0x7f0ff49b7343 in dasher_gather_deps filters/dasher.c:3777
    #341 0x7f0ff49b7343 in dasher_gather_deps filters/dasher.c:3777
    #342 0x7f0ff49b7343 in dasher_gather_deps filters/dasher.c:3777
    #343 0x7f0ff49b7343 in dasher_gather_deps filters/dasher.c:3777
    #344 0x7f0ff49b7343 in dasher_gather_deps filters/dasher.c:3777
    #345 0x7f0ff49b7343 in dasher_gather_deps filters/dasher.c:3777
    #346 0x7f0ff49b7343 in dasher_gather_deps filters/dasher.c:3777
    #347 0x7f0ff49b7343 in dasher_gather_deps filters/dasher.c:3777
    #348 0x7f0ff49b7343 in dasher_gather_deps filters/dasher.c:3777
    #349 0x7f0ff49b7343 in dasher_gather_deps filters/dasher.c:3777
    #350 0x7f0ff49b7343 in dasher_gather_deps filters/dasher.c:3777
    #351 0x7f0ff49b7343 in dasher_gather_deps filters/dasher.c:3777
    #352 0x7f0ff49b7343 in dasher_gather_deps filters/dasher.c:3777
    #353 0x7f0ff49b7343 in dasher_gather_deps filters/dasher.c:3777
    #354 0x7f0ff49b7343 in dasher_gather_deps filters/dasher.c:3777
    #355 0x7f0ff49b7343 in dasher_gather_deps filters/dasher.c:3777
    #356 0x7f0ff49b7343 in dasher_gather_deps filters/dasher.c:3777
    #357 0x7f0ff49b7343 in dasher_gather_deps filters/dasher.c:3777
    #358 0x7f0ff49b7343 in dasher_gather_deps filters/dasher.c:3777
    #359 0x7f0ff49b7343 in dasher_gather_deps filters/dasher.c:3777
    #360 0x7f0ff49b7343 in dasher_gather_deps filters/dasher.c:3777
    #361 0x7f0ff49b7343 in dasher_gather_deps filters/dasher.c:3777
    #362 0x7f0ff49b7343 in dasher_gather_deps filters/dasher.c:3777
    #363 0x7f0ff49b7343 in dasher_gather_deps filters/dasher.c:3777
    #364 0x7f0ff49b7343 in dasher_gather_deps filters/dasher.c:3777
    #365 0x7f0ff49b7343 in dasher_gather_deps filters/dasher.c:3777
    #366 0x7f0ff49b7343 in dasher_gather_deps filters/dasher.c:3777
    #367 0x7f0ff49b7343 in dasher_gather_deps filters/dasher.c:3777
    #368 0x7f0ff49b7343 in dasher_gather_deps filters/dasher.c:3777
    #369 0x7f0ff49b7343 in dasher_gather_deps filters/dasher.c:3777
    #370 0x7f0ff49b7343 in dasher_gather_deps filters/dasher.c:3777
    #371 0x7f0ff49b7343 in dasher_gather_deps filters/dasher.c:3777
    #372 0x7f0ff49b7343 in dasher_gather_deps filters/dasher.c:3777
    #373 0x7f0ff49b7343 in dasher_gather_deps filters/dasher.c:3777
    #374 0x7f0ff49b7343 in dasher_gather_deps filters/dasher.c:3777
    #375 0x7f0ff49b7343 in dasher_gather_deps filters/dasher.c:3777
    #376 0x7f0ff49b7343 in dasher_gather_deps filters/dasher.c:3777
    #377 0x7f0ff49b7343 in dasher_gather_deps filters/dasher.c:3777
    #378 0x7f0ff49b7343 in dasher_gather_deps filters/dasher.c:3777
    #379 0x7f0ff49b7343 in dasher_gather_deps filters/dasher.c:3777
    #380 0x7f0ff49b7343 in dasher_gather_deps filters/dasher.c:3777
    #381 0x7f0ff49b7343 in dasher_gather_deps filters/dasher.c:3777
    #382 0x7f0ff49b7343 in dasher_gather_deps filters/dasher.c:3777
    #383 0x7f0ff49b7343 in dasher_gather_deps filters/dasher.c:3777
    #384 0x7f0ff49b7343 in dasher_gather_deps filters/dasher.c:3777
    #385 0x7f0ff49b7343 in dasher_gather_deps filters/dasher.c:3777
    #386 0x7f0ff49b7343 in dasher_gather_deps filters/dasher.c:3777
    #387 0x7f0ff49b7343 in dasher_gather_deps filters/dasher.c:3777
    #388 0x7f0ff49b7343 in dasher_gather_deps filters/dasher.c:3777
    #389 0x7f0ff49b7343 in dasher_gather_deps filters/dasher.c:3777
    #390 0x7f0ff49b7343 in dasher_gather_deps filters/dasher.c:3777
    #391 0x7f0ff49b7343 in dasher_gather_deps filters/dasher.c:3777
    #392 0x7f0ff49b7343 in dasher_gather_deps filters/dasher.c:3777
    #393 0x7f0ff49b7343 in dasher_gather_deps filters/dasher.c:3777
    #394 0x7f0ff49b7343 in dasher_gather_deps filters/dasher.c:3777
    #395 0x7f0ff49b7343 in dasher_gather_deps filters/dasher.c:3777
    #396 0x7f0ff49b7343 in dasher_gather_deps filters/dasher.c:3777
    #397 0x7f0ff49b7343 in dasher_gather_deps filters/dasher.c:3777
    #398 0x7f0ff49b7343 in dasher_gather_deps filters/dasher.c:3777
    #399 0x7f0ff49b7343 in dasher_gather_deps filters/dasher.c:3777
    #400 0x7f0ff49b7343 in dasher_gather_deps filters/dasher.c:3777
    #401 0x7f0ff49b7343 in dasher_gather_deps filters/dasher.c:3777
    #402 0x7f0ff49b7343 in dasher_gather_deps filters/dasher.c:3777
    #403 0x7f0ff49b7343 in dasher_gather_deps filters/dasher.c:3777
    #404 0x7f0ff49b7343 in dasher_gather_deps filters/dasher.c:3777
    #405 0x7f0ff49b7343 in dasher_gather_deps filters/dasher.c:3777
    #406 0x7f0ff49b7343 in dasher_gather_deps filters/dasher.c:3777
    #407 0x7f0ff49b7343 in dasher_gather_deps filters/dasher.c:3777
    #408 0x7f0ff49b7343 in dasher_gather_deps filters/dasher.c:3777
    #409 0x7f0ff49b7343 in dasher_gather_deps filters/dasher.c:3777
    #410 0x7f0ff49b7343 in dasher_gather_deps filters/dasher.c:3777
    #411 0x7f0ff49b7343 in dasher_gather_deps filters/dasher.c:3777
    #412 0x7f0ff49b7343 in dasher_gather_deps filters/dasher.c:3777
    #413 0x7f0ff49b7343 in dasher_gather_deps filters/dasher.c:3777
    #414 0x7f0ff49b7343 in dasher_gather_deps filters/dasher.c:3777
    #415 0x7f0ff49b7343 in dasher_gather_deps filters/dasher.c:3777
    #416 0x7f0ff49b7343 in dasher_gather_deps filters/dasher.c:3777
    #417 0x7f0ff49b7343 in dasher_gather_deps filters/dasher.c:3777
    #418 0x7f0ff49b7343 in dasher_gather_deps filters/dasher.c:3777
    #419 0x7f0ff49b7343 in dasher_gather_deps filters/dasher.c:3777
    #420 0x7f0ff49b7343 in dasher_gather_deps filters/dasher.c:3777
    #421 0x7f0ff49b7343 in dasher_gather_deps filters/dasher.c:3777
    #422 0x7f0ff49b7343 in dasher_gather_deps filters/dasher.c:3777
    #423 0x7f0ff49b7343 in dasher_gather_deps filters/dasher.c:3777
    #424 0x7f0ff49b7343 in dasher_gather_deps filters/dasher.c:3777
    #425 0x7f0ff49b7343 in dasher_gather_deps filters/dasher.c:3777
    #426 0x7f0ff49b7343 in dasher_gather_deps filters/dasher.c:3777
    #427 0x7f0ff49b7343 in dasher_gather_deps filters/dasher.c:3777
    #428 0x7f0ff49b7343 in dasher_gather_deps filters/dasher.c:3777
    #429 0x7f0ff49b7343 in dasher_gather_deps filters/dasher.c:3777
    #430 0x7f0ff49b7343 in dasher_gather_deps filters/dasher.c:3777
    #431 0x7f0ff49b7343 in dasher_gather_deps filters/dasher.c:3777
    #432 0x7f0ff49b7343 in dasher_gather_deps filters/dasher.c:3777
    #433 0x7f0ff49b7343 in dasher_gather_deps filters/dasher.c:3777
    #434 0x7f0ff49b7343 in dasher_gather_deps filters/dasher.c:3777
    #435 0x7f0ff49b7343 in dasher_gather_deps filters/dasher.c:3777
    #436 0x7f0ff49b7343 in dasher_gather_deps filters/dasher.c:3777
    #437 0x7f0ff49b7343 in dasher_gather_deps filters/dasher.c:3777
    #438 0x7f0ff49b7343 in dasher_gather_deps filters/dasher.c:3777
    #439 0x7f0ff49b7343 in dasher_gather_deps filters/dasher.c:3777
    #440 0x7f0ff49b7343 in dasher_gather_deps filters/dasher.c:3777
    #441 0x7f0ff49b7343 in dasher_gather_deps filters/dasher.c:3777
    #442 0x7f0ff49b7343 in dasher_gather_deps filters/dasher.c:3777
    #443 0x7f0ff49b7343 in dasher_gather_deps filters/dasher.c:3777
    #444 0x7f0ff49b7343 in dasher_gather_deps filters/dasher.c:3777
    #445 0x7f0ff49b7343 in dasher_gather_deps filters/dasher.c:3777
    #446 0x7f0ff49b7343 in dasher_gather_deps filters/dasher.c:3777
    #447 0x7f0ff49b7343 in dasher_gather_deps filters/dasher.c:3777
    #448 0x7f0ff49b7343 in dasher_gather_deps filters/dasher.c:3777
    #449 0x7f0ff49b7343 in dasher_gather_deps filters/dasher.c:3777
    #450 0x7f0ff49b7343 in dasher_gather_deps filters/dasher.c:3777
    #451 0x7f0ff49b7343 in dasher_gather_deps filters/dasher.c:3777
    #452 0x7f0ff49b7343 in dasher_gather_deps filters/dasher.c:3777
    #453 0x7f0ff49b7343 in dasher_gather_deps filters/dasher.c:3777
    #454 0x7f0ff49b7343 in dasher_gather_deps filters/dasher.c:3777
    #455 0x7f0ff49b7343 in dasher_gather_deps filters/dasher.c:3777
    #456 0x7f0ff49b7343 in dasher_gather_deps filters/dasher.c:3777
    #457 0x7f0ff49b7343 in dasher_gather_deps filters/dasher.c:3777
    #458 0x7f0ff49b7343 in dasher_gather_deps filters/dasher.c:3777
    #459 0x7f0ff49b7343 in dasher_gather_deps filters/dasher.c:3777
    #460 0x7f0ff49b7343 in dasher_gather_deps filters/dasher.c:3777
    #461 0x7f0ff49b7343 in dasher_gather_deps filters/dasher.c:3777
    #462 0x7f0ff49b7343 in dasher_gather_deps filters/dasher.c:3777
    #463 0x7f0ff49b7343 in dasher_gather_deps filters/dasher.c:3777
    #464 0x7f0ff49b7343 in dasher_gather_deps filters/dasher.c:3777
    #465 0x7f0ff49b7343 in dasher_gather_deps filters/dasher.c:3777
    #466 0x7f0ff49b7343 in dasher_gather_deps filters/dasher.c:3777
    #467 0x7f0ff49b7343 in dasher_gather_deps filters/dasher.c:3777
    #468 0x7f0ff49b7343 in dasher_gather_deps filters/dasher.c:3777
    #469 0x7f0ff49b7343 in dasher_gather_deps filters/dasher.c:3777
    #470 0x7f0ff49b7343 in dasher_gather_deps filters/dasher.c:3777
    #471 0x7f0ff49b7343 in dasher_gather_deps filters/dasher.c:3777
    #472 0x7f0ff49b7343 in dasher_gather_deps filters/dasher.c:3777
    #473 0x7f0ff49b7343 in dasher_gather_deps filters/dasher.c:3777
    #474 0x7f0ff49b7343 in dasher_gather_deps filters/dasher.c:3777
    #475 0x7f0ff49b7343 in dasher_gather_deps filters/dasher.c:3777
    #476 0x7f0ff49b7343 in dasher_gather_deps filters/dasher.c:3777
    #477 0x7f0ff49b7343 in dasher_gather_deps filters/dasher.c:3777
    #478 0x7f0ff49b7343 in dasher_gather_deps filters/dasher.c:3777
    #479 0x7f0ff49b7343 in dasher_gather_deps filters/dasher.c:3777
    #480 0x7f0ff49b7343 in dasher_gather_deps filters/dasher.c:3777
    #481 0x7f0ff49b7343 in dasher_gather_deps filters/dasher.c:3777
    #482 0x7f0ff49b7343 in dasher_gather_deps filters/dasher.c:3777
    #483 0x7f0ff49b7343 in dasher_gather_deps filters/dasher.c:3777
    #484 0x7f0ff49b7343 in dasher_gather_deps filters/dasher.c:3777
    #485 0x7f0ff49b7343 in dasher_gather_deps filters/dasher.c:3777
    #486 0x7f0ff49b7343 in dasher_gather_deps filters/dasher.c:3777
    #487 0x7f0ff49b7343 in dasher_gather_deps filters/dasher.c:3777
    #488 0x7f0ff49b7343 in dasher_gather_deps filters/dasher.c:3777
    #489 0x7f0ff49b7343 in dasher_gather_deps filters/dasher.c:3777
    #490 0x7f0ff49b7343 in dasher_gather_deps filters/dasher.c:3777

SUMMARY: AddressSanitizer: stack-overflow utils/list.c:718 in gf_list_insert
==365990==ABORTING
                   