==98604==Registered root region at 0x7f5045001e80 of size 128
==98604==Registered root region at 0x7f5044c007a0 of size 32
==98604==Unregistered root region at 0x7f5045001e80 of size 128
==98604==Unregistered root region at 0x7f5044c007a0 of size 32
==98604==AddressSanitizer: failed to intercept '__isoc99_printf'
==98604==Registered root region at 0x7f5045001e80 of size 128
==98604==Registered root region at 0x7f5044c007a0 of size 32
==98604==Unregistered root region at 0x7f5045001e80 of size 128
==98604==Unregistered root region at 0x7f5044c007a0 of size 32
==98604==AddressSanitizer: failed to intercept '__isoc99_sprintf'
==98604==Registered root region at 0x7f5045001e80 of size 128
==98604==Registered root region at 0x7f5044c007a0 of size 32
==98604==Unregistered root region at 0x7f5045001e80 of size 128
==98604==Unregistered root region at 0x7f5044c007a0 of size 32
==98604==AddressSanitizer: failed to intercept '__isoc99_snprintf'
==98604==Registered root region at 0x7f5045001e80 of size 128
==98604==Registered root region at 0x7f5044c007a0 of size 32
==98604==Unregistered root region at 0x7f5045001e80 of size 128
==98604==Unregistered root region at 0x7f5044c007a0 of size 32
==98604==AddressSanitizer: failed to intercept '__isoc99_fprintf'
==98604==Registered root region at 0x7f5045001e80 of size 128
==98604==Registered root region at 0x7f5044c007a0 of size 32
==98604==Unregistered root region at 0x7f5045001e80 of size 128
==98604==Unregistered root region at 0x7f5044c007a0 of size 32
==98604==AddressSanitizer: failed to intercept '__isoc99_vprintf'
==98604==Registered root region at 0x7f5045001e80 of size 128
==98604==Registered root region at 0x7f5044c007a0 of size 32
==98604==Unregistered root region at 0x7f5045001e80 of size 128
==98604==Unregistered root region at 0x7f5044c007a0 of size 32
==98604==AddressSanitizer: failed to intercept '__isoc99_vsprintf'
==98604==Registered root region at 0x7f5045001e80 of size 128
==98604==Registered root region at 0x7f5044c007a0 of size 32
==98604==Unregistered root region at 0x7f5045001e80 of size 128
==98604==Unregistered root region at 0x7f5044c007a0 of size 32
==98604==AddressSanitizer: failed to intercept '__isoc99_vsnprintf'
==98604==Registered root region at 0x7f5045001e80 of size 128
==98604==Registered root region at 0x7f5044c007a0 of size 32
==98604==Unregistered root region at 0x7f5045001e80 of size 128
==98604==Unregistered root region at 0x7f5044c007a0 of size 32
==98604==AddressSanitizer: failed to intercept '__isoc99_vfprintf'
==98604==Registered root region at 0x7f5045001e80 of size 128
==98604==Registered root region at 0x7f5044c007a0 of size 32
==98604==Unregistered root region at 0x7f5045001e80 of size 128
==98604==Unregistered root region at 0x7f5044c007a0 of size 32
==98604==AddressSanitizer: failed to intercept 'pthread_mutexattr_getrobust_np'
==98604==Registered root region at 0x7f5044a01ab0 of size 112
==98604==Registered root region at 0x7f5044c007a0 of size 32
==98604==Unregistered root region at 0x7f5044a01ab0 of size 112
==98604==Unregistered root region at 0x7f5044c007a0 of size 32
==98604==AddressSanitizer: failed to intercept 'xdrmem_create'
==98604==Registered root region at 0x7f5045001e80 of size 128
==98604==Registered root region at 0x7f5044c007a0 of size 32
==98604==Unregistered root region at 0x7f5045001e80 of size 128
==98604==Unregistered root region at 0x7f5044c007a0 of size 32
==98604==AddressSanitizer: failed to intercept 'xdrstdio_create'
==98604==Registered root region at 0x7f5044a01ab0 of size 112
==98604==Registered root region at 0x7f5044c007a0 of size 32
==98604==Unregistered root region at 0x7f5044a01ab0 of size 112
==98604==Unregistered root region at 0x7f5044c007a0 of size 32
==98604==AddressSanitizer: failed to intercept 'xdr_short'
==98604==Registered root region at 0x7f5044a01ab0 of size 112
==98604==Registered root region at 0x7f5044c007a0 of size 32
==98604==Unregistered root region at 0x7f5044a01ab0 of size 112
==98604==Unregistered root region at 0x7f5044c007a0 of size 32
==98604==AddressSanitizer: failed to intercept 'xdr_u_short'
==98604==Registered root region at 0x7f5044a01ab0 of size 112
==98604==Registered root region at 0x7f5044c007a0 of size 32
==98604==Unregistered root region at 0x7f5044a01ab0 of size 112
==98604==Unregistered root region at 0x7f5044c007a0 of size 32
==98604==AddressSanitizer: failed to intercept 'xdr_int'
==98604==Registered root region at 0x7f5044a01ab0 of size 112
==98604==Registered root region at 0x7f5044c007a0 of size 32
==98604==Unregistered root region at 0x7f5044a01ab0 of size 112
==98604==Unregistered root region at 0x7f5044c007a0 of size 32
==98604==AddressSanitizer: failed to intercept 'xdr_u_int'
==98604==Registered root region at 0x7f5044a01ab0 of size 112
==98604==Registered root region at 0x7f5044c007a0 of size 32
==98604==Unregistered root region at 0x7f5044a01ab0 of size 112
==98604==Unregistered root region at 0x7f5044c007a0 of size 32
==98604==AddressSanitizer: failed to intercept 'xdr_long'
==98604==Registered root region at 0x7f5044a01ab0 of size 112
==98604==Registered root region at 0x7f5044c007a0 of size 32
==98604==Unregistered root region at 0x7f5044a01ab0 of size 112
==98604==Unregistered root region at 0x7f5044c007a0 of size 32
==98604==AddressSanitizer: failed to intercept 'xdr_u_long'
==98604==Registered root region at 0x7f5044a01ab0 of size 112
==98604==Registered root region at 0x7f5044c007a0 of size 32
==98604==Unregistered root region at 0x7f5044a01ab0 of size 112
==98604==Unregistered root region at 0x7f5044c007a0 of size 32
==98604==AddressSanitizer: failed to intercept 'xdr_hyper'
==98604==Registered root region at 0x7f5044a01ab0 of size 112
==98604==Registered root region at 0x7f5044c007a0 of size 32
==98604==Unregistered root region at 0x7f5044a01ab0 of size 112
==98604==Unregistered root region at 0x7f5044c007a0 of size 32
==98604==AddressSanitizer: failed to intercept 'xdr_u_hyper'
==98604==Registered root region at 0x7f5044a01ab0 of size 112
==98604==Registered root region at 0x7f5044c007a0 of size 32
==98604==Unregistered root region at 0x7f5044a01ab0 of size 112
==98604==Unregistered root region at 0x7f5044c007a0 of size 32
==98604==AddressSanitizer: failed to intercept 'xdr_longlong_t'
==98604==Registered root region at 0x7f5045001e80 of size 128
==98604==Registered root region at 0x7f5044c007a0 of size 32
==98604==Unregistered root region at 0x7f5045001e80 of size 128
==98604==Unregistered root region at 0x7f5044c007a0 of size 32
==98604==AddressSanitizer: failed to intercept 'xdr_u_longlong_t'
==98604==Registered root region at 0x7f5044a01ab0 of size 112
==98604==Registered root region at 0x7f5044c007a0 of size 32
==98604==Unregistered root region at 0x7f5044a01ab0 of size 112
==98604==Unregistered root region at 0x7f5044c007a0 of size 32
==98604==AddressSanitizer: failed to intercept 'xdr_int8_t'
==98604==Registered root region at 0x7f5044a01ab0 of size 112
==98604==Registered root region at 0x7f5044c007a0 of size 32
==98604==Unregistered root region at 0x7f5044a01ab0 of size 112
==98604==Unregistered root region at 0x7f5044c007a0 of size 32
==98604==AddressSanitizer: failed to intercept 'xdr_uint8_t'
==98604==Registered root region at 0x7f5044a01ab0 of size 112
==98604==Registered root region at 0x7f5044c007a0 of size 32
==98604==Unregistered root region at 0x7f5044a01ab0 of size 112
==98604==Unregistered root region at 0x7f5044c007a0 of size 32
==98604==AddressSanitizer: failed to intercept 'xdr_int16_t'
==98604==Registered root region at 0x7f5044a01ab0 of size 112
==98604==Registered root region at 0x7f5044c007a0 of size 32
==98604==Unregistered root region at 0x7f5044a01ab0 of size 112
==98604==Unregistered root region at 0x7f5044c007a0 of size 32
==98604==AddressSanitizer: failed to intercept 'xdr_uint16_t'
==98604==Registered root region at 0x7f5044a01ab0 of size 112
==98604==Registered root region at 0x7f5044c007a0 of size 32
==98604==Unregistered root region at 0x7f5044a01ab0 of size 112
==98604==Unregistered root region at 0x7f5044c007a0 of size 32
==98604==AddressSanitizer: failed to intercept 'xdr_int32_t'
==98604==Registered root region at 0x7f5044a01ab0 of size 112
==98604==Registered root region at 0x7f5044c007a0 of size 32
==98604==Unregistered root region at 0x7f5044a01ab0 of size 112
==98604==Unregistered root region at 0x7f5044c007a0 of size 32
==98604==AddressSanitizer: failed to intercept 'xdr_uint32_t'
==98604==Registered root region at 0x7f5044a01ab0 of size 112
==98604==Registered root region at 0x7f5044c007a0 of size 32
==98604==Unregistered root region at 0x7f5044a01ab0 of size 112
==98604==Unregistered root region at 0x7f5044c007a0 of size 32
==98604==AddressSanitizer: failed to intercept 'xdr_int64_t'
==98604==Registered root region at 0x7f5044a01ab0 of size 112
==98604==Registered root region at 0x7f5044c007a0 of size 32
==98604==Unregistered root region at 0x7f5044a01ab0 of size 112
==98604==Unregistered root region at 0x7f5044c007a0 of size 32
==98604==AddressSanitizer: failed to intercept 'xdr_uint64_t'
==98604==Registered root region at 0x7f5044a01ab0 of size 112
==98604==Registered root region at 0x7f5044c007a0 of size 32
==98604==Unregistered root region at 0x7f5044a01ab0 of size 112
==98604==Unregistered root region at 0x7f5044c007a0 of size 32
==98604==AddressSanitizer: failed to intercept 'xdr_quad_t'
==98604==Registered root region at 0x7f5044a01ab0 of size 112
==98604==Registered root region at 0x7f5044c007a0 of size 32
==98604==Unregistered root region at 0x7f5044a01ab0 of size 112
==98604==Unregistered root region at 0x7f5044c007a0 of size 32
==98604==AddressSanitizer: failed to intercept 'xdr_u_quad_t'
==98604==Registered root region at 0x7f5044a01ab0 of size 112
==98604==Registered root region at 0x7f5044c007a0 of size 32
==98604==Unregistered root region at 0x7f5044a01ab0 of size 112
==98604==Unregistered root region at 0x7f5044c007a0 of size 32
==98604==AddressSanitizer: failed to intercept 'xdr_bool'
==98604==Registered root region at 0x7f5044a01ab0 of size 112
==98604==Registered root region at 0x7f5044c007a0 of size 32
==98604==Unregistered root region at 0x7f5044a01ab0 of size 112
==98604==Unregistered root region at 0x7f5044c007a0 of size 32
==98604==AddressSanitizer: failed to intercept 'xdr_enum'
==98604==Registered root region at 0x7f5044a01ab0 of size 112
==98604==Registered root region at 0x7f5044c007a0 of size 32
==98604==Unregistered root region at 0x7f5044a01ab0 of size 112
==98604==Unregistered root region at 0x7f5044c007a0 of size 32
==98604==AddressSanitizer: failed to intercept 'xdr_char'
==98604==Registered root region at 0x7f5044a01ab0 of size 112
==98604==Registered root region at 0x7f5044c007a0 of size 32
==98604==Unregistered root region at 0x7f5044a01ab0 of size 112
==98604==Unregistered root region at 0x7f5044c007a0 of size 32
==98604==AddressSanitizer: failed to intercept 'xdr_u_char'
==98604==Registered root region at 0x7f5044a01ab0 of size 112
==98604==Registered root region at 0x7f5044c007a0 of size 32
==98604==Unregistered root region at 0x7f5044a01ab0 of size 112
==98604==Unregistered root region at 0x7f5044c007a0 of size 32
==98604==AddressSanitizer: failed to intercept 'xdr_float'
==98604==Registered root region at 0x7f5044a01ab0 of size 112
==98604==Registered root region at 0x7f5044c007a0 of size 32
==98604==Unregistered root region at 0x7f5044a01ab0 of size 112
==98604==Unregistered root region at 0x7f5044c007a0 of size 32
==98604==AddressSanitizer: failed to intercept 'xdr_double'
==98604==Registered root region at 0x7f5044a01ab0 of size 112
==98604==Registered root region at 0x7f5044c007a0 of size 32
==98604==Unregistered root region at 0x7f5044a01ab0 of size 112
==98604==Unregistered root region at 0x7f5044c007a0 of size 32
==98604==AddressSanitizer: failed to intercept 'xdr_bytes'
==98604==Registered root region at 0x7f5044a01ab0 of size 112
==98604==Registered root region at 0x7f5044c007a0 of size 32
==98604==Unregistered root region at 0x7f5044a01ab0 of size 112
==98604==Unregistered root region at 0x7f5044c007a0 of size 32
==98604==AddressSanitizer: failed to intercept 'xdr_string'
==98604==Registered root region at 0x7f5044a01ab0 of size 112
==98604==Registered root region at 0x7f5044c007a0 of size 32
==98604==Unregistered root region at 0x7f5044a01ab0 of size 112
==98604==Unregistered root region at 0x7f5044c007a0 of size 32
==98604==AddressSanitizer: failed to intercept 'xdrrec_create'
==98604==Registered root region at 0x7f5044a01ab0 of size 112
==98604==Registered root region at 0x7f5044c007a0 of size 32
==98604==Unregistered root region at 0x7f5044a01ab0 of size 112
==98604==Unregistered root region at 0x7f5044c007a0 of size 32
==98604==AddressSanitizer: failed to intercept 'xdr_destroy'
==98604==Registered root region at 0x7f5044a01ab0 of size 112
==98604==Registered root region at 0x7f5044c007a0 of size 32
==98604==Unregistered root region at 0x7f5044a01ab0 of size 112
==98604==Unregistered root region at 0x7f5044c007a0 of size 32
==98604==AddressSanitizer: failed to intercept '__cxa_throw'
==98604==Registered root region at 0x7f5044802250 of size 144
==98604==Registered root region at 0x7f5044c007a0 of size 32
==98604==Unregistered root region at 0x7f5044802250 of size 144
==98604==Unregistered root region at 0x7f5044c007a0 of size 32
==98604==AddressSanitizer: failed to intercept '__cxa_rethrow_primary_exception'
==98604==AddressSanitizer: libc interceptors initialized
|| `[0x10007fff8000, 0x7fffffffffff]` || HighMem    ||
|| `[0x02008fff7000, 0x10007fff7fff]` || HighShadow ||
|| `[0x00008fff7000, 0x02008fff6fff]` || ShadowGap  ||
|| `[0x00007fff8000, 0x00008fff6fff]` || LowShadow  ||
|| `[0x000000000000, 0x00007fff7fff]` || LowMem     ||
MemToShadow(shadow): 0x00008fff7000 0x000091ff6dff 0x004091ff6e00 0x02008fff6fff
redzone=16
max_redzone=2048
quarantine_size_mb=256M
thread_local_quarantine_size_kb=1024K
malloc_context_size=30
SHADOW_SCALE: 3
SHADOW_GRANULARITY: 8
SHADOW_OFFSET: 0x00007fff8000
==98604==Installed the sigaction for signal 7
==98604==Installed the sigaction for signal 8
==98604==T0: FakeStack created: 0x7f50434f7000 -- 0x7f5044000000 stack_size_log: 20; mmapped 11300K, noreserve=0 
==98604==T0: stack [0x7ffda3b02000,0x7ffda4302000) size 0x800000; local=0x7ffda42fede4
==98604==AddressSanitizer Init done
unknown option: .10
vendor option should be between 1 and 65535 inclusive
invalid vendor format: 210
invalid vendor format: 2
unknown option: 2,o6
invalid vendor format: 2
main: mkdir: /var/db/dhcpcd: No such file or directory
main: mkdir: /var/run/dhcpcd: Permission denied
main: pidfile_lock: /var/run/dhcpcd/pid: No such file or directory
