==234495==ERROR: AddressSanitizer: heap-buffer-overflow on address 0x7bde763e160c at pc 0x7f9e786eb704 bp 0x7ffdf0bd4120 sp 0x7ffdf0bd4118
READ of size 4 at 0x7bde763e160c thread T0
    #0 0x7f9e786eb703 in build_text compositor/mpeg4_text.c:217
    #1 0x7f9e786ec5da in text_check_changes compositor/mpeg4_text.c:586
    #2 0x7f9e786ec5da in Text_Traverse compositor/mpeg4_text.c:626
    #3 0x7f9e77e5f38c in gf_node_traverse scenegraph/base_scenegraph.c:1155
    #4 0x7f9e786a806c in TraverseShape compositor/mpeg4_geometry_2d.c:129
    #5 0x7f9e786a806c in TraverseShape compositor/mpeg4_geometry_2d.c:59
    #6 0x7f9e77e5f38c in gf_node_traverse scenegraph/base_scenegraph.c:1155
    #7 0x7f9e786bc593 in group_2d_traverse compositor/mpeg4_grouping.c:170
    #8 0x7f9e77e5f38c in gf_node_traverse scenegraph/base_scenegraph.c:1155
    #9 0x7f9e78746ab4 in visual_2d_draw_frame compositor/visual_manager_2d.c:891
    #10 0x7f9e78632723 in gf_sc_draw_scene compositor/compositor.c:2469
    #11 0x7f9e7863e415 in gf_sc_render_frame compositor/compositor.c:2966
    #12 0x7f9e78643d5b in gf_sc_draw_frame compositor/compositor.c:345
    #13 0x7f9e789abd4e in compose_process filters/compose.c:111
    #14 0x7f9e789685d3 in gf_filter_process_task filter_core/filter.c:3257
    #15 0x7f9e7893ca01 in gf_fs_thread_proc filter_core/filter_session.c:2420
    #16 0x7f9e78941ac2 in gf_fs_run filter_core/filter_session.c:2728
    #17 0x7f9e783fdc02 in gf_media_import media_tools/media_import.c:1634
    #18 0x56283e5ae64c in import_file /run/media/user/8ed8205b-4114-4c2a-b2d0-e2ad6640262d/gpac/runtime/gpac_asan/applications/mp4box/fileimport.c:1730
    #19 0x56283e569f89 in do_add_cat /run/media/user/8ed8205b-4114-4c2a-b2d0-e2ad6640262d/gpac/runtime/gpac_asan/applications/mp4box/mp4box.c:4633
    #20 0x56283e56c3e7 in mp4box_main /run/media/user/8ed8205b-4114-4c2a-b2d0-e2ad6640262d/gpac/runtime/gpac_asan/applications/mp4box/mp4box.c:6377
    #21 0x7f9e77831f76 in __libc_start_call_main ../sysdeps/nptl/libc_start_call_main.h:58
    #22 0x7f9e77832026 in __libc_start_main_impl ../csu/libc-start.c:360
    #23 0x56283e54c070 in _start (/run/media/user/8ed8205b-4114-4c2a-b2d0-e2ad6640262d/gpac/runtime/gpac_asan/bin/gcc/MP4Box+0x4d070) (BuildId: 242225adaf89cfc96ee3ff579912c720e58fddcf)

0x7bde763e160c is located 12 bytes after 48-byte region [0x7bde763e15d0,0x7bde763e1600)
allocated by thread T0 here:
    #0 0x7f9e7992435f in malloc ../../../../src/libsanitizer/asan/asan_malloc_linux.cpp:67
    #1 0x7f9e77ed71c9 in Face_Create scenegraph/mpeg4_nodes.c:5259
    #2 0x7f9e77ed71c9 in gf_sg_mpeg4_node_new scenegraph/mpeg4_nodes.c:36778

SUMMARY: AddressSanitizer: heap-buffer-overflow compositor/mpeg4_text.c:217 in build_text
Shadow bytes around the buggy address:
  0x7bde763e1380: fa fa 00 00 00 00 00 fa fa fa 00 00 00 00 00 fa
  0x7bde763e1400: fa fa 00 00 00 00 00 00 fa fa 00 00 00 00 00 00
  0x7bde763e1480: fa fa 00 00 00 00 00 fa fa fa 00 00 00 00 04 fa
  0x7bde763e1500: fa fa fd fd fd fd fd fd fa fa 00 00 00 00 00 04
  0x7bde763e1580: fa fa 00 00 00 00 00 00 fa fa 00 00 00 00 00 00
=>0x7bde763e1600: fa[fa]fd fd fd fd fd fd fa fa fd fd fd fd fd fd
  0x7bde763e1680: fa fa 00 00 00 00 00 00 fa fa fd fd fd fd fd fd
  0x7bde763e1700: fa fa fd fd fd fd fd fd fa fa fd fd fd fd fd fa
  0x7bde763e1780: fa fa fd fd fd fd fd fa fa fa fd fd fd fd fd fd
  0x7bde763e1800: fa fa fd fd fd fd fd fd fa fa fd fd fd fd fd fd
  0x7bde763e1880: fa fa fa fa fa fa fa fa fa fa fa fa fa fa fa fa
Shadow byte legend (one shadow byte represents 8 application bytes):
  Addressable:           00
  Partially addressable: 01 02 03 04 05 06 07 
  Heap left redzone:       fa
  Freed heap region:       fd
  Stack left redzone:      f1
  Stack mid redzone:       f2
  Stack right redzone:     f3
  Stack after return:      f5
  Stack use after scope:   f8
  Global redzone:          f9
  Global init order:       f6
  Poisoned by user:        f7
  Container overflow:      fc
  Array cookie:            ac
  Intra object redzone:    bb
  ASan internal:           fe
  Left alloca redzone:     ca
  Right alloca redzone:    cb
==234495==ABORTING
