Track Importing RawVideo - Width 320 Height 240 FPS 30/1
XMT: MPEG-4 (XMT) Scene Parsing
[XMT Parsing] Invalid child descriptor (line 66)
[XMT Parsing] Invalid child descriptor (line 68)
[XMT Parsing] Invalid child descriptor (line 70)
[XMT Parsing] Warning: Unknown field "width" for node Conditional - skipping (line 155)
AddressSanitizer:DEADLYSIGNAL
=================================================================
==1629763==ERROR: AddressSanitizer: SEGV on unknown address 0x7e414dffe114 (pc 0x7ff04f990b9a bp 0x7e404dffe114 sp 0x7ffda80e5a20 T0)
==1629763==The signal is caused by a WRITE memory access.
    #0 0x7ff04f990b9a in gf_xml_sax_peek_node utils/xml_parser.c:1600
    #1 0x7ff05013f5c4 in xmt_find_node scene_manager/loader_xmt.c:735
    #2 0x7ff05013fc3a in xmt_parse_route scene_manager/loader_xmt.c:1223
    #3 0x7ff05014c3cf in xmt_parse_command scene_manager/loader_xmt.c:2165
    #4 0x7ff05014c3cf in xmt_node_start scene_manager/loader_xmt.c:2728
    #5 0x7ff04f98949c in xml_sax_node_start utils/xml_parser.c:308
    #6 0x7ff04f98e217 in xml_sax_parse_attribute utils/xml_parser.c:357
    #7 0x7ff04f98e217 in xml_sax_parse utils/xml_parser.c:940
    #8 0x7ff04f989ef0 in gf_xml_sax_parse_intern utils/xml_parser.c:1110
    #9 0x7ff04f98ef37 in gf_xml_sax_parse utils/xml_parser.c:1138
    #10 0x7ff04f98f293 in xml_sax_read_file utils/xml_parser.c:1225
    #11 0x7ff04f98fd48 in gf_xml_sax_parse_file utils/xml_parser.c:1338
    #12 0x7ff05013c335 in load_xmt_run scene_manager/loader_xmt.c:3279
    #13 0x7ff0507e4acc in ctxload_process filters/load_bt_xmt.c:522
    #14 0x7ff05055d153 in gf_filter_process_task filter_core/filter.c:3257
    #15 0x7ff050531681 in gf_fs_thread_proc filter_core/filter_session.c:2420
    #16 0x7ff050536742 in gf_fs_run filter_core/filter_session.c:2728
    #17 0x7ff04fff86af in gf_media_import media_tools/media_import.c:1632
    #18 0x55c5cec99579 in import_file /run/media/user/8ed8205b-4114-4c2a-b2d0-e2ad6640262d/gpac/runtime/gpac_asan/applications/mp4box/fileimport.c:1713
    #19 0x55c5cec54f89 in do_add_cat /run/media/user/8ed8205b-4114-4c2a-b2d0-e2ad6640262d/gpac/runtime/gpac_asan/applications/mp4box/mp4box.c:4632
    #20 0x55c5cec573e7 in mp4box_main /run/media/user/8ed8205b-4114-4c2a-b2d0-e2ad6640262d/gpac/runtime/gpac_asan/applications/mp4box/mp4box.c:6376
    #21 0x7ff04f431f76 in __libc_start_call_main ../sysdeps/nptl/libc_start_call_main.h:58
    #22 0x7ff04f432026 in __libc_start_main_impl ../csu/libc-start.c:360
    #23 0x55c5cec37070 in _start (/run/media/user/8ed8205b-4114-4c2a-b2d0-e2ad6640262d/gpac/runtime/gpac_asan/bin/gcc/MP4Box+0x4d070) (BuildId: 7c561012bd3258d58335187e5fb200fd4437b7d5)

==1629763==Register values:
rax = 0x0000000000000000  rbx = 0x00007e404dffe100  rcx = 0x0000000000000000  rdx = 0x0000000000000004  
rdi = 0x00007e414dffe114  rsi = 0x00000ffe8a1ac8e0  rbp = 0x00007e404dffe114  rsp = 0x00007ffda80e5a20  
 r8 = 0x00000ffe0a1b48e0   r9 = 0x00000ffe8a1ac8e0  r10 = 0x00007ff050da4702  r11 = 0x0000000000000002  
r12 = 0x0000000000000000  r13 = 0x00007e404dffe115  r14 = 0x00007d904dff2080  r15 = 0x00007e004e00d100  
AddressSanitizer can not provide additional info.
SUMMARY: AddressSanitizer: SEGV utils/xml_parser.c:1600 in gf_xml_sax_peek_node
==1629763==ABORTING
