[32mTrack Importing RawVideo - Width 320 Height 240 FPS 30/1
[0m[32mXMT: MPEG-4 (XMT) Scene Parsing
[0m[33m[XMT Parsing] Invalid child descriptor (line 30)
[0m[33m[XMT Parsing] Invalid child descriptor (line 34)
[0mXMT Parsing: |=========           | (46/100)
[33m[XMT Parsing] Warning: Unknown field "atField" for node Conditional - skipping (line 133)
[0m[33m[XMT Parsing] Warning: Unknown field "value" for node Conditional - skipping (line 133)
[0m[33m[XMT Parsing] Warning: Unknown field "type" for node Conditional - skipping (line 136)
[0m[33m[XMT Parsing] Warning: Unknown field "vrml97Hint" for node Conditional - skipping (line 136)
[0m[33m[XMT Parsing] Warning: Unknown field "vector2Value" for node Conditional - skipping (line 136)
[0m[33m[XMT Parsing] Warning: Unknown field "vector2Value" for node Background2D - skipping (line 214)
[0m[33m[XMT Parsing] Warning: Unknown field "title" for node Background2D - skipping (line 214)
[0mXMT Parsing: |==================  | (94/100)
[31m[XMT Parsing] Warning: deometry is not a valid node - skipping (line 233)
[0m[31m[XMT Parsing] Warning: closing element Rectangle doesn't match created node Shape (line 234)
[0mXMT Parsing: |=================== | (99/100)
XMT Parsing: |====================| (100/100)
                                                   
=================================================================
==954557==ERROR: AddressSanitizer: heap-use-after-free on address 0x7b658c1e4db1 at pc 0x7f458f4cb560 bp 0x7fff92f79f70 sp 0x7fff92f79730
READ of size 2 at 0x7b658c1e4db1 thread T0
    #0 0x7f458f4cb55f in printf_common ../../../../src/libsanitizer/sanitizer_common/sanitizer_common_interceptors_format.inc:567
    #1 0x7f458f4ec9ce in vsprintf ../../../../src/libsanitizer/sanitizer_common/sanitizer_common_interceptors.inc:1758
    #2 0x7f458f4ee2dc in sprintf ../../../../src/libsanitizer/sanitizer_common/sanitizer_common_interceptors.inc:1803
    #3 0x7f458e13b6ac in xmt_resolve_od_links scene_manager/loader_xmt.c:589
    #4 0x7f458e13d85b in load_xmt_run scene_manager/loader_xmt.c:3460
    #5 0x7f458e7e462c in ctxload_process filters/load_bt_xmt.c:522
    #6 0x7f458e55f893 in gf_filter_process_task filter_core/filter.c:3257
    #7 0x7f458e533dc1 in gf_fs_thread_proc filter_core/filter_session.c:2420
    #8 0x7f458e538e82 in gf_fs_run filter_core/filter_session.c:2728
    #9 0x7f458dff8d4f in gf_media_import media_tools/media_import.c:1632
    #10 0x55dad085d599 in import_file /run/media/user/8ed8205b-4114-4c2a-b2d0-e2ad6640262d/gpac/runtime/gpac_asan/applications/mp4box/fileimport.c:1713
    #11 0x55dad0818f89 in do_add_cat /run/media/user/8ed8205b-4114-4c2a-b2d0-e2ad6640262d/gpac/runtime/gpac_asan/applications/mp4box/mp4box.c:4632
    #12 0x55dad081b3e7 in mp4box_main /run/media/user/8ed8205b-4114-4c2a-b2d0-e2ad6640262d/gpac/runtime/gpac_asan/applications/mp4box/mp4box.c:6376
    #13 0x7f458d431f76 in __libc_start_call_main ../sysdeps/nptl/libc_start_call_main.h:58
    #14 0x7f458d432026 in __libc_start_main_impl ../csu/libc-start.c:360
    #15 0x55dad07fb070 in _start (/run/media/user/8ed8205b-4114-4c2a-b2d0-e2ad6640262d/gpac/runtime/gpac_asan/bin/gcc/MP4Box+0x4d070) (BuildId: 6cf4ec0a1f4678684c742bb31496122f9e5b5f7a)

0x7b658c1e4db2 is located 0 bytes after 2-byte region [0x7b658c1e4db0,0x7b658c1e4db2)
freed by thread T0 here:
    #0 0x7f458f52340f in free ../../../../src/libsanitizer/asan/asan_malloc_linux.cpp:51
    #1 0x7f458e13b6ce in xmt_resolve_od_links scene_manager/loader_xmt.c:590

previously allocated by thread T0 here:
    #0 0x7f458f51da04 in strdup ../../../../src/libsanitizer/asan/asan_interceptors.cpp:617
    #1 0x7f458e13c29f in xmt_parse_string scene_manager/loader_xmt.c:876

SUMMARY: AddressSanitizer: heap-use-after-free scene_manager/loader_xmt.c:589 in xmt_resolve_od_links
Shadow bytes around the buggy address:
  0x7b658c1e4b00: fa fa 00 00 fa fa 00 00 fa fa 00 00 fa fa 00 fa
  0x7b658c1e4b80: fa fa 00 00 fa fa 03 fa fa fa 00 00 fa fa 00 00
  0x7b658c1e4c00: fa fa 00 fa fa fa 03 fa fa fa 00 00 fa fa fd fd
  0x7b658c1e4c80: fa fa 00 04 fa fa 00 00 fa fa 00 04 fa fa 03 fa
  0x7b658c1e4d00: fa fa 00 00 fa fa 00 00 fa fa 00 00 fa fa 00 00
=>0x7b658c1e4d80: fa fa fd fd fa fa[fd]fa fa fa 00 00 fa fa 01 fa
  0x7b658c1e4e00: fa fa fd fd fa fa 00 fa fa fa 00 00 fa fa 00 fa
  0x7b658c1e4e80: fa fa fd fa fa fa fd fa fa fa fd fa fa fa 02 fa
  0x7b658c1e4f00: fa fa 03 fa fa fa 00 00 fa fa 00 00 fa fa 00 00
  0x7b658c1e4f80: fa fa 00 00 fa fa fd fa fa fa fd fa fa fa 00 fa
  0x7b658c1e5000: fa fa 07 fa fa fa 03 fa fa fa 00 00 fa fa 00 00
Shadow byte legend (one shadow byte represents 8 application bytes):
  Addressable:           00
  Partially addressable: 01 02 03 04 05 06 07 
  Heap left redzone:       fa
  Freed heap region:       fd
  Stack left redzone:      f1
  Stack mid redzone:       f2
  Stack right redzone:     f3
  Stack after return:      f5
  Stack use after scope:   f8
  Global redzone:          f9
  Global init order:       f6
  Poisoned by user:        f7
  Container overflow:      fc
  Array cookie:            ac
  Intra object redzone:    bb
  ASan internal:           fe
  Left alloca redzone:     ca
  Right alloca redzone:    cb
==954557==ABORTING
