XMT: MPEG-4 (XMT) Scene Parsing
[XMT Parsing] Warning: Field set_bind not a member of node N1  (line 192)
[XMT Parsing] Invalid XML document:  (line 195)
=================================================================
==1947118==ERROR: AddressSanitizer: heap-use-after-free on address 0x7c37efe13550 at pc 0x7fc7f165bcf9 bp 0x7ffdab5d3090 sp 0x7ffdab5d3088
READ of size 8 at 0x7c37efe13550 thread T0
    #0 0x7fc7f165bcf8 in gf_node_unregister scenegraph/base_scenegraph.c:712
    #1 0x7fc7f165e1cf in gf_sg_reset scenegraph/base_scenegraph.c:429
    #2 0x7fc7f165e1cf in gf_sg_reset scenegraph/base_scenegraph.c:337
    #3 0x7fc7f165ef11 in gf_sg_del scenegraph/base_scenegraph.c:164
    #4 0x7fc7f172683f in gf_sg_proto_del scenegraph/vrml_proto.c:155
    #5 0x7fc7f165e75a in gf_sg_reset scenegraph/base_scenegraph.c:526
    #6 0x7fc7f165e75a in gf_sg_reset scenegraph/base_scenegraph.c:337
    #7 0x7fc7f165ef11 in gf_sg_del scenegraph/base_scenegraph.c:164
    #8 0x7fc7f172683f in gf_sg_proto_del scenegraph/vrml_proto.c:155
    #9 0x7fc7f16686ef in gf_sg_command_del scenegraph/commands.c:125
    #10 0x7fc7f1d2e5e3 in gf_sm_au_del scene_manager/scene_manager.c:113
    #11 0x7fc7f1d2e5e3 in gf_sm_reset_stream scene_manager/scene_manager.c:126
    #12 0x7fc7f1d2e5e3 in gf_sm_delete_stream scene_manager/scene_manager.c:133
    #13 0x7fc7f1d2e5e3 in gf_sm_del scene_manager/scene_manager.c:147
    #14 0x7fc7f23e42d7 in ctxload_process filters/load_bt_xmt.c:530
    #15 0x7fc7f215ee53 in gf_filter_process_task filter_core/filter.c:3257
    #16 0x7fc7f2133381 in gf_fs_thread_proc filter_core/filter_session.c:2420
    #17 0x7fc7f2138442 in gf_fs_run filter_core/filter_session.c:2728
    #18 0x7fc7f1bf6754 in gf_media_import media_tools/media_import.c:1305
    #19 0x555920c324b3 in convert_file_info /run/media/user/8ed8205b-4114-4c2a-b2d0-e2ad6640262d/gpac/runtime/gpac_asan/applications/mp4box/fileimport.c:131
    #20 0x555920c02339 in mp4box_main /run/media/user/8ed8205b-4114-4c2a-b2d0-e2ad6640262d/gpac/runtime/gpac_asan/applications/mp4box/mp4box.c:6574
    #21 0x7fc7f1031f76 in __libc_start_call_main ../sysdeps/nptl/libc_start_call_main.h:58
    #22 0x7fc7f1032026 in __libc_start_main_impl ../csu/libc-start.c:360
    #23 0x555920bde070 in _start (/run/media/user/8ed8205b-4114-4c2a-b2d0-e2ad6640262d/gpac/runtime/gpac_asan/bin/gcc/MP4Box+0x4d070) (BuildId: d23703ed1b1b8e59e778b0eb0c8e88e4c08d4940)

0x7c37efe13550 is located 0 bytes inside of 72-byte region [0x7c37efe13550,0x7c37efe13598)
freed by thread T0 here:
    #0 0x7fc7f312340f in free ../../../../src/libsanitizer/asan/asan_malloc_linux.cpp:51
    #1 0x7fc7f165b5d7 in gf_node_unregister scenegraph/base_scenegraph.c:792

previously allocated by thread T0 here:
    #0 0x7fc7f312435f in malloc ../../../../src/libsanitizer/asan/asan_malloc_linux.cpp:67
    #1 0x7fc7f16d1a3b in Conditional_Create scenegraph/mpeg4_nodes.c:3193
    #2 0x7fc7f16d1a3b in gf_sg_mpeg4_node_new scenegraph/mpeg4_nodes.c:36750

SUMMARY: AddressSanitizer: heap-use-after-free scenegraph/base_scenegraph.c:712 in gf_node_unregister
Shadow bytes around the buggy address:
  0x7c37efe13280: fd fd fa fa fa fa fd fd fd fd fd fd fd fd fd fd
  0x7c37efe13300: fa fa fa fa fd fd fd fd fd fd fd fd fd fd fa fa
  0x7c37efe13380: fa fa fd fd fd fd fd fd fd fd fd fd fa fa fa fa
  0x7c37efe13400: fd fd fd fd fd fd fd fd fd fd fa fa fa fa fd fd
  0x7c37efe13480: fd fd fd fd fd fd fd fd fa fa fa fa fd fd fd fd
=>0x7c37efe13500: fd fd fd fd fd fd fa fa fa fa[fd]fd fd fd fd fd
  0x7c37efe13580: fd fd fd fa fa fa fa fa 00 00 00 00 00 00 00 00
  0x7c37efe13600: 00 00 fa fa fa fa fd fd fd fd fd fd fd fd fd fd
  0x7c37efe13680: fa fa fa fa 00 00 00 00 00 00 00 00 00 00 fa fa
  0x7c37efe13700: fa fa 00 00 00 00 00 00 00 00 00 00 fa fa fa fa
  0x7c37efe13780: 00 00 00 00 00 00 00 00 00 00 fa fa fa fa 00 00
Shadow byte legend (one shadow byte represents 8 application bytes):
  Addressable:           00
  Partially addressable: 01 02 03 04 05 06 07 
  Heap left redzone:       fa
  Freed heap region:       fd
  Stack left redzone:      f1
  Stack mid redzone:       f2
  Stack right redzone:     f3
  Stack after return:      f5
  Stack use after scope:   f8
  Global redzone:          f9
  Global init order:       f6
  Poisoned by user:        f7
  Container overflow:      fc
  Array cookie:            ac
  Intra object redzone:    bb
  ASan internal:           fe
  Left alloca redzone:     ca
  Right alloca redzone:    cb
==1947118==ABORTING
