=================================================================
==2107846==ERROR: AddressSanitizer: heap-buffer-overflow on address 0x5130000001bf at pc 0x5630277b3fd2 bp 0x7ffec5c33f70 sp 0x7ffec5c33f68
READ of size 1 at 0x5130000001bf thread T0                                                                                                                 
    #0 0x5630277b3fd1 in JS_Call /media/user/8ed8205b-4114-4c2a-b2d0-e2ad6640262d/mquickjs/mquickjs.c:5098:18
    #1 0x5630277bfd04 in JS_Run /media/user/8ed8205b-4114-4c2a-b2d0-e2ad6640262d/mquickjs/mquickjs.c:11765:11
    #2 0x5630277977e6 in eval_file /media/user/8ed8205b-4114-4c2a-b2d0-e2ad6640262d/mquickjs/mqjs.c:346:11
    #3 0x563027796fff in main /media/user/8ed8205b-4114-4c2a-b2d0-e2ad6640262d/mquickjs/mqjs.c:742:17
    #4 0x7f6d8321cca7 in __libc_start_call_main csu/../sysdeps/nptl/libc_start_call_main.h:58:16
    #5 0x7f6d8321cd64 in __libc_start_main csu/../csu/libc-start.c:360:3
    #6 0x5630276b5430 in _start (/media/user/8ed8205b-4114-4c2a-b2d0-e2ad6640262d/mquickjs/build_asan/mqjs+0x38430) (BuildId: e1cc056270f24be2906b8a1a32478a9700218772)

0x5130000001bf is located 22 bytes after 361-byte region [0x513000000040,0x5130000001a9)
allocated by thread T0 here:                                                                                                                               
    #0 0x563027754eb3 in malloc (/media/user/8ed8205b-4114-4c2a-b2d0-e2ad6640262d/mquickjs/build_asan/mqjs+0xd7eb3) (BuildId: e1cc056270f24be2906b8a1a32478a9700218772)
    #1 0x563027798aed in load_file /media/user/8ed8205b-4114-4c2a-b2d0-e2ad6640262d/mquickjs/mqjs.c:252:11
    #2 0x563027797643 in eval_file /media/user/8ed8205b-4114-4c2a-b2d0-e2ad6640262d/mquickjs/mqjs.c:313:11
    #3 0x563027796fff in main /media/user/8ed8205b-4114-4c2a-b2d0-e2ad6640262d/mquickjs/mqjs.c:742:17
    #4 0x7f6d8321cca7 in __libc_start_call_main csu/../sysdeps/nptl/libc_start_call_main.h:58:16

SUMMARY: AddressSanitizer: heap-buffer-overflow /media/user/8ed8205b-4114-4c2a-b2d0-e2ad6640262d/mquickjs/mquickjs.c:5098:18 in JS_Call
Shadow bytes around the buggy address:
  0x512fffffff00: 00 00 00 00 00 00 00 00 00 00 00 00 00 00 00 00
  0x512fffffff80: 00 00 00 00 00 00 00 00 00 00 00 00 00 00 00 00
  0x513000000000: fa fa fa fa fa fa fa fa 00 00 00 00 00 00 00 00
  0x513000000080: 00 00 00 00 00 00 00 00 00 00 00 00 00 00 00 00
  0x513000000100: 00 00 00 00 00 00 00 00 00 00 00 00 00 00 00 00
=>0x513000000180: 00 00 00 00 00 01 fa[fa]fa fa fa fa fa fa fa fa
  0x513000000200: fa fa fa fa fa fa fa fa fa fa fa fa fa fa fa fa
  0x513000000280: fa fa fa fa fa fa fa fa fa fa fa fa fa fa fa fa
  0x513000000300: fa fa fa fa fa fa fa fa fa fa fa fa fa fa fa fa
  0x513000000380: fa fa fa fa fa fa fa fa fa fa fa fa fa fa fa fa
  0x513000000400: fa fa fa fa fa fa fa fa fa fa fa fa fa fa fa fa
Shadow byte legend (one shadow byte represents 8 application bytes):
  Addressable:           00
  Partially addressable: 01 02 03 04 05 06 07 
  Heap left redzone:       fa
  Freed heap region:       fd
  Stack left redzone:      f1
  Stack mid redzone:       f2
  Stack right redzone:     f3
  Stack after return:      f5
  Stack use after scope:   f8
  Global redzone:          f9
  Global init order:       f6
  Poisoned by user:        f7
  Container overflow:      fc
  Array cookie:            ac
  Intra object redzone:    bb
  ASan internal:           fe
  Left alloca redzone:     ca
  Right alloca redzone:    cb
==2107846==ABORTING
