[32mTrack Importing RawVideo - Width 320 Height 240 FPS 30/1
[0m[32mXMT: MPEG-4 (XMT) Scene Parsing
[0m[33m[XMT Parsing] Invalid child descriptor (line 90)
[0m[33m[XMT Parsing] Invalid child descriptor (line 93)
[0m[33m[XMT Parsing] Invalid child descriptor (line 97)
[0mXMT Parsing: |=                   | (09/100)
[33m[XMT Parsing] Warning: Unknown field "backColor" for node OrderedGroup - skipping (line 187)
[0m[33m[XMT Parsing] Warning: Unknown field "url" for node OrderedGroup - skipping (line 187)
[0m[33m[XMT Parsing] Warning: top-node already assigned - discarding node Background2D (line 188)
[0m[33m[XMT Parsing] Warning: top-node already assigned - discarding node WorldInfo (line 189)
[0m[33m[XMT Parsing] Warning: top-node already assigned - discarding node Viewport (line 190)
[0m[33m[XMT Parsing] Warning: top-node already assigned - discarding node Transform2D (line 217)
[0mXMT Parsing: |===                 | (19/100)
[33m[XMT Parsing] Warning: top-node already assigned - discarding node Conditional (line 223)
[0m[33m[XMT Parsing] Warning: top-node already assigned - discarding node Conditional (line 228)
[0m[33m[XMT Parsing] Warning: top-node already assigned - discarding node TransformMatrix2D (line 272)
[0m[33m[XMT Parsing] Warning: top-node already assigned - discarding node Clipper2D (line 273)
[0m[33m[XMT Parsing] Warning: top-node already assigned - discarding node Layer2D (line 274)
[0m[33m[XMT Parsing] Warning: top-node already assigned - discarding node Form (line 275)
[0m[33m[XMT Parsing] Warning: top-node already assigned - discarding node Layout (line 276)
[0m[33m[XMT Parsing] Warning: top-node already assigned - discarding node PathLayout (line 277)
[0m[31mService bifs-externproto-nood-lib.bt#GEOMETRY_PROTO Cannot find filter for service: Requested URL is not valid or cannot be found
[0m[33m[XMT Parsing] Warning: Unknown proto field _field1 - skipping (line 280)
[0m[33m[XMT Parsing] Warning: Unknown proto field _field2 - skipping (line 281)
[0m[33m[XMT Parsing] Warning: Unknown proto field _field3 - skipping (line 282)
[0m[33m[XMT Parsing] Warning: Unknown proto field _field4 - skipping (line 283)
[0m[33m[XMT Parsing] Warning: top-node already assigned - discarding node ProtoInstance (line 290)
[0m[33m[XMT Parsing] Warning: top-node already assigned - discarding node Shape (line 299)
[0m[33m[XMT Parsing] Warning: top-node already assigned - discarding node Shape (line 312)
[0m[33m[XMT Parsing] Warning: top-node already assigned - discarding node AnimationStream (line 316)
[0m[33m[XMT Parsing] Warning: top-node already assigned - discarding node Sound2D (line 326)
[0m[33m[XMT Parsing] Warning: top-node already assigned - discarding node TimeSensor (line 327)
[0mXMT Parsing: |=====               | (29/100)
[33m[XMT Parsing] Warning: top-node already assigned - discarding node Shape (line 347)
[0m[33m[XMT Parsing] Warning: top-node already assigned - discarding node Shape (line 366)
[0m[33m[XMT Parsing] Warning: top-node already assigned - discarding node Shape (line 382)
[0m[33m[XMT Parsing] Warning: top-node already assigned - discarding node Shape (line 398)
[0m[33m[XMT Parsing] Warning: top-node already assigned - discarding node Shape (line 414)
[0m[33m[XMT Parsing] Warning: top-node already assigned - discarding node Shape (line 426)
[0m[33m[XMT Parsing] Warning: top-node already assigned - discarding node Shape (line 431)
[0m[33m[XMT Parsing] Warning: top-node already assigned - discarding node Shape (line 446)
[0m[33m[XMT Parsing] Warning: top-node already assigned - discarding node Shape (line 451)
[0m[33m[XMT Parsing] Warning: top-node already assigned - discarding node Shape (line 456)
[0m[33m[XMT Parsing] Warning: top-node already assigned - discarding node Shape (line 461)
[0mXMT Parsing: |=======             | (38/100)
[33m[XMT Parsing] Warning: top-node already assigned - discarding node Shape (line 466)
[0m[33m[XMT Parsing] Warning: top-node already assigned - discarding node Shape (line 478)
[0m[33m[XMT Parsing] Warning: top-node already assigned - discarding node Shape (line 490)
[0m[33m[XMT Parsing] Warning: top-node already assigned - discarding node Shape (line 499)
[0m[33m[XMT Parsing] Warning: top-node already assigned - discarding node Shape (line 508)
[0m[33m[XMT Parsing] Warning: top-node already assigned - discarding node Valuator (line 509)
[0m[33m[XMT Parsing] Warning: top-node already assigned - discarding node Valuator (line 510)
[0m[33m[XMT Parsing] Warning: top-node already assigned - discarding node Valuator (line 511)
[0m[33m[XMT Parsing] Warning: top-node already assigned - discarding node Valuator (line 512)
[0m[33m[XMT Parsing] Warning: top-node already assigned - discarding node Valuator (line 513)
[0m[33m[XMT Parsing] Warning: top-node already assigned - discarding node Valuator (line 514)
[0m[33m[XMT Parsing] Warning: top-node already assigned - discarding node Valuator (line 515)
[0m[33m[XMT Parsing] Warning: top-node already assigned - discarding node Valuator (line 516)
[0m[33m[XMT Parsing] Warning: top-node already assigned - discarding node InputSensor (line 527)
[0m[33m[XMT Parsing] Warning: node InputSensor defined outside scene scope - skipping (line 534)
[0mXMT Parsing: |=========           | (49/100)
=================================================================
==954571==ERROR: AddressSanitizer: heap-use-after-free on address 0x7bc9a27e6c38 at pc 0x7f69a473d962 bp 0x7ffe16534110 sp 0x7ffe16534108
READ of size 8 at 0x7bc9a27e6c38 thread T0
    #0 0x7f69a473d961 in load_xmt_run scene_manager/loader_xmt.c:3449
    #1 0x7f69a4de462c in ctxload_process filters/load_bt_xmt.c:522
    #2 0x7f69a4b5f893 in gf_filter_process_task filter_core/filter.c:3257
    #3 0x7f69a4b33dc1 in gf_fs_thread_proc filter_core/filter_session.c:2420
    #4 0x7f69a4b38e82 in gf_fs_run filter_core/filter_session.c:2728
    #5 0x7f69a45f8d4f in gf_media_import media_tools/media_import.c:1632
    #6 0x556504519599 in import_file /run/media/user/8ed8205b-4114-4c2a-b2d0-e2ad6640262d/gpac/runtime/gpac_asan/applications/mp4box/fileimport.c:1713
    #7 0x5565044d4f89 in do_add_cat /run/media/user/8ed8205b-4114-4c2a-b2d0-e2ad6640262d/gpac/runtime/gpac_asan/applications/mp4box/mp4box.c:4632
    #8 0x5565044d73e7 in mp4box_main /run/media/user/8ed8205b-4114-4c2a-b2d0-e2ad6640262d/gpac/runtime/gpac_asan/applications/mp4box/mp4box.c:6376
    #9 0x7f69a3a31f76 in __libc_start_call_main ../sysdeps/nptl/libc_start_call_main.h:58
    #10 0x7f69a3a32026 in __libc_start_main_impl ../csu/libc-start.c:360
    #11 0x5565044b7070 in _start (/run/media/user/8ed8205b-4114-4c2a-b2d0-e2ad6640262d/gpac/runtime/gpac_asan/bin/gcc/MP4Box+0x4d070) (BuildId: 6cf4ec0a1f4678684c742bb31496122f9e5b5f7a)

0x7bc9a27e6c38 is located 24 bytes inside of 64-byte region [0x7bc9a27e6c20,0x7bc9a27e6c60)
freed by thread T0 here:
    #0 0x7f69a5b2340f in free ../../../../src/libsanitizer/asan/asan_malloc_linux.cpp:51
    #1 0x7f69a405b637 in gf_node_unregister scenegraph/base_scenegraph.c:801

previously allocated by thread T0 here:
    #0 0x7f69a5b2435f in malloc ../../../../src/libsanitizer/asan/asan_malloc_linux.cpp:67
    #1 0x7f69a40cf93e in InputSensor_Create scenegraph/mpeg4_nodes.c:22790
    #2 0x7f69a40cf93e in gf_sg_mpeg4_node_new scenegraph/mpeg4_nodes.c:36938

SUMMARY: AddressSanitizer: heap-use-after-free scene_manager/loader_xmt.c:3449 in load_xmt_run
Shadow bytes around the buggy address:
  0x7bc9a27e6980: fd fd fd fd fd fd fd fa fa fa fa fa fd fd fd fd
  0x7bc9a27e6a00: fd fd fd fa fa fa fa fa fd fd fd fd fd fd fd fa
  0x7bc9a27e6a80: fa fa fa fa fd fd fd fd fd fd fd fa fa fa fa fa
  0x7bc9a27e6b00: fd fd fd fd fd fd fd fa fa fa fa fa fd fd fd fd
  0x7bc9a27e6b80: fd fd fd fd fa fa fa fa fd fd fd fd fd fd fd fa
=>0x7bc9a27e6c00: fa fa fa fa fd fd fd[fd]fd fd fd fd fa fa fa fa
  0x7bc9a27e6c80: fd fd fd fd fd fd fd fa fa fa fa fa fa fa fa fa
  0x7bc9a27e6d00: fa fa fa fa fa fa fa fa fa fa fa fa fa fa fa fa
  0x7bc9a27e6d80: fa fa fa fa fa fa fa fa fa fa fa fa fa fa fa fa
  0x7bc9a27e6e00: fa fa fa fa fa fa fa fa fa fa fa fa fa fa fa fa
  0x7bc9a27e6e80: fa fa fa fa fa fa fa fa fa fa fa fa fa fa fa fa
Shadow byte legend (one shadow byte represents 8 application bytes):
  Addressable:           00
  Partially addressable: 01 02 03 04 05 06 07 
  Heap left redzone:       fa
  Freed heap region:       fd
  Stack left redzone:      f1
  Stack mid redzone:       f2
  Stack right redzone:     f3
  Stack after return:      f5
  Stack use after scope:   f8
  Global redzone:          f9
  Global init order:       f6
  Poisoned by user:        f7
  Container overflow:      fc
  Array cookie:            ac
  Intra object redzone:    bb
  ASan internal:           fe
  Left alloca redzone:     ca
  Right alloca redzone:    cb
==954571==ABORTING
