[32mTrack Importing RawVideo - Width 320 Height 240 FPS 30/1
[0m[32mXMT: MPEG-4 (XMT) Scene Parsing
[0m[33m[XMT Parsing] Invalid child descriptor (line 22)
[0m[33m[XMT Parsing] Invalid child descriptor (line 26)
[0m[33m[XMT Parsing] Invalid child descriptor (line 38)
[0m[33m[XMT Parsing] Invalid child descriptor (line 41)
[0m[33m[XMT Parsing] Invalid child descriptor (line 42)
[0m[33m[XMT Parsing] Invalid child descriptor (line 49)
[0m[33m[XMT Parsing] Invalid child descriptor (line 52)
[0m[33m[XMT Parsing] Invalid child descriptor (line 54)
[0m[33m[XMT Parsing] Invalid child descriptor (line 56)
[0m[33m[XMT Parsing] Invalid child descriptor (line 62)
[0m[33m[XMT Parsing] Invalid child descriptor (line 71)
[0m[33m[XMT Parsing] Invalid child descriptor (line 74)
[0m[33m[XMT Parsing] Invalid child descriptor (line 76)
[0m[33m[XMT Parsing] Invalid child descriptor (line 78)
[0m[33m[XMT Parsing] Invalid child descriptor (line 84)
[0mXMT Parsing: |========            | (43/100)
[33m[XMT Parsing] Warning: Unknown field "backColor" for node OrderedGroup - skipping (line 171)
[0m[33m[XMT Parsing] Warning: Unknown field "url" for node OrderedGroup - skipping (line 171)
[0m[33m[XMT Parsing] Warning: node OrderedGroup is from an unrelated scene - skipping in command (line 171)
[0m[33m[XMT Parsing] Warning: node Background2D is from an unrelated scene - skipping in command (line 172)
[0m[33m[XMT Parsing] Warning: node WorldInfo is from an unrelated scene - skipping in command (line 173)
[0m[33m[XMT Parsing] Warning: node Viewport is from an unrelated scene - skipping in command (line 174)
[0mXMT Parsing: |=================   | (87/100)
[31m[XMT Parsing] Warning: closing element LineProperties doesn't match created node Conditional (line 220)
[0m[31m[XMT Parsing] Warning: closing element Material2D doesn't match created node Conditional (line 222)
[0m[31m[XMT Parsing] Warning: closing element Appearance doesn't match created node Conditional (line 224)
[0mXMT Parsing: |==================  | (91/100)
XMT Parsing: |====================| (100/100)
                                                   
[33m[XMT Parsing] WARNING: OD ID 10 not assigned (line 226)
[0m=================================================================
==954540==ERROR: AddressSanitizer: attempting double-free on 0x7c32cd5e0640 in thread T0:
    #0 0x7f72d092340f in free ../../../../src/libsanitizer/asan/asan_malloc_linux.cpp:51
    #1 0x7f72cef611ad in gf_sg_sfcommand_del scenegraph/vrml_tools.c:628
    #2 0x7f72ceed693a in Conditional_Del scenegraph/mpeg4_nodes.c:3097
    #3 0x7f72ceed693a in gf_sg_mpeg4_node_del scenegraph/mpeg4_nodes.c:37567
    #4 0x7f72cee5b637 in gf_node_unregister scenegraph/base_scenegraph.c:801
    #5 0x7f72cee5e7b3 in gf_sg_reset scenegraph/base_scenegraph.c:522
    #6 0x7f72cee5e7b3 in gf_sg_reset scenegraph/base_scenegraph.c:364
    #7 0x7f72cee5efe1 in gf_sg_del scenegraph/base_scenegraph.c:164
    #8 0x7f72cef2690f in gf_sg_proto_del scenegraph/vrml_proto.c:155
    #9 0x7f72cee5e882 in gf_sg_reset scenegraph/base_scenegraph.c:535
    #10 0x7f72cee5e882 in gf_sg_reset scenegraph/base_scenegraph.c:364
    #11 0x7f72cf7c40ab in gf_scene_disconnect compositor/scene.c:503
    #12 0x7f72cf7b873d in gf_odm_disconnect compositor/object_manager.c:166
    #13 0x7f72cf9a28b7 in compose_finalize filters/compose.c:798
    #14 0x7f72cf93a46c in gf_fs_del filter_core/filter_session.c:786
    #15 0x7f72cf3fa88b in gf_media_import media_tools/media_import.c:1672
    #16 0x560e71089599 in import_file /run/media/user/8ed8205b-4114-4c2a-b2d0-e2ad6640262d/gpac/runtime/gpac_asan/applications/mp4box/fileimport.c:1713
    #17 0x560e71044f89 in do_add_cat /run/media/user/8ed8205b-4114-4c2a-b2d0-e2ad6640262d/gpac/runtime/gpac_asan/applications/mp4box/mp4box.c:4632
    #18 0x560e710473e7 in mp4box_main /run/media/user/8ed8205b-4114-4c2a-b2d0-e2ad6640262d/gpac/runtime/gpac_asan/applications/mp4box/mp4box.c:6376
    #19 0x7f72ce831f76 in __libc_start_call_main ../sysdeps/nptl/libc_start_call_main.h:58
    #20 0x7f72ce832026 in __libc_start_main_impl ../csu/libc-start.c:360
    #21 0x560e71027070 in _start (/run/media/user/8ed8205b-4114-4c2a-b2d0-e2ad6640262d/gpac/runtime/gpac_asan/bin/gcc/MP4Box+0x4d070) (BuildId: 6cf4ec0a1f4678684c742bb31496122f9e5b5f7a)

0x7c32cd5e0640 is located 0 bytes inside of 120-byte region [0x7c32cd5e0640,0x7c32cd5e06b8)
freed by thread T0 here:
    #0 0x7f72d092340f in free ../../../../src/libsanitizer/asan/asan_malloc_linux.cpp:51
    #1 0x7f72cee688d6 in gf_sg_command_del scenegraph/commands.c:138

previously allocated by thread T0 here:
    #0 0x7f72d092435f in malloc ../../../../src/libsanitizer/asan/asan_malloc_linux.cpp:67
    #1 0x7f72cee68387 in gf_sg_command_new scenegraph/commands.c:38

SUMMARY: AddressSanitizer: double-free scenegraph/vrml_tools.c:628 in gf_sg_sfcommand_del
==954540==ABORTING
