[avilib] Uh? Some frames seems missing (0/256)
[AVIDmx] Video format VMP4 not natively supported, signaling as is
[Dasher] No template assigned, using $File$_dash$FS$$Number$
[Dasher] No bitrate property assigned to PID 14_poc.mp4, computing from bitstream
AddressSanitizer:DEADLYSIGNAL
=================================================================
==1999695==ERROR: AddressSanitizer: FPE on unknown address 0x7f6e21811a6e (pc 0x7f6e21811a6e bp 0x51900001ff40 sp 0x7ffccf990130 T0)
    #0 0x7f6e21811a6e in avidmx_process filters/dmx_avi.c:639
    #1 0x7f6e2170e0a1 in gf_filter_process_task filter_core/filter.c:3179
    #2 0x7f6e216e2375 in gf_fs_thread_proc filter_core/filter_session.c:2174
    #3 0x7f6e216e75d4 in gf_fs_run filter_core/filter_session.c:2481
    #4 0x7f6e21125501 in gf_dasher_process media_tools/dash_segmenter.c:1273
    #5 0x55fbf3ad1aa9 in do_dash /media/user/6d3eeb8a-a93b-4220-bb13-a4e488ce0ce2/gpac/runtime/gpac_asan/applications/mp4box/mp4box.c:4894
    #6 0x55fbf3aed557 in mp4box_main /media/user/6d3eeb8a-a93b-4220-bb13-a4e488ce0ce2/gpac/runtime/gpac_asan/applications/mp4box/mp4box.c:6358
    #7 0x7f6e20633d67  (/lib/x86_64-linux-gnu/libc.so.6+0x29d67) (BuildId: 522aec690df2798fac29fc4608b2c28fd5968271)
    #8 0x7f6e20633e24 in __libc_start_main (/lib/x86_64-linux-gnu/libc.so.6+0x29e24) (BuildId: 522aec690df2798fac29fc4608b2c28fd5968271)
    #9 0x55fbf3acd000 in _start (/media/user/6d3eeb8a-a93b-4220-bb13-a4e488ce0ce2/gpac/runtime/gpac_asan/bin/gcc/MP4Box+0x4c000) (BuildId: 04d65344188c22047cf1251924e412ef92a32888)

AddressSanitizer can not provide additional info.
SUMMARY: AddressSanitizer: FPE filters/dmx_avi.c:639 in avidmx_process
==1999695==ABORTING
