MPEG-4 BIFS Scene Parsing
AddressSanitizer:DEADLYSIGNAL                                                                                               
=================================================================
==946456==ERROR: AddressSanitizer: stack-overflow on address 0x7ffd252baff8 (pc 0x7ff4a712c255 bp 0x7ffd252bb180 sp 0x7ffd252bb000 T0)                                                                                                                  
    #0 0x7ff4a712c255 in gf_sg_proto_field_is_sftime_offset scenegraph/vrml_proto.c:1283                                    
    #1 0x7ff4a712c1c2 in gf_sg_proto_field_is_sftime_offset scenegraph/vrml_proto.c:1303
    #2 0x7ff4a712c1c2 in gf_sg_proto_field_is_sftime_offset scenegraph/vrml_proto.c:1303
    #3 0x7ff4a712c1c2 in gf_sg_proto_field_is_sftime_offset scenegraph/vrml_proto.c:1303
    #4 0x7ff4a712c1c2 in gf_sg_proto_field_is_sftime_offset scenegraph/vrml_proto.c:1303
    #5 0x7ff4a712c1c2 in gf_sg_proto_field_is_sftime_offset scenegraph/vrml_proto.c:1303
    #6 0x7ff4a712c1c2 in gf_sg_proto_field_is_sftime_offset scenegraph/vrml_proto.c:1303
    #7 0x7ff4a712c1c2 in gf_sg_proto_field_is_sftime_offset scenegraph/vrml_proto.c:1303
    #8 0x7ff4a712c1c2 in gf_sg_proto_field_is_sftime_offset scenegraph/vrml_proto.c:1303
    #9 0x7ff4a712c1c2 in gf_sg_proto_field_is_sftime_offset scenegraph/vrml_proto.c:1303
    #10 0x7ff4a712c1c2 in gf_sg_proto_field_is_sftime_offset scenegraph/vrml_proto.c:1303
    #11 0x7ff4a712c1c2 in gf_sg_proto_field_is_sftime_offset scenegraph/vrml_proto.c:1303
    #12 0x7ff4a712c1c2 in gf_sg_proto_field_is_sftime_offset scenegraph/vrml_proto.c:1303
    #13 0x7ff4a712c1c2 in gf_sg_proto_field_is_sftime_offset scenegraph/vrml_proto.c:1303
    #14 0x7ff4a712c1c2 in gf_sg_proto_field_is_sftime_offset scenegraph/vrml_proto.c:1303
    #15 0x7ff4a712c1c2 in gf_sg_proto_field_is_sftime_offset scenegraph/vrml_proto.c:1303
    #16 0x7ff4a712c1c2 in gf_sg_proto_field_is_sftime_offset scenegraph/vrml_proto.c:1303
    #17 0x7ff4a712c1c2 in gf_sg_proto_field_is_sftime_offset scenegraph/vrml_proto.c:1303
    #18 0x7ff4a712c1c2 in gf_sg_proto_field_is_sftime_offset scenegraph/vrml_proto.c:1303
    #19 0x7ff4a712c1c2 in gf_sg_proto_field_is_sftime_offset scenegraph/vrml_proto.c:1303
    #20 0x7ff4a712c1c2 in gf_sg_proto_field_is_sftime_offset scenegraph/vrml_proto.c:1303
    #21 0x7ff4a712c1c2 in gf_sg_proto_field_is_sftime_offset scenegraph/vrml_proto.c:1303
    #22 0x7ff4a712c1c2 in gf_sg_proto_field_is_sftime_offset scenegraph/vrml_proto.c:1303
    #23 0x7ff4a712c1c2 in gf_sg_proto_field_is_sftime_offset scenegraph/vrml_proto.c:1303
    #24 0x7ff4a712c1c2 in gf_sg_proto_field_is_sftime_offset scenegraph/vrml_proto.c:1303
    #25 0x7ff4a712c1c2 in gf_sg_proto_field_is_sftime_offset scenegraph/vrml_proto.c:1303
    #26 0x7ff4a712c1c2 in gf_sg_proto_field_is_sftime_offset scenegraph/vrml_proto.c:1303
    #27 0x7ff4a712c1c2 in gf_sg_proto_field_is_sftime_offset scenegraph/vrml_proto.c:1303
    #28 0x7ff4a712c1c2 in gf_sg_proto_field_is_sftime_offset scenegraph/vrml_proto.c:1303
    #29 0x7ff4a712c1c2 in gf_sg_proto_field_is_sftime_offset scenegraph/vrml_proto.c:1303
    #30 0x7ff4a712c1c2 in gf_sg_proto_field_is_sftime_offset scenegraph/vrml_proto.c:1303
    #31 0x7ff4a712c1c2 in gf_sg_proto_field_is_sftime_offset scenegraph/vrml_proto.c:1303
    #32 0x7ff4a712c1c2 in gf_sg_proto_field_is_sftime_offset scenegraph/vrml_proto.c:1303
    #33 0x7ff4a712c1c2 in gf_sg_proto_field_is_sftime_offset scenegraph/vrml_proto.c:1303
    #34 0x7ff4a712c1c2 in gf_sg_proto_field_is_sftime_offset scenegraph/vrml_proto.c:1303
    #35 0x7ff4a712c1c2 in gf_sg_proto_field_is_sftime_offset scenegraph/vrml_proto.c:1303
    #36 0x7ff4a712c1c2 in gf_sg_proto_field_is_sftime_offset scenegraph/vrml_proto.c:1303
    #37 0x7ff4a712c1c2 in gf_sg_proto_field_is_sftime_offset scenegraph/vrml_proto.c:1303
    #38 0x7ff4a712c1c2 in gf_sg_proto_field_is_sftime_offset scenegraph/vrml_proto.c:1303
    #39 0x7ff4a712c1c2 in gf_sg_proto_field_is_sftime_offset scenegraph/vrml_proto.c:1303
    #40 0x7ff4a712c1c2 in gf_sg_proto_field_is_sftime_offset scenegraph/vrml_proto.c:1303
    #41 0x7ff4a712c1c2 in gf_sg_proto_field_is_sftime_offset scenegraph/vrml_proto.c:1303
    #42 0x7ff4a712c1c2 in gf_sg_proto_field_is_sftime_offset scenegraph/vrml_proto.c:1303
    #43 0x7ff4a712c1c2 in gf_sg_proto_field_is_sftime_offset scenegraph/vrml_proto.c:1303
    #44 0x7ff4a712c1c2 in gf_sg_proto_field_is_sftime_offset scenegraph/vrml_proto.c:1303
    #45 0x7ff4a712c1c2 in gf_sg_proto_field_is_sftime_offset scenegraph/vrml_proto.c:1303
    #46 0x7ff4a712c1c2 in gf_sg_proto_field_is_sftime_offset scenegraph/vrml_proto.c:1303
    #47 0x7ff4a712c1c2 in gf_sg_proto_field_is_sftime_offset scenegraph/vrml_proto.c:1303
    #48 0x7ff4a712c1c2 in gf_sg_proto_field_is_sftime_offset scenegraph/vrml_proto.c:1303
    #49 0x7ff4a712c1c2 in gf_sg_proto_field_is_sftime_offset scenegraph/vrml_proto.c:1303
    #50 0x7ff4a712c1c2 in gf_sg_proto_field_is_sftime_offset scenegraph/vrml_proto.c:1303
    #51 0x7ff4a712c1c2 in gf_sg_proto_field_is_sftime_offset scenegraph/vrml_proto.c:1303
    #52 0x7ff4a712c1c2 in gf_sg_proto_field_is_sftime_offset scenegraph/vrml_proto.c:1303
    #53 0x7ff4a712c1c2 in gf_sg_proto_field_is_sftime_offset scenegraph/vrml_proto.c:1303
    #54 0x7ff4a712c1c2 in gf_sg_proto_field_is_sftime_offset scenegraph/vrml_proto.c:1303
    #55 0x7ff4a712c1c2 in gf_sg_proto_field_is_sftime_offset scenegraph/vrml_proto.c:1303
    #56 0x7ff4a712c1c2 in gf_sg_proto_field_is_sftime_offset scenegraph/vrml_proto.c:1303
    #57 0x7ff4a712c1c2 in gf_sg_proto_field_is_sftime_offset scenegraph/vrml_proto.c:1303
    #58 0x7ff4a712c1c2 in gf_sg_proto_field_is_sftime_offset scenegraph/vrml_proto.c:1303
    #59 0x7ff4a712c1c2 in gf_sg_proto_field_is_sftime_offset scenegraph/vrml_proto.c:1303
    #60 0x7ff4a712c1c2 in gf_sg_proto_field_is_sftime_offset scenegraph/vrml_proto.c:1303
    #61 0x7ff4a712c1c2 in gf_sg_proto_field_is_sftime_offset scenegraph/vrml_proto.c:1303
    #62 0x7ff4a712c1c2 in gf_sg_proto_field_is_sftime_offset scenegraph/vrml_proto.c:1303
    #63 0x7ff4a712c1c2 in gf_sg_proto_field_is_sftime_offset scenegraph/vrml_proto.c:1303
    #64 0x7ff4a712c1c2 in gf_sg_proto_field_is_sftime_offset scenegraph/vrml_proto.c:1303
    #65 0x7ff4a712c1c2 in gf_sg_proto_field_is_sftime_offset scenegraph/vrml_proto.c:1303
    #66 0x7ff4a712c1c2 in gf_sg_proto_field_is_sftime_offset scenegraph/vrml_proto.c:1303
    #67 0x7ff4a712c1c2 in gf_sg_proto_field_is_sftime_offset scenegraph/vrml_proto.c:1303
    #68 0x7ff4a712c1c2 in gf_sg_proto_field_is_sftime_offset scenegraph/vrml_proto.c:1303
    #69 0x7ff4a712c1c2 in gf_sg_proto_field_is_sftime_offset scenegraph/vrml_proto.c:1303
    #70 0x7ff4a712c1c2 in gf_sg_proto_field_is_sftime_offset scenegraph/vrml_proto.c:1303
    #71 0x7ff4a712c1c2 in gf_sg_proto_field_is_sftime_offset scenegraph/vrml_proto.c:1303
    #72 0x7ff4a712c1c2 in gf_sg_proto_field_is_sftime_offset scenegraph/vrml_proto.c:1303
    #73 0x7ff4a712c1c2 in gf_sg_proto_field_is_sftime_offset scenegraph/vrml_proto.c:1303
    #74 0x7ff4a712c1c2 in gf_sg_proto_field_is_sftime_offset scenegraph/vrml_proto.c:1303
    #75 0x7ff4a712c1c2 in gf_sg_proto_field_is_sftime_offset scenegraph/vrml_proto.c:1303
    #76 0x7ff4a712c1c2 in gf_sg_proto_field_is_sftime_offset scenegraph/vrml_proto.c:1303
    #77 0x7ff4a712c1c2 in gf_sg_proto_field_is_sftime_offset scenegraph/vrml_proto.c:1303
    #78 0x7ff4a712c1c2 in gf_sg_proto_field_is_sftime_offset scenegraph/vrml_proto.c:1303
    #79 0x7ff4a712c1c2 in gf_sg_proto_field_is_sftime_offset scenegraph/vrml_proto.c:1303
    #80 0x7ff4a712c1c2 in gf_sg_proto_field_is_sftime_offset scenegraph/vrml_proto.c:1303
    #81 0x7ff4a712c1c2 in gf_sg_proto_field_is_sftime_offset scenegraph/vrml_proto.c:1303
    #82 0x7ff4a712c1c2 in gf_sg_proto_field_is_sftime_offset scenegraph/vrml_proto.c:1303
    #83 0x7ff4a712c1c2 in gf_sg_proto_field_is_sftime_offset scenegraph/vrml_proto.c:1303
    #84 0x7ff4a712c1c2 in gf_sg_proto_field_is_sftime_offset scenegraph/vrml_proto.c:1303
    #85 0x7ff4a712c1c2 in gf_sg_proto_field_is_sftime_offset scenegraph/vrml_proto.c:1303
    #86 0x7ff4a712c1c2 in gf_sg_proto_field_is_sftime_offset scenegraph/vrml_proto.c:1303
    #87 0x7ff4a712c1c2 in gf_sg_proto_field_is_sftime_offset scenegraph/vrml_proto.c:1303
    #88 0x7ff4a712c1c2 in gf_sg_proto_field_is_sftime_offset scenegraph/vrml_proto.c:1303
    #89 0x7ff4a712c1c2 in gf_sg_proto_field_is_sftime_offset scenegraph/vrml_proto.c:1303
    #90 0x7ff4a712c1c2 in gf_sg_proto_field_is_sftime_offset scenegraph/vrml_proto.c:1303
    #91 0x7ff4a712c1c2 in gf_sg_proto_field_is_sftime_offset scenegraph/vrml_proto.c:1303
    #92 0x7ff4a712c1c2 in gf_sg_proto_field_is_sftime_offset scenegraph/vrml_proto.c:1303
    #93 0x7ff4a712c1c2 in gf_sg_proto_field_is_sftime_offset scenegraph/vrml_proto.c:1303
    #94 0x7ff4a712c1c2 in gf_sg_proto_field_is_sftime_offset scenegraph/vrml_proto.c:1303
    #95 0x7ff4a712c1c2 in gf_sg_proto_field_is_sftime_offset scenegraph/vrml_proto.c:1303
    #96 0x7ff4a712c1c2 in gf_sg_proto_field_is_sftime_offset scenegraph/vrml_proto.c:1303
    #97 0x7ff4a712c1c2 in gf_sg_proto_field_is_sftime_offset scenegraph/vrml_proto.c:1303
    #98 0x7ff4a712c1c2 in gf_sg_proto_field_is_sftime_offset scenegraph/vrml_proto.c:1303
    #99 0x7ff4a712c1c2 in gf_sg_proto_field_is_sftime_offset scenegraph/vrml_proto.c:1303
    #100 0x7ff4a712c1c2 in gf_sg_proto_field_is_sftime_offset scenegraph/vrml_proto.c:1303
    #101 0x7ff4a712c1c2 in gf_sg_proto_field_is_sftime_offset scenegraph/vrml_proto.c:1303
    #102 0x7ff4a712c1c2 in gf_sg_proto_field_is_sftime_offset scenegraph/vrml_proto.c:1303
    #103 0x7ff4a712c1c2 in gf_sg_proto_field_is_sftime_offset scenegraph/vrml_proto.c:1303
    #104 0x7ff4a712c1c2 in gf_sg_proto_field_is_sftime_offset scenegraph/vrml_proto.c:1303
    #105 0x7ff4a712c1c2 in gf_sg_proto_field_is_sftime_offset scenegraph/vrml_proto.c:1303
    #106 0x7ff4a712c1c2 in gf_sg_proto_field_is_sftime_offset scenegraph/vrml_proto.c:1303
    #107 0x7ff4a712c1c2 in gf_sg_proto_field_is_sftime_offset scenegraph/vrml_proto.c:1303
    #108 0x7ff4a712c1c2 in gf_sg_proto_field_is_sftime_offset scenegraph/vrml_proto.c:1303
    #109 0x7ff4a712c1c2 in gf_sg_proto_field_is_sftime_offset scenegraph/vrml_proto.c:1303
    #110 0x7ff4a712c1c2 in gf_sg_proto_field_is_sftime_offset scenegraph/vrml_proto.c:1303
    #111 0x7ff4a712c1c2 in gf_sg_proto_field_is_sftime_offset scenegraph/vrml_proto.c:1303
    #112 0x7ff4a712c1c2 in gf_sg_proto_field_is_sftime_offset scenegraph/vrml_proto.c:1303
    #113 0x7ff4a712c1c2 in gf_sg_proto_field_is_sftime_offset scenegraph/vrml_proto.c:1303
    #114 0x7ff4a712c1c2 in gf_sg_proto_field_is_sftime_offset scenegraph/vrml_proto.c:1303
    #115 0x7ff4a712c1c2 in gf_sg_proto_field_is_sftime_offset scenegraph/vrml_proto.c:1303
    #116 0x7ff4a712c1c2 in gf_sg_proto_field_is_sftime_offset scenegraph/vrml_proto.c:1303
    #117 0x7ff4a712c1c2 in gf_sg_proto_field_is_sftime_offset scenegraph/vrml_proto.c:1303
    #118 0x7ff4a712c1c2 in gf_sg_proto_field_is_sftime_offset scenegraph/vrml_proto.c:1303
    #119 0x7ff4a712c1c2 in gf_sg_proto_field_is_sftime_offset scenegraph/vrml_proto.c:1303
    #120 0x7ff4a712c1c2 in gf_sg_proto_field_is_sftime_offset scenegraph/vrml_proto.c:1303
    #121 0x7ff4a712c1c2 in gf_sg_proto_field_is_sftime_offset scenegraph/vrml_proto.c:1303
    #122 0x7ff4a712c1c2 in gf_sg_proto_field_is_sftime_offset scenegraph/vrml_proto.c:1303
    #123 0x7ff4a712c1c2 in gf_sg_proto_field_is_sftime_offset scenegraph/vrml_proto.c:1303
    #124 0x7ff4a712c1c2 in gf_sg_proto_field_is_sftime_offset scenegraph/vrml_proto.c:1303
    #125 0x7ff4a712c1c2 in gf_sg_proto_field_is_sftime_offset scenegraph/vrml_proto.c:1303
    #126 0x7ff4a712c1c2 in gf_sg_proto_field_is_sftime_offset scenegraph/vrml_proto.c:1303
    #127 0x7ff4a712c1c2 in gf_sg_proto_field_is_sftime_offset scenegraph/vrml_proto.c:1303
    #128 0x7ff4a712c1c2 in gf_sg_proto_field_is_sftime_offset scenegraph/vrml_proto.c:1303
    #129 0x7ff4a712c1c2 in gf_sg_proto_field_is_sftime_offset scenegraph/vrml_proto.c:1303
    #130 0x7ff4a712c1c2 in gf_sg_proto_field_is_sftime_offset scenegraph/vrml_proto.c:1303
    #131 0x7ff4a712c1c2 in gf_sg_proto_field_is_sftime_offset scenegraph/vrml_proto.c:1303
    #132 0x7ff4a712c1c2 in gf_sg_proto_field_is_sftime_offset scenegraph/vrml_proto.c:1303
    #133 0x7ff4a712c1c2 in gf_sg_proto_field_is_sftime_offset scenegraph/vrml_proto.c:1303
    #134 0x7ff4a712c1c2 in gf_sg_proto_field_is_sftime_offset scenegraph/vrml_proto.c:1303
    #135 0x7ff4a712c1c2 in gf_sg_proto_field_is_sftime_offset scenegraph/vrml_proto.c:1303
    #136 0x7ff4a712c1c2 in gf_sg_proto_field_is_sftime_offset scenegraph/vrml_proto.c:1303
    #137 0x7ff4a712c1c2 in gf_sg_proto_field_is_sftime_offset scenegraph/vrml_proto.c:1303
    #138 0x7ff4a712c1c2 in gf_sg_proto_field_is_sftime_offset scenegraph/vrml_proto.c:1303
    #139 0x7ff4a712c1c2 in gf_sg_proto_field_is_sftime_offset scenegraph/vrml_proto.c:1303
    #140 0x7ff4a712c1c2 in gf_sg_proto_field_is_sftime_offset scenegraph/vrml_proto.c:1303
    #141 0x7ff4a712c1c2 in gf_sg_proto_field_is_sftime_offset scenegraph/vrml_proto.c:1303
    #142 0x7ff4a712c1c2 in gf_sg_proto_field_is_sftime_offset scenegraph/vrml_proto.c:1303
    #143 0x7ff4a712c1c2 in gf_sg_proto_field_is_sftime_offset scenegraph/vrml_proto.c:1303
    #144 0x7ff4a712c1c2 in gf_sg_proto_field_is_sftime_offset scenegraph/vrml_proto.c:1303
    #145 0x7ff4a712c1c2 in gf_sg_proto_field_is_sftime_offset scenegraph/vrml_proto.c:1303
    #146 0x7ff4a712c1c2 in gf_sg_proto_field_is_sftime_offset scenegraph/vrml_proto.c:1303
    #147 0x7ff4a712c1c2 in gf_sg_proto_field_is_sftime_offset scenegraph/vrml_proto.c:1303
    #148 0x7ff4a712c1c2 in gf_sg_proto_field_is_sftime_offset scenegraph/vrml_proto.c:1303
    #149 0x7ff4a712c1c2 in gf_sg_proto_field_is_sftime_offset scenegraph/vrml_proto.c:1303
    #150 0x7ff4a712c1c2 in gf_sg_proto_field_is_sftime_offset scenegraph/vrml_proto.c:1303
    #151 0x7ff4a712c1c2 in gf_sg_proto_field_is_sftime_offset scenegraph/vrml_proto.c:1303
    #152 0x7ff4a712c1c2 in gf_sg_proto_field_is_sftime_offset scenegraph/vrml_proto.c:1303
    #153 0x7ff4a712c1c2 in gf_sg_proto_field_is_sftime_offset scenegraph/vrml_proto.c:1303
    #154 0x7ff4a712c1c2 in gf_sg_proto_field_is_sftime_offset scenegraph/vrml_proto.c:1303
    #155 0x7ff4a712c1c2 in gf_sg_proto_field_is_sftime_offset scenegraph/vrml_proto.c:1303
    #156 0x7ff4a712c1c2 in gf_sg_proto_field_is_sftime_offset scenegraph/vrml_proto.c:1303
    #157 0x7ff4a712c1c2 in gf_sg_proto_field_is_sftime_offset scenegraph/vrml_proto.c:1303
    #158 0x7ff4a712c1c2 in gf_sg_proto_field_is_sftime_offset scenegraph/vrml_proto.c:1303
    #159 0x7ff4a712c1c2 in gf_sg_proto_field_is_sftime_offset scenegraph/vrml_proto.c:1303
    #160 0x7ff4a712c1c2 in gf_sg_proto_field_is_sftime_offset scenegraph/vrml_proto.c:1303
    #161 0x7ff4a712c1c2 in gf_sg_proto_field_is_sftime_offset scenegraph/vrml_proto.c:1303
    #162 0x7ff4a712c1c2 in gf_sg_proto_field_is_sftime_offset scenegraph/vrml_proto.c:1303
    #163 0x7ff4a712c1c2 in gf_sg_proto_field_is_sftime_offset scenegraph/vrml_proto.c:1303
    #164 0x7ff4a712c1c2 in gf_sg_proto_field_is_sftime_offset scenegraph/vrml_proto.c:1303
    #165 0x7ff4a712c1c2 in gf_sg_proto_field_is_sftime_offset scenegraph/vrml_proto.c:1303
    #166 0x7ff4a712c1c2 in gf_sg_proto_field_is_sftime_offset scenegraph/vrml_proto.c:1303
    #167 0x7ff4a712c1c2 in gf_sg_proto_field_is_sftime_offset scenegraph/vrml_proto.c:1303
    #168 0x7ff4a712c1c2 in gf_sg_proto_field_is_sftime_offset scenegraph/vrml_proto.c:1303
    #169 0x7ff4a712c1c2 in gf_sg_proto_field_is_sftime_offset scenegraph/vrml_proto.c:1303
    #170 0x7ff4a712c1c2 in gf_sg_proto_field_is_sftime_offset scenegraph/vrml_proto.c:1303
    #171 0x7ff4a712c1c2 in gf_sg_proto_field_is_sftime_offset scenegraph/vrml_proto.c:1303
    #172 0x7ff4a712c1c2 in gf_sg_proto_field_is_sftime_offset scenegraph/vrml_proto.c:1303
    #173 0x7ff4a712c1c2 in gf_sg_proto_field_is_sftime_offset scenegraph/vrml_proto.c:1303
    #174 0x7ff4a712c1c2 in gf_sg_proto_field_is_sftime_offset scenegraph/vrml_proto.c:1303
    #175 0x7ff4a712c1c2 in gf_sg_proto_field_is_sftime_offset scenegraph/vrml_proto.c:1303
    #176 0x7ff4a712c1c2 in gf_sg_proto_field_is_sftime_offset scenegraph/vrml_proto.c:1303
    #177 0x7ff4a712c1c2 in gf_sg_proto_field_is_sftime_offset scenegraph/vrml_proto.c:1303
    #178 0x7ff4a712c1c2 in gf_sg_proto_field_is_sftime_offset scenegraph/vrml_proto.c:1303
    #179 0x7ff4a712c1c2 in gf_sg_proto_field_is_sftime_offset scenegraph/vrml_proto.c:1303
    #180 0x7ff4a712c1c2 in gf_sg_proto_field_is_sftime_offset scenegraph/vrml_proto.c:1303
    #181 0x7ff4a712c1c2 in gf_sg_proto_field_is_sftime_offset scenegraph/vrml_proto.c:1303
    #182 0x7ff4a712c1c2 in gf_sg_proto_field_is_sftime_offset scenegraph/vrml_proto.c:1303
    #183 0x7ff4a712c1c2 in gf_sg_proto_field_is_sftime_offset scenegraph/vrml_proto.c:1303
    #184 0x7ff4a712c1c2 in gf_sg_proto_field_is_sftime_offset scenegraph/vrml_proto.c:1303
    #185 0x7ff4a712c1c2 in gf_sg_proto_field_is_sftime_offset scenegraph/vrml_proto.c:1303
    #186 0x7ff4a712c1c2 in gf_sg_proto_field_is_sftime_offset scenegraph/vrml_proto.c:1303
    #187 0x7ff4a712c1c2 in gf_sg_proto_field_is_sftime_offset scenegraph/vrml_proto.c:1303
    #188 0x7ff4a712c1c2 in gf_sg_proto_field_is_sftime_offset scenegraph/vrml_proto.c:1303
    #189 0x7ff4a712c1c2 in gf_sg_proto_field_is_sftime_offset scenegraph/vrml_proto.c:1303
    #190 0x7ff4a712c1c2 in gf_sg_proto_field_is_sftime_offset scenegraph/vrml_proto.c:1303
    #191 0x7ff4a712c1c2 in gf_sg_proto_field_is_sftime_offset scenegraph/vrml_proto.c:1303
    #192 0x7ff4a712c1c2 in gf_sg_proto_field_is_sftime_offset scenegraph/vrml_proto.c:1303
    #193 0x7ff4a712c1c2 in gf_sg_proto_field_is_sftime_offset scenegraph/vrml_proto.c:1303
    #194 0x7ff4a712c1c2 in gf_sg_proto_field_is_sftime_offset scenegraph/vrml_proto.c:1303
    #195 0x7ff4a712c1c2 in gf_sg_proto_field_is_sftime_offset scenegraph/vrml_proto.c:1303
    #196 0x7ff4a712c1c2 in gf_sg_proto_field_is_sftime_offset scenegraph/vrml_proto.c:1303
    #197 0x7ff4a712c1c2 in gf_sg_proto_field_is_sftime_offset scenegraph/vrml_proto.c:1303
    #198 0x7ff4a712c1c2 in gf_sg_proto_field_is_sftime_offset scenegraph/vrml_proto.c:1303
    #199 0x7ff4a712c1c2 in gf_sg_proto_field_is_sftime_offset scenegraph/vrml_proto.c:1303
    #200 0x7ff4a712c1c2 in gf_sg_proto_field_is_sftime_offset scenegraph/vrml_proto.c:1303
    #201 0x7ff4a712c1c2 in gf_sg_proto_field_is_sftime_offset scenegraph/vrml_proto.c:1303
    #202 0x7ff4a712c1c2 in gf_sg_proto_field_is_sftime_offset scenegraph/vrml_proto.c:1303
    #203 0x7ff4a712c1c2 in gf_sg_proto_field_is_sftime_offset scenegraph/vrml_proto.c:1303
    #204 0x7ff4a712c1c2 in gf_sg_proto_field_is_sftime_offset scenegraph/vrml_proto.c:1303
    #205 0x7ff4a712c1c2 in gf_sg_proto_field_is_sftime_offset scenegraph/vrml_proto.c:1303
    #206 0x7ff4a712c1c2 in gf_sg_proto_field_is_sftime_offset scenegraph/vrml_proto.c:1303
    #207 0x7ff4a712c1c2 in gf_sg_proto_field_is_sftime_offset scenegraph/vrml_proto.c:1303
    #208 0x7ff4a712c1c2 in gf_sg_proto_field_is_sftime_offset scenegraph/vrml_proto.c:1303
    #209 0x7ff4a712c1c2 in gf_sg_proto_field_is_sftime_offset scenegraph/vrml_proto.c:1303
    #210 0x7ff4a712c1c2 in gf_sg_proto_field_is_sftime_offset scenegraph/vrml_proto.c:1303
    #211 0x7ff4a712c1c2 in gf_sg_proto_field_is_sftime_offset scenegraph/vrml_proto.c:1303
    #212 0x7ff4a712c1c2 in gf_sg_proto_field_is_sftime_offset scenegraph/vrml_proto.c:1303
    #213 0x7ff4a712c1c2 in gf_sg_proto_field_is_sftime_offset scenegraph/vrml_proto.c:1303
    #214 0x7ff4a712c1c2 in gf_sg_proto_field_is_sftime_offset scenegraph/vrml_proto.c:1303
    #215 0x7ff4a712c1c2 in gf_sg_proto_field_is_sftime_offset scenegraph/vrml_proto.c:1303
    #216 0x7ff4a712c1c2 in gf_sg_proto_field_is_sftime_offset scenegraph/vrml_proto.c:1303
    #217 0x7ff4a712c1c2 in gf_sg_proto_field_is_sftime_offset scenegraph/vrml_proto.c:1303
    #218 0x7ff4a712c1c2 in gf_sg_proto_field_is_sftime_offset scenegraph/vrml_proto.c:1303
    #219 0x7ff4a712c1c2 in gf_sg_proto_field_is_sftime_offset scenegraph/vrml_proto.c:1303
    #220 0x7ff4a712c1c2 in gf_sg_proto_field_is_sftime_offset scenegraph/vrml_proto.c:1303
    #221 0x7ff4a712c1c2 in gf_sg_proto_field_is_sftime_offset scenegraph/vrml_proto.c:1303
    #222 0x7ff4a712c1c2 in gf_sg_proto_field_is_sftime_offset scenegraph/vrml_proto.c:1303
    #223 0x7ff4a712c1c2 in gf_sg_proto_field_is_sftime_offset scenegraph/vrml_proto.c:1303
    #224 0x7ff4a712c1c2 in gf_sg_proto_field_is_sftime_offset scenegraph/vrml_proto.c:1303
    #225 0x7ff4a712c1c2 in gf_sg_proto_field_is_sftime_offset scenegraph/vrml_proto.c:1303
    #226 0x7ff4a712c1c2 in gf_sg_proto_field_is_sftime_offset scenegraph/vrml_proto.c:1303
    #227 0x7ff4a712c1c2 in gf_sg_proto_field_is_sftime_offset scenegraph/vrml_proto.c:1303
    #228 0x7ff4a712c1c2 in gf_sg_proto_field_is_sftime_offset scenegraph/vrml_proto.c:1303
    #229 0x7ff4a712c1c2 in gf_sg_proto_field_is_sftime_offset scenegraph/vrml_proto.c:1303
    #230 0x7ff4a712c1c2 in gf_sg_proto_field_is_sftime_offset scenegraph/vrml_proto.c:1303
    #231 0x7ff4a712c1c2 in gf_sg_proto_field_is_sftime_offset scenegraph/vrml_proto.c:1303
    #232 0x7ff4a712c1c2 in gf_sg_proto_field_is_sftime_offset scenegraph/vrml_proto.c:1303
    #233 0x7ff4a712c1c2 in gf_sg_proto_field_is_sftime_offset scenegraph/vrml_proto.c:1303
    #234 0x7ff4a712c1c2 in gf_sg_proto_field_is_sftime_offset scenegraph/vrml_proto.c:1303
    #235 0x7ff4a712c1c2 in gf_sg_proto_field_is_sftime_offset scenegraph/vrml_proto.c:1303
    #236 0x7ff4a712c1c2 in gf_sg_proto_field_is_sftime_offset scenegraph/vrml_proto.c:1303
    #237 0x7ff4a712c1c2 in gf_sg_proto_field_is_sftime_offset scenegraph/vrml_proto.c:1303
    #238 0x7ff4a712c1c2 in gf_sg_proto_field_is_sftime_offset scenegraph/vrml_proto.c:1303
    #239 0x7ff4a712c1c2 in gf_sg_proto_field_is_sftime_offset scenegraph/vrml_proto.c:1303
    #240 0x7ff4a712c1c2 in gf_sg_proto_field_is_sftime_offset scenegraph/vrml_proto.c:1303
    #241 0x7ff4a712c1c2 in gf_sg_proto_field_is_sftime_offset scenegraph/vrml_proto.c:1303
    #242 0x7ff4a712c1c2 in gf_sg_proto_field_is_sftime_offset scenegraph/vrml_proto.c:1303
    #243 0x7ff4a712c1c2 in gf_sg_proto_field_is_sftime_offset scenegraph/vrml_proto.c:1303
    #244 0x7ff4a712c1c2 in gf_sg_proto_field_is_sftime_offset scenegraph/vrml_proto.c:1303
    #245 0x7ff4a712c1c2 in gf_sg_proto_field_is_sftime_offset scenegraph/vrml_proto.c:1303
    #246 0x7ff4a712c1c2 in gf_sg_proto_field_is_sftime_offset scenegraph/vrml_proto.c:1303

SUMMARY: AddressSanitizer: stack-overflow scenegraph/vrml_proto.c:1283 in gf_sg_proto_field_is_sftime_offset
==946456==ABORTING
