[iso file] Found 8 stts entries with forbidden sample_delta=0 - patching to 1
[Dasher] No template assigned, using $File$_dash$FS$$Number$
AddressSanitizer:DEADLYSIGNAL
=================================================================
==294704==ERROR: AddressSanitizer: SEGV on unknown address 0x000000000054 (pc 0x7faa6a5f7301 bp 0x7cca6822b640 sp 0x7ffe83af99a0 T0)
==294704==The signal is caused by a READ memory access.
==294704==Hint: address points to the zero page.
    #0 0x7faa6a5f7301 in dasher_process filters/dasher.c:10329
    #1 0x7faa6a551b43 in gf_filter_process_task filter_core/filter.c:3253
    #2 0x7faa6a526411 in gf_fs_thread_proc filter_core/filter_session.c:2418
    #3 0x7faa6a52b4d2 in gf_fs_run filter_core/filter_session.c:2726
    #4 0x7faa69f3b8ad in gf_dasher_process media_tools/dash_segmenter.c:1274
    #5 0x55cc6f777d59 in do_dash /run/media/user/8ed8205b-4114-4c2a-b2d0-e2ad6640262d/gpac/runtime/gpac_asan/applications/mp4box/mp4box.c:4927
    #6 0x55cc6f793994 in mp4box_main /run/media/user/8ed8205b-4114-4c2a-b2d0-e2ad6640262d/gpac/runtime/gpac_asan/applications/mp4box/mp4box.c:6426
    #7 0x7faa69433f74 in __libc_start_call_main ../sysdeps/nptl/libc_start_call_main.h:58
    #8 0x7faa69434026 in __libc_start_main_impl ../csu/libc-start.c:360
    #9 0x55cc6f7730b0 in _start (/run/media/user/8ed8205b-4114-4c2a-b2d0-e2ad6640262d/gpac/runtime/gpac_asan/bin/gcc/MP4Box+0x4d0b0) (BuildId: 3536c1eac40d38e30843f36722dcd7e2e0e18233)

==294704==Register values:
rax = 0x0000000000000007  rbx = 0x00007d3a681f6f20  rcx = 0x0000000000000000  rdx = 0x0000000000000000  
rdi = 0x0000000000000054  rsi = 0x0000000000000000  rbp = 0x00007cca6822b640  rsp = 0x00007ffe83af99a0  
 r8 = 0x00000000005b40d4   r9 = 0x0000000000000000  r10 = 0x0000000000000000  r11 = 0x00007faa6bcdb000  
r12 = 0x00007d3a681f6f4c  r13 = 0x00007d3a681f5e80  r14 = 0x00007d3a681f6d80  r15 = 0x00007d3a681f6d98  
AddressSanitizer can not provide additional info.
SUMMARY: AddressSanitizer: SEGV filters/dasher.c:10329 in dasher_process
==294704==ABORTING
