[32mTrack Importing RawVideo - Width 320 Height 240 FPS 30/1
[0m[32mXMT: MPEG-4 (XMT) Scene Parsing
[0m[33m[XMT Parsing] Invalid child descriptor (line 90)
[0m[33m[XMT Parsing] Invalid child descriptor (line 93)
[0m[33m[XMT Parsing] Invalid child descriptor (line 97)
[0mXMT Parsing: |=                   | (09/100)
[33m[XMT Parsing] Warning: Unknown field "position2int" for node QuantizationParameter - skipping (line 122)
[0m[33m[XMT Parsing] Warning: Unknown field "booleanValue" for node QuantizationParameter - skipping (line 122)
[0m[33m[XMT Parsing] Warning: Unknown field "backColor" for node OrderedGroup - skipping (line 194)
[0m[33m[XMT Parsing] Warning: Unknown field "url" for node OrderedGroup - skipping (line 194)
[0mXMT Parsing: |===                 | (19/100)
[33m[XMT Parsing] Warning: Unknown proto field _field1 - skipping (line 286)
[0m[33m[XMT Parsing] Warning: Unknown proto field _field2 - skipping (line 287)
[0m[33m[XMT Parsing] Warning: Unknown proto field _field3 - skipping (line 288)
[0m[33m[XMT Parsing] Warning: Unknown proto field _field4 - skipping (line 289)
[0m[33m[XMT Parsing] Warning: Node N13 has been defined several times - IDs may get corrupted (line 314)
[0mXMT Parsing: |=====               | (29/100)
XMT Parsing: |=======             | (39/100)
[33m[XMT Parsing] Warning: Unknown field "justify" for node Script - skipping (line 559)
[0m[33m[XMT Parsing] Warning: Unknown field "size" for node Script - skipping (line 559)
[0mXMT Parsing: |==========          | (50/100)
[33m[XMT Parsing] Warning: Unknown field "objectTypeendication" for node CacheTexture - skipping (line 688)
[0mXMT Parsing: |===========         | (59/100)
XMT Parsing: |============        | (62/100)
[33m[XMT Parsing] Warning: Unknown field "expirationDate" for node NavigationInfo - skipping (line 790)
[0mXMT Parsing: |==============      | (72/100)
[33m[XMT Parsing] Warning: node InputSensor defined outside scene scope - skipping (line 885)
[0m=================================================================
==954595==ERROR: AddressSanitizer: heap-use-after-free on address 0x7bf09bbea9c0 at pc 0x7f909dd4f271 bp 0x7ffdcc8b3d70 sp 0x7ffdcc8b3d68
READ of size 8 at 0x7bf09bbea9c0 thread T0
    #0 0x7f909dd4f270 in xmt_parse_command scene_manager/loader_xmt.c:2525
    #1 0x7f909dd4f270 in xmt_node_start scene_manager/loader_xmt.c:2843
    #2 0x7f909d58a59c in xml_sax_node_start utils/xml_parser.c:308
    #3 0x7f909d58f317 in xml_sax_parse_attribute utils/xml_parser.c:357
    #4 0x7f909d58f317 in xml_sax_parse utils/xml_parser.c:940
    #5 0x7f909d58abfe in gf_xml_sax_parse_intern utils/xml_parser.c:1084
    #6 0x7f909d590037 in gf_xml_sax_parse utils/xml_parser.c:1138
    #7 0x7f909d590393 in xml_sax_read_file utils/xml_parser.c:1225
    #8 0x7f909d590e48 in gf_xml_sax_parse_file utils/xml_parser.c:1338
    #9 0x7f909dd3d7b5 in load_xmt_run scene_manager/loader_xmt.c:3444
    #10 0x7f909e3e462c in ctxload_process filters/load_bt_xmt.c:522
    #11 0x7f909e15f893 in gf_filter_process_task filter_core/filter.c:3257
    #12 0x7f909e133dc1 in gf_fs_thread_proc filter_core/filter_session.c:2420
    #13 0x7f909e138e82 in gf_fs_run filter_core/filter_session.c:2728
    #14 0x7f909dbf8d4f in gf_media_import media_tools/media_import.c:1632
    #15 0x55e6a99de599 in import_file /run/media/user/8ed8205b-4114-4c2a-b2d0-e2ad6640262d/gpac/runtime/gpac_asan/applications/mp4box/fileimport.c:1713
    #16 0x55e6a9999f89 in do_add_cat /run/media/user/8ed8205b-4114-4c2a-b2d0-e2ad6640262d/gpac/runtime/gpac_asan/applications/mp4box/mp4box.c:4632
    #17 0x55e6a999c3e7 in mp4box_main /run/media/user/8ed8205b-4114-4c2a-b2d0-e2ad6640262d/gpac/runtime/gpac_asan/applications/mp4box/mp4box.c:6376
    #18 0x7f909d031f76 in __libc_start_call_main ../sysdeps/nptl/libc_start_call_main.h:58
    #19 0x7f909d032026 in __libc_start_main_impl ../csu/libc-start.c:360
    #20 0x55e6a997c070 in _start (/run/media/user/8ed8205b-4114-4c2a-b2d0-e2ad6640262d/gpac/runtime/gpac_asan/bin/gcc/MP4Box+0x4d070) (BuildId: 6cf4ec0a1f4678684c742bb31496122f9e5b5f7a)

0x7bf09bbea9c0 is located 32 bytes inside of 64-byte region [0x7bf09bbea9a0,0x7bf09bbea9e0)
freed by thread T0 here:
    #0 0x7f909f12340f in free ../../../../src/libsanitizer/asan/asan_malloc_linux.cpp:51
    #1 0x7f909d65b637 in gf_node_unregister scenegraph/base_scenegraph.c:801

previously allocated by thread T0 here:
    #0 0x7f909f12435f in malloc ../../../../src/libsanitizer/asan/asan_malloc_linux.cpp:67
    #1 0x7f909d6cf93e in InputSensor_Create scenegraph/mpeg4_nodes.c:22790
    #2 0x7f909d6cf93e in gf_sg_mpeg4_node_new scenegraph/mpeg4_nodes.c:36938

SUMMARY: AddressSanitizer: heap-use-after-free scene_manager/loader_xmt.c:2525 in xmt_parse_command
Shadow bytes around the buggy address:
  0x7bf09bbea700: fd fd fd fd fd fd fd fa fa fa fa fa fd fd fd fd
  0x7bf09bbea780: fd fd fd fa fa fa fa fa fd fd fd fd fd fd fd fa
  0x7bf09bbea800: fa fa fa fa fd fd fd fd fd fd fd fa fa fa fa fa
  0x7bf09bbea880: fd fd fd fd fd fd fd fa fa fa fa fa 00 00 00 00
  0x7bf09bbea900: 00 00 00 00 fa fa fa fa fd fd fd fd fd fd fd fa
=>0x7bf09bbea980: fa fa fa fa fd fd fd fd[fd]fd fd fd fa fa fa fa
  0x7bf09bbeaa00: fd fd fd fd fd fd fd fa fa fa fa fa fa fa fa fa
  0x7bf09bbeaa80: fa fa fa fa fa fa fa fa fa fa fa fa fa fa fa fa
  0x7bf09bbeab00: fa fa fa fa fa fa fa fa fa fa fa fa fa fa fa fa
  0x7bf09bbeab80: fa fa fa fa fa fa fa fa fa fa fa fa fa fa fa fa
  0x7bf09bbeac00: fa fa fa fa fa fa fa fa fa fa fa fa fa fa fa fa
Shadow byte legend (one shadow byte represents 8 application bytes):
  Addressable:           00
  Partially addressable: 01 02 03 04 05 06 07 
  Heap left redzone:       fa
  Freed heap region:       fd
  Stack left redzone:      f1
  Stack mid redzone:       f2
  Stack right redzone:     f3
  Stack after return:      f5
  Stack use after scope:   f8
  Global redzone:          f9
  Global init order:       f6
  Poisoned by user:        f7
  Container overflow:      fc
  Array cookie:            ac
  Intra object redzone:    bb
  ASan internal:           fe
  Left alloca redzone:     ca
  Right alloca redzone:    cb
==954595==ABORTING
