No program number nor output filename specified. No timestamp file will be generated
.[MPEG-2 TS] Stream type (0xf3) for PID 4144 not supported
[MPEG-2 TS] Stream type (0x14) for PID 4144 not supported                                                                                                   
Broken PMT descriptor! size 57, desc size 48 but position 15                                                                                                
MORE sections on pid 4144                                                                                                                                   
Broken PMT descriptor! size 57, desc size 48 but position 47                                                                                                
[MPEG-2 TS] Invalid PMT es descriptor size for PID 4144                                                                                                     
[MPEG-2 TS] Invalid PMT es descriptor size for PID 4144                                                                                                     
[MPEG-2 TS] Corrupted TDT size                                                                                                                              
[MPEG-2 TS] Corrupted TDT size                                                                                                                              
[MPEG-2 TS] Stream type (0xf3) for PID 4144 not supported                                                                                                   
MORE sections on pid 48                                                                                                                                     
Broken PMT descriptor! size 57, desc size 48 but position 15                                                                                                
MORE sections on pid 4144                                                                                                                                   
Broken PMT descriptor! size 57, desc size 48 but position 20                                                                                                
Broken PMT descriptor! size 57, desc size 48 but position 25                                                                                                
[MPEG-2 TS] Invalid PMT es descriptor size for PID 4144                                                                                                     
[MPEG-2 TS] PID 4144 Wrong pes_header_data_length field 4 bytes - read 10                                                                                   
[MPEG-2 TS] PID 4144 PES payload size 12329 but received 107 bytes                                                                                          
[MPEG-2 TS] PID 1863 new PCR, with discontinuity signaled, is less than previously received PCR (diff -1 us) but not too large, trying to ignore discontinuity                                                                                                                                                          
[MPEG-2 TS] Stream type (0xf3) for PID 4144 not supported                                                                                                   
MORE sections on pid 4144                                                                                                                                   
Broken PMT descriptor! size 57, desc size 48 but position 15                                                                                                
MORE sections on pid 4144                                                                                                                                   
Broken PMT descriptor! size 57, desc size 48 but position 20                                                                                                
Broken PMT descriptor! size 57, desc size 48 but position 25                                                                                                
Broken PMT descriptor! size 57, desc size 48 but position 34                                                                                                
Broken PMT descriptor! size 57, desc size 48 but position 44                                                                                                
[MPEG-2 TS] Invalid PMT es descriptor size for PID 4144                                                                                                     
No program number specified, defaulting to first program                                                                                                    
=================================================================
==2675187==ERROR: AddressSanitizer: stack-buffer-overflow on address 0x7b43f8cf0120 at pc 0x7f43fd2ecb28 bp 0x7ffe76bbbac0 sp 0x7ffe76bbb280
WRITE of size 178 at 0x7b43f8cf0120 thread T0                                                                                                               
    #0 0x7f43fd2ecb27 in vsprintf ../../../../src/libsanitizer/sanitizer_common/sanitizer_common_interceptors.inc:1758
    #1 0x7f43fd2ee2dc in sprintf ../../../../src/libsanitizer/sanitizer_common/sanitizer_common_interceptors.inc:1803
    #2 0x5572968a1cd9 in dump_mpeg2_ts /run/media/user/8ed8205b-4114-4c2a-b2d0-e2ad6640262d/gpac/runtime/gpac_asan/applications/mp4box/filedump.c:4657
    #3 0x5572968763a0 in mp4box_main /run/media/user/8ed8205b-4114-4c2a-b2d0-e2ad6640262d/gpac/runtime/gpac_asan/applications/mp4box/mp4box.c:6562
    #4 0x7f43fb231f76 in __libc_start_call_main ../sysdeps/nptl/libc_start_call_main.h:58
    #5 0x7f43fb232026 in __libc_start_main_impl ../csu/libc-start.c:360
    #6 0x557296852070 in _start (/run/media/user/8ed8205b-4114-4c2a-b2d0-e2ad6640262d/gpac/runtime/gpac_asan/bin/gcc/MP4Box+0x4d070) (BuildId: f681cc78d80c62a25566e48ad2bbc96517037ee3)

Address 0x7b43f8cf0120 is located in stack of thread T0 at offset 288 in frame
    #0 0x5572968a192f in dump_mpeg2_ts /run/media/user/8ed8205b-4114-4c2a-b2d0-e2ad6640262d/gpac/runtime/gpac_asan/applications/mp4box/filedump.c:4589

  This frame has 2 object(s):
    [48, 288) 'dumper' (line 4591)
    [352, 540) 'data' (line 4590) <== Memory access at offset 288 partially underflows this variable
HINT: this may be a false positive if your program uses some custom stack unwind mechanism, swapcontext or vfork
      (longjmp and C++ exceptions *are* supported)
SUMMARY: AddressSanitizer: stack-buffer-overflow /run/media/user/8ed8205b-4114-4c2a-b2d0-e2ad6640262d/gpac/runtime/gpac_asan/applications/mp4box/filedump.c:4657 in dump_mpeg2_ts
Shadow bytes around the buggy address:
  0x7b43f8cefe80: 00 00 00 00 00 00 00 00 00 00 00 00 00 00 00 00
  0x7b43f8ceff00: 00 00 00 00 00 00 00 00 00 00 00 00 00 00 00 00
  0x7b43f8ceff80: 00 00 00 00 00 00 00 00 00 00 00 00 00 00 00 00
  0x7b43f8cf0000: f1 f1 f1 f1 f1 f1 00 00 00 00 00 00 00 00 00 00
  0x7b43f8cf0080: 00 00 00 00 00 00 00 00 00 00 00 00 00 00 00 00
=>0x7b43f8cf0100: 00 00 00 00[f2]f2 f2 f2 f2 f2 f2 f2 00 00 00 00
  0x7b43f8cf0180: 00 00 00 00 00 00 00 00 00 00 00 00 00 00 00 00
  0x7b43f8cf0200: 00 00 00 04 f3 f3 f3 f3 f3 f3 f3 f3 f3 f3 f3 f3
  0x7b43f8cf0280: f3 f3 f3 f3 f3 f3 f3 f3 f3 f3 f3 f3 f3 f3 f3 f3
  0x7b43f8cf0300: f3 f3 f3 f3 f3 f3 f3 f3 f3 f3 f3 f3 f3 f3 f3 f3
  0x7b43f8cf0380: f3 f3 f3 f3 f3 f3 f3 f3 f3 f3 f3 f3 f3 f3 f3 f3
Shadow byte legend (one shadow byte represents 8 application bytes):
  Addressable:           00
  Partially addressable: 01 02 03 04 05 06 07 
  Heap left redzone:       fa
  Freed heap region:       fd
  Stack left redzone:      f1
  Stack mid redzone:       f2
  Stack right redzone:     f3
  Stack after return:      f5
  Stack use after scope:   f8
  Global redzone:          f9
  Global init order:       f6
  Poisoned by user:        f7
  Container overflow:      fc
  Array cookie:            ac
  Intra object redzone:    bb
  ASan internal:           fe
  Left alloca redzone:     ca
  Right alloca redzone:    cb
==2675187==ABORTING
