[FileList] Switching to file   #50000  #5:@@158058662964011166094################(:#IITID=#2@@@@@w@@@#@#ITID4#########################00@#:#I@@0(:#ITID=T(:#ID@@0(:'#########00@#:#I@@0(:#ITID=min##########(:#ITKT=05866296@011166094######fac-3T(T(:#ID@#5:@@158T(#00@#:#I@@@0(:0(:#ITHD=T(:TID=T(:#ID                
Wrong argument value min##########( for unsigned int arg ITID - using 0                                                                                     
Wrong argument value (null) for unsigned int arg ID - using 0                                                                                               
Wrong argument value min##########( for unsigned int arg ITID - using 0                                                                                     
AddressSanitizer:DEADLYSIGNAL                                                                                                                               
=================================================================
==39949==ERROR: AddressSanitizer: SEGV on unknown address 0x000011166094 (pc 0x7fe44797668a bp 0x7ffebdd1a880 sp 0x7ffebdd1a008 T0)
==39949==The signal is caused by a READ memory access.                                                                                                      
    #0 0x7fe44797668a in __memcmp_avx2_movbe_rtm ../sysdeps/x86_64/multiarch/memcmp-avx2-movbe.S:84
    #1 0x7fe4498c3f5f in MemcmpInterceptorCommon(void*, int (*)(void const*, void const*, unsigned long), void const*, void const*, unsigned long) ../../../../src/libsanitizer/sanitizer_common/sanitizer_common_interceptors.inc:834
    #2 0x7fe4498c4b33 in memcmp ../../../../src/libsanitizer/sanitizer_common/sanitizer_common_interceptors.inc:845
    #3 0x7fe4498c4b33 in memcmp ../../../../src/libsanitizer/sanitizer_common/sanitizer_common_interceptors.inc:840
    #4 0x7fe4488a4619 in gf_props_equal_internal filter_core/filter_props.c:867
    #5 0x7fe44886ac33 in gf_filter_pid_set_property_full filter_core/filter_pid.c:6151
    #6 0x7fe448872557 in gf_filter_pid_set_args_internal filter_core/filter_pid.c:4449
    #7 0x7fe44887f5e8 in gf_filter_pid_set_args filter_core/filter_pid.c:4548
    #8 0x7fe44887f5e8 in gf_filter_pid_init_task filter_core/filter_pid.c:4821
    #9 0x7fe4488c9e1e in gf_fs_thread_proc filter_core/filter_session.c:2393
    #10 0x7fe4488ceec4 in gf_fs_run filter_core/filter_session.c:2697
    #11 0x7fe4483ae349 in gf_media_import media_tools/media_import.c:1278
    #12 0x557dbfdbdfa3 in convert_file_info /media/user/8ed8205b-4114-4c2a-b2d0-e2ad6640262d/gpac/runtime/gpac_asan/applications/mp4box/fileimport.c:131
    #13 0x557dbfd8d537 in mp4box_main /media/user/8ed8205b-4114-4c2a-b2d0-e2ad6640262d/gpac/runtime/gpac_asan/applications/mp4box/mp4box.c:6524
    #14 0x7fe447833ca7 in __libc_start_call_main ../sysdeps/nptl/libc_start_call_main.h:58
    #15 0x7fe447833d64 in __libc_start_main_impl ../csu/libc-start.c:360
    #16 0x557dbfd6a0c0 in _start (/media/user/8ed8205b-4114-4c2a-b2d0-e2ad6640262d/gpac/runtime/gpac_asan/bin/gcc/MP4Box+0x4d0c0) (BuildId: 4de0a8fe5e600eb51579b5ff67dae9e24aa9b8d9)

AddressSanitizer can not provide additional info.
SUMMARY: AddressSanitizer: SEGV ../sysdeps/x86_64/multiarch/memcmp-avx2-movbe.S:84 in __memcmp_avx2_movbe_rtm
==39949==ABORTING
                        