XMT: MPEG-4 (XMT) Scene Parsing
XMT Parsing: |==                  | (13/100)
[XMT Parsing] Warning: Field set_bind not a member of node N0  (line 215)
XMT Parsing: |=====               | (27/100)
[XMT Parsing] Invalid XML document:  (line 218)
=================================================================
==769557==ERROR: AddressSanitizer: attempting free on address which was not malloc()-ed: 0x7b618cbe0b28 in thread T0
    #0 0x7f218ff2340f in free ../../../../src/libsanitizer/asan/asan_malloc_linux.cpp:51
    #1 0x7f218e46677e in gf_sg_command_del scenegraph/commands.c:79
    #2 0x7f218e55fa24 in gf_sg_sfcommand_del scenegraph/vrml_tools.c:619
    #3 0x7f218e4d4b6a in Conditional_Del scenegraph/mpeg4_nodes.c:3097
    #4 0x7f218e4d4b6a in gf_sg_mpeg4_node_del scenegraph/mpeg4_nodes.c:37578
    #5 0x7f218e459b97 in gf_node_unregister scenegraph/base_scenegraph.c:760
    #6 0x7f218e45caf3 in gf_sg_reset scenegraph/base_scenegraph.c:481
    #7 0x7f218e45caf3 in gf_sg_reset scenegraph/base_scenegraph.c:328
    #8 0x7f218e45d31d in gf_sg_del scenegraph/base_scenegraph.c:164
    #9 0x7f218e5246af in gf_sg_proto_del scenegraph/vrml_proto.c:155
    #10 0x7f218e4668bf in gf_sg_command_del scenegraph/commands.c:114
    #11 0x7f218eb2a443 in gf_sm_au_del scene_manager/scene_manager.c:113
    #12 0x7f218eb2a443 in gf_sm_reset_stream scene_manager/scene_manager.c:126
    #13 0x7f218eb2a443 in gf_sm_delete_stream scene_manager/scene_manager.c:133
    #14 0x7f218eb2a443 in gf_sm_del scene_manager/scene_manager.c:147
    #15 0x7f218f1e0db7 in ctxload_process filters/load_bt_xmt.c:530
    #16 0x7f218ef591a3 in gf_filter_process_task filter_core/filter.c:3256
    #17 0x7f218ef2d571 in gf_fs_thread_proc filter_core/filter_session.c:2422
    #18 0x7f218ef32632 in gf_fs_run filter_core/filter_session.c:2730
    #19 0x7f218e9f4a14 in gf_media_import media_tools/media_import.c:1307
    #20 0x558a60cab4b3 in convert_file_info /run/media/user/8ed8205b-4114-4c2a-b2d0-e2ad6640262d/gpac/runtime/gpac_asan/applications/mp4box/fileimport.c:131
    #21 0x558a60c7b3a9 in mp4box_main /run/media/user/8ed8205b-4114-4c2a-b2d0-e2ad6640262d/gpac/runtime/gpac_asan/applications/mp4box/mp4box.c:6575
    #22 0x7f218de31f76 in __libc_start_call_main ../sysdeps/nptl/libc_start_call_main.h:58
    #23 0x7f218de32026 in __libc_start_main_impl ../csu/libc-start.c:360
    #24 0x558a60c570b0 in _start (/run/media/user/8ed8205b-4114-4c2a-b2d0-e2ad6640262d/gpac/runtime/gpac_asan/bin/gcc/MP4Box+0x4d0b0) (BuildId: 448a786c19792aeca106830ec5268448f6cb1d99)

0x7b618cbe0b28 is located 24 bytes inside of 40-byte region [0x7b618cbe0b10,0x7b618cbe0b38)
allocated by thread T0 here:
    #0 0x7f218ff2435f in malloc ../../../../src/libsanitizer/asan/asan_malloc_linux.cpp:67
    #1 0x7f218e466db2 in gf_sg_command_field_new scenegraph/commands.c:899

SUMMARY: AddressSanitizer: bad-free scenegraph/commands.c:79 in gf_sg_command_del
==769557==ABORTING
