XMT: MPEG-4 (XMT) Scene Parsing
[XMT Parsing] Invalid child descriptor (line 66)                                                                            
[XMT Parsing] Invalid child descriptor (line 68)                                                                            
[XMT Parsing] Invalid child descriptor (line 70)                                                                            
[XMT Parsing] Warning: Unknown field "width" for node Conditional - skipping (line 155)                                     
[XMT Parsing] Warning: Node N13 has been defined several times - IDs may get corrupted (line 316)                           
=================================================================                                                           
==88198==ERROR: AddressSanitizer: heap-use-after-free on address 0x7b54d87ec160 at pc 0x7f24da058b6b bp 0x7ffdaeb29100 sp 0x7ffdaeb290f8                                                                                                                
READ of size 8 at 0x7b54d87ec160 thread T0                                                                                  
    #0 0x7f24da058b6a in gf_node_get_name scenegraph/base_scenegraph.c:1331
    #1 0x7f24da73e017 in xmt_find_node scene_manager/loader_xmt.c:733
    #2 0x7f24da74da0e in xmt_parse_command scene_manager/loader_xmt.c:2432
    #3 0x7f24da74da0e in xmt_node_start scene_manager/loader_xmt.c:2829
    #4 0x7f24d9f8a59c in xml_sax_node_start utils/xml_parser.c:308
    #5 0x7f24d9f8f317 in xml_sax_parse_attribute utils/xml_parser.c:357
    #6 0x7f24d9f8f317 in xml_sax_parse utils/xml_parser.c:940
    #7 0x7f24d9f8abfe in gf_xml_sax_parse_intern utils/xml_parser.c:1084
    #8 0x7f24d9f90037 in gf_xml_sax_parse utils/xml_parser.c:1138
    #9 0x7f24d9f90393 in xml_sax_read_file utils/xml_parser.c:1225
    #10 0x7f24d9f90e48 in gf_xml_sax_parse_file utils/xml_parser.c:1338
    #11 0x7f24da73d1f5 in load_xmt_run scene_manager/loader_xmt.c:3404
    #12 0x7f24dade3eec in ctxload_process filters/load_bt_xmt.c:522
    #13 0x7f24dab5ee53 in gf_filter_process_task filter_core/filter.c:3257
    #14 0x7f24dab33381 in gf_fs_thread_proc filter_core/filter_session.c:2420
    #15 0x7f24dab38442 in gf_fs_run filter_core/filter_session.c:2728
    #16 0x7f24da5f6754 in gf_media_import media_tools/media_import.c:1305
    #17 0x560cc0d794b3 in convert_file_info /run/media/user/8ed8205b-4114-4c2a-b2d0-e2ad6640262d/gpac/runtime/gpac_asan/applications/mp4box/fileimport.c:131
    #18 0x560cc0d49339 in mp4box_main /run/media/user/8ed8205b-4114-4c2a-b2d0-e2ad6640262d/gpac/runtime/gpac_asan/applications/mp4box/mp4box.c:6574
    #19 0x7f24d9a31f76 in __libc_start_call_main ../sysdeps/nptl/libc_start_call_main.h:58
    #20 0x7f24d9a32026 in __libc_start_main_impl ../csu/libc-start.c:360
    #21 0x560cc0d25070 in _start (/run/media/user/8ed8205b-4114-4c2a-b2d0-e2ad6640262d/gpac/runtime/gpac_asan/bin/gcc/MP4Box+0x4d070) (BuildId: d23703ed1b1b8e59e778b0eb0c8e88e4c08d4940)

0x7b54d87ec160 is located 0 bytes inside of 32-byte region [0x7b54d87ec160,0x7b54d87ec180)
freed by thread T0 here:                                                                                                    
    #0 0x7f24dbb2340f in free ../../../../src/libsanitizer/asan/asan_malloc_linux.cpp:51
    #1 0x7f24da05b5d7 in gf_node_unregister scenegraph/base_scenegraph.c:792

previously allocated by thread T0 here:
    #0 0x7f24dbb2435f in malloc ../../../../src/libsanitizer/asan/asan_malloc_linux.cpp:67
    #1 0x7f24da0d21fc in Appearance_Create scenegraph/mpeg4_nodes.c:424
    #2 0x7f24da0d21fc in gf_sg_mpeg4_node_new scenegraph/mpeg4_nodes.c:36712

SUMMARY: AddressSanitizer: heap-use-after-free scenegraph/base_scenegraph.c:1331 in gf_node_get_name
Shadow bytes around the buggy address:
  0x7b54d87ebe80: fa fa fd fd fd fa fa fa fd fd fd fa fa fa fd fd
  0x7b54d87ebf00: fd fa fa fa fd fd fd fa fa fa fd fd fd fd fa fa
  0x7b54d87ebf80: fd fd fd fa fa fa fd fd fd fd fa fa fd fd fd fa
  0x7b54d87ec000: fa fa 00 00 00 00 fa fa fd fd fd fa fa fa fd fd
  0x7b54d87ec080: fd fa fa fa fd fd fd fa fa fa fd fd fd fd fa fa
=>0x7b54d87ec100: fd fd fd fa fa fa fd fd fd fd fa fa[fd]fd fd fd
  0x7b54d87ec180: fa fa fd fd fd fd fa fa fd fd fd fa fa fa fd fd
  0x7b54d87ec200: fd fa fa fa fd fd fd fd fa fa fd fd fd fa fa fa
  0x7b54d87ec280: fd fd fd fa fa fa 00 00 00 00 fa fa 00 00 00 00
  0x7b54d87ec300: fa fa 00 00 04 fa fa fa fd fd fd fa fa fa fd fd
  0x7b54d87ec380: fd fa fa fa fd fd fd fa fa fa fd fd fd fa fa fa
Shadow byte legend (one shadow byte represents 8 application bytes):
  Addressable:           00
  Partially addressable: 01 02 03 04 05 06 07 
  Heap left redzone:       fa
  Freed heap region:       fd
  Stack left redzone:      f1
  Stack mid redzone:       f2
  Stack right redzone:     f3
  Stack after return:      f5
  Stack use after scope:   f8
  Global redzone:          f9
  Global init order:       f6
  Poisoned by user:        f7
  Container overflow:      fc
  Array cookie:            ac
  Intra object redzone:    bb
  ASan internal:           fe
  Left alloca redzone:     ca
  Right alloca redzone:    cb
==88198==ABORTING
