[iso file] Unknown box type esds in parent stsd
[iso file] Incomplete box mdat - start 3023 size 6217
[iso file] Incomplete file while reading for dump - aborting parsing
[iso file] Unknown box type esds in parent stsd
[isom] not enough bytes in box mp4a: 0 left, reading 16 (file isomedia/sample_descs.c, line 215) - try specifying -no-check (might crash)
[iso file] Read Box "mp4a" (start 0) failed (Invalid IsoMedia File) - skipping
[IsoMedia] File truncated, aborting read for track 2 after 2 / 51 samples
[IsoMedia] File truncated, aborting read for track 1 after 5 / 217 samples
[Reframer] split computed using current estimation of file size (102487)
AddressSanitizer:DEADLYSIGNAL
=================================================================
==573621==ERROR: AddressSanitizer: FPE on unknown address 0x7f1bfc2de393 (pc 0x7f1bfc2de393 bp 0x7f1be7f0c000 sp 0x7fffef824140 T0)
    #0 0x7f1bfc2de393 in reframer_send_packet filters/reframer.c:1026
    #1 0x7f1bfc2e204c in reframer_process filters/reframer.c:2698
    #2 0x7f1bfbf1a380 in gf_filter_process_task filter_core/filter.c:3208
    #3 0x7f1bfbeee36e in gf_fs_thread_proc filter_core/filter_session.c:2393
    #4 0x7f1bfbef3414 in gf_fs_run filter_core/filter_session.c:2697
    #5 0x5589e20f2b48 in split_isomedia_file /media/user/6d3eeb8a-a93b-4220-bb13-a4e488ce0ce2/gpac/runtime/gpac_asan/applications/mp4box/fileimport.c:2554
    #6 0x5589e20bd04f in mp4box_main /media/user/6d3eeb8a-a93b-4220-bb13-a4e488ce0ce2/gpac/runtime/gpac_asan/applications/mp4box/mp4box.c:6701
    #7 0x7f1bfae33ca7 in __libc_start_call_main ../sysdeps/nptl/libc_start_call_main.h:58
    #8 0x7f1bfae33d64 in __libc_start_main_impl ../csu/libc-start.c:360
    #9 0x5589e209c0c0 in _start (/media/user/6d3eeb8a-a93b-4220-bb13-a4e488ce0ce2/gpac/runtime/gpac_asan/bin/gcc/MP4Box+0x4d0c0) (BuildId: ae9fdcf210e03362f940d80569ae6e7d514fc1be)

AddressSanitizer can not provide additional info.
SUMMARY: AddressSanitizer: FPE filters/reframer.c:1026 in reframer_send_packet
==573621==ABORTING
