[AC4] stream frame_rate_index 15 >= length AC4_SAMPLE_DELTA_TABLE_48 or AC4_MEDIA_TIMESCALE_48
[Dasher] No template assigned, using $File$_dash$FS$$Number$                                                                                                               
[AC4] stream frame_rate_index 15 >= length AC4_SAMPLE_DELTA_TABLE_48 or AC4_MEDIA_TIMESCALE_48                                                                             
[AC4] This is a Dolby AC-4 bitstreams signal immersive stereo content.                                                                                                     
[Dasher] Input PID 50_gf_odf_ac4_cfg_dsi_v1_odf_descriptors_c_2179 has no explicit ID. Segment names may not be correct.                                                   
[AC4] This is a Dolby AC-4 bitstreams signal immersive stereo content.                                                                                                     
AddressSanitizer:DEADLYSIGNAL                                                                                                                                              
=================================================================
==56651==ERROR: AddressSanitizer: SEGV on unknown address 0x000000000000 (pc 0x7f09a1a8fd3c bp 0x000000000002 sp 0x7fffb433fb30 T0)
==56651==The signal is caused by a READ memory access.
==56651==Hint: address points to the zero page.
    #0 0x7f09a1a8fd3c in gf_odf_ac4_cfg_dsi_v1 odf/descriptors.c:2179
    #1 0x7f09a1a909b5 in gf_odf_ac4_cfg_write_bs odf/descriptors.c:2299
    #2 0x7f09a1a909b5 in gf_odf_ac4_cfg_write odf/descriptors.c:2306
    #3 0x7f09a24bb0e7 in ac4dmx_check_pid filters/reframe_ac4.c:238
    #4 0x7f09a24bbf39 in ac4dmx_process filters/reframe_ac4.c:403
    #5 0x7f09a20f2310 in gf_filter_process_task filter_core/filter.c:3201
    #6 0x7f09a20c641e in gf_fs_thread_proc filter_core/filter_session.c:2393
    #7 0x7f09a20cb4c4 in gf_fs_run filter_core/filter_session.c:2697
    #8 0x7f09a1afb2f1 in gf_dasher_process media_tools/dash_segmenter.c:1273
    #9 0x55eafd419ae9 in do_dash /media/user/8b16fbb8-17fc-4a2a-99f7-d4da627d0251/gpac_asan/applications/mp4box/mp4box.c:4894
    #10 0x55eafd435797 in mp4box_main /media/user/8b16fbb8-17fc-4a2a-99f7-d4da627d0251/gpac_asan/applications/mp4box/mp4box.c:6371
    #11 0x7f09a1033d67 in __libc_start_call_main ../sysdeps/nptl/libc_start_call_main.h:58
    #12 0x7f09a1033e24 in __libc_start_main_impl ../csu/libc-start.c:360
    #13 0x55eafd415040 in _start (/media/user/8b16fbb8-17fc-4a2a-99f7-d4da627d0251/gpac_asan/bin/gcc/MP4Box+0x4d040) (BuildId: e2fb1f46bcd3af3eca0c699744f7dd57815f4966)

AddressSanitizer can not provide additional info.
SUMMARY: AddressSanitizer: SEGV odf/descriptors.c:2179 in gf_odf_ac4_cfg_dsi_v1
==56651==ABORTING
