[ODF] Not enough bytes (4) to read descriptor (size=123)
[ODF] Error reading descriptor (tag 3 size 37): Invalid MPEG-4 Descriptor
[iso file] Read Box "esds" (start 460) failed (Invalid MPEG-4 Descriptor) - skipping
[ODF] Not enough bytes (4) to read descriptor (size=123)
[ODF] Error reading descriptor (tag 3 size 37): Invalid MPEG-4 Descriptor
[iso file] Box "stsz" (start 586) has 1740 extra bytes
[iso file] Incomplete box - start 3345
[iso file] Incomplete file while reading for dump - aborting parsing
AddressSanitizer:DEADLYSIGNAL
=================================================================
==3348634==ERROR: AddressSanitizer: SEGV on unknown address 0x000000000000 (pc 0x7fbb82e01a73 bp 0x000000000000 sp 0x7ffd85af26e0 T0)
==3348634==The signal is caused by a READ memory access.
==3348634==Hint: address points to the zero page.
    #0 0x7fbb82e01a73 in gf_isom_apple_set_tag_ex isomedia/isom_write.c:6309
    #1 0x7fbb83801731 in mp4_mux_set_tags filters/mux_isom.c:841
    #2 0x7fbb83820909 in mp4_mux_setup_pid filters/mux_isom.c:4184
    #3 0x7fbb834ad1e1 in gf_filter_pid_configure filter_core/filter_pid.c:939
    #4 0x7fbb834b4746 in filter_pck_check_prop_change filter_core/filter_pid.c:6889
    #5 0x7fbb834b4746 in gf_filter_pid_get_packet filter_core/filter_pid.c:6945
    #6 0x7fbb83836ee9 in mp4_mux_config_timing filters/mux_isom.c:7322
    #7 0x7fbb83836ee9 in mp4_mux_process filters/mux_isom.c:7611
    #8 0x7fbb835196f0 in gf_filter_process_task filter_core/filter.c:3208
    #9 0x7fbb834ed6de in gf_fs_thread_proc filter_core/filter_session.c:2393
    #10 0x7fbb834f2784 in gf_fs_run filter_core/filter_session.c:2697
    #11 0x55915ee62b48 in split_isomedia_file /media/user/6d3eeb8a-a93b-4220-bb13-a4e488ce0ce2/gpac/runtime/gpac_asan/applications/mp4box/fileimport.c:2554
    #12 0x55915ee2d04f in mp4box_main /media/user/6d3eeb8a-a93b-4220-bb13-a4e488ce0ce2/gpac/runtime/gpac_asan/applications/mp4box/mp4box.c:6701
    #13 0x7fbb82433ca7 in __libc_start_call_main ../sysdeps/nptl/libc_start_call_main.h:58
    #14 0x7fbb82433d64 in __libc_start_main_impl ../csu/libc-start.c:360
    #15 0x55915ee0c0c0 in _start (/media/user/6d3eeb8a-a93b-4220-bb13-a4e488ce0ce2/gpac/runtime/gpac_asan/bin/gcc/MP4Box+0x4d0c0) (BuildId: 11613e96bc09ebc8937cc7589add4800270bd83b)

AddressSanitizer can not provide additional info.
SUMMARY: AddressSanitizer: SEGV isomedia/isom_write.c:6309 in gf_isom_apple_set_tag_ex
==3348634==ABORTING
