Track Importing RawVideo - Width 320 Height 240 FPS 30/1
XMT: MPEG-4 (XMT) Scene Parsing                                                                                             
[XMT Parsing] Warning: Unknown field "backColor" for node OrderedGroup - skipping (line 180)                                
[XMT Parsing] Warning: Unknown field "url" for node OrderedGroup - skipping (line 180)                                      
[XMT Parsing] Warning: Node N1 has been defined several times - IDs may get corrupted (line 181)                            
[XMT Parsing] Warning: Unknown field "emissiveColor" for node WorldInfo - skipping (line 182)                               
[XMT Parsing] Warning: Unknown field "filled" for node WorldInfo - skipping (line 182)                                      
[XMT Parsing] Warning: par is not a valid node - skipping (line 211)                                                        
[XMT Parsing] Invalid XML document:  (line 212)                                                                             
=================================================================                                                           
==1057120==ERROR: AddressSanitizer: heap-use-after-free on address 0x7c4efce14f20 at pc 0x7fdefe72e228 bp 0x7fffa9fd03b0 sp 0x7fffa9fd03a8                                                                                                              
READ of size 8 at 0x7c4efce14f20 thread T0                                                                                  
    #0 0x7fdefe72e227 in gf_sg_route_del scenegraph/vrml_route.c:88
    #1 0x7fdefe65cb12 in gf_sg_reset scenegraph/base_scenegraph.c:396
    #2 0x7fdefe65cb12 in gf_sg_reset scenegraph/base_scenegraph.c:337
    #3 0x7fdefe65d841 in gf_sg_del scenegraph/base_scenegraph.c:164
    #4 0x7fdefe724cdf in gf_sg_proto_del scenegraph/vrml_proto.c:155
    #5 0x7fdefe65d0e2 in gf_sg_reset scenegraph/base_scenegraph.c:503
    #6 0x7fdefe65d0e2 in gf_sg_reset scenegraph/base_scenegraph.c:337
    #7 0x7fdefe65d841 in gf_sg_del scenegraph/base_scenegraph.c:164
    #8 0x7fdefe724cdf in gf_sg_proto_del scenegraph/vrml_proto.c:155
    #9 0x7fdefe66701f in gf_sg_command_del scenegraph/commands.c:125
    #10 0x7fdefed2e463 in gf_sm_au_del scene_manager/scene_manager.c:113
    #11 0x7fdefed2e463 in gf_sm_reset_stream scene_manager/scene_manager.c:126
    #12 0x7fdefed2e463 in gf_sm_delete_stream scene_manager/scene_manager.c:133
    #13 0x7fdefed2e463 in gf_sm_del scene_manager/scene_manager.c:147
    #14 0x7fdeff3e6987 in ctxload_process filters/load_bt_xmt.c:530
    #15 0x7fdeff15ec53 in gf_filter_process_task filter_core/filter.c:3257
    #16 0x7fdeff133181 in gf_fs_thread_proc filter_core/filter_session.c:2420
    #17 0x7fdeff138242 in gf_fs_run filter_core/filter_session.c:2728
    #18 0x7fdefebf894f in gf_media_import media_tools/media_import.c:1632
    #19 0x5635252f6599 in import_file /run/media/user/8ed8205b-4114-4c2a-b2d0-e2ad6640262d/gpac/runtime/gpac_asan/applications/mp4box/fileimport.c:1713
    #20 0x5635252b1f89 in do_add_cat /run/media/user/8ed8205b-4114-4c2a-b2d0-e2ad6640262d/gpac/runtime/gpac_asan/applications/mp4box/mp4box.c:4632
    #21 0x5635252b43e7 in mp4box_main /run/media/user/8ed8205b-4114-4c2a-b2d0-e2ad6640262d/gpac/runtime/gpac_asan/applications/mp4box/mp4box.c:6376
    #22 0x7fdefe031f76 in __libc_start_call_main ../sysdeps/nptl/libc_start_call_main.h:58
    #23 0x7fdefe032026 in __libc_start_main_impl ../csu/libc-start.c:360
    #24 0x563525294070 in _start (/run/media/user/8ed8205b-4114-4c2a-b2d0-e2ad6640262d/gpac/runtime/gpac_asan/bin/gcc/MP4Box+0x4d070) (BuildId: 1e5b0c4f59da75420dad39af4adb680fbe271151)

0x7c4efce14f20 is located 0 bytes inside of 80-byte region [0x7c4efce14f20,0x7c4efce14f70)
freed by thread T0 here:                                                                                                    
    #0 0x7fdf0012340f in free ../../../../src/libsanitizer/asan/asan_malloc_linux.cpp:51
    #1 0x7fdefe65a0b7 in gf_node_unregister scenegraph/base_scenegraph.c:769

previously allocated by thread T0 here:
    #0 0x7fdf0012435f in malloc ../../../../src/libsanitizer/asan/asan_malloc_linux.cpp:67
    #1 0x7fdefe6be06a in Transform2D_Create scenegraph/mpeg4_nodes.c:14997

SUMMARY: AddressSanitizer: heap-use-after-free scenegraph/vrml_route.c:88 in gf_sg_route_del
Shadow bytes around the buggy address:
  0x7c4efce14c80: fd fd fd fd fd fd fd fd fd fd fa fa fa fa fd fd
  0x7c4efce14d00: fd fd fd fd fd fd fd fd fa fa fa fa fd fd fd fd
  0x7c4efce14d80: fd fd fd fd fd fd fa fa fa fa 00 00 00 00 00 00
  0x7c4efce14e00: 00 00 00 00 fa fa fa fa fd fd fd fd fd fd fd fd
  0x7c4efce14e80: fd fd fa fa fa fa fd fd fd fd fd fd fd fd fd fd
=>0x7c4efce14f00: fa fa fa fa[fd]fd fd fd fd fd fd fd fd fd fa fa
  0x7c4efce14f80: fa fa fd fd fd fd fd fd fd fd fd fd fa fa fa fa
  0x7c4efce15000: fd fd fd fd fd fd fd fd fd fd fa fa fa fa fd fd
  0x7c4efce15080: fd fd fd fd fd fd fd fd fa fa fa fa fd fd fd fd
  0x7c4efce15100: fd fd fd fd fd fa fa fa fa fa fd fd fd fd fd fd
  0x7c4efce15180: fd fd fd fa fa fa fa fa fd fd fd fd fd fd fd fd
Shadow byte legend (one shadow byte represents 8 application bytes):
  Addressable:           00
  Partially addressable: 01 02 03 04 05 06 07 
  Heap left redzone:       fa
  Freed heap region:       fd
  Stack left redzone:      f1
  Stack mid redzone:       f2
  Stack right redzone:     f3
  Stack after return:      f5
  Stack use after scope:   f8
  Global redzone:          f9
  Global init order:       f6
  Poisoned by user:        f7
  Container overflow:      fc
  Array cookie:            ac
  Intra object redzone:    bb
  ASan internal:           fe
  Left alloca redzone:     ca
  Right alloca redzone:    cb
==1057120==ABORTING

