[32mTrack Importing RawVideo - Width 320 Height 240 FPS 30/1
[0m[32mXMT: MPEG-4 (XMT) Scene Parsing
[0mXMT Parsing: |=====               | (29/100)
[33m[XMT Parsing] Warning: Unknown field "backColor" for node OrderedGroup - skipping (line 180)
[0m[33m[XMT Parsing] Warning: Unknown field "url" for node OrderedGroup - skipping (line 180)
[0m[33m[XMT Parsing] Warning: top-node already assigned - discarding node Background2D (line 181)
[0m[33m[XMT Parsing] Warning: top-node already assigned - discarding node WorldInfo (line 182)
[0m[33m[XMT Parsing] Warning: top-node already assigned - discarding node Viewport (line 183)
[0m[33m[XMT Parsing] Warning: Unknown field "isteDEF" for node Transform2D - skipping (line 184)
[0m[33m[XMT Parsing] Warning: top-node already assigned - discarding node Transform2D (line 210)
[0m[33m[XMT Parsing] Warning: top-node already assigned - discarding node Conditional (line 215)
[0m[33m[XMT Parsing] Warning: top-node already assigned - discarding node Conditional (line 220)
[0mXMT Parsing: |===========         | (58/100)
[33m[XMT Parsing] Warning: top-node already assigned - discarding node TransformMatrix2D (line 264)
[0m[33m[XMT Parsing] Warning: top-node already assigned - discarding node Clipper2D (line 265)
[0m[33m[XMT Parsing] Warning: top-node already assigned - discarding node Layer2D (line 266)
[0m[33m[XMT Parsing] Warning: top-node already assigned - discarding node Form (line 267)
[0m[33m[XMT Parsing] Warning: top-node already assigned - discarding node Layout (line 268)
[0m[33m[XMT Parsing] Warning: top-node already assigned - discarding node PathLayout (line 269)
[0m[33m[XMT Parsing] Warning: Node type Valuator doesn't match type Valuator of node Proto0 (line 270)
[0m[33m[XMT Parsing] Warning: fieldValue not a valid node (line 271)
[0m[33m[XMT Parsing] Warning: fieldValue not a valid node (line 272)
[0m[33m[XMT Parsing] Warning: fieldValue not a valid node (line 273)
[0m[33m[XMT Parsing] Warning: fieldValue not a valid node (line 274)
[0m[33m[XMT Parsing] Warning: fieldValue not a valid node (line 275)
[0m[33m[XMT Parsing] Warning: fieldValue not a valid node (line 276)
[0m[33m[XMT Parsing] Warning: fieldValue not a valid node (line 277)
[0m[33m[XMT Parsing] Warning: Node type Valuator doesn't match type Valuator of node Proto0 (line 278)
[0m[31m[XMT Parsing] Warning: closing element Shape doesn't match created node Valuator (line 283)
[0m[31m[XMT Parsing] Warning: closing element MovieTexture doesn't match created node Valuator (line 288)
[0m[31m[XMT Parsing] Warning: closing element TransformMatrix2D doesn't match created node Valuator (line 291)
[0m[31m[XMT Parsing] Warning: closing element Appearance doesn't match created node Valuator (line 293)
[0m[31m[XMT Parsing] Warning: closing element Coordinate2D doesn't match created node Valuator (line 298)
[0m[31m[XMT Parsing] Warning: closing element Shape doesn't match created node Valuator (line 302)
[0m[31m[XMT Parsing] Warning: closing element PixelTexture doesn't match created node Valuator (line 307)
[0m[31m[XMT Parsing] Warning: closing element Appearance doesn't match created node Valuator (line 309)
[0m[31m[XMT Parsing] Warning: closing element Coordinate2D doesn't match created node Valuator (line 312)
[0m[31m[XMT Parsing] Warning: closing element XCurve2D doesn't match created node Valuator (line 314)
[0m[31m[XMT Parsing] Warning: closing element Shape doesn't match created node Valuator (line 316)
[0m[31m[XMT Parsing] Warning: closing element Bitmap doesn't match created node Valuator (line 319)
[0m[31m[XMT Parsing] Warning: closing element Shape doesn't match created node Valuator (line 321)
[0m[31m[XMT Parsing] Warning: closing element Color doesn't match created node Valuator (line 325)
[0m=================================================================
==954578==ERROR: AddressSanitizer: heap-use-after-free on address 0x7c61e47e1880 at pc 0x7f01e62588f0 bp 0x7fffbef72c00 sp 0x7fffbef72bf8
READ of size 8 at 0x7c61e47e1880 thread T0
    #0 0x7f01e62588ef in gf_node_get_tag scenegraph/base_scenegraph.c:1312
    #1 0x7f01e6938a4f in xmt_text_content scene_manager/loader_xmt.c:3306
    #2 0x7f01e61894cd in xml_sax_flush_text utils/xml_parser.c:573
    #3 0x7f01e61894cd in xml_sax_flush_text utils/xml_parser.c:552
    #4 0x7f01e618f272 in xml_sax_parse utils/xml_parser.c:902
    #5 0x7f01e618abfe in gf_xml_sax_parse_intern utils/xml_parser.c:1084
    #6 0x7f01e6190037 in gf_xml_sax_parse utils/xml_parser.c:1138
    #7 0x7f01e6190393 in xml_sax_read_file utils/xml_parser.c:1225
    #8 0x7f01e6190e48 in gf_xml_sax_parse_file utils/xml_parser.c:1338
    #9 0x7f01e693d7b5 in load_xmt_run scene_manager/loader_xmt.c:3444
    #10 0x7f01e6fe462c in ctxload_process filters/load_bt_xmt.c:522
    #11 0x7f01e6d5f893 in gf_filter_process_task filter_core/filter.c:3257
    #12 0x7f01e6d33dc1 in gf_fs_thread_proc filter_core/filter_session.c:2420
    #13 0x7f01e6d38e82 in gf_fs_run filter_core/filter_session.c:2728
    #14 0x7f01e67f8d4f in gf_media_import media_tools/media_import.c:1632
    #15 0x556d71d49599 in import_file /run/media/user/8ed8205b-4114-4c2a-b2d0-e2ad6640262d/gpac/runtime/gpac_asan/applications/mp4box/fileimport.c:1713
    #16 0x556d71d04f89 in do_add_cat /run/media/user/8ed8205b-4114-4c2a-b2d0-e2ad6640262d/gpac/runtime/gpac_asan/applications/mp4box/mp4box.c:4632
    #17 0x556d71d073e7 in mp4box_main /run/media/user/8ed8205b-4114-4c2a-b2d0-e2ad6640262d/gpac/runtime/gpac_asan/applications/mp4box/mp4box.c:6376
    #18 0x7f01e5c31f76 in __libc_start_call_main ../sysdeps/nptl/libc_start_call_main.h:58
    #19 0x7f01e5c32026 in __libc_start_main_impl ../csu/libc-start.c:360
    #20 0x556d71ce7070 in _start (/run/media/user/8ed8205b-4114-4c2a-b2d0-e2ad6640262d/gpac/runtime/gpac_asan/bin/gcc/MP4Box+0x4d070) (BuildId: 6cf4ec0a1f4678684c742bb31496122f9e5b5f7a)

0x7c61e47e1880 is located 0 bytes inside of 584-byte region [0x7c61e47e1880,0x7c61e47e1ac8)
freed by thread T0 here:
    #0 0x7f01e7d2340f in free ../../../../src/libsanitizer/asan/asan_malloc_linux.cpp:51
    #1 0x7f01e625b637 in gf_node_unregister scenegraph/base_scenegraph.c:801

previously allocated by thread T0 here:
    #0 0x7f01e7d2435f in malloc ../../../../src/libsanitizer/asan/asan_malloc_linux.cpp:67
    #1 0x7f01e62d0215 in Valuator_Create scenegraph/mpeg4_nodes.c:15454
    #2 0x7f01e62d0215 in gf_sg_mpeg4_node_new scenegraph/mpeg4_nodes.c:36898

SUMMARY: AddressSanitizer: heap-use-after-free scenegraph/base_scenegraph.c:1312 in gf_node_get_tag
Shadow bytes around the buggy address:
  0x7c61e47e1600: 00 00 00 00 00 00 00 00 00 00 00 00 00 00 00 00
  0x7c61e47e1680: 00 00 00 00 00 00 00 00 00 00 00 00 00 00 00 00
  0x7c61e47e1700: 00 00 00 00 00 00 00 00 00 00 00 00 00 00 00 00
  0x7c61e47e1780: 00 00 fa fa fa fa fa fa fa fa fa fa fa fa fa fa
  0x7c61e47e1800: fa fa fa fa fa fa fa fa fa fa fa fa fa fa fa fa
=>0x7c61e47e1880:[fd]fd fd fd fd fd fd fd fd fd fd fd fd fd fd fd
  0x7c61e47e1900: fd fd fd fd fd fd fd fd fd fd fd fd fd fd fd fd
  0x7c61e47e1980: fd fd fd fd fd fd fd fd fd fd fd fd fd fd fd fd
  0x7c61e47e1a00: fd fd fd fd fd fd fd fd fd fd fd fd fd fd fd fd
  0x7c61e47e1a80: fd fd fd fd fd fd fd fd fd fa fa fa fa fa fa fa
  0x7c61e47e1b00: fa fa fa fa fa fa fa fa fa fa fa fa fa fa fa fa
Shadow byte legend (one shadow byte represents 8 application bytes):
  Addressable:           00
  Partially addressable: 01 02 03 04 05 06 07 
  Heap left redzone:       fa
  Freed heap region:       fd
  Stack left redzone:      f1
  Stack mid redzone:       f2
  Stack right redzone:     f3
  Stack after return:      f5
  Stack use after scope:   f8
  Global redzone:          f9
  Global init order:       f6
  Poisoned by user:        f7
  Container overflow:      fc
  Array cookie:            ac
  Intra object redzone:    bb
  ASan internal:           fe
  Left alloca redzone:     ca
  Right alloca redzone:    cb
==954578==ABORTING
