Track Importing RawVideo - Width 320 Height 240 FPS 30/1
XMT: MPEG-4 (XMT) Scene Parsing
[XMT Parsing] Warning: Field set_bind not a member of node N1  (line 219)
=================================================================
==1629644==ERROR: AddressSanitizer: heap-use-after-free on address 0x7b62d15e3288 at pc 0x7f02d373ac49 bp 0x7ffc5fe77cb0 sp 0x7ffc5fe77ca8
READ of size 4 at 0x7b62d15e3288 thread T0
    #0 0x7f02d373ac48 in xmt_resolve_od_links scene_manager/loader_xmt.c:585
    #1 0x7f02d373c3db in load_xmt_run scene_manager/loader_xmt.c:3295
    #2 0x7f02d3de4acc in ctxload_process filters/load_bt_xmt.c:522
    #3 0x7f02d3b5d153 in gf_filter_process_task filter_core/filter.c:3257
    #4 0x7f02d3b31681 in gf_fs_thread_proc filter_core/filter_session.c:2420
    #5 0x7f02d3b36742 in gf_fs_run filter_core/filter_session.c:2728
    #6 0x7f02d35f86af in gf_media_import media_tools/media_import.c:1632
    #7 0x565398fc0579 in import_file /run/media/user/8ed8205b-4114-4c2a-b2d0-e2ad6640262d/gpac/runtime/gpac_asan/applications/mp4box/fileimport.c:1713
    #8 0x565398f7bf89 in do_add_cat /run/media/user/8ed8205b-4114-4c2a-b2d0-e2ad6640262d/gpac/runtime/gpac_asan/applications/mp4box/mp4box.c:4632
    #9 0x565398f7e3e7 in mp4box_main /run/media/user/8ed8205b-4114-4c2a-b2d0-e2ad6640262d/gpac/runtime/gpac_asan/applications/mp4box/mp4box.c:6376
    #10 0x7f02d2a31f76 in __libc_start_call_main ../sysdeps/nptl/libc_start_call_main.h:58
    #11 0x7f02d2a32026 in __libc_start_main_impl ../csu/libc-start.c:360
    #12 0x565398f5e070 in _start (/run/media/user/8ed8205b-4114-4c2a-b2d0-e2ad6640262d/gpac/runtime/gpac_asan/bin/gcc/MP4Box+0x4d070) (BuildId: 7c561012bd3258d58335187e5fb200fd4437b7d5)

0x7b62d15e3288 is located 40 bytes inside of 64-byte region [0x7b62d15e3260,0x7b62d15e32a0)
freed by thread T0 here:
    #0 0x7f02d4b2340f in free ../../../../src/libsanitizer/asan/asan_malloc_linux.cpp:51
    #1 0x7f02d305a0b7 in gf_node_unregister scenegraph/base_scenegraph.c:760

previously allocated by thread T0 here:
    #0 0x7f02d4b2435f in malloc ../../../../src/libsanitizer/asan/asan_malloc_linux.cpp:67
    #1 0x7f02d30d0675 in Background2D_Create scenegraph/mpeg4_nodes.c:1944
    #2 0x7f02d30d0675 in gf_sg_mpeg4_node_new scenegraph/mpeg4_nodes.c:36730

SUMMARY: AddressSanitizer: heap-use-after-free scene_manager/loader_xmt.c:585 in xmt_resolve_od_links
Shadow bytes around the buggy address:
  0x7b62d15e3000: fa fa fa fa fd fd fd fd fd fd fd fa fa fa fa fa
  0x7b62d15e3080: fd fd fd fd fd fd fd fa fa fa fa fa fd fd fd fd
  0x7b62d15e3100: fd fd fd fd fa fa fa fa fd fd fd fd fd fd fd fa
  0x7b62d15e3180: fa fa fa fa fd fd fd fd fd fd fd fd fa fa fa fa
  0x7b62d15e3200: fd fd fd fd fd fd fd fa fa fa fa fa fd fd fd fd
=>0x7b62d15e3280: fd[fd]fd fd fa fa fa fa fd fd fd fd fd fd fd fa
  0x7b62d15e3300: fa fa fa fa fd fd fd fd fd fd fd fd fa fa fa fa
  0x7b62d15e3380: fd fd fd fd fd fd fd fa fa fa fa fa fd fd fd fd
  0x7b62d15e3400: fd fd fd fa fa fa fa fa fd fd fd fd fd fd fd fa
  0x7b62d15e3480: fa fa fa fa fd fd fd fd fd fd fd fa fa fa fa fa
  0x7b62d15e3500: fd fd fd fd fd fd fd fa fa fa fa fa fd fd fd fd
Shadow byte legend (one shadow byte represents 8 application bytes):
  Addressable:           00
  Partially addressable: 01 02 03 04 05 06 07 
  Heap left redzone:       fa
  Freed heap region:       fd
  Stack left redzone:      f1
  Stack mid redzone:       f2
  Stack right redzone:     f3
  Stack after return:      f5
  Stack use after scope:   f8
  Global redzone:          f9
  Global init order:       f6
  Poisoned by user:        f7
  Container overflow:      fc
  Array cookie:            ac
  Intra object redzone:    bb
  ASan internal:           fe
  Left alloca redzone:     ca
  Right alloca redzone:    cb
==1629644==ABORTING
