/run/media/user/81c71df6-ca99-4d27-a7b6-55107e347080/mediainfo/src/MediaInfoLib/Source/MediaInfo/Video/File_Mpeg4v.cpp:422:61: runtime error: index 190 out of bounds for type 'const float64[16]' (aka 'const double[16]')
SUMMARY: UndefinedBehaviorSanitizer: undefined-behavior /run/media/user/81c71df6-ca99-4d27-a7b6-55107e347080/mediainfo/src/MediaInfoLib/Source/MediaInfo/Video/File_Mpeg4v.cpp:422:61 
=================================================================
==853147==ERROR: AddressSanitizer: global-buffer-overflow on address 0x55578ce35330 at pc 0x55578bc69b03 bp 0x7ffdfb7ae130 sp 0x7ffdfb7ae128
READ of size 8 at 0x55578ce35330 thread T0                                                                                                                  
    #0 0x55578bc69b02 in MediaInfoLib::File_Mpeg4v::Streams_Fill() /run/media/user/81c71df6-ca99-4d27-a7b6-55107e347080/mediainfo/src/MediaInfoLib/Source/MediaInfo/Video/File_Mpeg4v.cpp:422:61
    #1 0x55578bedf451 in MediaInfoLib::File__Analyze::Fill(char const*) /run/media/user/81c71df6-ca99-4d27-a7b6-55107e347080/mediainfo/src/MediaInfoLib/Source/MediaInfo/File__Analyze.cpp:3569:5
    #2 0x55578bf1feae in MediaInfoLib::File__Analyze::Fill(MediaInfoLib::File__Analyze*) /run/media/user/81c71df6-ca99-4d27-a7b6-55107e347080/mediainfo/src/MediaInfoLib/Source/MediaInfo/File__Analyze.cpp:3586:13
    #3 0x55578aaf8730 in MediaInfoLib::File_Mpeg4::Streams_Finish() /run/media/user/81c71df6-ca99-4d27-a7b6-55107e347080/mediainfo/src/MediaInfoLib/Source/MediaInfo/Multiple/File_Mpeg4.cpp:983:17
    #4 0x55578bec8080 in MediaInfoLib::File__Analyze::ForceFinish(char const*) /run/media/user/81c71df6-ca99-4d27-a7b6-55107e347080/mediainfo/src/MediaInfoLib/Source/MediaInfo/File__Analyze.cpp:3672:9
    #5 0x55578bedcc37 in MediaInfoLib::File__Analyze::Open_Buffer_Finalize(bool) /run/media/user/81c71df6-ca99-4d27-a7b6-55107e347080/mediainfo/src/MediaInfoLib/Source/MediaInfo/File__Analyze.cpp:1732:9
    #6 0x55578c140c75 in MediaInfoLib::File__MultipleParsing::Read_Buffer_Continue() /run/media/user/81c71df6-ca99-4d27-a7b6-55107e347080/mediainfo/src/MediaInfoLib/Source/MediaInfo/File__MultipleParsing.cpp:952:26
    #7 0x55578bec0d6c in MediaInfoLib::File__Analyze::Open_Buffer_Continue_Loop() /run/media/user/81c71df6-ca99-4d27-a7b6-55107e347080/mediainfo/src/MediaInfoLib/Source/MediaInfo/File__Analyze.cpp:1501:5
    #8 0x55578beb410b in MediaInfoLib::File__Analyze::Open_Buffer_Continue(unsigned char const*, unsigned long) /run/media/user/81c71df6-ca99-4d27-a7b6-55107e347080/mediainfo/src/MediaInfoLib/Source/MediaInfo/File__Analyze.cpp:1114:16
    #9 0x555789a5d057 in MediaInfoLib::MediaInfo_Internal::Open_Buffer_Continue(unsigned char const*, unsigned long) /run/media/user/81c71df6-ca99-4d27-a7b6-55107e347080/mediainfo/src/MediaInfoLib/Source/MediaInfo/MediaInfo_Internal.cpp:1723:11
    #10 0x555789903ebb in MediaInfoLib::MediaInfo::Open_Buffer_Continue(unsigned char const*, unsigned long) /run/media/user/81c71df6-ca99-4d27-a7b6-55107e347080/mediainfo/src/MediaInfoLib/Source/MediaInfo/MediaInfo.cpp:110:22
    #11 0x55578990312f in run_one(MediaInfoLib::MediaInfo&, unsigned char const*, unsigned long) /run/media/user/81c71df6-ca99-4d27-a7b6-55107e347080/mediainfo/runtime/fuzz_harness/fuzz_mediainfo.cpp:53:28
    #12 0x55578990312f in main /run/media/user/81c71df6-ca99-4d27-a7b6-55107e347080/mediainfo/runtime/fuzz_harness/fuzz_mediainfo.cpp:101:5
    #13 0x7fd260c33f74 in __libc_start_call_main csu/../sysdeps/nptl/libc_start_call_main.h:58:16
    #14 0x7fd260c34026 in __libc_start_main csu/../csu/libc-start.c:360:3
    #15 0x55578981f830 in _start (/run/media/user/81c71df6-ca99-4d27-a7b6-55107e347080/mediainfo/runtime/fuzz_harness/fuzz_mediainfo_asan+0x2313830) (BuildId: bea5f1543242f0d0639eacc3bc8ac2978314c4a4)

0x55578ce35330 is located 48 bytes before global variable '.str.73' defined in '/run/media/user/81c71df6-ca99-4d27-a7b6-55107e347080/mediainfo/src/MediaInfoLib/Source/MediaInfo/Video/File_Mpegv.cpp:1270' (0x55578ce35360) of size 13                                                                                 
  '.str.73' is ascii string 'MPEG-1 Video'                                                                                                                  
0x55578ce35330 is located 16 bytes before global variable '.str.72' defined in '/run/media/user/81c71df6-ca99-4d27-a7b6-55107e347080/mediainfo/src/MediaInfoLib/Source/MediaInfo/Video/File_Mpegv.cpp:1267' (0x55578ce35340) of size 10                                                                                 
  '.str.72' is ascii string 'Version 1'                                                                                                                     
0x55578ce35330 is located 8 bytes after global variable '.str.71' defined in '/run/media/user/81c71df6-ca99-4d27-a7b6-55107e347080/mediainfo/src/MediaInfoLib/Source/MediaInfo/Video/File_Mpegv.cpp:1262' (0x55578ce35320) of size 8                                                                                    
  '.str.71' is ascii string 'MPEG-2V'                                                                                                                       
SUMMARY: AddressSanitizer: global-buffer-overflow /run/media/user/81c71df6-ca99-4d27-a7b6-55107e347080/mediainfo/src/MediaInfoLib/Source/MediaInfo/Video/File_Mpeg4v.cpp:422:61 in MediaInfoLib::File_Mpeg4v::Streams_Fill()
Shadow bytes around the buggy address:
  0x55578ce35080: 02 f9 f9 f9 02 f9 f9 f9 00 02 f9 f9 02 f9 f9 f9
  0x55578ce35100: 04 f9 f9 f9 02 f9 f9 f9 02 f9 f9 f9 03 f9 f9 f9
  0x55578ce35180: 03 f9 f9 f9 00 03 f9 f9 00 00 00 05 f9 f9 f9 f9
  0x55578ce35200: 00 03 f9 f9 00 00 00 00 f9 f9 f9 f9 00 00 00 00
  0x55578ce35280: 00 00 00 00 00 f9 f9 f9 f9 f9 f9 f9 00 02 f9 f9
=>0x55578ce35300: 00 05 f9 f9 00 f9[f9]f9 00 02 f9 f9 00 05 f9 f9
  0x55578ce35380: 00 f9 f9 f9 00 00 00 00 00 00 00 00 f9 f9 f9 f9
  0x55578ce35400: 04 f9 f9 f9 04 f9 f9 f9 00 04 f9 f9 04 f9 f9 f9
  0x55578ce35480: 04 f9 f9 f9 04 f9 f9 f9 00 03 f9 f9 06 f9 f9 f9
  0x55578ce35500: 06 f9 f9 f9 02 f9 f9 f9 02 f9 f9 f9 00 00 01 f9
  0x55578ce35580: f9 f9 f9 f9 00 00 01 f9 f9 f9 f9 f9 00 05 f9 f9
Shadow byte legend (one shadow byte represents 8 application bytes):
  Addressable:           00
  Partially addressable: 01 02 03 04 05 06 07 
  Heap left redzone:       fa
  Freed heap region:       fd
  Stack left redzone:      f1
  Stack mid redzone:       f2
  Stack right redzone:     f3
  Stack after return:      f5
  Stack use after scope:   f8
  Global redzone:          f9
  Global init order:       f6
  Poisoned by user:        f7
  Container overflow:      fc
  Array cookie:            ac
  Intra object redzone:    bb
  ASan internal:           fe
  Left alloca redzone:     ca
  Right alloca redzone:    cb
==853147==ABORTING
                                               