XMT: MPEG-4 (XMT) Scene Parsing
[XMT Parsing] Warning: Unknown field "backColor" for node OrderedGroup - skipping (line 179)
[XMT Parsing] Warning: Unknown field "url" for node OrderedGroup - skipping (line 179)
[XMT Parsing] Warning: Unknown field "size" for node ImageTexture - skipping (line 248)
[XMT Parsing] Warning: Node N13 has been defined several times - IDs may get corrupted (line 300)
[XMT Parsing] Warning: Cannot locate proto 3alse - skipping (line 447)
[XMT Parsing] Warning: Cannot locate node N20 for command Replace (line 502)
[XMT Parsing] Invalid XML document: Invalid character '<' - Line 527: </geometry (line 527)
=================================================================
==1947092==ERROR: AddressSanitizer: heap-use-after-free on address 0x7be798be2780 at pc 0x7f879a45be56 bp 0x7ffe2eb942d0 sp 0x7ffe2eb942c8
READ of size 8 at 0x7be798be2780 thread T0
    #0 0x7f879a45be55 in gf_node_try_destroy scenegraph/base_scenegraph.c:695
    #1 0x7f879a468a57 in gf_sg_command_del scenegraph/commands.c:80
    #2 0x7f879a5610d4 in gf_sg_sfcommand_del scenegraph/vrml_tools.c:625
    #3 0x7f879a4d686a in Conditional_Del scenegraph/mpeg4_nodes.c:3097
    #4 0x7f879a4d686a in gf_sg_mpeg4_node_del scenegraph/mpeg4_nodes.c:37567
    #5 0x7f879a45b5d7 in gf_node_unregister scenegraph/base_scenegraph.c:792
    #6 0x7f879a45e697 in gf_sg_reset scenegraph/base_scenegraph.c:513
    #7 0x7f879a45e697 in gf_sg_reset scenegraph/base_scenegraph.c:337
    #8 0x7f879a45ef11 in gf_sg_del scenegraph/base_scenegraph.c:164
    #9 0x7f879a52683f in gf_sg_proto_del scenegraph/vrml_proto.c:155
    #10 0x7f879a45e75a in gf_sg_reset scenegraph/base_scenegraph.c:526
    #11 0x7f879a45e75a in gf_sg_reset scenegraph/base_scenegraph.c:337
    #12 0x7f879a45ef11 in gf_sg_del scenegraph/base_scenegraph.c:164
    #13 0x7f879a52683f in gf_sg_proto_del scenegraph/vrml_proto.c:155
    #14 0x7f879a4686ef in gf_sg_command_del scenegraph/commands.c:125
    #15 0x7f879ab2e5e3 in gf_sm_au_del scene_manager/scene_manager.c:113
    #16 0x7f879ab2e5e3 in gf_sm_reset_stream scene_manager/scene_manager.c:126
    #17 0x7f879ab2e5e3 in gf_sm_delete_stream scene_manager/scene_manager.c:133
    #18 0x7f879ab2e5e3 in gf_sm_del scene_manager/scene_manager.c:147
    #19 0x7f879b1e42d7 in ctxload_process filters/load_bt_xmt.c:530
    #20 0x7f879af5ee53 in gf_filter_process_task filter_core/filter.c:3257
    #21 0x7f879af33381 in gf_fs_thread_proc filter_core/filter_session.c:2420
    #22 0x7f879af38442 in gf_fs_run filter_core/filter_session.c:2728
    #23 0x7f879a9f6754 in gf_media_import media_tools/media_import.c:1305
    #24 0x55c7344dc4b3 in convert_file_info /run/media/user/8ed8205b-4114-4c2a-b2d0-e2ad6640262d/gpac/runtime/gpac_asan/applications/mp4box/fileimport.c:131
    #25 0x55c7344ac339 in mp4box_main /run/media/user/8ed8205b-4114-4c2a-b2d0-e2ad6640262d/gpac/runtime/gpac_asan/applications/mp4box/mp4box.c:6574
    #26 0x7f8799e31f76 in __libc_start_call_main ../sysdeps/nptl/libc_start_call_main.h:58
    #27 0x7f8799e32026 in __libc_start_main_impl ../csu/libc-start.c:360
    #28 0x55c734488070 in _start (/run/media/user/8ed8205b-4114-4c2a-b2d0-e2ad6640262d/gpac/runtime/gpac_asan/bin/gcc/MP4Box+0x4d070) (BuildId: d23703ed1b1b8e59e778b0eb0c8e88e4c08d4940)

0x7be798be2780 is located 0 bytes inside of 64-byte region [0x7be798be2780,0x7be798be27c0)
freed by thread T0 here:
    #0 0x7f879bf2340f in free ../../../../src/libsanitizer/asan/asan_malloc_linux.cpp:51
    #1 0x7f879a45b5d7 in gf_node_unregister scenegraph/base_scenegraph.c:792

previously allocated by thread T0 here:
    #0 0x7f879bf2435f in malloc ../../../../src/libsanitizer/asan/asan_malloc_linux.cpp:67
    #1 0x7f879a4d119d in OrderedGroup_Create scenegraph/mpeg4_nodes.c:10458
    #2 0x7f879a4d119d in gf_sg_mpeg4_node_new scenegraph/mpeg4_nodes.c:36836

SUMMARY: AddressSanitizer: heap-use-after-free scenegraph/base_scenegraph.c:695 in gf_node_try_destroy
Shadow bytes around the buggy address:
  0x7be798be2500: fd fd fd fa fa fa fa fa fd fd fd fd fd fd fd fa
  0x7be798be2580: fa fa fa fa fd fd fd fd fd fd fd fa fa fa fa fa
  0x7be798be2600: fd fd fd fd fd fd fd fa fa fa fa fa fd fd fd fd
  0x7be798be2680: fd fd fd fa fa fa fa fa fd fd fd fd fd fd fd fa
  0x7be798be2700: fa fa fa fa fd fd fd fd fd fd fd fa fa fa fa fa
=>0x7be798be2780:[fd]fd fd fd fd fd fd fd fa fa fa fa fd fd fd fd
  0x7be798be2800: fd fd fd fa fa fa fa fa fd fd fd fd fd fd fd fa
  0x7be798be2880: fa fa fa fa fd fd fd fd fd fd fd fd fa fa fa fa
  0x7be798be2900: fd fd fd fd fd fd fd fa fa fa fa fa 00 00 00 00
  0x7be798be2980: 00 00 00 07 fa fa fa fa fd fd fd fd fd fd fd fa
  0x7be798be2a00: fa fa fa fa fd fd fd fd fd fd fd fa fa fa fa fa
Shadow byte legend (one shadow byte represents 8 application bytes):
  Addressable:           00
  Partially addressable: 01 02 03 04 05 06 07 
  Heap left redzone:       fa
  Freed heap region:       fd
  Stack left redzone:      f1
  Stack mid redzone:       f2
  Stack right redzone:     f3
  Stack after return:      f5
  Stack use after scope:   f8
  Global redzone:          f9
  Global init order:       f6
  Poisoned by user:        f7
  Container overflow:      fc
  Array cookie:            ac
  Intra object redzone:    bb
  ASan internal:           fe
  Left alloca redzone:     ca
  Right alloca redzone:    cb
==1947092==ABORTING
