Track Importing RawVideo - Width 320 Height 240 FPS 30/1
XMT: MPEG-4 (XMT) Scene Parsing
AddressSanitizer:DEADLYSIGNAL
=================================================================
==1629759==ERROR: AddressSanitizer: SEGV on unknown address 0x000000000000 (pc 0x7f536f54ee42 bp 0x7c636d3eb080 sp 0x7ffcf617f440 T0)
==1629759==The signal is caused by a READ memory access.
==1629759==Hint: address points to the zero page.
    #0 0x7f536f54ee42 in xmt_parse_command scene_manager/loader_xmt.c:2444
    #1 0x7f536f54ee42 in xmt_node_start scene_manager/loader_xmt.c:2728
    #2 0x7f536ed8949c in xml_sax_node_start utils/xml_parser.c:308
    #3 0x7f536ed8dbdc in xml_sax_parse_attribute utils/xml_parser.c:397
    #4 0x7f536ed8dbdc in xml_sax_parse utils/xml_parser.c:940
    #5 0x7f536ed89afe in gf_xml_sax_parse_intern utils/xml_parser.c:1084
    #6 0x7f536ed8e691 in xml_sax_parse utils/xml_parser.c:921
    #7 0x7f536ed89ef0 in gf_xml_sax_parse_intern utils/xml_parser.c:1110
    #8 0x7f536ed8ef37 in gf_xml_sax_parse utils/xml_parser.c:1138
    #9 0x7f536ed8f293 in xml_sax_read_file utils/xml_parser.c:1225
    #10 0x7f536ed8fd48 in gf_xml_sax_parse_file utils/xml_parser.c:1338
    #11 0x7f536f53c335 in load_xmt_run scene_manager/loader_xmt.c:3279
    #12 0x7f536fbe4acc in ctxload_process filters/load_bt_xmt.c:522
    #13 0x7f536f95d153 in gf_filter_process_task filter_core/filter.c:3257
    #14 0x7f536f931681 in gf_fs_thread_proc filter_core/filter_session.c:2420
    #15 0x7f536f936742 in gf_fs_run filter_core/filter_session.c:2728
    #16 0x7f536f3f86af in gf_media_import media_tools/media_import.c:1632
    #17 0x555c729ca579 in import_file /run/media/user/8ed8205b-4114-4c2a-b2d0-e2ad6640262d/gpac/runtime/gpac_asan/applications/mp4box/fileimport.c:1713
    #18 0x555c72985f89 in do_add_cat /run/media/user/8ed8205b-4114-4c2a-b2d0-e2ad6640262d/gpac/runtime/gpac_asan/applications/mp4box/mp4box.c:4632
    #19 0x555c729883e7 in mp4box_main /run/media/user/8ed8205b-4114-4c2a-b2d0-e2ad6640262d/gpac/runtime/gpac_asan/applications/mp4box/mp4box.c:6376
    #20 0x7f536e831f76 in __libc_start_call_main ../sysdeps/nptl/libc_start_call_main.h:58
    #21 0x7f536e832026 in __libc_start_main_impl ../csu/libc-start.c:360
    #22 0x555c72968070 in _start (/run/media/user/8ed8205b-4114-4c2a-b2d0-e2ad6640262d/gpac/runtime/gpac_asan/bin/gcc/MP4Box+0x4d070) (BuildId: 7c561012bd3258d58335187e5fb200fd4437b7d5)

==1629759==Register values:
rax = 0x0000000000000003  rbx = 0x00007b536c2c40e0  rcx = 0x0000000000000000  rdx = 0x0000000000000000  
rdi = 0x0000000000000000  rsi = 0x0000000000000000  rbp = 0x00007c636d3eb080  rsp = 0x00007ffcf617f440  
 r8 = 0x00007c636d3eb084   r9 = 0x00000f94eda768b0  r10 = 0x0000000000000000  r11 = 0x00007b536c2c41a0  
r12 = 0x00007b536c2c4000  r13 = 0x00007b536c2c4090  r14 = 0x00007ffcf617f4f0  r15 = 0x00000f6a6d858800  
AddressSanitizer can not provide additional info.
SUMMARY: AddressSanitizer: SEGV scene_manager/loader_xmt.c:2444 in xmt_parse_command
==1629759==ABORTING
