/run/media/user/81c71df6-ca99-4d27-a7b6-55107e347080/mediainfo/src/MediaInfoLib/Source/MediaInfo/TimeCode.cpp:525:36: runtime error: division by zero
SUMMARY: UndefinedBehaviorSanitizer: undefined-behavior /run/media/user/81c71df6-ca99-4d27-a7b6-55107e347080/mediainfo/src/MediaInfoLib/Source/MediaInfo/TimeCode.cpp:525:36 
AddressSanitizer:DEADLYSIGNAL
=================================================================
==840900==ERROR: AddressSanitizer: FPE on unknown address 0x55f6d13b4dc7 (pc 0x55f6d13b4dc7 bp 0x7ffe635d8ef0 sp 0x7ffe635d8480 T0)
    #0 0x55f6d13b4dc7 in ZenLib::TimeCode::FromString(ZenLib::TimeCode::string_view const&, bool) /run/media/user/81c71df6-ca99-4d27-a7b6-55107e347080/mediainfo/src/MediaInfoLib/Source/MediaInfo/TimeCode.cpp:525:36
    #1 0x55f6d0b69c3d in ZenLib::TimeCode::FromString(char const*, bool) /run/media/user/81c71df6-ca99-4d27-a7b6-55107e347080/mediainfo/src/MediaInfoLib/Project/CMake/../../Source/MediaInfo/TimeCode.h:351:86
    #2 0x55f6d0b606f4 in MediaInfoLib::File_Ttml::Read_Buffer_Continue() /run/media/user/81c71df6-ca99-4d27-a7b6-55107e347080/mediainfo/src/MediaInfoLib/Source/MediaInfo/Text/File_Ttml.cpp:534:51
    #3 0x55f6d10acd6c in MediaInfoLib::File__Analyze::Open_Buffer_Continue_Loop() /run/media/user/81c71df6-ca99-4d27-a7b6-55107e347080/mediainfo/src/MediaInfoLib/Source/MediaInfo/File__Analyze.cpp:1501:5
    #4 0x55f6d10a010b in MediaInfoLib::File__Analyze::Open_Buffer_Continue(unsigned char const*, unsigned long) /run/media/user/81c71df6-ca99-4d27-a7b6-55107e347080/mediainfo/src/MediaInfoLib/Source/MediaInfo/File__Analyze.cpp:1114:16
    #5 0x55f6d132c84c in MediaInfoLib::File__MultipleParsing::Read_Buffer_Continue() /run/media/user/81c71df6-ca99-4d27-a7b6-55107e347080/mediainfo/src/MediaInfoLib/Source/MediaInfo/File__MultipleParsing.cpp:950:22
    #6 0x55f6d10acd6c in MediaInfoLib::File__Analyze::Open_Buffer_Continue_Loop() /run/media/user/81c71df6-ca99-4d27-a7b6-55107e347080/mediainfo/src/MediaInfoLib/Source/MediaInfo/File__Analyze.cpp:1501:5
    #7 0x55f6d10a010b in MediaInfoLib::File__Analyze::Open_Buffer_Continue(unsigned char const*, unsigned long) /run/media/user/81c71df6-ca99-4d27-a7b6-55107e347080/mediainfo/src/MediaInfoLib/Source/MediaInfo/File__Analyze.cpp:1114:16
    #8 0x55f6cec49057 in MediaInfoLib::MediaInfo_Internal::Open_Buffer_Continue(unsigned char const*, unsigned long) /run/media/user/81c71df6-ca99-4d27-a7b6-55107e347080/mediainfo/src/MediaInfoLib/Source/MediaInfo/MediaInfo_Internal.cpp:1723:11
    #9 0x55f6ceaefebb in MediaInfoLib::MediaInfo::Open_Buffer_Continue(unsigned char const*, unsigned long) /run/media/user/81c71df6-ca99-4d27-a7b6-55107e347080/mediainfo/src/MediaInfoLib/Source/MediaInfo/MediaInfo.cpp:110:22
    #10 0x55f6ceaef12f in run_one(MediaInfoLib::MediaInfo&, unsigned char const*, unsigned long) /run/media/user/81c71df6-ca99-4d27-a7b6-55107e347080/mediainfo/runtime/fuzz_harness/fuzz_mediainfo.cpp:53:28
    #11 0x55f6ceaef12f in main /run/media/user/81c71df6-ca99-4d27-a7b6-55107e347080/mediainfo/runtime/fuzz_harness/fuzz_mediainfo.cpp:101:5
    #12 0x7f88cc433f74 in __libc_start_call_main csu/../sysdeps/nptl/libc_start_call_main.h:58:16
    #13 0x7f88cc434026 in __libc_start_main csu/../csu/libc-start.c:360:3
    #14 0x55f6cea0b830 in _start (/run/media/user/81c71df6-ca99-4d27-a7b6-55107e347080/mediainfo/runtime/fuzz_harness/fuzz_mediainfo_asan+0x2313830) (BuildId: bea5f1543242f0d0639eacc3bc8ac2978314c4a4)

==840900==Register values:
rax = 0x0000000000000000  rbx = 0x00007ffe635d8480  rcx = 0x0000000000000000  rdx = 0x0000000000000000  
rdi = 0x00007ffe635d77d8  rsi = 0x0000000000000000  rbp = 0x00007ffe635d8ef0  rsp = 0x00007ffe635d8480  
 r8 = 0x000000000000007c   r9 = 0x0000000000000000  r10 = 0xafffff00000fffff  r11 = 0x0000000000000246  
r12 = 0x0000516000000080  r13 = 0x0000000000000226  r14 = 0x0000000000000000  r15 = 0x0000516000000080  
AddressSanitizer can not provide additional info.
SUMMARY: AddressSanitizer: FPE /run/media/user/81c71df6-ca99-4d27-a7b6-55107e347080/mediainfo/src/MediaInfoLib/Source/MediaInfo/TimeCode.cpp:525:36 in ZenLib::TimeCode::FromString(ZenLib::TimeCode::string_view const&, bool)
==840900==ABORTING
