[32mTrack Importing RawVideo - Width 320 Height 240 FPS 30/1
[0m[32mXMT: MPEG-4 (XMT) Scene Parsing
[0m[33m[XMT Parsing] Warning: descriptor DecoderConfigDescriptor defined outside scene scope - skipping (line 21)
[0m[33m[XMT Parsing] Warning: descriptor SLConfigDescriptor defined outside scene scope - skipping (line 25)
[0m[33m[XMT Parsing] Warning: descriptor ES_Descriptor defined outside scene scope - skipping (line 37)
[0mXMT Parsing: |========            | (40/100)
XMT Parsing: |===========         | (55/100)
XMT Parsing: |=============       | (68/100)
XMT Parsing: |====================| (100/100)
                                                   
[31mService gpac://../auxiliary_files/logo.png Cannot find filter for service: Requested URL is not valid or cannot be found
[0mAddressSanitizer:DEADLYSIGNAL
=================================================================
==954547==ERROR: AddressSanitizer: SEGV on unknown address 0x000000000000 (pc 0x7f6a4ecc49e5 bp 0x7c1a4cfe0cf8 sp 0x7ffd22d8ef90 T0)
==954547==The signal is caused by a READ memory access.
==954547==Hint: address points to the zero page.
    #0 0x7f6a4ecc49e5 in gf_odf_encode_ui_config odf/descriptors.c:431
    #1 0x7f6a4f5e3f1b in ctxload_process filters/load_bt_xmt.c:693
    #2 0x7f6a4f35f893 in gf_filter_process_task filter_core/filter.c:3257
    #3 0x7f6a4f333dc1 in gf_fs_thread_proc filter_core/filter_session.c:2420
    #4 0x7f6a4f338e82 in gf_fs_run filter_core/filter_session.c:2728
    #5 0x7f6a4edf8d4f in gf_media_import media_tools/media_import.c:1632
    #6 0x563abb3a5599 in import_file /run/media/user/8ed8205b-4114-4c2a-b2d0-e2ad6640262d/gpac/runtime/gpac_asan/applications/mp4box/fileimport.c:1713
    #7 0x563abb360f89 in do_add_cat /run/media/user/8ed8205b-4114-4c2a-b2d0-e2ad6640262d/gpac/runtime/gpac_asan/applications/mp4box/mp4box.c:4632
    #8 0x563abb3633e7 in mp4box_main /run/media/user/8ed8205b-4114-4c2a-b2d0-e2ad6640262d/gpac/runtime/gpac_asan/applications/mp4box/mp4box.c:6376
    #9 0x7f6a4e231f76 in __libc_start_call_main ../sysdeps/nptl/libc_start_call_main.h:58
    #10 0x7f6a4e232026 in __libc_start_main_impl ../csu/libc-start.c:360
    #11 0x563abb343070 in _start (/run/media/user/8ed8205b-4114-4c2a-b2d0-e2ad6640262d/gpac/runtime/gpac_asan/bin/gcc/MP4Box+0x4d070) (BuildId: 6cf4ec0a1f4678684c742bb31496122f9e5b5f7a)

==954547==Register values:
rax = 0x0000000000000000  rbx = 0x0000000000000000  rcx = 0x0000000000000004  rdx = 0x00000f79499fc47b  
rdi = 0x0000000000000000  rsi = 0x00007bca4cfe23d8  rbp = 0x00007c1a4cfe0cf8  rsp = 0x00007ffd22d8ef90  
 r8 = 0x00007bca4cfe2230   r9 = 0x0000000000020ea1  r10 = 0x00007f6a503ce298  r11 = 0x00007f6a507442a8  
r12 = 0x00007c1a4cfe0ca0  r13 = 0x00007bca4cfe23d8  r14 = 0x00007b6a4c2da050  r15 = 0x0000000000000000  
AddressSanitizer can not provide additional info.
SUMMARY: AddressSanitizer: SEGV odf/descriptors.c:431 in gf_odf_encode_ui_config
==954547==ABORTING
