[32mTrack Importing RawVideo - Width 320 Height 240 FPS 30/1
[0m[32mXMT: MPEG-4 (XMT) Scene Parsing
[0m[33m[XMT Parsing] Warning: Cannot find ES Descriptor es20 - skipping (line 91)
[0m[33m[XMT Parsing] Warning: Cannot find Object Descriptor 
 - skipping (line 94)
[0m[33m[XMT Parsing] Warning: Cannot find Object Descriptor  - skipping (line 94)
[0m[33m[XMT Parsing] Warning: Cannot find Object Descriptor  - skipping (line 94)
[0m[33m[XMT Parsing] Warning: Cannot find Object Descriptor  - skipping (line 94)
[0m[33m[XMT Parsing] Warning: Cannot find Object Descriptor <Shape>
 - skipping (line 94)
[0m[33m[XMT Parsing] Warning: Cannot find Object Descriptor  - skipping (line 94)
[0m[33m[XMT Parsing] Warning: Cannot find Object Descriptor  - skipping (line 94)
[0m[33m[XMT Parsing] Warning: Cannot find Object Descriptor  - skipping (line 94)
[0m[33m[XMT Parsing] Warning: Cannot find Object Descriptor  - skipping (line 94)
[0m[33m[XMT Parsing] Warning: Cannot find Object Descriptor <appearance>
 - skipping (line 94)
[0m[33m[XMT Parsing] Warning: Cannot find Object Descriptor  - skipping (line 94)
[0m[33m[XMT Parsing] Warning: Cannot find Object Descriptor  - skipping (line 94)
[0m[33m[XMT Parsing] Warning: Cannot find Object Descriptor  - skipping (line 94)
[0m[33m[XMT Parsing] Warning: Cannot find Object Descriptor  - skipping (line 94)
[0m[33m[XMT Parsing] Warning: Cannot find Object Descriptor  - skipping (line 94)
[0m[33m[XMT Parsing] Warning: Cannot find Object Descriptor <Appearance>
 - skipping (line 94)
[0m[33m[XMT Parsing] Warning: Cannot find Object Descriptor  - skipping (line 94)
[0m[33m[XMT Parsing] Warning: Cannot find Object Descriptor  - skipping (line 94)
[0m[33m[XMT Parsing] Warning: Cannot find Object Descriptor  - skipping (line 94)
[0m[33m[XMT Parsing] Warning: Cannot find Object Descriptor  - skipping (line 94)
[0m[33m[XMT Parsing] Warning: Cannot find Object Descriptor  - skipping (line 94)
[0m[33m[XMT Parsing] Warning: Cannot find Object Descriptor  - skipping (line 94)
[0m[33m[XMT Parsing] Warning: Cannot find Object Descriptor <material>
 - skipping (line 94)
[0m[33m[XMT Parsing] Warning: Cannot find Object Descriptor  - skipping (line 94)
[0m[33m[XMT Parsing] Warning: Cannot find Object Descriptor  - skipping (line 94)
[0m[33m[XMT Parsing] Warning: Cannot find Object Descriptor  - skipping (line 94)
[0m[33m[XMT Parsing] Warning: Cannot find Object Descriptor  - skipping (line 94)
[0m[33m[XMT Parsing] Warning: Cannot find Object Descriptor  - skipping (line 94)
[0m[33m[XMT Parsing] Warning: Cannot find Object Descriptor  - skipping (line 94)
[0m[33m[XMT Parsing] Warning: Cannot find Object Descriptor  - skipping (line 94)
[0m[33m[XMT Parsing] Warning: Cannot find Object Descriptor <Material2D - skipping (line 94)
[0m[33m[XMT Parsing] Warning: Cannot find Object Descriptor emissiveColor="1 - skipping (line 94)
[0m[33m[XMT Parsing] Warning: Cannot find Object Descriptor 0 - skipping (line 94)
[0m[33m[XMT Parsing] Warning: Cannot find Object Descriptor 0 - skipping (line 94)
[0mXMT Parsing: |===                 | (19/100)
[33m[XMT Parsing] Invalid child descriptor (line 141)
[0m[33m[XMT Parsing] Invalid child descriptor (line 144)
[0m[33m[XMT Parsing] Invalid child descriptor (line 145)
[0m[33m[XMT Parsing] Warning: Cannot find Object Descriptor 
 - skipping (line 159)
[0m[33m[XMT Parsing] Warning: Cannot find Object Descriptor  - skipping (line 159)
[0m[33m[XMT Parsing] Warning: Cannot find Object Descriptor  - skipping (line 159)
[0m[33m[XMT Parsing] Warning: Cannot find Object Descriptor  - skipping (line 159)
[0m[33m[XMT Parsing] Warning: Cannot find Object Descriptor <Shape>
 - skipping (line 159)
[0m[33m[XMT Parsing] Warning: Cannot find Object Descriptor  - skipping (line 159)
[0m[33m[XMT Parsing] Warning: Cannot find Object Descriptor  - skipping (line 159)
[0m[33m[XMT Parsing] Warning: Cannot find Object Descriptor  - skipping (line 159)
[0m[33m[XMT Parsing] Warning: Cannot find Object Descriptor  - skipping (line 159)
[0m[33m[XMT Parsing] Warning: Cannot find Object Descriptor <appe - skipping (line 159)
[0m[33m[XMT Parsing] Warning: Cannot find Object Descriptor  - skipping (line 159)
[0m[33m[XMT Parsing] Warning: Cannot find Object Descriptor  - skipping (line 159)
[0m[33m[XMT Parsing] Warning: Cannot find Object Descriptor  - skipping (line 159)
[0m[33m[XMT Parsing] Warning: Cannot find Object Descriptor  - skipping (line 159)
[0m[33m[XMT Parsing] Warning: Cannot find Object Descriptor  - skipping (line 159)
[0m[33m[XMT Parsing] Warning: Cannot find Object Descriptor <Ae>
 - skipping (line 159)
[0m[33m[XMT Parsing] Warning: Cannot find Object Descriptor  - skipping (line 159)
[0m[33m[XMT Parsing] Warning: Cannot find Object Descriptor  - skipping (line 159)
[0m[33m[XMT Parsing] Warning: Cannot find Object Descriptor  - skipping (line 159)
[0m[33m[XMT Parsing] Warning: Cannot find Object Descriptor  - skipping (line 159)
[0m[33m[XMT Parsing] Warning: Cannot find Object Descriptor  - skipping (line 159)
[0m[33m[XMT Parsing] Warning: Cannot find Object Descriptor  - skipping (line 159)
[0m[33m[XMT Parsing] Warning: Cannot find Object Descriptor <m
 - skipping (line 159)
[0m[33m[XMT Parsing] Warning: Cannot find Object Descriptor  - skipping (line 159)
[0m[33m[XMT Parsing] Warning: Cannot find Object Descriptor  - skipping (line 159)
[0m[33m[XMT Parsing] Warning: Cannot find Object Descriptor  - skipping (line 159)
[0m[33m[XMT Parsing] Warning: Cannot find Object Descriptor  - skipping (line 159)
[0m[33m[XMT Parsing] Warning: Cannot find Object Descriptor  - skipping (line 159)
[0m[33m[XMT Parsing] Warning: Cannot find Object Descriptor  - skipping (line 159)
[0m[33m[XMT Parsing] Warning: Cannot find Object Descriptor  - skipping (line 159)
[0m[33m[XMT Parsing] Warning: Cannot find Object Descriptor <Ma - skipping (line 159)
[0m[33m[XMT Parsing] Warning: Cannot find Object Descriptor emior="1 - skipping (line 159)
[0m[33m[XMT Parsing] Warning: Cannot find Object Descriptor 0 - skipping (line 159)
[0m[33m[XMT Parsing] Warning: Cannot find Object Descriptor 0 - skipping (line 159)
[0m[33m[XMT Parsing] Invalid child descriptor (line 171)
[0m[33m[XMT Parsing] Invalid child descriptor (line 172)
[0m[33m[XMT Parsing] Invalid child descriptor (line 176)
[0m[33m[XMT Parsing] Invalid child descriptor (line 179)
[0m[33m[XMT Parsing] Invalid child descriptor (line 181)
[0m[33m[XMT Parsing] Invalid child descriptor (line 183)
[0m[33m[XMT Parsing] Invalid child descriptor (line 189)
[0mXMT Parsing: |=======             | (38/100)
[33m[XMT Parsing] Warning: Node TR has been defined several times - IDs may get corrupted (line 237)
[0m[33m[XMT Parsing] Warning: Node TR has been defined several times - IDs may get corrupted (line 242)
[0m[33m[XMT Parsing] Warning: Node TR has been defined several times - IDs may get corrupted (line 249)
[0m[33m[XMT Parsing] Warning: Node TR has been defined several times - IDs may get corrupted (line 254)
[0m[33m[XMT Parsing] Warning: Node TR has been defined several times - IDs may get corrupted (line 260)
[0m[33m[XMT Parsing] Warning: Node TR has been defined several times - IDs may get corrupted (line 266)
[0m[33m[XMT Parsing] Warning: Node TR has been defined several times - IDs may get corrupted (line 270)
[0m[33m[XMT Parsing] Warning: Node TR has been defined several times - IDs may get corrupted (line 276)
[0m[33m[XMT Parsing] Warning: Node N2 has been defined several times - IDs may get corrupted (line 281)
[0m[33m[XMT Parsing] Warning: Node TR has been defined several times - IDs may get corrupted (line 282)
[0m[33m[XMT Parsing] Warning: Node TR has been defined several times - IDs may get corrupted (line 288)
[0m[33m[XMT Parsing] Warning: Node TR has been defined several times - IDs may get corrupted (line 292)
[0m[33m[XMT Parsing] Warning: Node N2 has been defined several times - IDs may get corrupted (line 300)
[0m[33m[XMT Parsing] Warning: Node TR has been defined several times - IDs may get corrupted (line 301)
[0mXMT Parsing: |===========         | (57/100)
[33m[XMT Parsing] Warning: Node N2 has been defined several times - IDs may get corrupted (line 307)
[0m[33m[XMT Parsing] Warning: Node TR has been defined several times - IDs may get corrupted (line 308)
[0m[33m[XMT Parsing] Warning: Node TR has been defined several times - IDs may get corrupted (line 314)
[0m[33m[XMT Parsing] Warning: Node TR has been defined several times - IDs may get corrupted (line 318)
[0m[33m[XMT Parsing] Warning: Node TR has been defined several times - IDs may get corrupted (line 324)
[0m[33m[XMT Parsing] Warning: Node TR has been defined several times - IDs may get corrupted (line 325)
[0m[33m[XMT Parsing] Warning: Node TR has been defined several times - IDs may get corrupted (line 331)
[0m[33m[XMT Parsing] Warning: Node N2 has been defined several times - IDs may get corrupted (line 336)
[0m[33m[XMT Parsing] Warning: Node TR has been defined several times - IDs may get corrupted (line 337)
[0m[33m[XMT Parsing] Warning: Node TR has been defined several times - IDs may get corrupted (line 343)
[0m[33m[XMT Parsing] Warning: Node TR has been defined several times - IDs may get corrupted (line 347)
[0m[33m[XMT Parsing] Warning: Node TR has been defined several times - IDs may get corrupted (line 353)
[0m[33m[XMT Parsing] Warning: Node N2 has been defined several times - IDs may get corrupted (line 358)
[0m[33m[XMT Parsing] Warning: Node TR has been defined several times - IDs may get corrupted (line 359)
[0m[33m[XMT Parsing] Warning: Node N2 has been defined several times - IDs may get corrupted (line 364)
[0m[33m[XMT Parsing] Warning: Node TR has been defined several times - IDs may get corrupted (line 365)
[0m[33m[XMT Parsing] Warning: Node N2 has been defined several times - IDs may get corrupted (line 371)
[0m[33m[XMT Parsing] Warning: Node TR has been defined several times - IDs may get corrupted (line 372)
[0m[33m[XMT Parsing] Warning: Node TR has been defined several times - IDs may get corrupted (line 378)
[0mXMT Parsing: |===============     | (77/100)
AddressSanitizer:DEADLYSIGNAL
=================================================================
==954417==ERROR: AddressSanitizer: SEGV on unknown address (pc 0x7fd244d6294f bp 0x20746f6e6e614328 sp 0x7ffd48799c30 T0)
==954417==The signal is caused by a READ memory access.
==954417==Hint: this fault was caused by a dereference of a high value address (see register values below).  Disassemble the provided pc to learn which register was used.
    #0 0x7fd244d6294f in gf_sg_vrml_mf_reset scenegraph/vrml_tools.c:1128
    #1 0x7fd2453417c9 in xmt_parse_mf_field scene_manager/loader_xmt.c:1072
    #2 0x7fd245348bbc in xmt_parse_element scene_manager/loader_xmt.c:1715
    #3 0x7fd24534c8d1 in xmt_node_start scene_manager/loader_xmt.c:2855
    #4 0x7fd244b8a59c in xml_sax_node_start utils/xml_parser.c:308
    #5 0x7fd244b8f317 in xml_sax_parse_attribute utils/xml_parser.c:357
    #6 0x7fd244b8f317 in xml_sax_parse utils/xml_parser.c:940
    #7 0x7fd244b8aff0 in gf_xml_sax_parse_intern utils/xml_parser.c:1110
    #8 0x7fd244b90037 in gf_xml_sax_parse utils/xml_parser.c:1138
    #9 0x7fd244b90393 in xml_sax_read_file utils/xml_parser.c:1225
    #10 0x7fd244b90e48 in gf_xml_sax_parse_file utils/xml_parser.c:1338
    #11 0x7fd24533d7b5 in load_xmt_run scene_manager/loader_xmt.c:3444
    #12 0x7fd2459e462c in ctxload_process filters/load_bt_xmt.c:522
    #13 0x7fd24575f893 in gf_filter_process_task filter_core/filter.c:3257
    #14 0x7fd245733dc1 in gf_fs_thread_proc filter_core/filter_session.c:2420
    #15 0x7fd245738e82 in gf_fs_run filter_core/filter_session.c:2728
    #16 0x7fd2451f8d4f in gf_media_import media_tools/media_import.c:1632
    #17 0x55c65cd63599 in import_file /run/media/user/8ed8205b-4114-4c2a-b2d0-e2ad6640262d/gpac/runtime/gpac_asan/applications/mp4box/fileimport.c:1713
    #18 0x55c65cd1ef89 in do_add_cat /run/media/user/8ed8205b-4114-4c2a-b2d0-e2ad6640262d/gpac/runtime/gpac_asan/applications/mp4box/mp4box.c:4632
    #19 0x55c65cd213e7 in mp4box_main /run/media/user/8ed8205b-4114-4c2a-b2d0-e2ad6640262d/gpac/runtime/gpac_asan/applications/mp4box/mp4box.c:6376
    #20 0x7fd244631f76 in __libc_start_call_main ../sysdeps/nptl/libc_start_call_main.h:58
    #21 0x7fd244632026 in __libc_start_main_impl ../csu/libc-start.c:360
    #22 0x55c65cd01070 in _start (/run/media/user/8ed8205b-4114-4c2a-b2d0-e2ad6640262d/gpac/runtime/gpac_asan/bin/gcc/MP4Box+0x4d070) (BuildId: 6cf4ec0a1f4678684c742bb31496122f9e5b5f7a)

==954417==Register values:
rax = 0x040e8dedcdcc2865  rbx = 0x20746f6e6e614320  rcx = 0x0000000000000000  rdx = 0x00007bd241f15700  
rdi = 0x20746f6e6e614320  rsi = 0x000000003a676e69  rbp = 0x20746f6e6e614328  rsp = 0x00007ffd48799c30  
 r8 = 0x00007fd24477a800   r9 = 0x00000000000000f3  r10 = 0x0000000000000000  r11 = 0x00000f7a483e2ae0  
r12 = 0x00007bd242311064  r13 = 0x00007bd242311060  r14 = 0x0000000000000038  r15 = 0x00007e02431e7116  
AddressSanitizer can not provide additional info.
SUMMARY: AddressSanitizer: SEGV scenegraph/vrml_tools.c:1128 in gf_sg_vrml_mf_reset
==954417==ABORTING
