[XMT Parsing] Warning: Node TR has been defined several times - IDs may get corrupted (line 359)                            
[XMT Parsing] Warning: Node N2 has been defined several times - IDs may get corrupted (line 364)                            
[XMT Parsing] Warning: Node TR has been defined several times - IDs may get corrupted (line 365)                            
[XMT Parsing] Warning: Node N2 has been defined several times - IDs may get corrupted (line 371)                            
[XMT Parsing] Warning: Node TR has been defined several times - IDs may get corrupted (line 372)                            
[XMT Parsing] Warning: Node TR has been defined several times - IDs may get corrupted (line 378)                            
AddressSanitizer:DEADLYSIGNAL     | (77/100)                                                                                
=================================================================
==1741925==ERROR: AddressSanitizer: SEGV on unknown address (pc 0x7fdad8569a2f bp 0x697070696b732035 sp 0x7ffd49663190 T0)
==1741925==The signal is caused by a READ memory access.                                                                    
==1741925==Hint: this fault was caused by a dereference of a high value address (see register values below).  Disassemble the provided pc to learn which register was used.
    #0 0x7fdad8569a2f in gf_sg_vrml_mf_reset scenegraph/vrml_tools.c:1132
    #1 0x7fdad8b5a9c9 in xmt_parse_mf_field scene_manager/loader_xmt.c:1086
    #2 0x7fdad8b62dba in xmt_parse_element scene_manager/loader_xmt.c:1788
    #3 0x7fdad8b672d3 in xmt_node_start scene_manager/loader_xmt.c:2978
    #4 0x7fdad838f10c in xml_sax_node_start utils/xml_parser.c:308
    #5 0x7fdad8393e87 in xml_sax_parse_attribute utils/xml_parser.c:357
    #6 0x7fdad8393e87 in xml_sax_parse utils/xml_parser.c:940
    #7 0x7fdad838fb60 in gf_xml_sax_parse_intern utils/xml_parser.c:1110
    #8 0x7fdad8394ba7 in gf_xml_sax_parse utils/xml_parser.c:1138
    #9 0x7fdad8394f03 in xml_sax_read_file utils/xml_parser.c:1225
    #10 0x7fdad83959b8 in gf_xml_sax_parse_file utils/xml_parser.c:1338
    #11 0x7fdad8b56279 in load_xmt_run scene_manager/loader_xmt.c:3698
    #12 0x7fdad920281c in ctxload_process filters/load_bt_xmt.c:544
    #13 0x7fdad8f7b4d3 in gf_filter_process_task filter_core/filter.c:3257
    #14 0x7fdad8f4f901 in gf_fs_thread_proc filter_core/filter_session.c:2420
    #15 0x7fdad8f549c2 in gf_fs_run filter_core/filter_session.c:2728
    #16 0x7fdad8a0eaca in gf_media_import media_tools/media_import.c:1639
    #17 0x55e02723a411 in import_file /run/media/user/8ed8205b-4114-4c2a-b2d0-e2ad6640262d/gpac/runtime/gpac_asan/applications/mp4box/fileimport.c:1733
    #18 0x55e0271f6fc9 in do_add_cat /run/media/user/8ed8205b-4114-4c2a-b2d0-e2ad6640262d/gpac/runtime/gpac_asan/applications/mp4box/mp4box.c:4633
    #19 0x55e0271f93f7 in mp4box_main /run/media/user/8ed8205b-4114-4c2a-b2d0-e2ad6640262d/gpac/runtime/gpac_asan/applications/mp4box/mp4box.c:6377
    #20 0x7fdad7e33f76 in __libc_start_call_main ../sysdeps/nptl/libc_start_call_main.h:58
    #21 0x7fdad7e34026 in __libc_start_main_impl ../csu/libc-start.c:360
    #22 0x55e0271d9080 in _start (/run/media/user/8ed8205b-4114-4c2a-b2d0-e2ad6640262d/gpac/runtime/gpac_asan/bin/gcc/MP4Box+0x4d080) (BuildId: 8fe81b4e15c1bdd36a88650c4b04d18a3f6e9e90)

==1741925==Register values:
rax = 0x0d2e0e0d2d6e6406  rbx = 0x697070696b73202d  rcx = 0x0000000000000000  rdx = 0x00007bdad5709f00  
rdi = 0x697070696b73202d  rsi = 0x0000000020303273  rbp = 0x697070696b732035  rsp = 0x00007ffd49663190  
 r8 = 0x00007fdad7f7b640   r9 = 0x00000000000000f3  r10 = 0x0000000000000000  r11 = 0x00000f7b5aae13e0  
r12 = 0x00007bdad5b11084  r13 = 0x00007bdad5b11080  r14 = 0x00007e0ad69e7116  r15 = 0x0000000000000000  
AddressSanitizer can not provide additional info.
SUMMARY: AddressSanitizer: SEGV scenegraph/vrml_tools.c:1132 in gf_sg_vrml_mf_reset
==1741925==ABORTING
